submitit ERROR (2026-08-26 22:33:57,265) - Submitted job triggered an exception
Traceback (most recent call last):
  File "/home/amberlee0516/miniconda3/envs/nn_env/lib/python3.9/runpy.py", line 197, in _run_module_as_main
    return _run_code(code, main_globals, None,
  File "/home/amberlee0516/miniconda3/envs/nn_env/lib/python3.9/runpy.py", line 87, in _run_code
    exec(code, run_globals)
  File "/home/amberlee0516/miniconda3/envs/nn_env/lib/python3.9/site-packages/submitit/core/_submit.py", line 11, in <module>
    submitit_main()
  File "/home/amberlee0516/miniconda3/envs/nn_env/lib/python3.9/site-packages/submitit/core/submission.py", line 76, in submitit_main
    process_job(args.folder)
  File "/home/amberlee0516/miniconda3/envs/nn_env/lib/python3.9/site-packages/submitit/core/submission.py", line 69, in process_job
    raise error
  File "/home/amberlee0516/miniconda3/envs/nn_env/lib/python3.9/site-packages/submitit/core/submission.py", line 55, in process_job
    result = delayed.result()
  File "/home/amberlee0516/miniconda3/envs/nn_env/lib/python3.9/site-packages/submitit/core/utils.py", line 137, in result
    self._result = self.function(*self.args, **self.kwargs)
  File "/home/amberlee0516/score-matching-empirical-bayes/optimization_experiment.py", line 116, in main
    save_csv(experiment_str=experiment_str, n=1000, total_m_sim=10)
  File "/home/amberlee0516/score-matching-empirical-bayes/optimization_experiment.py", line 100, in save_csv
    slice_of_experiment = read_slice_of_experiment(experiment_dict, n=n, m=m_sim)
  File "/home/amberlee0516/score-matching-empirical-bayes/experiment_heteroscedastic.py", line 72, in read_slice_of_experiment
    return experiment_data_dict[(n, m)]
KeyError: (1000, 0)
srun: error: j002-ds: task 0: Exited with exit code 1
