submitit INFO (2026-08-24 18:53:25,507) - Starting with JobEnvironment(job_id=1484550, hostname=j005-ds, local_rank=0(1), node=0(1), global_rank=0(1))
submitit INFO (2026-08-24 18:53:25,508) - Loading pickle: /home/amberlee0516/score-matching-empirical-bayes/submitit_log/1484550/1484550_submitted.pkl
simulate_data.py: device = cuda:0

n: 100
m: 350
Finished solving NPMLE, with SURE 0.3753414406266028
Finished solving NPMLE, with in-sample MSE 0.076149725709794
Finished solving parametric estimator, with SURE 0.08379369675954057
Finished solving parametric estimator, with in-sample MSE 0.05699660327768215
Finished solving EBCF, with in-sample MSE 0.05076232583129976
Finished training EB SURE-LS, with SURE: 0.012708394767034604
Finished training EB SURE-LS, with in-sample MSE: 0.00553069084567939
use_scale: True
use_location: False
Finished training EB misspecified with NPMLE init, with SURE: 0.0658762128275798
Finished training EB misspecified with NPMLE init, with in-sample MSE: 0.0733428803144939
Finished training EB misspecified, with SURE: 0.0658863575565131
Finished training EB misspecified, with in-sample MSE: 0.07334824672373097
Finished training EB wellspecified, with SURE: -0.16464316396555156
Finished training EB wellspecified, with in-sample MSE: 0.2125621977692617
m: 351
Finished solving NPMLE, with SURE 0.31720009250655307
Finished solving NPMLE, with in-sample MSE 0.15020416717326537
Finished solving parametric estimator, with SURE 0.11541166268807246
Finished solving parametric estimator, with in-sample MSE 0.09068538229026625
Finished solving EBCF, with in-sample MSE 0.0859099957791185
Finished training EB SURE-LS, with SURE: 0.09298254077895982
Finished training EB SURE-LS, with in-sample MSE: 0.048393202897244685
use_scale: True
use_location: False
Finished training EB misspecified with NPMLE init, with SURE: 0.07605007176732528
Finished training EB misspecified with NPMLE init, with in-sample MSE: 0.13889032699009746
Finished training EB misspecified, with SURE: 0.07606375843889382
Finished training EB misspecified, with in-sample MSE: 0.13887233528736556
Finished training EB wellspecified, with SURE: -0.04019181068871438
Finished training EB wellspecified, with in-sample MSE: 0.26587794827101663
m: 352
Finished solving NPMLE, with SURE 0.531809181748171
Finished solving NPMLE, with in-sample MSE 0.09188488408694977
Finished solving parametric estimator, with SURE -0.05339086677755556
Finished solving parametric estimator, with in-sample MSE 0.07387188932727361
Finished solving EBCF, with in-sample MSE 0.007575793799358482
Finished training EB SURE-LS, with SURE: -0.10600963965654629
Finished training EB SURE-LS, with in-sample MSE: 0.007409942199505791
use_scale: True
use_location: False
Finished training EB misspecified with NPMLE init, with SURE: -0.06412649902053531
Finished training EB misspecified with NPMLE init, with in-sample MSE: 0.07151369033550076
Finished training EB misspecified, with SURE: -0.0640121364966111
Finished training EB misspecified, with in-sample MSE: 0.07282051849666478
Finished training EB wellspecified, with SURE: -0.14501094971828976
Finished training EB wellspecified, with in-sample MSE: 0.040203892008525664
m: 353
Finished solving NPMLE, with SURE 0.7002688617497499
Finished solving NPMLE, with in-sample MSE 0.09380706766858467
Finished solving parametric estimator, with SURE 0.11250463864105636
Finished solving parametric estimator, with in-sample MSE 0.05847220585994923
Finished solving EBCF, with in-sample MSE 0.04125516503213378
Finished training EB SURE-LS, with SURE: 0.020055989842741956
Finished training EB SURE-LS, with in-sample MSE: 0.030153265640550875
use_scale: True
use_location: False
Finished training EB misspecified with NPMLE init, with SURE: 0.08890767414104993
Finished training EB misspecified with NPMLE init, with in-sample MSE: 0.07218037875937125
Finished training EB misspecified, with SURE: 0.08891789021068526
Finished training EB misspecified, with in-sample MSE: 0.07220005793728561
Finished training EB wellspecified, with SURE: -0.03175116469206211
Finished training EB wellspecified, with in-sample MSE: 0.10698663989759158
m: 354
Finished solving NPMLE, with SURE 0.5617771589512199
Finished solving NPMLE, with in-sample MSE 0.08098384258626584
Finished solving parametric estimator, with SURE 0.039964314450824046
Finished solving parametric estimator, with in-sample MSE 0.05241268273071551
Finished solving EBCF, with in-sample MSE 0.06518061105659613
Finished training EB SURE-LS, with SURE: -0.05796453186006669
Finished training EB SURE-LS, with in-sample MSE: 0.017481484011502867
use_scale: True
use_location: False
Finished training EB misspecified with NPMLE init, with SURE: 0.015888922312445927
Finished training EB misspecified with NPMLE init, with in-sample MSE: 0.07405648100910972
Finished training EB misspecified, with SURE: 0.015916125368030977
Finished training EB misspecified, with in-sample MSE: 0.07416980731749825
Finished training EB wellspecified, with SURE: -0.1699589659128816
Finished training EB wellspecified, with in-sample MSE: 0.1523070384243614
m: 355
Finished solving NPMLE, with SURE 0.9764748710168769
Finished solving NPMLE, with in-sample MSE 0.1175578292577227
Finished solving parametric estimator, with SURE 0.05137775208823264
Finished solving parametric estimator, with in-sample MSE 0.07221997311850925
Finished solving EBCF, with in-sample MSE 0.018914086210639076
Finished training EB SURE-LS, with SURE: -0.025881124971815384
Finished training EB SURE-LS, with in-sample MSE: 0.0068638076826981155
use_scale: True
use_location: False
Finished training EB misspecified with NPMLE init, with SURE: 0.026621487977513143
Finished training EB misspecified with NPMLE init, with in-sample MSE: 0.07745463046466644
Finished training EB misspecified, with SURE: 0.026606652783882224
Finished training EB misspecified, with in-sample MSE: 0.07750358541231217
Finished training EB wellspecified, with SURE: -0.04039379986046962
Finished training EB wellspecified, with in-sample MSE: 0.02451064925735872
m: 356
Finished solving NPMLE, with SURE 0.7231757025746317
Finished solving NPMLE, with in-sample MSE 0.09147396833355607
Finished solving parametric estimator, with SURE -0.027359595160288963
Finished solving parametric estimator, with in-sample MSE 0.07187758413026918
Finished solving EBCF, with in-sample MSE 0.008649872697323795
Finished training EB SURE-LS, with SURE: -0.09104621527306545
Finished training EB SURE-LS, with in-sample MSE: 0.00211117047879642
use_scale: True
use_location: False
Finished training EB misspecified with NPMLE init, with SURE: -0.03821212975188253
Finished training EB misspecified with NPMLE init, with in-sample MSE: 0.07183224100935426
Finished training EB misspecified, with SURE: -0.03821391141406388
Finished training EB misspecified, with in-sample MSE: 0.0718687606021259
Finished training EB wellspecified, with SURE: -0.09221028826052338
Finished training EB wellspecified, with in-sample MSE: 0.002549453987444421
m: 357
Finished solving NPMLE, with SURE 0.5938703825822823
Finished solving NPMLE, with in-sample MSE 0.0899384750382996
Finished solving parametric estimator, with SURE 0.0440406772957721
Finished solving parametric estimator, with in-sample MSE 0.06448055576106347
Finished solving EBCF, with in-sample MSE 0.09181770847699387
Finished training EB SURE-LS, with SURE: 0.004953559764283344
Finished training EB SURE-LS, with in-sample MSE: 0.008592196553007959
use_scale: True
use_location: False
Finished training EB misspecified with NPMLE init, with SURE: 0.03132129177144989
Finished training EB misspecified with NPMLE init, with in-sample MSE: 0.06036588478486259
Finished training EB misspecified, with SURE: 0.0313427431935937
Finished training EB misspecified, with in-sample MSE: 0.06031299212125466
Finished training EB wellspecified, with SURE: -0.06743499751306316
Finished training EB wellspecified, with in-sample MSE: 0.08634092836195227
m: 358
Finished solving NPMLE, with SURE 0.6829008496388909
Finished solving NPMLE, with in-sample MSE 0.08310657550060503
Finished solving parametric estimator, with SURE 0.032468004309348486
Finished solving parametric estimator, with in-sample MSE 0.05031733930431922
Finished solving EBCF, with in-sample MSE 0.027581709784132036
Finished training EB SURE-LS, with SURE: -0.06304298243690828
Finished training EB SURE-LS, with in-sample MSE: 0.014726514385195105
use_scale: True
use_location: False
Finished training EB misspecified with NPMLE init, with SURE: 0.015519639977407778
Finished training EB misspecified with NPMLE init, with in-sample MSE: 0.06017339092998305
Finished training EB misspecified, with SURE: 0.015553834839959108
Finished training EB misspecified, with in-sample MSE: 0.0601284454064938
Finished training EB wellspecified, with SURE: -0.14843439642229683
Finished training EB wellspecified, with in-sample MSE: 0.13178262332271998
m: 359
Finished solving NPMLE, with SURE 0.6185572942864132
Finished solving NPMLE, with in-sample MSE 0.04966333950178415
Finished solving parametric estimator, with SURE 0.07757776737968436
Finished solving parametric estimator, with in-sample MSE 0.04070626825328571
Finished solving EBCF, with in-sample MSE 0.09303905321520092
Finished training EB SURE-LS, with SURE: -0.03044567138121352
Finished training EB SURE-LS, with in-sample MSE: 0.019037691126674684
use_scale: True
use_location: False
Finished training EB misspecified with NPMLE init, with SURE: 0.0557738125089417
Finished training EB misspecified with NPMLE init, with in-sample MSE: 0.05570436454751637
Finished training EB misspecified, with SURE: 0.06145096411334059
Finished training EB misspecified, with in-sample MSE: 0.061407866380453376
Finished training EB wellspecified, with SURE: -0.17965706419609057
Finished training EB wellspecified, with in-sample MSE: 0.17961008851254273
m: 360
Finished solving NPMLE, with SURE 0.4205582858728245
Finished solving NPMLE, with in-sample MSE 0.0659934035856361
Finished solving parametric estimator, with SURE 0.01007917594465757
Finished solving parametric estimator, with in-sample MSE 0.0546690198572089
Finished solving EBCF, with in-sample MSE 0.07831118796484864
Finished training EB SURE-LS, with SURE: -0.017925615083997207
Finished training EB SURE-LS, with in-sample MSE: 0.012322834333648662
use_scale: True
use_location: False
Finished training EB misspecified with NPMLE init, with SURE: -0.0010637148952760357
Finished training EB misspecified with NPMLE init, with in-sample MSE: 0.05548077442594477
Finished training EB misspecified, with SURE: -0.0010623628806973784
Finished training EB misspecified, with in-sample MSE: 0.05552511963667821
Finished training EB wellspecified, with SURE: -0.05154952400621877
Finished training EB wellspecified, with in-sample MSE: 0.04474280311164733
m: 361
Finished solving NPMLE, with SURE 0.5878374348074437
Finished solving NPMLE, with in-sample MSE 0.14385612525263222
Finished solving parametric estimator, with SURE 0.16948412059538345
Finished solving parametric estimator, with in-sample MSE 0.07609565658084677
Finished solving EBCF, with in-sample MSE 0.07256955913544068
Finished training EB SURE-LS, with SURE: 0.04739173122508321
Finished training EB SURE-LS, with in-sample MSE: 0.09460278467827826
use_scale: True
use_location: False
Finished training EB misspecified with NPMLE init, with SURE: 0.13645232487009168
Finished training EB misspecified with NPMLE init, with in-sample MSE: 0.07593570787280167
Finished training EB misspecified, with SURE: 0.13646681602842547
Finished training EB misspecified, with in-sample MSE: 0.07595451220997149
Finished training EB wellspecified, with SURE: -0.09066600852878011
Finished training EB wellspecified, with in-sample MSE: 0.32245539957125907
m: 362
Finished solving NPMLE, with SURE 0.2241268293880806
Finished solving NPMLE, with in-sample MSE 0.10027121849574344
Finished solving parametric estimator, with SURE -0.034300935604690774
Finished solving parametric estimator, with in-sample MSE 0.07320664746295509
Finished solving EBCF, with in-sample MSE 0.061887656839243396
Finished training EB SURE-LS, with SURE: -0.07709729451816714
Finished training EB SURE-LS, with in-sample MSE: 0.040486039125476776
use_scale: True
use_location: False
Finished training EB misspecified with NPMLE init, with SURE: -0.04503415033872457
Finished training EB misspecified with NPMLE init, with in-sample MSE: 0.07106819822965481
Finished training EB misspecified, with SURE: -0.04503188334759628
Finished training EB misspecified, with in-sample MSE: 0.0710799377046913
Finished training EB wellspecified, with SURE: -0.09281779936727576
Finished training EB wellspecified, with in-sample MSE: 0.06681860680718105
m: 363
Finished solving NPMLE, with SURE 0.16116666986668157
Finished solving NPMLE, with in-sample MSE 0.06834645403189364
Finished solving parametric estimator, with SURE -0.043630698487626296
Finished solving parametric estimator, with in-sample MSE 0.06242178706385894
Finished solving EBCF, with in-sample MSE 0.039413154779191696
Finished training EB SURE-LS, with SURE: -0.09107869706138333
Finished training EB SURE-LS, with in-sample MSE: 0.016289119422449223
use_scale: True
use_location: False
Finished training EB misspecified with NPMLE init, with SURE: -0.05825873471399518
Finished training EB misspecified with NPMLE init, with in-sample MSE: 0.060513988843284475
Finished training EB misspecified, with SURE: -0.058231241870584115
Finished training EB misspecified, with in-sample MSE: 0.06051180791964997
Finished training EB wellspecified, with SURE: -0.1255476669427323
Finished training EB wellspecified, with in-sample MSE: 0.05197048390834356
m: 364
Finished solving NPMLE, with SURE 0.7569843222344652
Finished solving NPMLE, with in-sample MSE 0.07627934289182488
Finished solving parametric estimator, with SURE 0.039950490180904685
Finished solving parametric estimator, with in-sample MSE 0.05991127764713075
Finished solving EBCF, with in-sample MSE 0.025589266829633906
Finished training EB SURE-LS, with SURE: -0.02315189903896134
Finished training EB SURE-LS, with in-sample MSE: 0.0017913014710494635
use_scale: True
use_location: False
Finished training EB misspecified with NPMLE init, with SURE: 0.017372312149328197
Finished training EB misspecified with NPMLE init, with in-sample MSE: 0.11667506002521512
Finished training EB misspecified, with SURE: 0.02818242485777908
Finished training EB misspecified, with in-sample MSE: 0.05904930314460771
Finished training EB wellspecified, with SURE: -0.0456331285723177
Finished training EB wellspecified, with in-sample MSE: 0.022000310155506516
m: 365
Finished solving NPMLE, with SURE 0.43725979819319577
Finished solving NPMLE, with in-sample MSE 0.0617467565747375
Finished solving parametric estimator, with SURE 0.11992093557977507
Finished solving parametric estimator, with in-sample MSE 0.06194786339532114
Finished solving EBCF, with in-sample MSE 0.03484345955383163
Finished training EB SURE-LS, with SURE: 0.06710102410731132
Finished training EB SURE-LS, with in-sample MSE: 0.02490686467229757
use_scale: True
use_location: False
Finished training EB misspecified with NPMLE init, with SURE: 0.09509537589644439
Finished training EB misspecified with NPMLE init, with in-sample MSE: 0.0786818639957239
Finished training EB misspecified, with SURE: 0.09510259947997185
Finished training EB misspecified, with in-sample MSE: 0.07868741090784179
Finished training EB wellspecified, with SURE: -0.04940738448840966
Finished training EB wellspecified, with in-sample MSE: 0.18266369913021738
m: 366
Finished solving NPMLE, with SURE 0.7816339721612748
Finished solving NPMLE, with in-sample MSE 0.14648435278773722
Finished solving parametric estimator, with SURE 0.17158387211447507
Finished solving parametric estimator, with in-sample MSE 0.10643842253181549
Finished solving EBCF, with in-sample MSE 0.11985374241550713
Finished training EB SURE-LS, with SURE: 0.10709485281352685
Finished training EB SURE-LS, with in-sample MSE: 0.07089703884825105
use_scale: True
use_location: False
Finished training EB misspecified with NPMLE init, with SURE: 0.1159017069801125
Finished training EB misspecified with NPMLE init, with in-sample MSE: 0.1788941144782379
Finished training EB misspecified, with SURE: 0.14744376172642135
Finished training EB misspecified, with in-sample MSE: 0.11152382016472244
Finished training EB wellspecified, with SURE: 0.11593638458036905
Finished training EB wellspecified, with in-sample MSE: 0.17884842733536502
m: 367
Finished solving NPMLE, with SURE 0.5314488671584726
Finished solving NPMLE, with in-sample MSE 0.07984303105297856
Finished solving parametric estimator, with SURE -0.021638177369974865
Finished solving parametric estimator, with in-sample MSE 0.07157893890117445
Finished solving EBCF, with in-sample MSE 0.025539584226184735
Finished training EB SURE-LS, with SURE: -0.07765364785562351
Finished training EB SURE-LS, with in-sample MSE: 0.006817502411298907
use_scale: True
use_location: False
Finished training EB misspecified with NPMLE init, with SURE: -0.03202775714686681
Finished training EB misspecified with NPMLE init, with in-sample MSE: 0.07171013682575436
Finished training EB misspecified, with SURE: -0.032006466658214876
Finished training EB misspecified, with in-sample MSE: 0.07180641132826353
Finished training EB wellspecified, with SURE: -0.08894123132212028
Finished training EB wellspecified, with in-sample MSE: 0.020290911092017874
m: 368
Finished solving NPMLE, with SURE 0.5473602409317918
Finished solving NPMLE, with in-sample MSE 0.07493905528707076
Finished solving parametric estimator, with SURE 0.11519329911905701
Finished solving parametric estimator, with in-sample MSE 0.06339717308309316
Finished solving EBCF, with in-sample MSE 0.08937511587186767
Finished training EB SURE-LS, with SURE: -0.015222268797313357
Finished training EB SURE-LS, with in-sample MSE: 0.0608748822870644
use_scale: True
use_location: False
Finished training EB misspecified with NPMLE init, with SURE: 0.08074374670541594
Finished training EB misspecified with NPMLE init, with in-sample MSE: 0.10822724692062366
Finished training EB misspecified, with SURE: 0.07872973314275299
Finished training EB misspecified, with in-sample MSE: 0.11776498235401914
Finished training EB wellspecified, with SURE: -0.22281265578200476
Finished training EB wellspecified, with in-sample MSE: 0.36351503114680056
m: 369
Finished solving NPMLE, with SURE 0.4724817684807898
Finished solving NPMLE, with in-sample MSE 0.1511800856950106
Finished solving parametric estimator, with SURE 0.14196066947168828
Finished solving parametric estimator, with in-sample MSE 0.058142765484731865
Finished solving EBCF, with in-sample MSE 0.06972046911547101
Finished training EB SURE-LS, with SURE: 0.050361831195700646
Finished training EB SURE-LS, with in-sample MSE: 0.012926559335461133
use_scale: True
use_location: False
Finished training EB misspecified with NPMLE init, with SURE: 0.08893892390862064
Finished training EB misspecified with NPMLE init, with in-sample MSE: 0.09741647814511968
Finished training EB misspecified, with SURE: 0.0650859808945399
Finished training EB misspecified, with in-sample MSE: 0.16456798323883384
Finished training EB wellspecified, with SURE: -0.19442829965421277
Finished training EB wellspecified, with in-sample MSE: 0.25345371020959817
m: 370
Finished solving NPMLE, with SURE 0.1485380741004667
Finished solving NPMLE, with in-sample MSE 0.08723178523405707
Finished solving parametric estimator, with SURE 0.01072072418818093
Finished solving parametric estimator, with in-sample MSE 0.06302851900439622
Finished solving EBCF, with in-sample MSE 0.02606675751267316
Finished training EB SURE-LS, with SURE: -0.04065257714168836
Finished training EB SURE-LS, with in-sample MSE: 0.00710137882303793
use_scale: True
use_location: False
Finished training EB misspecified with NPMLE init, with SURE: -0.00015646569622546736
Finished training EB misspecified with NPMLE init, with in-sample MSE: 0.06302692183126286
Finished training EB misspecified, with SURE: -0.00015554742418807165
Finished training EB misspecified, with in-sample MSE: 0.0630239670925476
Finished training EB wellspecified, with SURE: -0.04784589705480155
Finished training EB wellspecified, with in-sample MSE: 0.013219907147406382
m: 371
Finished solving NPMLE, with SURE 0.5983497235295474
Finished solving NPMLE, with in-sample MSE 0.0834585152379179
Finished solving parametric estimator, with SURE 0.05054079711012138
Finished solving parametric estimator, with in-sample MSE 0.06109827250551475
Finished solving EBCF, with in-sample MSE 0.021811350709132905
Finished training EB SURE-LS, with SURE: -0.001729938910926725
Finished training EB SURE-LS, with in-sample MSE: 0.0037265772305686584
use_scale: True
use_location: False
Finished training EB misspecified with NPMLE init, with SURE: 0.027723327142220172
Finished training EB misspecified with NPMLE init, with in-sample MSE: 0.06077051127166968
Finished training EB misspecified, with SURE: 0.027724694646669476
Finished training EB misspecified, with in-sample MSE: 0.06076966618002673
Finished training EB wellspecified, with SURE: -0.1391519137150848
Finished training EB wellspecified, with in-sample MSE: 0.21147219859559158
m: 372
Finished solving NPMLE, with SURE 0.4994861614269086
Finished solving NPMLE, with in-sample MSE 0.09955188482018004
Finished solving parametric estimator, with SURE -0.06532087663646102
Finished solving parametric estimator, with in-sample MSE 0.059276542435744754
Finished solving EBCF, with in-sample MSE 0.027353761449755338
Finished training EB SURE-LS, with SURE: -0.14682882086661406
Finished training EB SURE-LS, with in-sample MSE: 0.003792189282259943
use_scale: True
use_location: False
Finished training EB misspecified with NPMLE init, with SURE: -0.07620646444703226
Finished training EB misspecified with NPMLE init, with in-sample MSE: 0.05926228275214966
Finished training EB misspecified, with SURE: -0.07620657308743006
Finished training EB misspecified, with in-sample MSE: 0.05927244766061948
Finished training EB wellspecified, with SURE: -0.15613038465456858
Finished training EB wellspecified, with in-sample MSE: 0.012295971154270701
m: 373
Finished solving NPMLE, with SURE 0.7660650406330983
Finished solving NPMLE, with in-sample MSE 0.09609580884979502
Finished solving parametric estimator, with SURE -0.047413890933286906
Finished solving parametric estimator, with in-sample MSE 0.05937008794379457
Finished solving EBCF, with in-sample MSE 0.015643762077905736
Finished training EB SURE-LS, with SURE: -0.17483284753884384
Finished training EB SURE-LS, with in-sample MSE: 0.015092443128500657
use_scale: True
use_location: False
Finished training EB misspecified with NPMLE init, with SURE: -0.06484778393777099
Finished training EB misspecified with NPMLE init, with in-sample MSE: 0.05805369381734432
Finished training EB misspecified, with SURE: -0.064836933698381
Finished training EB misspecified, with in-sample MSE: 0.05805852638075506
Finished training EB wellspecified, with SURE: -0.22141387363655846
Finished training EB wellspecified, with in-sample MSE: 0.06472349495280111
m: 374
Finished solving NPMLE, with SURE 0.5837624182286946
Finished solving NPMLE, with in-sample MSE 0.11000099688157323
Finished solving parametric estimator, with SURE 0.11801573689618
Finished solving parametric estimator, with in-sample MSE 0.07066803170154874
Finished solving EBCF, with in-sample MSE 0.03682740672479547
Finished training EB SURE-LS, with SURE: 0.07242954745721962
Finished training EB SURE-LS, with in-sample MSE: 0.018549713970542246
use_scale: True
use_location: False
Finished training EB misspecified with NPMLE init, with SURE: 0.08614205302885282
Finished training EB misspecified with NPMLE init, with in-sample MSE: 0.09911416529485699
Finished training EB misspecified, with SURE: 0.08615109837202653
Finished training EB misspecified, with in-sample MSE: 0.09912222816000968
Finished training EB wellspecified, with SURE: -0.06960628339860035
Finished training EB wellspecified, with in-sample MSE: 0.2200617757929697
m: 375
Finished solving NPMLE, with SURE 0.7550704905858848
Finished solving NPMLE, with in-sample MSE 0.22149385896749213
Finished solving parametric estimator, with SURE 0.09535648638004929
Finished solving parametric estimator, with in-sample MSE 0.05750272553143598
Finished solving EBCF, with in-sample MSE 0.03174116011469772
Finished training EB SURE-LS, with SURE: 0.018782545128315675
Finished training EB SURE-LS, with in-sample MSE: 0.0008300315537467068
use_scale: True
use_location: False
Finished training EB misspecified with NPMLE init, with SURE: -0.058823162722264614
Finished training EB misspecified with NPMLE init, with in-sample MSE: 0.23672618151391045
Finished training EB misspecified, with SURE: -0.05827224881487183
Finished training EB misspecified, with in-sample MSE: 0.2411443247441403
Finished training EB wellspecified, with SURE: -0.15530140194985892
Finished training EB wellspecified, with in-sample MSE: 0.23035526013652652
m: 376
Finished solving NPMLE, with SURE 0.6825854049290411
Finished solving NPMLE, with in-sample MSE 0.056846830413520656
Finished solving parametric estimator, with SURE -0.10850025662523488
Finished solving parametric estimator, with in-sample MSE 0.056586382265928464
Finished solving EBCF, with in-sample MSE 0.0160360106846571
Finished training EB SURE-LS, with SURE: -0.14595475110771997
Finished training EB SURE-LS, with in-sample MSE: 0.007184920803835045
use_scale: True
use_location: False
Finished training EB misspecified with NPMLE init, with SURE: -0.1188637051882111
Finished training EB misspecified with NPMLE init, with in-sample MSE: 0.056585930296914756
Finished training EB misspecified, with SURE: -0.11886330528053812
Finished training EB misspecified, with in-sample MSE: 0.05658614240040869
Finished training EB wellspecified, with SURE: -0.1505292246676859
Finished training EB wellspecified, with in-sample MSE: 0.007700263315577117
m: 377
Finished solving NPMLE, with SURE 0.6600795621268821
Finished solving NPMLE, with in-sample MSE 0.07083351144113585
Finished solving parametric estimator, with SURE 0.0390135788199949
Finished solving parametric estimator, with in-sample MSE 0.051259271167427435
Finished solving EBCF, with in-sample MSE 0.01128636228630004
Finished training EB SURE-LS, with SURE: -0.04374528173346883
Finished training EB SURE-LS, with in-sample MSE: 0.0027903446895977072
use_scale: True
use_location: False
Finished training EB misspecified with NPMLE init, with SURE: 0.025487240341028325
Finished training EB misspecified with NPMLE init, with in-sample MSE: 0.050880203780371495
Finished training EB misspecified, with SURE: 0.025486838439935013
Finished training EB misspecified, with in-sample MSE: 0.050878619238992
Finished training EB wellspecified, with SURE: -0.06179988911654521
Finished training EB wellspecified, with in-sample MSE: 0.018622272326299604
m: 378
Finished solving NPMLE, with SURE 0.828513469539319
Finished solving NPMLE, with in-sample MSE 0.06694427416473998
Finished solving parametric estimator, with SURE 0.11100183313060663
Finished solving parametric estimator, with in-sample MSE 0.05027501214404549
Finished solving EBCF, with in-sample MSE 0.008591205520816636
Finished training EB SURE-LS, with SURE: 0.05331211175883188
Finished training EB SURE-LS, with in-sample MSE: 0.0014789218200751497
use_scale: True
use_location: False
Finished training EB misspecified with NPMLE init, with SURE: 0.09223991620122597
Finished training EB misspecified with NPMLE init, with in-sample MSE: 0.055779801762923256
Finished training EB misspecified, with SURE: 0.09224245161380956
Finished training EB misspecified, with in-sample MSE: 0.055789002957631555
Finished training EB wellspecified, with SURE: -0.13853304265338776
Finished training EB wellspecified, with in-sample MSE: 0.2531013925496684
m: 379
Finished solving NPMLE, with SURE 0.6842153984170057
Finished solving NPMLE, with in-sample MSE 0.09136257592733626
Finished solving parametric estimator, with SURE 0.08010267202640814
Finished solving parametric estimator, with in-sample MSE 0.05968396745402273
Finished solving EBCF, with in-sample MSE 0.03369935408295142
Finished training EB SURE-LS, with SURE: -0.004846124979726633
Finished training EB SURE-LS, with in-sample MSE: 0.0156960512792626
use_scale: True
use_location: False
Finished training EB misspecified with NPMLE init, with SURE: 0.046902435891688514
Finished training EB misspecified with NPMLE init, with in-sample MSE: 0.06366861137579556
Finished training EB misspecified, with SURE: 0.04690316361324911
Finished training EB misspecified, with in-sample MSE: 0.06366905346455116
Finished training EB wellspecified, with SURE: -0.01595918226744005
Finished training EB wellspecified, with in-sample MSE: 0.025995297302749177
m: 380
Finished solving NPMLE, with SURE 0.2546730508133833
Finished solving NPMLE, with in-sample MSE 0.07782703455705269
Finished solving parametric estimator, with SURE 0.0688951640760393
Finished solving parametric estimator, with in-sample MSE 0.05381681898726374
Finished solving EBCF, with in-sample MSE 0.04733699489717288
Finished training EB SURE-LS, with SURE: 0.0030190582612459774
Finished training EB SURE-LS, with in-sample MSE: 0.002667514246292101
use_scale: True
use_location: False
Finished training EB misspecified with NPMLE init, with SURE: 0.0465682369573075
Finished training EB misspecified with NPMLE init, with in-sample MSE: 0.05876309828432065
Finished training EB misspecified, with SURE: 0.04658136759520019
Finished training EB misspecified, with in-sample MSE: 0.05876349641359206
Finished training EB wellspecified, with SURE: -0.07558271689122693
Finished training EB wellspecified, with in-sample MSE: 0.10748034373922412
m: 381
Finished solving NPMLE, with SURE 0.556372604053426
Finished solving NPMLE, with in-sample MSE 0.053498508689687654
Finished solving parametric estimator, with SURE -0.09270391844467668
Finished solving parametric estimator, with in-sample MSE 0.06271436872214116
Finished solving EBCF, with in-sample MSE 0.017455888431176052
Finished training EB SURE-LS, with SURE: -0.15619916355535265
Finished training EB SURE-LS, with in-sample MSE: 0.013483485466978432
use_scale: True
use_location: False
Finished training EB misspecified with NPMLE init, with SURE: -0.10449923182944104
Finished training EB misspecified with NPMLE init, with in-sample MSE: 0.06271493561819541
Finished training EB misspecified, with SURE: -0.10449618624559648
Finished training EB misspecified, with in-sample MSE: 0.06271166158469012
Finished training EB wellspecified, with SURE: -0.16947121177646504
Finished training EB wellspecified, with in-sample MSE: 0.022991272815888468
m: 382
Finished solving NPMLE, with SURE 0.7827972451694429
Finished solving NPMLE, with in-sample MSE 0.058017812866438125
Finished solving parametric estimator, with SURE 0.0566040745088936
Finished solving parametric estimator, with in-sample MSE 0.05229532432734375
Finished solving EBCF, with in-sample MSE 0.027846707780626534
Finished training EB SURE-LS, with SURE: -0.07354032232271852
Finished training EB SURE-LS, with in-sample MSE: 0.018508396597427722
use_scale: True
use_location: False
Finished training EB misspecified with NPMLE init, with SURE: 0.03352870801664885
Finished training EB misspecified with NPMLE init, with in-sample MSE: 0.05719762928803587
Finished training EB misspecified, with SURE: 0.03354041012548841
Finished training EB misspecified, with in-sample MSE: 0.057168862912026795
Finished training EB wellspecified, with SURE: -0.13354087474053783
Finished training EB wellspecified, with in-sample MSE: 0.1134327294277677
m: 383
Finished solving NPMLE, with SURE 0.711727876556377
Finished solving NPMLE, with in-sample MSE 0.1359565550170165
Finished solving parametric estimator, with SURE 0.11255904309164516
Finished solving parametric estimator, with in-sample MSE 0.05380492984782133
Finished solving EBCF, with in-sample MSE 0.04455505992701571
Finished training EB SURE-LS, with SURE: 0.04576358864798781
Finished training EB SURE-LS, with in-sample MSE: 0.0057716501948136675
use_scale: True
use_location: False
Finished training EB misspecified with NPMLE init, with SURE: 0.045010749990247664
Finished training EB misspecified with NPMLE init, with in-sample MSE: 0.14884742317739
Finished training EB misspecified, with SURE: 0.04504874357226967
Finished training EB misspecified, with in-sample MSE: 0.1487897553301248
Finished training EB wellspecified, with SURE: -0.0338050962024518
Finished training EB wellspecified, with in-sample MSE: 0.09964558186706823
m: 384
Finished solving NPMLE, with SURE 0.3672824781844857
Finished solving NPMLE, with in-sample MSE 0.09890587107050093
Finished solving parametric estimator, with SURE -0.05224422726271005
Finished solving parametric estimator, with in-sample MSE 0.06952002190085722
Finished solving EBCF, with in-sample MSE 0.01873618379799626
Finished training EB SURE-LS, with SURE: -0.1473751720568452
Finished training EB SURE-LS, with in-sample MSE: 0.017574782531215357
use_scale: True
use_location: False
Finished training EB misspecified with NPMLE init, with SURE: -0.06235981053173724
Finished training EB misspecified with NPMLE init, with in-sample MSE: 0.06951762495137444
Finished training EB misspecified, with SURE: -0.062359575883446115
Finished training EB misspecified, with in-sample MSE: 0.06951302159716562
Finished training EB wellspecified, with SURE: -0.1655246202555289
Finished training EB wellspecified, with in-sample MSE: 0.03271023904505987
m: 385
Finished solving NPMLE, with SURE 0.22380257423201236
Finished solving NPMLE, with in-sample MSE 0.1508575045398286
Finished solving parametric estimator, with SURE 0.04282140935092321
Finished solving parametric estimator, with in-sample MSE 0.08665704020451975
Finished solving EBCF, with in-sample MSE 0.07986962105664845
Finished training EB SURE-LS, with SURE: -0.033253575199377924
Finished training EB SURE-LS, with in-sample MSE: 0.022637270267954476
use_scale: True
use_location: False
Finished training EB misspecified with NPMLE init, with SURE: 0.012450337238396472
Finished training EB misspecified with NPMLE init, with in-sample MSE: 0.0821319564516527
Finished training EB misspecified, with SURE: 0.012457470417951484
Finished training EB misspecified, with in-sample MSE: 0.08213225070121814
Finished training EB wellspecified, with SURE: -0.11918872248576441
Finished training EB wellspecified, with in-sample MSE: 0.10761855329118875
m: 386
Finished solving NPMLE, with SURE 0.8416598403835076
Finished solving NPMLE, with in-sample MSE 0.09095723825596408
Finished solving parametric estimator, with SURE -0.006542478939308538
Finished solving parametric estimator, with in-sample MSE 0.04478497855189063
Finished solving EBCF, with in-sample MSE 0.053876955661653916
Finished training EB SURE-LS, with SURE: -0.17986076490478542
Finished training EB SURE-LS, with in-sample MSE: 0.02757278602820189
use_scale: True
use_location: False
Finished training EB misspecified with NPMLE init, with SURE: -0.02762283176962768
Finished training EB misspecified with NPMLE init, with in-sample MSE: 0.0604240065028114
Finished training EB misspecified, with SURE: -0.027613604826945276
Finished training EB misspecified, with in-sample MSE: 0.06056211456096906
Finished training EB wellspecified, with SURE: -0.21483591723522144
Finished training EB wellspecified, with in-sample MSE: 0.06822677302407776
m: 387
Finished solving NPMLE, with SURE 0.17872324712555476
Finished solving NPMLE, with in-sample MSE 0.10407317231967758
Finished solving parametric estimator, with SURE 0.08059202386103254
Finished solving parametric estimator, with in-sample MSE 0.07952728735616717
Finished solving EBCF, with in-sample MSE 0.08765159717019963
Finished training EB SURE-LS, with SURE: -0.009340220038228911
Finished training EB SURE-LS, with in-sample MSE: 0.11897362599282785
use_scale: True
use_location: False
Finished training EB misspecified with NPMLE init, with SURE: 0.0633100666872069
Finished training EB misspecified with NPMLE init, with in-sample MSE: 0.08805129168694194
Finished training EB misspecified, with SURE: 0.0633241352048558
Finished training EB misspecified, with in-sample MSE: 0.08810555880984743
Finished training EB wellspecified, with SURE: -0.00813530097535077
Finished training EB wellspecified, with in-sample MSE: 0.15117151247352476
m: 388
Finished solving NPMLE, with SURE 0.7500749181654639
Finished solving NPMLE, with in-sample MSE 0.07725304356755675
Finished solving parametric estimator, with SURE -0.0027257689533529694
Finished solving parametric estimator, with in-sample MSE 0.064303563732599
Finished solving EBCF, with in-sample MSE 0.038595153735641874
Finished training EB SURE-LS, with SURE: -0.06187733613074057
Finished training EB SURE-LS, with in-sample MSE: 0.008418315307144892
use_scale: True
use_location: False
Finished training EB misspecified with NPMLE init, with SURE: -0.028323414472647527
Finished training EB misspecified with NPMLE init, with in-sample MSE: 0.08707978546169297
Finished training EB misspecified, with SURE: -0.02830448723470646
Finished training EB misspecified, with in-sample MSE: 0.08735619916816802
Finished training EB wellspecified, with SURE: -0.07871790953535086
Finished training EB wellspecified, with in-sample MSE: 0.020352388278429587
m: 389
Finished solving NPMLE, with SURE 0.09256982352673347
Finished solving NPMLE, with in-sample MSE 0.12146784794870218
Finished solving parametric estimator, with SURE -0.020863450078399293
Finished solving parametric estimator, with in-sample MSE 0.08160026815420675
Finished solving EBCF, with in-sample MSE 0.04043962729937957
Finished training EB SURE-LS, with SURE: -0.07717406970878016
Finished training EB SURE-LS, with in-sample MSE: 0.011940504041028858
use_scale: True
use_location: False
Finished training EB misspecified with NPMLE init, with SURE: -0.03192567020572575
Finished training EB misspecified with NPMLE init, with in-sample MSE: 0.07553941842716907
Finished training EB misspecified, with SURE: -0.031915877838384
Finished training EB misspecified, with in-sample MSE: 0.07555776570070448
Finished training EB wellspecified, with SURE: -0.15866230774827705
Finished training EB wellspecified, with in-sample MSE: 0.13721671499905974
m: 390
Finished solving NPMLE, with SURE 0.42320252250196
Finished solving NPMLE, with in-sample MSE 0.10892734522763757
Finished solving parametric estimator, with SURE 0.10525595283480227
Finished solving parametric estimator, with in-sample MSE 0.06230373548512367
Finished solving EBCF, with in-sample MSE 0.04635322364029284
Finished training EB SURE-LS, with SURE: 0.03687648053585502
Finished training EB SURE-LS, with in-sample MSE: 0.006360286679593798
use_scale: True
use_location: False
Finished training EB misspecified with NPMLE init, with SURE: 0.0924995986000362
Finished training EB misspecified with NPMLE init, with in-sample MSE: 0.06793321825337001
Finished training EB misspecified, with SURE: 0.09027033661772059
Finished training EB misspecified, with in-sample MSE: 0.05557970516287328
Finished training EB wellspecified, with SURE: -0.18569990596091324
Finished training EB wellspecified, with in-sample MSE: 0.3459780689415293
m: 391
Finished solving NPMLE, with SURE 0.25030806090510266
Finished solving NPMLE, with in-sample MSE 0.06902192545090967
Finished solving parametric estimator, with SURE 0.008779475680472604
Finished solving parametric estimator, with in-sample MSE 0.04448334398936834
Finished solving EBCF, with in-sample MSE 0.036178551815092504
Finished training EB SURE-LS, with SURE: -0.08869476268703194
Finished training EB SURE-LS, with in-sample MSE: 0.006184940252196565
use_scale: True
use_location: False
Finished training EB misspecified with NPMLE init, with SURE: -0.03175516672290115
Finished training EB misspecified with NPMLE init, with in-sample MSE: 0.11470986191451857
Finished training EB misspecified, with SURE: -0.03173000032906302
Finished training EB misspecified, with in-sample MSE: 0.11472268508951827
Finished training EB wellspecified, with SURE: -0.20535948276261923
Finished training EB wellspecified, with in-sample MSE: 0.13923042807678684
m: 392
Finished solving NPMLE, with SURE 0.31948033872010917
Finished solving NPMLE, with in-sample MSE 0.05982188722359903
Finished solving parametric estimator, with SURE 0.039187611760998886
Finished solving parametric estimator, with in-sample MSE 0.056393874284632294
Finished solving EBCF, with in-sample MSE 0.05955751219690163
Finished training EB SURE-LS, with SURE: 0.006964874128483052
Finished training EB SURE-LS, with in-sample MSE: 0.02346875931440801
use_scale: True
use_location: False
Finished training EB misspecified with NPMLE init, with SURE: 0.028062540641964374
Finished training EB misspecified with NPMLE init, with in-sample MSE: 0.058846357771644625
Finished training EB misspecified, with SURE: 0.0280680659952143
Finished training EB misspecified, with in-sample MSE: 0.05884915626856872
Finished training EB wellspecified, with SURE: -0.05714787324874866
Finished training EB wellspecified, with in-sample MSE: 0.10905470383347239
m: 393
Finished solving NPMLE, with SURE 0.21315397261165317
Finished solving NPMLE, with in-sample MSE 0.09065522896273044
Finished solving parametric estimator, with SURE -0.051006066524232396
Finished solving parametric estimator, with in-sample MSE 0.07008422270787408
Finished solving EBCF, with in-sample MSE 0.04032513344520402
Finished training EB SURE-LS, with SURE: -0.0700834595362272
Finished training EB SURE-LS, with in-sample MSE: 0.036810174749408044
use_scale: True
use_location: False
Finished training EB misspecified with NPMLE init, with SURE: -0.06213042073321759
Finished training EB misspecified with NPMLE init, with in-sample MSE: 0.07008366563971274
Finished training EB misspecified, with SURE: -0.06212902906097071
Finished training EB misspecified, with in-sample MSE: 0.07008322737715632
Finished training EB wellspecified, with SURE: -0.1352030635065745
Finished training EB wellspecified, with in-sample MSE: 0.11554036855236242
m: 394
Finished solving NPMLE, with SURE 0.8928547912129366
Finished solving NPMLE, with in-sample MSE 0.06814781273893983
Finished solving parametric estimator, with SURE -0.0063033392559181944
Finished solving parametric estimator, with in-sample MSE 0.06440975661099411
Finished solving EBCF, with in-sample MSE 0.016053681566504642
Finished training EB SURE-LS, with SURE: -0.0740289402544635
Finished training EB SURE-LS, with in-sample MSE: 0.010151408845149494
use_scale: True
use_location: False
Finished training EB misspecified with NPMLE init, with SURE: -0.024672720353214148
Finished training EB misspecified with NPMLE init, with in-sample MSE: 0.06598758834115671
Finished training EB misspecified, with SURE: -0.024654465458272625
Finished training EB misspecified, with in-sample MSE: 0.06601360862475954
Finished training EB wellspecified, with SURE: -0.10673402077570324
Finished training EB wellspecified, with in-sample MSE: 0.04985407475314665
m: 395
Finished solving NPMLE, with SURE 0.31746604030775527
Finished solving NPMLE, with in-sample MSE 0.07952521350637415
Finished solving parametric estimator, with SURE -0.04283725241261299
Finished solving parametric estimator, with in-sample MSE 0.06903957703596458
Finished solving EBCF, with in-sample MSE 0.021837346396554692
Finished training EB SURE-LS, with SURE: -0.07611288841350287
Finished training EB SURE-LS, with in-sample MSE: 0.014115898235393836
use_scale: True
use_location: False
Finished training EB misspecified with NPMLE init, with SURE: -0.05977235378878518
Finished training EB misspecified with NPMLE init, with in-sample MSE: 0.07086683664119293
Finished training EB misspecified, with SURE: -0.05974643313098525
Finished training EB misspecified, with in-sample MSE: 0.07088202930355496
Finished training EB wellspecified, with SURE: -0.18411640888296837
Finished training EB wellspecified, with in-sample MSE: 0.13633900871717744
m: 396
Finished solving NPMLE, with SURE 0.9198261555552765
Finished solving NPMLE, with in-sample MSE 0.06763181193662898
Finished solving parametric estimator, with SURE 0.027679313976647635
Finished solving parametric estimator, with in-sample MSE 0.07178494328358082
Finished solving EBCF, with in-sample MSE 0.03961924198433293
Finished training EB SURE-LS, with SURE: -0.04024347971945843
Finished training EB SURE-LS, with in-sample MSE: 0.028658382783371312
use_scale: True
use_location: False
Finished training EB misspecified with NPMLE init, with SURE: 0.0036505739696171702
Finished training EB misspecified with NPMLE init, with in-sample MSE: 0.0963612347988748
Finished training EB misspecified, with SURE: 0.004695239997297449
Finished training EB misspecified, with in-sample MSE: 0.09333744641638138
Finished training EB wellspecified, with SURE: -0.0850347307022415
Finished training EB wellspecified, with in-sample MSE: 0.0700739259872819
m: 397
Finished solving NPMLE, with SURE 0.4920756954296813
Finished solving NPMLE, with in-sample MSE 0.09239390241618178
Finished solving parametric estimator, with SURE 0.024586646784952537
Finished solving parametric estimator, with in-sample MSE 0.0553928848702004
Finished solving EBCF, with in-sample MSE 0.0217795663407887
Finished training EB SURE-LS, with SURE: -0.05075378296392075
Finished training EB SURE-LS, with in-sample MSE: 0.006055881721880092
use_scale: True
use_location: False
Finished training EB misspecified with NPMLE init, with SURE: 0.005773542713123874
Finished training EB misspecified with NPMLE init, with in-sample MSE: 0.061916540354153865
Finished training EB misspecified, with SURE: 0.005805397429615837
Finished training EB misspecified, with in-sample MSE: 0.06193415265377735
Finished training EB wellspecified, with SURE: -0.17123624664307527
Finished training EB wellspecified, with in-sample MSE: 0.14865166253276663
m: 398
Finished solving NPMLE, with SURE 0.933796306208504
Finished solving NPMLE, with in-sample MSE 0.10549449689938366
Finished solving parametric estimator, with SURE 0.13070048887715446
Finished solving parametric estimator, with in-sample MSE 0.06326006766164384
Finished solving EBCF, with in-sample MSE 0.04365419903327111
Finished training EB SURE-LS, with SURE: 0.07476452361935165
Finished training EB SURE-LS, with in-sample MSE: 0.01613259769641213
use_scale: True
use_location: False
Finished training EB misspecified with NPMLE init, with SURE: 0.09151228082310134
Finished training EB misspecified with NPMLE init, with in-sample MSE: 0.13835280436148736
Finished training EB misspecified, with SURE: 0.09154095169826043
Finished training EB misspecified, with in-sample MSE: 0.13823713752548208
Finished training EB wellspecified, with SURE: -0.1419385116006224
Finished training EB wellspecified, with in-sample MSE: 0.257623360369685
m: 399
Finished solving NPMLE, with SURE 0.4155845211551215
Finished solving NPMLE, with in-sample MSE 0.11869372973081983
Finished solving parametric estimator, with SURE -0.10687968168466333
Finished solving parametric estimator, with in-sample MSE 0.0803602557676904
Finished solving EBCF, with in-sample MSE 0.028346886621819924
Finished training EB SURE-LS, with SURE: -0.1648403203537876
Finished training EB SURE-LS, with in-sample MSE: 0.011597635106671077
use_scale: True
use_location: False
Finished training EB misspecified with NPMLE init, with SURE: -0.11701064435838732
Finished training EB misspecified with NPMLE init, with in-sample MSE: 0.08035856584644119
Finished training EB misspecified, with SURE: -0.11701049780839824
Finished training EB misspecified, with in-sample MSE: 0.08036005811427423
Finished training EB wellspecified, with SURE: -0.18064272331102643
Finished training EB wellspecified, with in-sample MSE: 0.022165464237350278

n: 200
m: 350
Finished solving NPMLE, with SURE 0.29934967202923934
Finished solving NPMLE, with in-sample MSE 0.08341962146506365
Finished solving parametric estimator, with SURE -0.0015088532467164573
Finished solving parametric estimator, with in-sample MSE 0.06449131326809052
Finished solving EBCF, with in-sample MSE 0.013862343241173945
Finished training EB SURE-LS, with SURE: -0.04243559930825042
Finished training EB SURE-LS, with in-sample MSE: 0.005117025484184615
use_scale: True
use_location: False
Finished training EB misspecified with NPMLE init, with SURE: -0.014554835082339821
Finished training EB misspecified with NPMLE init, with in-sample MSE: 0.06479394810172691
Finished training EB misspecified, with SURE: -0.014549529713429906
Finished training EB misspecified, with in-sample MSE: 0.06478710394052857
Finished training EB wellspecified, with SURE: -0.07718809951144866
Finished training EB wellspecified, with in-sample MSE: 0.044433490097374316
m: 351
Finished solving NPMLE, with SURE 0.710991915431463
Finished solving NPMLE, with in-sample MSE 0.10285297815314612
Finished solving parametric estimator, with SURE 0.033286846855509755
Finished solving parametric estimator, with in-sample MSE 0.06937606950567438
Finished solving EBCF, with in-sample MSE 0.036619401886991004
Finished training EB SURE-LS, with SURE: -0.008610255958083044
Finished training EB SURE-LS, with in-sample MSE: 0.012333225789753625
use_scale: True
use_location: False
Finished training EB misspecified with NPMLE init, with SURE: 0.024719612596540798
Finished training EB misspecified with NPMLE init, with in-sample MSE: 0.06389520272421494
Finished training EB misspecified, with SURE: 0.024718648640946413
Finished training EB misspecified, with in-sample MSE: 0.06389696156849324
Finished training EB wellspecified, with SURE: -0.04782289924779381
Finished training EB wellspecified, with in-sample MSE: 0.07159894857446188
m: 352
Finished solving NPMLE, with SURE 0.7396013894432261
Finished solving NPMLE, with in-sample MSE 0.06006662296190195
Finished solving parametric estimator, with SURE 0.07193059478235975
Finished solving parametric estimator, with in-sample MSE 0.04682012261286129
Finished solving EBCF, with in-sample MSE 0.016187525643869865
Finished training EB SURE-LS, with SURE: -0.004933013912434361
Finished training EB SURE-LS, with in-sample MSE: 0.00915257179598941
use_scale: True
use_location: False
Finished training EB misspecified with NPMLE init, with SURE: 0.060233567770613165
Finished training EB misspecified with NPMLE init, with in-sample MSE: 0.056318187533691305
Finished training EB misspecified, with SURE: 0.06030810251536806
Finished training EB misspecified, with in-sample MSE: 0.05643766341293178
Finished training EB wellspecified, with SURE: -0.027743169719837403
Finished training EB wellspecified, with in-sample MSE: 0.029544900866547107
m: 353
Finished solving NPMLE, with SURE 0.3493339571346312
Finished solving NPMLE, with in-sample MSE 0.07456996400464395
Finished solving parametric estimator, with SURE 0.11494931528944857
Finished solving parametric estimator, with in-sample MSE 0.05733385651583186
Finished solving EBCF, with in-sample MSE 0.06933562218739515
Finished training EB SURE-LS, with SURE: 0.04951883183291809
Finished training EB SURE-LS, with in-sample MSE: 0.060223920808098935
use_scale: True
use_location: False
Finished training EB misspecified with NPMLE init, with SURE: 0.10118452687988921
Finished training EB misspecified with NPMLE init, with in-sample MSE: 0.06810937176766631
Finished training EB misspecified, with SURE: 0.089297007742599
Finished training EB misspecified, with in-sample MSE: 0.1227805049031884
Finished training EB wellspecified, with SURE: -0.04114826817864802
Finished training EB wellspecified, with in-sample MSE: 0.1854244785451583
m: 354
Finished solving NPMLE, with SURE 1.0185794372119537
Finished solving NPMLE, with in-sample MSE 0.07299038385155454
Finished solving parametric estimator, with SURE 0.019783008739311658
Finished solving parametric estimator, with in-sample MSE 0.05391997010363692
Finished solving EBCF, with in-sample MSE 0.016243522094385766
Finished training EB SURE-LS, with SURE: -0.08918579819029603
Finished training EB SURE-LS, with in-sample MSE: 0.01401879436566134
use_scale: True
use_location: False
Finished training EB misspecified with NPMLE init, with SURE: 0.0034851147313508337
Finished training EB misspecified with NPMLE init, with in-sample MSE: 0.070293801810296
Finished training EB misspecified, with SURE: 0.0034946772445748307
Finished training EB misspecified, with in-sample MSE: 0.07027796563754266
Finished training EB wellspecified, with SURE: -0.09384718465435579
Finished training EB wellspecified, with in-sample MSE: 0.016086909785861393
m: 355
Finished solving NPMLE, with SURE 0.9182036096959598
Finished solving NPMLE, with in-sample MSE 0.06904561320216378
Finished solving parametric estimator, with SURE 0.010652742971447582
Finished solving parametric estimator, with in-sample MSE 0.058787750331371506
Finished solving EBCF, with in-sample MSE 0.009100224351086535
Finished training EB SURE-LS, with SURE: -0.037648524922402844
Finished training EB SURE-LS, with in-sample MSE: 0.004312793699276006
use_scale: True
use_location: False
Finished training EB misspecified with NPMLE init, with SURE: -0.003194897681449547
Finished training EB misspecified with NPMLE init, with in-sample MSE: 0.06317854258838307
Finished training EB misspecified, with SURE: -0.003216417786363692
Finished training EB misspecified, with in-sample MSE: 0.06322948516309851
Finished training EB wellspecified, with SURE: -0.08345900809488355
Finished training EB wellspecified, with in-sample MSE: 0.07246981573942017
m: 356
Finished solving NPMLE, with SURE 0.6661709241189655
Finished solving NPMLE, with in-sample MSE 0.06595905860654432
Finished solving parametric estimator, with SURE 0.054358552309722585
Finished solving parametric estimator, with in-sample MSE 0.052756084374197404
Finished solving EBCF, with in-sample MSE 0.02344409716268991
Finished training EB SURE-LS, with SURE: -0.01721852639362011
Finished training EB SURE-LS, with in-sample MSE: 0.0039689556555498415
use_scale: True
use_location: False
Finished training EB misspecified with NPMLE init, with SURE: 0.045755679674942304
Finished training EB misspecified with NPMLE init, with in-sample MSE: 0.06558972833654375
Finished training EB misspecified, with SURE: 0.04841317497775293
Finished training EB misspecified, with in-sample MSE: 0.05422394912693514
Finished training EB wellspecified, with SURE: -0.05225669299617451
Finished training EB wellspecified, with in-sample MSE: 0.03227536918380116
m: 357
Finished solving NPMLE, with SURE 0.4417857046011004
Finished solving NPMLE, with in-sample MSE 0.0977964618416623
Finished solving parametric estimator, with SURE 0.044596148877239894
Finished solving parametric estimator, with in-sample MSE 0.0641399144510408
Finished solving EBCF, with in-sample MSE 0.022805295505740276
Finished training EB SURE-LS, with SURE: -0.03462604010259327
Finished training EB SURE-LS, with in-sample MSE: 0.014791283119210387
use_scale: True
use_location: False
Finished training EB misspecified with NPMLE init, with SURE: 0.03584784225908621
Finished training EB misspecified with NPMLE init, with in-sample MSE: 0.05707579125255677
Finished training EB misspecified, with SURE: 0.03584909693220453
Finished training EB misspecified, with in-sample MSE: 0.05707732292219053
Finished training EB wellspecified, with SURE: -0.052673190626024366
Finished training EB wellspecified, with in-sample MSE: 0.03712573411390611
m: 358
Finished solving NPMLE, with SURE 0.47333196590119686
Finished solving NPMLE, with in-sample MSE 0.08329707822345438
Finished solving parametric estimator, with SURE 0.12957801088352833
Finished solving parametric estimator, with in-sample MSE 0.0645361664410217
Finished solving EBCF, with in-sample MSE 0.0365985125244684
Finished training EB SURE-LS, with SURE: 0.06105519636283758
Finished training EB SURE-LS, with in-sample MSE: 0.013397703574722536
use_scale: True
use_location: False
Finished training EB misspecified with NPMLE init, with SURE: 0.11155116863163805
Finished training EB misspecified with NPMLE init, with in-sample MSE: 0.06711663433614605
Finished training EB misspecified, with SURE: 0.111558145151294
Finished training EB misspecified, with in-sample MSE: 0.0671062204201408
Finished training EB wellspecified, with SURE: -0.01570748245425779
Finished training EB wellspecified, with in-sample MSE: 0.12156935875362943
m: 359
Finished solving NPMLE, with SURE 0.1669130202169839
Finished solving NPMLE, with in-sample MSE 0.09435019429763908
Finished solving parametric estimator, with SURE -0.027875754824268517
Finished solving parametric estimator, with in-sample MSE 0.06876383268921495
Finished solving EBCF, with in-sample MSE 0.028409015697914725
Finished training EB SURE-LS, with SURE: -0.05921151095578088
Finished training EB SURE-LS, with in-sample MSE: 0.014177632122698909
use_scale: True
use_location: False
Finished training EB misspecified with NPMLE init, with SURE: -0.03916553531768798
Finished training EB misspecified with NPMLE init, with in-sample MSE: 0.0689640464541426
Finished training EB misspecified, with SURE: -0.03912370923849586
Finished training EB misspecified, with in-sample MSE: 0.0692575093175064
Finished training EB wellspecified, with SURE: -0.09315461506656446
Finished training EB wellspecified, with in-sample MSE: 0.10015187050134919
m: 360
Finished solving NPMLE, with SURE 0.5451210243433472
Finished solving NPMLE, with in-sample MSE 0.06719664467461611
Finished solving parametric estimator, with SURE -0.0046551271096726965
Finished solving parametric estimator, with in-sample MSE 0.05210382846324885
Finished solving EBCF, with in-sample MSE 0.010342671911731665
Finished training EB SURE-LS, with SURE: -0.08504511758269256
Finished training EB SURE-LS, with in-sample MSE: 0.014348380559203667
use_scale: True
use_location: False
Finished training EB misspecified with NPMLE init, with SURE: -0.02015772608469021
Finished training EB misspecified with NPMLE init, with in-sample MSE: 0.0562354689325438
Finished training EB misspecified, with SURE: -0.020138742527794733
Finished training EB misspecified, with in-sample MSE: 0.056235656338273855
Finished training EB wellspecified, with SURE: -0.1319332902958349
Finished training EB wellspecified, with in-sample MSE: 0.07270708337157286
m: 361
Finished solving NPMLE, with SURE 0.440150365308718
Finished solving NPMLE, with in-sample MSE 0.08374964052746076
Finished solving parametric estimator, with SURE 0.02923759200967524
Finished solving parametric estimator, with in-sample MSE 0.05631313238574195
Finished solving EBCF, with in-sample MSE 0.03203534208579538
Finished training EB SURE-LS, with SURE: -0.02543946386215759
Finished training EB SURE-LS, with in-sample MSE: 0.01695347226556111
use_scale: True
use_location: False
Finished training EB misspecified with NPMLE init, with SURE: 0.02197955053073045
Finished training EB misspecified with NPMLE init, with in-sample MSE: 0.0527153673854466
Finished training EB misspecified, with SURE: 0.02198174626533131
Finished training EB misspecified, with in-sample MSE: 0.05271618615582756
Finished training EB wellspecified, with SURE: -0.031533199886773354
Finished training EB wellspecified, with in-sample MSE: 0.02198158536741852
m: 362
Finished solving NPMLE, with SURE 0.2889013621244422
Finished solving NPMLE, with in-sample MSE 0.07600331287630546
Finished solving parametric estimator, with SURE 0.0005197498191140126
Finished solving parametric estimator, with in-sample MSE 0.051726327363860625
Finished solving EBCF, with in-sample MSE 0.0035648234165840524
Finished training EB SURE-LS, with SURE: -0.08847897350192425
Finished training EB SURE-LS, with in-sample MSE: 0.0028190696910843937
use_scale: True
use_location: False
Finished training EB misspecified with NPMLE init, with SURE: -0.008865709092431473
Finished training EB misspecified with NPMLE init, with in-sample MSE: 0.04925133899551308
Finished training EB misspecified, with SURE: -0.008864897872218976
Finished training EB misspecified, with in-sample MSE: 0.04925121852164897
Finished training EB wellspecified, with SURE: -0.11968415499385458
Finished training EB wellspecified, with in-sample MSE: 0.03806683920147868
m: 363
Finished solving NPMLE, with SURE 0.4527333362453183
Finished solving NPMLE, with in-sample MSE 0.07343643786423006
Finished solving parametric estimator, with SURE 0.09430355656519651
Finished solving parametric estimator, with in-sample MSE 0.05770781720040232
Finished solving EBCF, with in-sample MSE 0.029129797219771596
Finished training EB SURE-LS, with SURE: 0.04862661287568464
Finished training EB SURE-LS, with in-sample MSE: 0.0011099096993829384
use_scale: True
use_location: False
Finished training EB misspecified with NPMLE init, with SURE: 0.08291814194135881
Finished training EB misspecified with NPMLE init, with in-sample MSE: 0.05854992428438922
Finished training EB misspecified, with SURE: 0.08291959973178152
Finished training EB misspecified, with in-sample MSE: 0.05854873963273904
Finished training EB wellspecified, with SURE: -0.006387063034846694
Finished training EB wellspecified, with in-sample MSE: 0.05581930328255438
m: 364
Finished solving NPMLE, with SURE 0.6901881055273558
Finished solving NPMLE, with in-sample MSE 0.09796229407500064
Finished solving parametric estimator, with SURE 0.029237853222293886
Finished solving parametric estimator, with in-sample MSE 0.0641071831384898
Finished solving EBCF, with in-sample MSE 0.012734897592401272
Finished training EB SURE-LS, with SURE: -0.02386875569869173
Finished training EB SURE-LS, with in-sample MSE: 0.0064212790503586845
use_scale: True
use_location: False
Finished training EB misspecified with NPMLE init, with SURE: 0.019059536856325467
Finished training EB misspecified with NPMLE init, with in-sample MSE: 0.05959995001103943
Finished training EB misspecified, with SURE: 0.019059170819597782
Finished training EB misspecified, with in-sample MSE: 0.05960161869034688
Finished training EB wellspecified, with SURE: -0.054803089950459766
Finished training EB wellspecified, with in-sample MSE: 0.061500360880158436
m: 365
Finished solving NPMLE, with SURE 0.6038086105978299
Finished solving NPMLE, with in-sample MSE 0.07330700040753045
Finished solving parametric estimator, with SURE 0.05337562224309933
Finished solving parametric estimator, with in-sample MSE 0.053508761753694394
Finished solving EBCF, with in-sample MSE 0.02310701774817556
Finished training EB SURE-LS, with SURE: 0.0052138244261696045
Finished training EB SURE-LS, with in-sample MSE: 0.002174688094894202
use_scale: True
use_location: False
Finished training EB misspecified with NPMLE init, with SURE: 0.04191864051108212
Finished training EB misspecified with NPMLE init, with in-sample MSE: 0.055417184923848145
Finished training EB misspecified, with SURE: 0.04192221912743769
Finished training EB misspecified, with in-sample MSE: 0.05541109967408028
Finished training EB wellspecified, with SURE: -0.045155290378969974
Finished training EB wellspecified, with in-sample MSE: 0.048900305320748697
m: 366
Finished solving NPMLE, with SURE 0.7195695021105479
Finished solving NPMLE, with in-sample MSE 0.07169030933010388
Finished solving parametric estimator, with SURE 0.10607730119703823
Finished solving parametric estimator, with in-sample MSE 0.05174276253709013
Finished solving EBCF, with in-sample MSE 0.010954680289283762
Finished training EB SURE-LS, with SURE: 0.002953448273884097
Finished training EB SURE-LS, with in-sample MSE: 0.017141921735581867
use_scale: True
use_location: False
Finished training EB misspecified with NPMLE init, with SURE: 0.09194414927040696
Finished training EB misspecified with NPMLE init, with in-sample MSE: 0.05551777950692597
Finished training EB misspecified, with SURE: 0.09194672934030933
Finished training EB misspecified, with in-sample MSE: 0.055505913393955816
Finished training EB wellspecified, with SURE: 0.008333761337568966
Finished training EB wellspecified, with in-sample MSE: 0.01297668814154219
m: 367
Finished solving NPMLE, with SURE 0.48299244087923154
Finished solving NPMLE, with in-sample MSE 0.09842918712707568
Finished solving parametric estimator, with SURE 0.15485603185762664
Finished solving parametric estimator, with in-sample MSE 0.07312592630247887
Finished solving EBCF, with in-sample MSE 0.035659777014466855
Finished training EB SURE-LS, with SURE: 0.054865071983139536
Finished training EB SURE-LS, with in-sample MSE: 0.041126247292177655
use_scale: True
use_location: False
Finished training EB misspecified with NPMLE init, with SURE: 0.12464225518887588
Finished training EB misspecified with NPMLE init, with in-sample MSE: 0.08226627702230468
Finished training EB misspecified, with SURE: 0.12462128440702572
Finished training EB misspecified, with in-sample MSE: 0.08234138795237715
Finished training EB wellspecified, with SURE: -0.014549731387680166
Finished training EB wellspecified, with in-sample MSE: 0.13716996652390862
m: 368
Finished solving NPMLE, with SURE 0.42105544898765435
Finished solving NPMLE, with in-sample MSE 0.06756852247702856
Finished solving parametric estimator, with SURE 0.0903256559617791
Finished solving parametric estimator, with in-sample MSE 0.056704889727400516
Finished solving EBCF, with in-sample MSE 0.014763404418340814
Finished training EB SURE-LS, with SURE: 0.03399349659071488
Finished training EB SURE-LS, with in-sample MSE: 0.0073078948581233195
use_scale: True
use_location: False
Finished training EB misspecified with NPMLE init, with SURE: 0.07461540597053784
Finished training EB misspecified with NPMLE init, with in-sample MSE: 0.07667469686534661
Finished training EB misspecified, with SURE: 0.07467237660562376
Finished training EB misspecified, with in-sample MSE: 0.07669365720116067
Finished training EB wellspecified, with SURE: -0.00405472360115111
Finished training EB wellspecified, with in-sample MSE: 0.07006866808691474
m: 369
Finished solving NPMLE, with SURE 0.36102410309160715
Finished solving NPMLE, with in-sample MSE 0.08301791893768504
Finished solving parametric estimator, with SURE 0.07447367334764426
Finished solving parametric estimator, with in-sample MSE 0.061389230716022425
Finished solving EBCF, with in-sample MSE 0.029292325327011752
Finished training EB SURE-LS, with SURE: 0.02266964236571784
Finished training EB SURE-LS, with in-sample MSE: 0.008739706446145138
use_scale: True
use_location: False
Finished training EB misspecified with NPMLE init, with SURE: 0.06455418052733876
Finished training EB misspecified with NPMLE init, with in-sample MSE: 0.05857215507658054
Finished training EB misspecified, with SURE: 0.06318405699405119
Finished training EB misspecified, with in-sample MSE: 0.06904508105078096
Finished training EB wellspecified, with SURE: -0.05794851190559127
Finished training EB wellspecified, with in-sample MSE: 0.11754540258721402
m: 370
Finished solving NPMLE, with SURE 0.20923864885625654
Finished solving NPMLE, with in-sample MSE 0.08511898332123613
Finished solving parametric estimator, with SURE 0.012080550718273797
Finished solving parametric estimator, with in-sample MSE 0.05966584028160163
Finished solving EBCF, with in-sample MSE 0.012755354094816873
Finished training EB SURE-LS, with SURE: -0.039333222138126005
Finished training EB SURE-LS, with in-sample MSE: 0.003119543609488456
use_scale: True
use_location: False
Finished training EB misspecified with NPMLE init, with SURE: -0.0018873561298440222
Finished training EB misspecified with NPMLE init, with in-sample MSE: 0.05716730206538194
Finished training EB misspecified, with SURE: -0.003903588568503267
Finished training EB misspecified, with in-sample MSE: 0.06910157063583808
Finished training EB wellspecified, with SURE: -0.07661319488628911
Finished training EB wellspecified, with in-sample MSE: 0.08698838163404916
m: 371
Finished solving NPMLE, with SURE 0.8369305254208169
Finished solving NPMLE, with in-sample MSE 0.0939895538366897
Finished solving parametric estimator, with SURE -0.06251527802239931
Finished solving parametric estimator, with in-sample MSE 0.07093068908092598
Finished solving EBCF, with in-sample MSE 0.014030444479036003
Finished training EB SURE-LS, with SURE: -0.10329410221027932
Finished training EB SURE-LS, with in-sample MSE: 0.009524473597589244
use_scale: True
use_location: False
Finished training EB misspecified with NPMLE init, with SURE: -0.0682018729865598
Finished training EB misspecified with NPMLE init, with in-sample MSE: 0.07044586371660565
Finished training EB misspecified, with SURE: -0.06812766826716903
Finished training EB misspecified, with in-sample MSE: 0.07233608911354814
Finished training EB wellspecified, with SURE: -0.13643916846592893
Finished training EB wellspecified, with in-sample MSE: 0.03977488046564257
m: 372
Finished solving NPMLE, with SURE 0.6554920886249889
Finished solving NPMLE, with in-sample MSE 0.09930831007960332
Finished solving parametric estimator, with SURE 0.0008014355266559581
Finished solving parametric estimator, with in-sample MSE 0.06705501674345296
Finished solving EBCF, with in-sample MSE 0.003829026162645139
Finished training EB SURE-LS, with SURE: -0.06166813668594909
Finished training EB SURE-LS, with in-sample MSE: 0.0023714668197370474
use_scale: True
use_location: False
Finished training EB misspecified with NPMLE init, with SURE: -0.006713033354031168
Finished training EB misspecified with NPMLE init, with in-sample MSE: 0.06010094935982151
Finished training EB misspecified, with SURE: -0.006709146043886065
Finished training EB misspecified, with in-sample MSE: 0.060106258853845504
Finished training EB wellspecified, with SURE: -0.07965467201379378
Finished training EB wellspecified, with in-sample MSE: 0.021123886052946576
m: 373
Finished solving NPMLE, with SURE 0.10045277929266355
Finished solving NPMLE, with in-sample MSE 0.11304894608060788
Finished solving parametric estimator, with SURE 0.01627470930749919
Finished solving parametric estimator, with in-sample MSE 0.07686223465943144
Finished solving EBCF, with in-sample MSE 0.06492927032885323
Finished training EB SURE-LS, with SURE: -0.049050939809909745
Finished training EB SURE-LS, with in-sample MSE: 0.06370741847114403
use_scale: True
use_location: False
Finished training EB misspecified with NPMLE init, with SURE: 0.0013849827863779752
Finished training EB misspecified with NPMLE init, with in-sample MSE: 0.10415185560562071
Finished training EB misspecified, with SURE: 0.0013965404953101058
Finished training EB misspecified, with in-sample MSE: 0.10406836240379032
Finished training EB wellspecified, with SURE: -0.0760797977470117
Finished training EB wellspecified, with in-sample MSE: 0.1047443036315919
m: 374
Finished solving NPMLE, with SURE 0.37155684420087437
Finished solving NPMLE, with in-sample MSE 0.09497481747256979
Finished solving parametric estimator, with SURE -0.04690800193003469
Finished solving parametric estimator, with in-sample MSE 0.06991784506820416
Finished solving EBCF, with in-sample MSE 0.02446457654843392
Finished training EB SURE-LS, with SURE: -0.07862917291020358
Finished training EB SURE-LS, with in-sample MSE: 0.01538002279091581
use_scale: True
use_location: False
Finished training EB misspecified with NPMLE init, with SURE: -0.054811740541402754
Finished training EB misspecified with NPMLE init, with in-sample MSE: 0.06519138141296271
Finished training EB misspecified, with SURE: -0.05479978716852557
Finished training EB misspecified, with in-sample MSE: 0.0652036962804281
Finished training EB wellspecified, with SURE: -0.08900294292310644
Finished training EB wellspecified, with in-sample MSE: 0.02868324140665925
m: 375
Finished solving NPMLE, with SURE 0.9376788663100055
Finished solving NPMLE, with in-sample MSE 0.08602176067403264
Finished solving parametric estimator, with SURE 0.09351903212545631
Finished solving parametric estimator, with in-sample MSE 0.05223645990799183
Finished solving EBCF, with in-sample MSE 0.0188896143069748
Finished training EB SURE-LS, with SURE: 0.022493955811293338
Finished training EB SURE-LS, with in-sample MSE: 0.012421824204472498
use_scale: True
use_location: False
Finished training EB misspecified with NPMLE init, with SURE: 0.06311056634442423
Finished training EB misspecified with NPMLE init, with in-sample MSE: 0.08618373408185658
Finished training EB misspecified, with SURE: 0.06312247347292675
Finished training EB misspecified, with in-sample MSE: 0.08622421819478367
Finished training EB wellspecified, with SURE: -0.0068929146162426
Finished training EB wellspecified, with in-sample MSE: 0.05500480499679851
m: 376
Finished solving NPMLE, with SURE 0.8774982873316892
Finished solving NPMLE, with in-sample MSE 0.08991627570316763
Finished solving parametric estimator, with SURE 0.020239506947345887
Finished solving parametric estimator, with in-sample MSE 0.058344283916889485
Finished solving EBCF, with in-sample MSE 0.003178908385010498
Finished training EB SURE-LS, with SURE: -0.06711107494063578
Finished training EB SURE-LS, with in-sample MSE: 0.0033898196605874776
use_scale: True
use_location: False
Finished training EB misspecified with NPMLE init, with SURE: 0.011243137820930187
Finished training EB misspecified with NPMLE init, with in-sample MSE: 0.05811919817988803
Finished training EB misspecified, with SURE: 0.011236461048258378
Finished training EB misspecified, with in-sample MSE: 0.058132245389213265
Finished training EB wellspecified, with SURE: -0.0785341967633448
Finished training EB wellspecified, with in-sample MSE: 0.012627966062176523
m: 377
Finished solving NPMLE, with SURE 0.8175364962137092
Finished solving NPMLE, with in-sample MSE 0.07853641233826514
Finished solving parametric estimator, with SURE 0.052191539338920956
Finished solving parametric estimator, with in-sample MSE 0.06038947089734549
Finished solving EBCF, with in-sample MSE 0.009318561872725426
Finished training EB SURE-LS, with SURE: -0.0025035381138560167
Finished training EB SURE-LS, with in-sample MSE: 0.002954367214640693
use_scale: True
use_location: False
Finished training EB misspecified with NPMLE init, with SURE: 0.04219960653503598
Finished training EB misspecified with NPMLE init, with in-sample MSE: 0.06567098211323287
Finished training EB misspecified, with SURE: 0.04340195868681157
Finished training EB misspecified, with in-sample MSE: 0.06128764117951589
Finished training EB wellspecified, with SURE: -0.07995973002335145
Finished training EB wellspecified, with in-sample MSE: 0.10204816309533181
m: 378
Finished solving NPMLE, with SURE 0.5720164013195155
Finished solving NPMLE, with in-sample MSE 0.08481814412993607
Finished solving parametric estimator, with SURE 0.06665374567261684
Finished solving parametric estimator, with in-sample MSE 0.058962661704937594
Finished solving EBCF, with in-sample MSE 0.034684493483042436
Finished training EB SURE-LS, with SURE: 0.0605582631099179
Finished training EB SURE-LS, with in-sample MSE: 0.056829663576209104
use_scale: True
use_location: False
Finished training EB misspecified with NPMLE init, with SURE: 0.05622343765470952
Finished training EB misspecified with NPMLE init, with in-sample MSE: 0.06101391651737871
Finished training EB misspecified, with SURE: 0.05750386733466357
Finished training EB misspecified, with in-sample MSE: 0.06420802747150779
Finished training EB wellspecified, with SURE: -0.04697380832239951
Finished training EB wellspecified, with in-sample MSE: 0.06977593601844585
m: 379
Finished solving NPMLE, with SURE 0.46892064718172366
Finished solving NPMLE, with in-sample MSE 0.0830595405122667
Finished solving parametric estimator, with SURE 0.049162972345924316
Finished solving parametric estimator, with in-sample MSE 0.05468408642880622
Finished solving EBCF, with in-sample MSE 0.013401569777419983
Finished training EB SURE-LS, with SURE: -0.0033436780346143015
Finished training EB SURE-LS, with in-sample MSE: 0.004378162842568257
use_scale: True
use_location: False
Finished training EB misspecified with NPMLE init, with SURE: 0.03385184265393349
Finished training EB misspecified with NPMLE init, with in-sample MSE: 0.05869863475185846
Finished training EB misspecified, with SURE: 0.03384515360379567
Finished training EB misspecified, with in-sample MSE: 0.05884705304018954
Finished training EB wellspecified, with SURE: -0.05450037299791762
Finished training EB wellspecified, with in-sample MSE: 0.06849147911671967
m: 380
Finished solving NPMLE, with SURE 0.40018443658840014
Finished solving NPMLE, with in-sample MSE 0.0716430344307109
Finished solving parametric estimator, with SURE 0.04506629963703984
Finished solving parametric estimator, with in-sample MSE 0.06499796712990127
Finished solving EBCF, with in-sample MSE 0.011042938266935011
Finished training EB SURE-LS, with SURE: 0.04001943387922434
Finished training EB SURE-LS, with in-sample MSE: 0.06456633463732371
use_scale: True
use_location: False
Finished training EB misspecified with NPMLE init, with SURE: 0.036724370987017356
Finished training EB misspecified with NPMLE init, with in-sample MSE: 0.05945480395788136
Finished training EB misspecified, with SURE: 0.036725974448561016
Finished training EB misspecified, with in-sample MSE: 0.05945661823547575
Finished training EB wellspecified, with SURE: -0.07562401364574411
Finished training EB wellspecified, with in-sample MSE: 0.07582415290166412
m: 381
Finished solving NPMLE, with SURE 0.6020067304169339
Finished solving NPMLE, with in-sample MSE 0.06911679496462234
Finished solving parametric estimator, with SURE 0.09182232069934926
Finished solving parametric estimator, with in-sample MSE 0.06253724919698539
Finished solving EBCF, with in-sample MSE 0.024714057666884785
Finished training EB SURE-LS, with SURE: 0.048703204755380494
Finished training EB SURE-LS, with in-sample MSE: 0.018389914005308903
use_scale: True
use_location: False
Finished training EB misspecified with NPMLE init, with SURE: 0.07747621027232782
Finished training EB misspecified with NPMLE init, with in-sample MSE: 0.06790627482415786
Finished training EB misspecified, with SURE: 0.07747911715109325
Finished training EB misspecified, with in-sample MSE: 0.06790343171253643
Finished training EB wellspecified, with SURE: 0.0032023283059418838
Finished training EB wellspecified, with in-sample MSE: 0.06237492499320471
m: 382
Finished solving NPMLE, with SURE 0.39995074796858665
Finished solving NPMLE, with in-sample MSE 0.08739782113298812
Finished solving parametric estimator, with SURE -0.020662053783085665
Finished solving parametric estimator, with in-sample MSE 0.05925307194804324
Finished solving EBCF, with in-sample MSE 0.0041083606468521
Finished training EB SURE-LS, with SURE: -0.08781996403197649
Finished training EB SURE-LS, with in-sample MSE: 0.002649282073232206
use_scale: True
use_location: False
Finished training EB misspecified with NPMLE init, with SURE: -0.03350731825980468
Finished training EB misspecified with NPMLE init, with in-sample MSE: 0.06053066809484467
Finished training EB misspecified, with SURE: -0.03347779984201012
Finished training EB misspecified, with in-sample MSE: 0.06057108368584245
Finished training EB wellspecified, with SURE: -0.09732464543553933
Finished training EB wellspecified, with in-sample MSE: 0.013552472602292379
m: 383
Finished solving NPMLE, with SURE 0.7270850386263625
Finished solving NPMLE, with in-sample MSE 0.08871551386112123
Finished solving parametric estimator, with SURE 0.007485678044731936
Finished solving parametric estimator, with in-sample MSE 0.05591763982833522
Finished solving EBCF, with in-sample MSE 0.008182443551512932
Finished training EB SURE-LS, with SURE: -0.05129442302874321
Finished training EB SURE-LS, with in-sample MSE: 0.0038669067648280197
use_scale: True
use_location: False
Finished training EB misspecified with NPMLE init, with SURE: -0.028400206175312023
Finished training EB misspecified with NPMLE init, with in-sample MSE: 0.09583022426868645
Finished training EB misspecified, with SURE: 0.0002353607080943476
Finished training EB misspecified, with in-sample MSE: 0.05696286549815646
Finished training EB wellspecified, with SURE: -0.07488667057559224
Finished training EB wellspecified, with in-sample MSE: 0.027503193879547968
m: 384
Finished solving NPMLE, with SURE 0.58179048776984
Finished solving NPMLE, with in-sample MSE 0.06460130298139677
Finished solving parametric estimator, with SURE 0.06264786675601569
Finished solving parametric estimator, with in-sample MSE 0.05187036347690194
Finished solving EBCF, with in-sample MSE 0.01599820176308654
Finished training EB SURE-LS, with SURE: 0.0187268065667359
Finished training EB SURE-LS, with in-sample MSE: 0.0017026850776362726
use_scale: True
use_location: False
Finished training EB misspecified with NPMLE init, with SURE: 0.056168919118510775
Finished training EB misspecified with NPMLE init, with in-sample MSE: 0.05200937649946437
Finished training EB misspecified, with SURE: 0.05617359425973128
Finished training EB misspecified, with in-sample MSE: 0.05200747594587158
Finished training EB wellspecified, with SURE: -0.03642501592617998
Finished training EB wellspecified, with in-sample MSE: 0.07917939529797041
m: 385
Finished solving NPMLE, with SURE 0.5633491316256445
Finished solving NPMLE, with in-sample MSE 0.0694696299455645
Finished solving parametric estimator, with SURE 0.06465954367038212
Finished solving parametric estimator, with in-sample MSE 0.04758755335137264
Finished solving EBCF, with in-sample MSE 0.0193897260584144
Finished training EB SURE-LS, with SURE: -0.05787842753465192
Finished training EB SURE-LS, with in-sample MSE: 0.015682659963384006
use_scale: True
use_location: False
Finished training EB misspecified with NPMLE init, with SURE: 0.05142707077209032
Finished training EB misspecified with NPMLE init, with in-sample MSE: 0.051248664165940025
Finished training EB misspecified, with SURE: 0.05141396094723667
Finished training EB misspecified, with in-sample MSE: 0.05124356027433047
Finished training EB wellspecified, with SURE: -0.08684060660739545
Finished training EB wellspecified, with in-sample MSE: 0.038520782139442364
m: 386
Finished solving NPMLE, with SURE 1.0945338126406545
Finished solving NPMLE, with in-sample MSE 0.08668249677939018
Finished solving parametric estimator, with SURE 0.1239771334233018
Finished solving parametric estimator, with in-sample MSE 0.06362678306847315
Finished solving EBCF, with in-sample MSE 0.06909861723469304
Finished training EB SURE-LS, with SURE: 0.02976462080457284
Finished training EB SURE-LS, with in-sample MSE: 0.01943166293540041
use_scale: True
use_location: False
Finished training EB misspecified with NPMLE init, with SURE: 0.09308223938347965
Finished training EB misspecified with NPMLE init, with in-sample MSE: 0.10128800946040752
Finished training EB misspecified, with SURE: 0.09309989978882328
Finished training EB misspecified, with in-sample MSE: 0.10122982409454888
Finished training EB wellspecified, with SURE: -0.011518511316048254
Finished training EB wellspecified, with in-sample MSE: 0.10503663206779884
m: 387
Finished solving NPMLE, with SURE 0.4591112154212454
Finished solving NPMLE, with in-sample MSE 0.10911330861787408
Finished solving parametric estimator, with SURE 0.05976144510411857
Finished solving parametric estimator, with in-sample MSE 0.06858000303370156
Finished solving EBCF, with in-sample MSE 0.02239232003664324
Finished training EB SURE-LS, with SURE: 0.0014875489665080789
Finished training EB SURE-LS, with in-sample MSE: 0.008725025807594851
use_scale: True
use_location: False
Finished training EB misspecified with NPMLE init, with SURE: 0.04881108339640733
Finished training EB misspecified with NPMLE init, with in-sample MSE: 0.06183790545700521
Finished training EB misspecified, with SURE: 0.048811294131501204
Finished training EB misspecified, with in-sample MSE: 0.06183935262294797
Finished training EB wellspecified, with SURE: -0.04483212126509198
Finished training EB wellspecified, with in-sample MSE: 0.04788591857423813
m: 388
Finished solving NPMLE, with SURE 0.39763942067390656
Finished solving NPMLE, with in-sample MSE 0.07315593074834434
Finished solving parametric estimator, with SURE 0.07668254802093166
Finished solving parametric estimator, with in-sample MSE 0.054459393410854526
Finished solving EBCF, with in-sample MSE 0.023240039477048714
Finished training EB SURE-LS, with SURE: 0.027869583741866936
Finished training EB SURE-LS, with in-sample MSE: 0.010428974950697847
use_scale: True
use_location: False
Finished training EB misspecified with NPMLE init, with SURE: 0.06444532632293828
Finished training EB misspecified with NPMLE init, with in-sample MSE: 0.057593449038367044
Finished training EB misspecified, with SURE: 0.06445401991796913
Finished training EB misspecified, with in-sample MSE: 0.057593670780204234
Finished training EB wellspecified, with SURE: -0.015705578244930053
Finished training EB wellspecified, with in-sample MSE: 0.05852486954189744
m: 389
Finished solving NPMLE, with SURE 0.5970532759794484
Finished solving NPMLE, with in-sample MSE 0.05901057381619713
Finished solving parametric estimator, with SURE 0.015442047336058307
Finished solving parametric estimator, with in-sample MSE 0.05395715763671614
Finished solving EBCF, with in-sample MSE 0.010596081887671785
Finished training EB SURE-LS, with SURE: -0.06515091081755904
Finished training EB SURE-LS, with in-sample MSE: 0.008130762044816563
use_scale: True
use_location: False
Finished training EB misspecified with NPMLE init, with SURE: 0.004542434421150859
Finished training EB misspecified with NPMLE init, with in-sample MSE: 0.059662346214436654
Finished training EB misspecified, with SURE: 0.004552151519620224
Finished training EB misspecified, with in-sample MSE: 0.05966212146082023
Finished training EB wellspecified, with SURE: -0.10739049283203915
Finished training EB wellspecified, with in-sample MSE: 0.07384256599078254
m: 390
Finished solving NPMLE, with SURE 0.40757579332864097
Finished solving NPMLE, with in-sample MSE 0.07151334599243958
Finished solving parametric estimator, with SURE 0.12560656098683304
Finished solving parametric estimator, with in-sample MSE 0.07120556971745196
Finished solving EBCF, with in-sample MSE 0.04767089228572623
Finished training EB SURE-LS, with SURE: 0.08686285082851906
Finished training EB SURE-LS, with in-sample MSE: 0.022961195977018685
use_scale: True
use_location: False
Finished training EB misspecified with NPMLE init, with SURE: 0.11037158050592695
Finished training EB misspecified with NPMLE init, with in-sample MSE: 0.0896779097243933
Finished training EB misspecified, with SURE: 0.11039038951492543
Finished training EB misspecified, with in-sample MSE: 0.0897024238112655
Finished training EB wellspecified, with SURE: 0.003193538814045951
Finished training EB wellspecified, with in-sample MSE: 0.1377098850548346
m: 391
Finished solving NPMLE, with SURE 0.600904215703697
Finished solving NPMLE, with in-sample MSE 0.06346852863555962
Finished solving parametric estimator, with SURE 0.07588002940852545
Finished solving parametric estimator, with in-sample MSE 0.057852715967596724
Finished solving EBCF, with in-sample MSE 0.024792839267854458
Finished training EB SURE-LS, with SURE: 0.026261500206336746
Finished training EB SURE-LS, with in-sample MSE: 0.011176552881689013
use_scale: True
use_location: False
Finished training EB misspecified with NPMLE init, with SURE: 0.066778264524797
Finished training EB misspecified with NPMLE init, with in-sample MSE: 0.06697132002179247
Finished training EB misspecified, with SURE: 0.06681049174942764
Finished training EB misspecified, with in-sample MSE: 0.06693158529787663
Finished training EB wellspecified, with SURE: -0.006815389762823867
Finished training EB wellspecified, with in-sample MSE: 0.05472711605453604
m: 392
Finished solving NPMLE, with SURE 0.8810277884624143
Finished solving NPMLE, with in-sample MSE 0.07511366408097621
Finished solving parametric estimator, with SURE -0.0038929292469992993
Finished solving parametric estimator, with in-sample MSE 0.05664654878371363
Finished solving EBCF, with in-sample MSE 0.005617290837034475
Finished training EB SURE-LS, with SURE: -0.0890590522941
Finished training EB SURE-LS, with in-sample MSE: 0.0023328639048385185
use_scale: True
use_location: False
Finished training EB misspecified with NPMLE init, with SURE: -0.011270482258817154
Finished training EB misspecified with NPMLE init, with in-sample MSE: 0.056568164771368175
Finished training EB misspecified, with SURE: -0.009885378005293717
Finished training EB misspecified, with in-sample MSE: 0.05613853386641795
Finished training EB wellspecified, with SURE: -0.1093546409006474
Finished training EB wellspecified, with in-sample MSE: 0.02457987810951527
m: 393
Finished solving NPMLE, with SURE 0.9024770837309809
Finished solving NPMLE, with in-sample MSE 0.0677074122647762
Finished solving parametric estimator, with SURE 0.08484435756395231
Finished solving parametric estimator, with in-sample MSE 0.0523255319486881
Finished solving EBCF, with in-sample MSE 0.025034153411091387
Finished training EB SURE-LS, with SURE: -0.016307700311729185
Finished training EB SURE-LS, with in-sample MSE: 0.012598797555130043
use_scale: True
use_location: False
Finished training EB misspecified with NPMLE init, with SURE: 0.07272737644580701
Finished training EB misspecified with NPMLE init, with in-sample MSE: 0.057417663845184326
Finished training EB misspecified, with SURE: 0.07271811850938185
Finished training EB misspecified, with in-sample MSE: 0.057464855665479604
Finished training EB wellspecified, with SURE: -0.057636974380122385
Finished training EB wellspecified, with in-sample MSE: 0.06030500588726112
m: 394
Finished solving NPMLE, with SURE 0.9197241392904641
Finished solving NPMLE, with in-sample MSE 0.11319576403964027
Finished solving parametric estimator, with SURE 0.06227085710963498
Finished solving parametric estimator, with in-sample MSE 0.05641080840348259
Finished solving EBCF, with in-sample MSE 0.025911462277236147
Finished training EB SURE-LS, with SURE: -0.023816414013041864
Finished training EB SURE-LS, with in-sample MSE: 0.0030433312280360014
use_scale: True
use_location: False
Finished training EB misspecified with NPMLE init, with SURE: 0.026442144842637277
Finished training EB misspecified with NPMLE init, with in-sample MSE: 0.11443162399303047
Finished training EB misspecified, with SURE: 0.02950396962915299
Finished training EB misspecified, with in-sample MSE: 0.11528109285595618
Finished training EB wellspecified, with SURE: -0.11095824717344342
Finished training EB wellspecified, with in-sample MSE: 0.08913117778924645
m: 395
Finished solving NPMLE, with SURE 0.4911169496807456
Finished solving NPMLE, with in-sample MSE 0.07745781173190949
Finished solving parametric estimator, with SURE 0.07974838279960206
Finished solving parametric estimator, with in-sample MSE 0.05979087696586235
Finished solving EBCF, with in-sample MSE 0.02767429607972251
Finished training EB SURE-LS, with SURE: 0.02124952901792437
Finished training EB SURE-LS, with in-sample MSE: 0.020500298702097373
use_scale: True
use_location: False
Finished training EB misspecified with NPMLE init, with SURE: 0.07148802658118954
Finished training EB misspecified with NPMLE init, with in-sample MSE: 0.05636111700816679
Finished training EB misspecified, with SURE: 0.07156589710167637
Finished training EB misspecified, with in-sample MSE: 0.05646045190853828
Finished training EB wellspecified, with SURE: -0.03710885947509284
Finished training EB wellspecified, with in-sample MSE: 0.11481224910388135
m: 396
Finished solving NPMLE, with SURE 0.6155689125833028
Finished solving NPMLE, with in-sample MSE 0.08156358172628743
Finished solving parametric estimator, with SURE 0.05081094915467643
Finished solving parametric estimator, with in-sample MSE 0.0565150382840973
Finished solving EBCF, with in-sample MSE 0.020846073980877605
Finished training EB SURE-LS, with SURE: -0.020802459109870376
Finished training EB SURE-LS, with in-sample MSE: 0.0046093029320613136
use_scale: True
use_location: False
Finished training EB misspecified with NPMLE init, with SURE: 0.04442654872071216
Finished training EB misspecified with NPMLE init, with in-sample MSE: 0.05488813327791751
Finished training EB misspecified, with SURE: 0.044426009633827236
Finished training EB misspecified, with in-sample MSE: 0.0548867193313489
Finished training EB wellspecified, with SURE: -0.03723273352738211
Finished training EB wellspecified, with in-sample MSE: 0.021776606328479078
m: 397
Finished solving NPMLE, with SURE 0.47943553164553376
Finished solving NPMLE, with in-sample MSE 0.08979537147616902
Finished solving parametric estimator, with SURE 0.038256393109821984
Finished solving parametric estimator, with in-sample MSE 0.056528347998663554
Finished solving EBCF, with in-sample MSE 0.007851074765091755
Finished training EB SURE-LS, with SURE: -0.04993860293908641
Finished training EB SURE-LS, with in-sample MSE: 0.009537031264851953
use_scale: True
use_location: False
Finished training EB misspecified with NPMLE init, with SURE: 0.02168414373953972
Finished training EB misspecified with NPMLE init, with in-sample MSE: 0.06981633060604946
Finished training EB misspecified, with SURE: 0.021751598828545795
Finished training EB misspecified, with in-sample MSE: 0.06981971289569816
Finished training EB wellspecified, with SURE: -0.06252278555553421
Finished training EB wellspecified, with in-sample MSE: 0.018851108134429397
m: 398
Finished solving NPMLE, with SURE 0.4620935846624942
Finished solving NPMLE, with in-sample MSE 0.09403232202029345
Finished solving parametric estimator, with SURE -0.035569415131478876
Finished solving parametric estimator, with in-sample MSE 0.0678956142027796
Finished solving EBCF, with in-sample MSE 0.018745292582607393
Finished training EB SURE-LS, with SURE: -0.08756669876678448
Finished training EB SURE-LS, with in-sample MSE: 0.007430232640358101
use_scale: True
use_location: False
Finished training EB misspecified with NPMLE init, with SURE: -0.044567322216972655
Finished training EB misspecified with NPMLE init, with in-sample MSE: 0.061214688066709294
Finished training EB misspecified, with SURE: -0.044565209852380716
Finished training EB misspecified, with in-sample MSE: 0.06121652711772211
Finished training EB wellspecified, with SURE: -0.14712418458157003
Finished training EB wellspecified, with in-sample MSE: 0.0725831462656571
m: 399
Finished solving NPMLE, with SURE 0.7280791166588847
Finished solving NPMLE, with in-sample MSE 0.08891249577032001
Finished solving parametric estimator, with SURE 0.06724915357245004
Finished solving parametric estimator, with in-sample MSE 0.05505213030953257
Finished solving EBCF, with in-sample MSE 0.017693072530222592
Finished training EB SURE-LS, with SURE: -0.0015024609827909141
Finished training EB SURE-LS, with in-sample MSE: 0.0014031465611386482
use_scale: True
use_location: False
Finished training EB misspecified with NPMLE init, with SURE: 0.05552503547291252
Finished training EB misspecified with NPMLE init, with in-sample MSE: 0.05868483378573405
Finished training EB misspecified, with SURE: 0.055544631944988584
Finished training EB misspecified, with in-sample MSE: 0.058631469697258964
Finished training EB wellspecified, with SURE: -0.09952272937893435
Finished training EB wellspecified, with in-sample MSE: 0.11004921460447768
submitit INFO (2026-08-24 20:05:10,681) - Job completed successfully
submitit INFO (2026-08-24 20:05:10,700) - Exiting after successful completion
