submitit WARNING (2026-05-28 22:00:10,005) - Caught signal SIGUSR2 on j001-ds: this job is timed-out.
submitit WARNING (2026-05-28 22:00:10,005) - Bypassing signal SIGCONT
submitit ERROR (2026-05-28 22:00:10,095) - Submitted job triggered an exception
Traceback (most recent call last):
  File "/home/amberlee0516/miniconda3/envs/nn_env/lib/python3.9/runpy.py", line 197, in _run_module_as_main
    return _run_code(code, main_globals, None,
  File "/home/amberlee0516/miniconda3/envs/nn_env/lib/python3.9/runpy.py", line 87, in _run_code
    exec(code, run_globals)
  File "/home/amberlee0516/miniconda3/envs/nn_env/lib/python3.9/site-packages/submitit/core/_submit.py", line 11, in <module>
    submitit_main()
  File "/home/amberlee0516/miniconda3/envs/nn_env/lib/python3.9/site-packages/submitit/core/submission.py", line 76, in submitit_main
    process_job(args.folder)
  File "/home/amberlee0516/miniconda3/envs/nn_env/lib/python3.9/site-packages/submitit/core/submission.py", line 69, in process_job
    raise error
  File "/home/amberlee0516/miniconda3/envs/nn_env/lib/python3.9/site-packages/submitit/core/submission.py", line 55, in process_job
    result = delayed.result()
  File "/home/amberlee0516/miniconda3/envs/nn_env/lib/python3.9/site-packages/submitit/core/utils.py", line 137, in result
    self._result = self.function(*self.args, **self.kwargs)
  File "/home/amberlee0516/score-matching-empirical-bayes/submitit_optimization_checks.py", line 12, in save_mse_df
  File "/home/amberlee0516/score-matching-empirical-bayes/optimization_checks.py", line 139, in make_df
    mse_sure_results.append(simulate_location_scale_with_seed(random_seed=m,
  File "/home/amberlee0516/score-matching-empirical-bayes/optimization_checks.py", line 71, in simulate_location_scale_with_seed
    result_NPMLEinit = train.train_no_covariates(n, B, Z, theta, X, opt_objective = 'both', init_val_pi = tr.log(pi_hat_NPMLE),
  File "/home/amberlee0516/score-matching-empirical-bayes/train.py", line 85, in train_no_covariates
    optimizer.step()
  File "/home/amberlee0516/miniconda3/envs/nn_env/lib/python3.9/site-packages/torch/optim/optimizer.py", line 484, in wrapper
    out = func(*args, **kwargs)
  File "/home/amberlee0516/miniconda3/envs/nn_env/lib/python3.9/site-packages/torch/optim/optimizer.py", line 89, in _use_grad
    ret = func(self, *args, **kwargs)
  File "/home/amberlee0516/miniconda3/envs/nn_env/lib/python3.9/site-packages/torch/optim/adam.py", line 226, in step
    adam(
  File "/home/amberlee0516/miniconda3/envs/nn_env/lib/python3.9/site-packages/torch/optim/optimizer.py", line 161, in maybe_fallback
    return func(*args, **kwargs)
  File "/home/amberlee0516/miniconda3/envs/nn_env/lib/python3.9/site-packages/torch/optim/adam.py", line 766, in adam
    func(
  File "/home/amberlee0516/miniconda3/envs/nn_env/lib/python3.9/site-packages/torch/optim/adam.py", line 536, in _multi_tensor_adam
    torch._foreach_mul_(device_exp_avg_sqs, beta2)
  File "/home/amberlee0516/miniconda3/envs/nn_env/lib/python3.9/site-packages/submitit/core/job_environment.py", line 226, in checkpoint_and_try_requeue
    raise utils.UncompletedJobError(message)
submitit.core.utils.UncompletedJobError: Job not requeued because: timed-out and not checkpointable.
srun: error: j001-ds: task 0: Exited with exit code 1
