submitit INFO (2026-08-24 18:55:01,751) - Starting with JobEnvironment(job_id=1484552, hostname=h002, local_rank=0(1), node=0(1), global_rank=0(1))
submitit INFO (2026-08-24 18:55:01,751) - Loading pickle: /home/amberlee0516/score-matching-empirical-bayes/submitit_log/1484552/1484552_submitted.pkl
simulate_data.py: device = cuda:0

n: 100
m: 450
Finished solving NPMLE, with SURE 0.8443740148690705
Finished solving NPMLE, with in-sample MSE 0.10415560206501481
Finished solving parametric estimator, with SURE 0.035527437443218735
Finished solving parametric estimator, with in-sample MSE 0.0601560303915441
Finished solving EBCF, with in-sample MSE 0.02040512914936381
Finished training EB SURE-LS, with SURE: -0.046073544529645634
Finished training EB SURE-LS, with in-sample MSE: 0.005091452139289695
use_scale: True
use_location: False
Finished training EB misspecified with NPMLE init, with SURE: 0.021266181136807633
Finished training EB misspecified with NPMLE init, with in-sample MSE: 0.05202862854610902
Finished training EB misspecified, with SURE: 0.021270209816554343
Finished training EB misspecified, with in-sample MSE: 0.052030935806650476
Finished training EB wellspecified, with SURE: -0.09647393806012793
Finished training EB wellspecified, with in-sample MSE: 0.05045778750895847
m: 451
Finished solving NPMLE, with SURE 0.38571590709453113
Finished solving NPMLE, with in-sample MSE 0.10266058499970931
Finished solving parametric estimator, with SURE 0.14721592629325286
Finished solving parametric estimator, with in-sample MSE 0.0793536413519288
Finished solving EBCF, with in-sample MSE 0.0898156909812923
Finished training EB SURE-LS, with SURE: -0.013699915786509016
Finished training EB SURE-LS, with in-sample MSE: 0.12329073867420405
use_scale: True
use_location: False
Finished training EB misspecified with NPMLE init, with SURE: 0.11543873929993019
Finished training EB misspecified with NPMLE init, with in-sample MSE: 0.15177031016949571
Finished training EB misspecified, with SURE: 0.11545342066661839
Finished training EB misspecified, with in-sample MSE: 0.15171967533384526
Finished training EB wellspecified, with SURE: -0.0943252068049002
Finished training EB wellspecified, with in-sample MSE: 0.2580515747032554
m: 452
Finished solving NPMLE, with SURE 0.2619911764481104
Finished solving NPMLE, with in-sample MSE 0.10248181568123307
Finished solving parametric estimator, with SURE -0.00849965840820388
Finished solving parametric estimator, with in-sample MSE 0.0711304972584283
Finished solving EBCF, with in-sample MSE 0.018764448733707147
Finished training EB SURE-LS, with SURE: -0.07943821468521914
Finished training EB SURE-LS, with in-sample MSE: 0.005082035324720152
use_scale: True
use_location: False
Finished training EB misspecified with NPMLE init, with SURE: -0.02016458556883052
Finished training EB misspecified with NPMLE init, with in-sample MSE: 0.06606122138267558
Finished training EB misspecified, with SURE: -0.020160130437897765
Finished training EB misspecified, with in-sample MSE: 0.06607306961014438
Finished training EB wellspecified, with SURE: -0.1893019221729871
Finished training EB wellspecified, with in-sample MSE: 0.1360980046033782
m: 453
Finished solving NPMLE, with SURE 0.294463983199022
Finished solving NPMLE, with in-sample MSE 0.06860046525302259
Finished solving parametric estimator, with SURE 0.012120592118029572
Finished solving parametric estimator, with in-sample MSE 0.05635650857406342
Finished solving EBCF, with in-sample MSE 0.02453843472086959
Finished training EB SURE-LS, with SURE: -0.04527963368360478
Finished training EB SURE-LS, with in-sample MSE: 0.020212236412655953
use_scale: True
use_location: False
Finished training EB misspecified with NPMLE init, with SURE: -0.0004306667920147334
Finished training EB misspecified with NPMLE init, with in-sample MSE: 0.055510613587731905
Finished training EB misspecified, with SURE: -0.0004288720247116373
Finished training EB misspecified, with in-sample MSE: 0.055510368987299746
Finished training EB wellspecified, with SURE: -0.07518400141597349
Finished training EB wellspecified, with in-sample MSE: 0.058700824792579424
m: 454
Finished solving NPMLE, with SURE 0.17423984339231965
Finished solving NPMLE, with in-sample MSE 0.1675514204645011
Finished solving parametric estimator, with SURE 0.1290260752400883
Finished solving parametric estimator, with in-sample MSE 0.06779868565013887
Finished solving EBCF, with in-sample MSE 0.1045295763254922
Finished training EB SURE-LS, with SURE: 0.05612863885234432
Finished training EB SURE-LS, with in-sample MSE: 0.015218934779877447
use_scale: True
use_location: False
Finished training EB misspecified with NPMLE init, with SURE: 0.0348079986740715
Finished training EB misspecified with NPMLE init, with in-sample MSE: 0.19081376842423686
Finished training EB misspecified, with SURE: 0.034417115660904614
Finished training EB misspecified, with in-sample MSE: 0.19199030887818935
Finished training EB wellspecified, with SURE: -0.13435982898147827
Finished training EB wellspecified, with in-sample MSE: 0.2250663765650958
m: 455
Finished solving NPMLE, with SURE 0.2115665217686991
Finished solving NPMLE, with in-sample MSE 0.10279018948987513
Finished solving parametric estimator, with SURE 0.0718292953637295
Finished solving parametric estimator, with in-sample MSE 0.055167748188762286
Finished solving EBCF, with in-sample MSE 0.05358130205134389
Finished training EB SURE-LS, with SURE: 0.03190082513706317
Finished training EB SURE-LS, with in-sample MSE: 0.006331253511368028
use_scale: True
use_location: False
Finished training EB misspecified with NPMLE init, with SURE: 0.028412438052002997
Finished training EB misspecified with NPMLE init, with in-sample MSE: 0.11884115262566114
Finished training EB misspecified, with SURE: 0.02848161298257146
Finished training EB misspecified, with in-sample MSE: 0.11890096398026138
Finished training EB wellspecified, with SURE: -0.13752048718397666
Finished training EB wellspecified, with in-sample MSE: 0.2547081333568509
m: 456
Finished solving NPMLE, with SURE 0.6164722162789246
Finished solving NPMLE, with in-sample MSE 0.07948990688715767
Finished solving parametric estimator, with SURE 0.17368591872329703
Finished solving parametric estimator, with in-sample MSE 0.07087836459848547
Finished solving EBCF, with in-sample MSE 0.0866555830794846
Finished training EB SURE-LS, with SURE: 0.049471518179119926
Finished training EB SURE-LS, with in-sample MSE: 0.09598154408568271
use_scale: True
use_location: False
Finished training EB misspecified with NPMLE init, with SURE: 0.14537153964730706
Finished training EB misspecified with NPMLE init, with in-sample MSE: 0.08613042281162936
Finished training EB misspecified, with SURE: 0.14539207253456168
Finished training EB misspecified, with in-sample MSE: 0.08621675493328665
Finished training EB wellspecified, with SURE: -0.12107541893079432
Finished training EB wellspecified, with in-sample MSE: 0.34032802839216975
m: 457
Finished solving NPMLE, with SURE 0.6094544487305807
Finished solving NPMLE, with in-sample MSE 0.06631708694079332
Finished solving parametric estimator, with SURE 0.06071426009025205
Finished solving parametric estimator, with in-sample MSE 0.06166961589562108
Finished solving EBCF, with in-sample MSE 0.0675575785583439
Finished training EB SURE-LS, with SURE: 0.00020577222008429707
Finished training EB SURE-LS, with in-sample MSE: 0.011570233988196335
use_scale: True
use_location: False
Finished training EB misspecified with NPMLE init, with SURE: 0.04082131048295594
Finished training EB misspecified with NPMLE init, with in-sample MSE: 0.07362976525055508
Finished training EB misspecified, with SURE: 0.04084261432173158
Finished training EB misspecified, with in-sample MSE: 0.07366806653762988
Finished training EB wellspecified, with SURE: -0.0812129151705312
Finished training EB wellspecified, with in-sample MSE: 0.1277680806939344
m: 458
Finished solving NPMLE, with SURE 0.3410896582930198
Finished solving NPMLE, with in-sample MSE 0.09725942369726026
Finished solving parametric estimator, with SURE -0.05660677091114941
Finished solving parametric estimator, with in-sample MSE 0.06422759834797981
Finished solving EBCF, with in-sample MSE 0.02719629626232381
Finished training EB SURE-LS, with SURE: -0.09937007922884389
Finished training EB SURE-LS, with in-sample MSE: 0.012339769380323511
use_scale: True
use_location: False
Finished training EB misspecified with NPMLE init, with SURE: -0.07149271008250636
Finished training EB misspecified with NPMLE init, with in-sample MSE: 0.06693383468392496
Finished training EB misspecified, with SURE: -0.06927861270474296
Finished training EB misspecified, with in-sample MSE: 0.06278606140619339
Finished training EB wellspecified, with SURE: -0.07145776681939958
Finished training EB wellspecified, with in-sample MSE: 0.06699001224691378
m: 459
Finished solving NPMLE, with SURE 0.3732299339080399
Finished solving NPMLE, with in-sample MSE 0.10451117298786153
Finished solving parametric estimator, with SURE -0.005318571210676526
Finished solving parametric estimator, with in-sample MSE 0.07067977868310416
Finished solving EBCF, with in-sample MSE 0.03346716670473466
Finished training EB SURE-LS, with SURE: -0.0651412537815362
Finished training EB SURE-LS, with in-sample MSE: 0.008200906869580834
use_scale: True
use_location: False
Finished training EB misspecified with NPMLE init, with SURE: -0.01688916216201733
Finished training EB misspecified with NPMLE init, with in-sample MSE: 0.06586229503190266
Finished training EB misspecified, with SURE: -0.016888277918444956
Finished training EB misspecified, with in-sample MSE: 0.06586315516556217
Finished training EB wellspecified, with SURE: -0.11782364802381189
Finished training EB wellspecified, with in-sample MSE: 0.06439263407528226
m: 460
Finished solving NPMLE, with SURE 0.27200431161085686
Finished solving NPMLE, with in-sample MSE 0.12299472195630157
Finished solving parametric estimator, with SURE -0.012983633743615552
Finished solving parametric estimator, with in-sample MSE 0.07479330182683494
Finished solving EBCF, with in-sample MSE 0.025917819034800338
Finished training EB SURE-LS, with SURE: -0.1257386870309721
Finished training EB SURE-LS, with in-sample MSE: 0.014037994969828412
use_scale: True
use_location: False
Finished training EB misspecified with NPMLE init, with SURE: -0.024091102902402496
Finished training EB misspecified with NPMLE init, with in-sample MSE: 0.07414963350919405
Finished training EB misspecified, with SURE: -0.02408707317564364
Finished training EB misspecified, with in-sample MSE: 0.07419674040195161
Finished training EB wellspecified, with SURE: -0.14943371217954837
Finished training EB wellspecified, with in-sample MSE: 0.03440540629063004
m: 461
Finished solving NPMLE, with SURE 0.9069729662455616
Finished solving NPMLE, with in-sample MSE 0.1142995212939967
Finished solving parametric estimator, with SURE 0.11048115130604014
Finished solving parametric estimator, with in-sample MSE 0.05575002022116144
Finished solving EBCF, with in-sample MSE 0.026898471131834235
Finished training EB SURE-LS, with SURE: -0.00375946498250352
Finished training EB SURE-LS, with in-sample MSE: 0.012095085229262616
use_scale: True
use_location: False
Finished training EB misspecified with NPMLE init, with SURE: 0.056830420774397226
Finished training EB misspecified with NPMLE init, with in-sample MSE: 0.13522322537671638
Finished training EB misspecified, with SURE: 0.05683189382242446
Finished training EB misspecified, with in-sample MSE: 0.13528379549992875
Finished training EB wellspecified, with SURE: -0.09610909842898199
Finished training EB wellspecified, with in-sample MSE: 0.1531403297711215
m: 462
Finished solving NPMLE, with SURE 0.9528530122866702
Finished solving NPMLE, with in-sample MSE 0.07637923749753854
Finished solving parametric estimator, with SURE 0.0731309244265802
Finished solving parametric estimator, with in-sample MSE 0.06685145737243825
Finished solving EBCF, with in-sample MSE 0.09097754537059088
Finished training EB SURE-LS, with SURE: -0.04929847635838476
Finished training EB SURE-LS, with in-sample MSE: 0.05399707176736326
use_scale: True
use_location: False
Finished training EB misspecified with NPMLE init, with SURE: 0.026179961249788945
Finished training EB misspecified with NPMLE init, with in-sample MSE: 0.1434207070582621
Finished training EB misspecified, with SURE: 0.029045355096122306
Finished training EB misspecified, with in-sample MSE: 0.12334602847754621
Finished training EB wellspecified, with SURE: -0.13384556255370178
Finished training EB wellspecified, with in-sample MSE: 0.14364533428651866
m: 463
Finished solving NPMLE, with SURE 0.6630902222078825
Finished solving NPMLE, with in-sample MSE 0.06292355332809967
Finished solving parametric estimator, with SURE -0.1258186054929208
Finished solving parametric estimator, with in-sample MSE 0.0690030625701282
Finished solving EBCF, with in-sample MSE 0.017032941583455582
Finished training EB SURE-LS, with SURE: -0.1769619629554771
Finished training EB SURE-LS, with in-sample MSE: 0.00801162980495175
use_scale: True
use_location: False
Finished training EB misspecified with NPMLE init, with SURE: -0.13775360014366306
Finished training EB misspecified with NPMLE init, with in-sample MSE: 0.06900186003104576
Finished training EB misspecified, with SURE: -0.1377530713100318
Finished training EB misspecified, with in-sample MSE: 0.06900133551260453
Finished training EB wellspecified, with SURE: -0.17747040109781725
Finished training EB wellspecified, with in-sample MSE: 0.009615633136055004
m: 464
Finished solving NPMLE, with SURE 0.5486575111839476
Finished solving NPMLE, with in-sample MSE 0.07673077976001001
Finished solving parametric estimator, with SURE 0.008913421369725893
Finished solving parametric estimator, with in-sample MSE 0.05889018298507131
Finished solving EBCF, with in-sample MSE 0.03337581684677016
Finished training EB SURE-LS, with SURE: -0.11818834960944324
Finished training EB SURE-LS, with in-sample MSE: 0.02755250987144758
use_scale: True
use_location: False
Finished training EB misspecified with NPMLE init, with SURE: -0.0372783008823388
Finished training EB misspecified with NPMLE init, with in-sample MSE: 0.10579905476758532
Finished training EB misspecified, with SURE: -0.03726794163969487
Finished training EB misspecified, with in-sample MSE: 0.10581387873997933
Finished training EB wellspecified, with SURE: -0.17206830628464417
Finished training EB wellspecified, with in-sample MSE: 0.09026644514807482
m: 465
Finished solving NPMLE, with SURE 0.683523594052277
Finished solving NPMLE, with in-sample MSE 0.059170677188855575
Finished solving parametric estimator, with SURE -0.03609843591605455
Finished solving parametric estimator, with in-sample MSE 0.05243413817774501
Finished solving EBCF, with in-sample MSE 0.0455284141214227
Finished training EB SURE-LS, with SURE: -0.08522447681711193
Finished training EB SURE-LS, with in-sample MSE: 0.0018024312705219728
use_scale: True
use_location: False
Finished training EB misspecified with NPMLE init, with SURE: -0.05151753474899195
Finished training EB misspecified with NPMLE init, with in-sample MSE: 0.050552651354707656
Finished training EB misspecified, with SURE: -0.05149139298630736
Finished training EB misspecified, with in-sample MSE: 0.05055936415247795
Finished training EB wellspecified, with SURE: -0.14745800489357666
Finished training EB wellspecified, with in-sample MSE: 0.06832058254106052
m: 466
Finished solving NPMLE, with SURE 0.6745417385977881
Finished solving NPMLE, with in-sample MSE 0.1395651284213366
Finished solving parametric estimator, with SURE -0.0207914138102393
Finished solving parametric estimator, with in-sample MSE 0.07777388043120624
Finished solving EBCF, with in-sample MSE 0.04061157493108787
Finished training EB SURE-LS, with SURE: -0.08276756578560195
Finished training EB SURE-LS, with in-sample MSE: 0.018204518614345206
use_scale: True
use_location: False
Finished training EB misspecified with NPMLE init, with SURE: -0.03329618027846792
Finished training EB misspecified with NPMLE init, with in-sample MSE: 0.07399142769015349
Finished training EB misspecified, with SURE: -0.033180242668137794
Finished training EB misspecified, with in-sample MSE: 0.07723074250250757
Finished training EB wellspecified, with SURE: -0.11731024945495067
Finished training EB wellspecified, with in-sample MSE: 0.04545945928896055
m: 467
Finished solving NPMLE, with SURE 0.16894720562495658
Finished solving NPMLE, with in-sample MSE 0.10230283095497232
Finished solving parametric estimator, with SURE 0.014175944860840006
Finished solving parametric estimator, with in-sample MSE 0.07896145217034779
Finished solving EBCF, with in-sample MSE 0.09340358463610536
Finished training EB SURE-LS, with SURE: -0.018834189468533654
Finished training EB SURE-LS, with in-sample MSE: 0.07853258681140252
use_scale: True
use_location: False
Finished training EB misspecified with NPMLE init, with SURE: -0.009617676325573327
Finished training EB misspecified with NPMLE init, with in-sample MSE: 0.08000006384525614
Finished training EB misspecified, with SURE: -0.009607754296944649
Finished training EB misspecified, with in-sample MSE: 0.08003108089966701
Finished training EB wellspecified, with SURE: -0.11420203037170051
Finished training EB wellspecified, with in-sample MSE: 0.18158842723430957
m: 468
Finished solving NPMLE, with SURE 0.7954378226781214
Finished solving NPMLE, with in-sample MSE 0.11021137608582339
Finished solving parametric estimator, with SURE 0.06476767503731218
Finished solving parametric estimator, with in-sample MSE 0.05344692378810782
Finished solving EBCF, with in-sample MSE 0.03541966946065502
Finished training EB SURE-LS, with SURE: -0.05214086216145991
Finished training EB SURE-LS, with in-sample MSE: 0.02149940613177131
use_scale: True
use_location: False
Finished training EB misspecified with NPMLE init, with SURE: 0.03063286224642802
Finished training EB misspecified with NPMLE init, with in-sample MSE: 0.08472476397225595
Finished training EB misspecified, with SURE: 0.03064782784933314
Finished training EB misspecified, with in-sample MSE: 0.08464957847529955
Finished training EB wellspecified, with SURE: -0.11479187685631244
Finished training EB wellspecified, with in-sample MSE: 0.08188374453633837
m: 469
Finished solving NPMLE, with SURE 0.4253742090692899
Finished solving NPMLE, with in-sample MSE 0.07896199147087858
Finished solving parametric estimator, with SURE -0.007784025659430149
Finished solving parametric estimator, with in-sample MSE 0.05450936172662
Finished solving EBCF, with in-sample MSE 0.07640055037462194
Finished training EB SURE-LS, with SURE: -0.08177761537109463
Finished training EB SURE-LS, with in-sample MSE: 0.0047428836985816784
use_scale: True
use_location: False
Finished training EB misspecified with NPMLE init, with SURE: -0.03093936181433044
Finished training EB misspecified with NPMLE init, with in-sample MSE: 0.06237519448079871
Finished training EB misspecified, with SURE: -0.030928086706924065
Finished training EB misspecified, with in-sample MSE: 0.06237791685260245
Finished training EB wellspecified, with SURE: -0.16012886852984154
Finished training EB wellspecified, with in-sample MSE: 0.12158688859415631
m: 470
Finished solving NPMLE, with SURE 0.8570904096602038
Finished solving NPMLE, with in-sample MSE 0.07167125512426623
Finished solving parametric estimator, with SURE 0.08846426528249302
Finished solving parametric estimator, with in-sample MSE 0.04704445065290472
Finished solving EBCF, with in-sample MSE 0.05774173692721476
Finished training EB SURE-LS, with SURE: -0.05517246844579383
Finished training EB SURE-LS, with in-sample MSE: 0.02575803281831171
use_scale: True
use_location: False
Finished training EB misspecified with NPMLE init, with SURE: 0.06891466755990215
Finished training EB misspecified with NPMLE init, with in-sample MSE: 0.048577873073784285
Finished training EB misspecified, with SURE: 0.06892560591343909
Finished training EB misspecified, with in-sample MSE: 0.04857302240775899
Finished training EB wellspecified, with SURE: -0.13912677275524435
Finished training EB wellspecified, with in-sample MSE: 0.10229370458489374
m: 471
Finished solving NPMLE, with SURE 0.30853325055483155
Finished solving NPMLE, with in-sample MSE 0.059833632877769966
Finished solving parametric estimator, with SURE 0.02363195347711744
Finished solving parametric estimator, with in-sample MSE 0.047768208672016275
Finished solving EBCF, with in-sample MSE 0.014130121435182713
Finished training EB SURE-LS, with SURE: -0.063076906043763
Finished training EB SURE-LS, with in-sample MSE: 0.007361048629684706
use_scale: True
use_location: False
Finished training EB misspecified with NPMLE init, with SURE: 0.006895791521818708
Finished training EB misspecified with NPMLE init, with in-sample MSE: 0.05210259925727113
Finished training EB misspecified, with SURE: 0.006905649366795572
Finished training EB misspecified, with in-sample MSE: 0.052105869132858765
Finished training EB wellspecified, with SURE: -0.114511055704335
Finished training EB wellspecified, with in-sample MSE: 0.08265239378681571
m: 472
Finished solving NPMLE, with SURE 0.6058719967308356
Finished solving NPMLE, with in-sample MSE 0.08658138217725338
Finished solving parametric estimator, with SURE 0.0730049664082264
Finished solving parametric estimator, with in-sample MSE 0.08015616790903313
Finished solving EBCF, with in-sample MSE 0.050437853719728
Finished training EB SURE-LS, with SURE: -0.02374500431867899
Finished training EB SURE-LS, with in-sample MSE: 0.04398210078111517
use_scale: True
use_location: False
Finished training EB misspecified with NPMLE init, with SURE: 0.041717805201853295
Finished training EB misspecified with NPMLE init, with in-sample MSE: 0.10994162006241424
Finished training EB misspecified, with SURE: 0.040570960134937196
Finished training EB misspecified, with in-sample MSE: 0.13097606468571726
Finished training EB wellspecified, with SURE: -0.16815321873389694
Finished training EB wellspecified, with in-sample MSE: 0.2331016379564272
m: 473
Finished solving NPMLE, with SURE 0.6968462409040584
Finished solving NPMLE, with in-sample MSE 0.08692084359089741
Finished solving parametric estimator, with SURE 0.14671200848689608
Finished solving parametric estimator, with in-sample MSE 0.05613368401109638
Finished solving EBCF, with in-sample MSE 0.0758518738822793
Finished training EB SURE-LS, with SURE: -0.016929105653954297
Finished training EB SURE-LS, with in-sample MSE: 0.05154093716557043
use_scale: True
use_location: False
Finished training EB misspecified with NPMLE init, with SURE: 0.12082326443330658
Finished training EB misspecified with NPMLE init, with in-sample MSE: 0.07063291200160755
Finished training EB misspecified, with SURE: 0.12083790503965645
Finished training EB misspecified, with in-sample MSE: 0.07062610364382407
Finished training EB wellspecified, with SURE: -0.12919879346876267
Finished training EB wellspecified, with in-sample MSE: 0.17272967814619605
m: 474
Finished solving NPMLE, with SURE 0.5381155902216517
Finished solving NPMLE, with in-sample MSE 0.07533545294826165
Finished solving parametric estimator, with SURE 0.15100438365148933
Finished solving parametric estimator, with in-sample MSE 0.05343580329741443
Finished solving EBCF, with in-sample MSE 0.09973233778258081
Finished training EB SURE-LS, with SURE: 0.06243089819470833
Finished training EB SURE-LS, with in-sample MSE: 0.012043811905757668
use_scale: True
use_location: False
Finished training EB misspecified with NPMLE init, with SURE: 0.11774812937233264
Finished training EB misspecified with NPMLE init, with in-sample MSE: 0.12333202618222566
Finished training EB misspecified, with SURE: 0.1121563012071431
Finished training EB misspecified, with in-sample MSE: 0.18290407146135812
Finished training EB wellspecified, with SURE: -0.1051485932250711
Finished training EB wellspecified, with in-sample MSE: 0.22300536017429404
m: 475
Finished solving NPMLE, with SURE 1.1678413860115318
Finished solving NPMLE, with in-sample MSE 0.077703069050181
Finished solving parametric estimator, with SURE 0.02235431505604657
Finished solving parametric estimator, with in-sample MSE 0.06467533444645417
Finished solving EBCF, with in-sample MSE 0.02669200094854309
Finished training EB SURE-LS, with SURE: -0.024939269585045887
Finished training EB SURE-LS, with in-sample MSE: 0.005986438590805021
use_scale: True
use_location: False
Finished training EB misspecified with NPMLE init, with SURE: 0.007200096603818836
Finished training EB misspecified with NPMLE init, with in-sample MSE: 0.06254711382601932
Finished training EB misspecified, with SURE: 0.007277200353969704
Finished training EB misspecified, with in-sample MSE: 0.06296336972376189
Finished training EB wellspecified, with SURE: -0.07184109603302076
Finished training EB wellspecified, with in-sample MSE: 0.07325209084599173
m: 476
Finished solving NPMLE, with SURE 0.5808057950415575
Finished solving NPMLE, with in-sample MSE 0.07423496428091166
Finished solving parametric estimator, with SURE -0.0029919433309558707
Finished solving parametric estimator, with in-sample MSE 0.055526529494657174
Finished solving EBCF, with in-sample MSE 0.011463564134421851
Finished training EB SURE-LS, with SURE: -0.10231314889155979
Finished training EB SURE-LS, with in-sample MSE: 0.0034347430757391537
use_scale: True
use_location: False
Finished training EB misspecified with NPMLE init, with SURE: -0.02028979617599866
Finished training EB misspecified with NPMLE init, with in-sample MSE: 0.052449514752307975
Finished training EB misspecified, with SURE: -0.020282966650265948
Finished training EB misspecified, with in-sample MSE: 0.052447580218669076
Finished training EB wellspecified, with SURE: -0.1425042915129381
Finished training EB wellspecified, with in-sample MSE: 0.056403606235576775
m: 477
Finished solving NPMLE, with SURE 0.5246225566567059
Finished solving NPMLE, with in-sample MSE 0.06466657076483207
Finished solving parametric estimator, with SURE 0.006012611732741813
Finished solving parametric estimator, with in-sample MSE 0.049437124353415254
Finished solving EBCF, with in-sample MSE 0.08750415206879328
Finished training EB SURE-LS, with SURE: -0.05052370145629009
Finished training EB SURE-LS, with in-sample MSE: 0.0020271715873441953
use_scale: True
use_location: False
Finished training EB misspecified with NPMLE init, with SURE: -0.008060219359486922
Finished training EB misspecified with NPMLE init, with in-sample MSE: 0.05220180192590181
Finished training EB misspecified, with SURE: -0.00803834486161719
Finished training EB misspecified, with in-sample MSE: 0.05219678569893099
Finished training EB wellspecified, with SURE: -0.11364376845138141
Finished training EB wellspecified, with in-sample MSE: 0.07654183772714726
m: 478
Finished solving NPMLE, with SURE 0.6777140716846111
Finished solving NPMLE, with in-sample MSE 0.13852192516854772
Finished solving parametric estimator, with SURE 0.02756586479646994
Finished solving parametric estimator, with in-sample MSE 0.07046728673906208
Finished solving EBCF, with in-sample MSE 0.05001497917652949
Finished training EB SURE-LS, with SURE: -0.054071385802978295
Finished training EB SURE-LS, with in-sample MSE: 0.011060360361369363
use_scale: True
use_location: False
Finished training EB misspecified with NPMLE init, with SURE: 0.004909496695910747
Finished training EB misspecified with NPMLE init, with in-sample MSE: 0.09728709242362185
Finished training EB misspecified, with SURE: 0.004954218833168156
Finished training EB misspecified, with in-sample MSE: 0.09751274209257668
Finished training EB wellspecified, with SURE: -0.15120720733175477
Finished training EB wellspecified, with in-sample MSE: 0.15181952257573944
m: 479
Finished solving NPMLE, with SURE 0.6437990625221569
Finished solving NPMLE, with in-sample MSE 0.11738010309230944
Finished solving parametric estimator, with SURE 0.12092573194873651
Finished solving parametric estimator, with in-sample MSE 0.06666071938934381
Finished solving EBCF, with in-sample MSE 0.04594255299655359
Finished training EB SURE-LS, with SURE: 0.055360735296928254
Finished training EB SURE-LS, with in-sample MSE: 0.010917272028302737
use_scale: True
use_location: False
Finished training EB misspecified with NPMLE init, with SURE: 0.09389458222433994
Finished training EB misspecified with NPMLE init, with in-sample MSE: 0.07861511989598212
Finished training EB misspecified, with SURE: 0.09390357385199906
Finished training EB misspecified, with in-sample MSE: 0.07860763667115911
Finished training EB wellspecified, with SURE: -0.06820593795259129
Finished training EB wellspecified, with in-sample MSE: 0.172197780278798
m: 480
Finished solving NPMLE, with SURE 0.2523473460603685
Finished solving NPMLE, with in-sample MSE 0.099120319446771
Finished solving parametric estimator, with SURE 0.11326642705043038
Finished solving parametric estimator, with in-sample MSE 0.0598605647192931
Finished solving EBCF, with in-sample MSE 0.03466855994084021
Finished training EB SURE-LS, with SURE: 0.023986656732572546
Finished training EB SURE-LS, with in-sample MSE: 0.00242385052684572
use_scale: True
use_location: False
Finished training EB misspecified with NPMLE init, with SURE: 0.08366798313975388
Finished training EB misspecified with NPMLE init, with in-sample MSE: 0.06663363649697546
Finished training EB misspecified, with SURE: 0.046983229623289234
Finished training EB misspecified, with in-sample MSE: 0.1901536815157124
Finished training EB wellspecified, with SURE: -0.10176079763257352
Finished training EB wellspecified, with in-sample MSE: 0.11714457946709253
m: 481
Finished solving NPMLE, with SURE 0.6085836310960999
Finished solving NPMLE, with in-sample MSE 0.11166330534182478
Finished solving parametric estimator, with SURE 0.11056035911539264
Finished solving parametric estimator, with in-sample MSE 0.07140456572313346
Finished solving EBCF, with in-sample MSE 0.0917945524217142
Finished training EB SURE-LS, with SURE: 0.07624501178621032
Finished training EB SURE-LS, with in-sample MSE: 0.014813861784507594
use_scale: True
use_location: False
Finished training EB misspecified with NPMLE init, with SURE: 0.05728717293778097
Finished training EB misspecified with NPMLE init, with in-sample MSE: 0.11671205619868896
Finished training EB misspecified, with SURE: 0.05728406907388951
Finished training EB misspecified, with in-sample MSE: 0.11684763580828
Finished training EB wellspecified, with SURE: -0.07154455813314395
Finished training EB wellspecified, with in-sample MSE: 0.18899965468561108
m: 482
Finished solving NPMLE, with SURE 0.727101123021592
Finished solving NPMLE, with in-sample MSE 0.08160513458382711
Finished solving parametric estimator, with SURE -0.047297372150406025
Finished solving parametric estimator, with in-sample MSE 0.06238209389615396
Finished solving EBCF, with in-sample MSE 0.00205833813935852
Finished training EB SURE-LS, with SURE: -0.1294624836802692
Finished training EB SURE-LS, with in-sample MSE: 0.000725845241157244
use_scale: True
use_location: False
Finished training EB misspecified with NPMLE init, with SURE: -0.06524397583958162
Finished training EB misspecified with NPMLE init, with in-sample MSE: 0.05914373654895294
Finished training EB misspecified, with SURE: -0.0652360338742141
Finished training EB misspecified, with in-sample MSE: 0.059147380271012934
Finished training EB wellspecified, with SURE: -0.15868305099464305
Finished training EB wellspecified, with in-sample MSE: 0.025512598730683376
m: 483
Finished solving NPMLE, with SURE 0.13551214577211695
Finished solving NPMLE, with in-sample MSE 0.07813069381308108
Finished solving parametric estimator, with SURE -0.05743340873083558
Finished solving parametric estimator, with in-sample MSE 0.0755260836319391
Finished solving EBCF, with in-sample MSE 0.013092885280061159
Finished training EB SURE-LS, with SURE: -0.12369251022518993
Finished training EB SURE-LS, with in-sample MSE: 0.004716004335612872
use_scale: True
use_location: False
Finished training EB misspecified with NPMLE init, with SURE: -0.07034565049301109
Finished training EB misspecified with NPMLE init, with in-sample MSE: 0.06980609998072079
Finished training EB misspecified, with SURE: -0.07032235757011755
Finished training EB misspecified, with in-sample MSE: 0.06980757515769198
Finished training EB wellspecified, with SURE: -0.13515223504666132
Finished training EB wellspecified, with in-sample MSE: 0.014403747668465543
m: 484
Finished solving NPMLE, with SURE 0.6723089252368678
Finished solving NPMLE, with in-sample MSE 0.12348640134603066
Finished solving parametric estimator, with SURE 0.08750227163658192
Finished solving parametric estimator, with in-sample MSE 0.07034735457188454
Finished solving EBCF, with in-sample MSE 0.09718761527041223
Finished training EB SURE-LS, with SURE: 0.050511698084101636
Finished training EB SURE-LS, with in-sample MSE: 0.021877066434661713
use_scale: True
use_location: False
Finished training EB misspecified with NPMLE init, with SURE: 0.05171390154352323
Finished training EB misspecified with NPMLE init, with in-sample MSE: 0.10468321910448132
Finished training EB misspecified, with SURE: 0.05172852061251909
Finished training EB misspecified, with in-sample MSE: 0.10467988468968904
Finished training EB wellspecified, with SURE: -0.08023804173874714
Finished training EB wellspecified, with in-sample MSE: 0.21697961255951845
m: 485
Finished solving NPMLE, with SURE 0.43674176039643653
Finished solving NPMLE, with in-sample MSE 0.10954214072282951
Finished solving parametric estimator, with SURE 0.24591629203964976
Finished solving parametric estimator, with in-sample MSE 0.18891378080188762
Finished solving EBCF, with in-sample MSE 0.24614078292948874
Finished training EB SURE-LS, with SURE: 0.18794315409116613
Finished training EB SURE-LS, with in-sample MSE: 0.2061829445272535
use_scale: True
use_location: False
Finished training EB misspecified with NPMLE init, with SURE: 0.2142809727617931
Finished training EB misspecified with NPMLE init, with in-sample MSE: 0.25535549374611033
Finished training EB misspecified, with SURE: 0.21428623163492
Finished training EB misspecified, with in-sample MSE: 0.25540245206841616
Finished training EB wellspecified, with SURE: 0.022475980305066826
Finished training EB wellspecified, with in-sample MSE: 0.43889359303092723
m: 486
Finished solving NPMLE, with SURE 0.23001667260378483
Finished solving NPMLE, with in-sample MSE 0.08862742895671953
Finished solving parametric estimator, with SURE -0.010268937248927634
Finished solving parametric estimator, with in-sample MSE 0.061850143035326814
Finished solving EBCF, with in-sample MSE 0.06383699436721105
Finished training EB SURE-LS, with SURE: -0.06898811386630122
Finished training EB SURE-LS, with in-sample MSE: 0.022625468773905172
use_scale: True
use_location: False
Finished training EB misspecified with NPMLE init, with SURE: -0.024391520476364194
Finished training EB misspecified with NPMLE init, with in-sample MSE: 0.058873421656203885
Finished training EB misspecified, with SURE: -0.024372159944102096
Finished training EB misspecified, with in-sample MSE: 0.058887146652889494
Finished training EB wellspecified, with SURE: -0.02438707599041586
Finished training EB wellspecified, with in-sample MSE: 0.058871607805188936
m: 487
Finished solving NPMLE, with SURE 0.4476887103150431
Finished solving NPMLE, with in-sample MSE 0.10672132844179386
Finished solving parametric estimator, with SURE 0.1600260707275472
Finished solving parametric estimator, with in-sample MSE 0.08643040181319817
Finished solving EBCF, with in-sample MSE 0.08431596946106375
Finished training EB SURE-LS, with SURE: 0.07009413109021555
Finished training EB SURE-LS, with in-sample MSE: 0.06249103653122632
use_scale: True
use_location: False
Finished training EB misspecified with NPMLE init, with SURE: 0.1234619796503501
Finished training EB misspecified with NPMLE init, with in-sample MSE: 0.13341129061239487
Finished training EB misspecified, with SURE: 0.12348159222773482
Finished training EB misspecified, with in-sample MSE: 0.13336018607789824
Finished training EB wellspecified, with SURE: 0.021429036572779878
Finished training EB wellspecified, with in-sample MSE: 0.3110905776936189
m: 488
Finished solving NPMLE, with SURE 0.30026759228706384
Finished solving NPMLE, with in-sample MSE 0.08930593380548998
Finished solving parametric estimator, with SURE 0.08381965474237468
Finished solving parametric estimator, with in-sample MSE 0.06122055793293125
Finished solving EBCF, with in-sample MSE 0.05216563125110478
Finished training EB SURE-LS, with SURE: 0.02969612534025337
Finished training EB SURE-LS, with in-sample MSE: 0.03336225438813781
use_scale: True
use_location: False
Finished training EB misspecified with NPMLE init, with SURE: 0.04780190408099664
Finished training EB misspecified with NPMLE init, with in-sample MSE: 0.08861429882504185
Finished training EB misspecified, with SURE: 0.04782138963783716
Finished training EB misspecified, with in-sample MSE: 0.08875475312520324
Finished training EB wellspecified, with SURE: -0.042682293541387674
Finished training EB wellspecified, with in-sample MSE: 0.13520972764811634
m: 489
Finished solving NPMLE, with SURE 0.8785730613802505
Finished solving NPMLE, with in-sample MSE 0.05143200947112016
Finished solving parametric estimator, with SURE 0.11084733209067027
Finished solving parametric estimator, with in-sample MSE 0.04593062610969268
Finished solving EBCF, with in-sample MSE 0.045855910900577036
Finished training EB SURE-LS, with SURE: 0.028157511233340832
Finished training EB SURE-LS, with in-sample MSE: 0.009582353349308584
use_scale: True
use_location: False
Finished training EB misspecified with NPMLE init, with SURE: 0.09831617371319226
Finished training EB misspecified with NPMLE init, with in-sample MSE: 0.050349847389415885
Finished training EB misspecified, with SURE: 0.09836628076709147
Finished training EB misspecified, with in-sample MSE: 0.050364424020628275
Finished training EB wellspecified, with SURE: -0.08138627801881981
Finished training EB wellspecified, with in-sample MSE: 0.14232282552244646
m: 490
Finished solving NPMLE, with SURE 0.4820126866306012
Finished solving NPMLE, with in-sample MSE 0.11363659361267625
Finished solving parametric estimator, with SURE 0.03379840727274358
Finished solving parametric estimator, with in-sample MSE 0.07958627997572885
Finished solving EBCF, with in-sample MSE 0.05202451635756539
Finished training EB SURE-LS, with SURE: -0.020003602654978036
Finished training EB SURE-LS, with in-sample MSE: 0.02132376539642159
use_scale: True
use_location: False
Finished training EB misspecified with NPMLE init, with SURE: 0.018472160908033147
Finished training EB misspecified with NPMLE init, with in-sample MSE: 0.0689084222500293
Finished training EB misspecified, with SURE: 0.018475404747100795
Finished training EB misspecified, with in-sample MSE: 0.06891149935472447
Finished training EB wellspecified, with SURE: -0.1534453461742512
Finished training EB wellspecified, with in-sample MSE: 0.19276985248433745
m: 491
Finished solving NPMLE, with SURE 0.5963990129007541
Finished solving NPMLE, with in-sample MSE 0.09321059175049175
Finished solving parametric estimator, with SURE 0.059833309569933046
Finished solving parametric estimator, with in-sample MSE 0.06810497971897617
Finished solving EBCF, with in-sample MSE 0.03285367308212512
Finished training EB SURE-LS, with SURE: 0.017515147724481598
Finished training EB SURE-LS, with in-sample MSE: 0.007202148634543634
use_scale: True
use_location: False
Finished training EB misspecified with NPMLE init, with SURE: 0.03073558002507653
Finished training EB misspecified with NPMLE init, with in-sample MSE: 0.08131099407975763
Finished training EB misspecified, with SURE: 0.030739642626778477
Finished training EB misspecified, with in-sample MSE: 0.08130656851760841
Finished training EB wellspecified, with SURE: -0.0511841380215478
Finished training EB wellspecified, with in-sample MSE: 0.0949812979456433
m: 492
Finished solving NPMLE, with SURE 0.6703643577435995
Finished solving NPMLE, with in-sample MSE 0.14590343725484037
Finished solving parametric estimator, with SURE 0.09447081134055224
Finished solving parametric estimator, with in-sample MSE 0.08338182060531155
Finished solving EBCF, with in-sample MSE 0.04521794658889793
Finished training EB SURE-LS, with SURE: -0.015607876936876597
Finished training EB SURE-LS, with in-sample MSE: 0.08958553416304131
use_scale: True
use_location: False
Finished training EB misspecified with NPMLE init, with SURE: 0.07121298261830006
Finished training EB misspecified with NPMLE init, with in-sample MSE: 0.07663469006929134
Finished training EB misspecified, with SURE: 0.07121581230950084
Finished training EB misspecified, with in-sample MSE: 0.07663376741555203
Finished training EB wellspecified, with SURE: -0.09681057720305944
Finished training EB wellspecified, with in-sample MSE: 0.21271238125201183
m: 493
Finished solving NPMLE, with SURE 0.6975016266861844
Finished solving NPMLE, with in-sample MSE 0.08367891682016278
Finished solving parametric estimator, with SURE 0.10135912670268882
Finished solving parametric estimator, with in-sample MSE 0.05584037365109437
Finished solving EBCF, with in-sample MSE 0.03609192671412919
Finished training EB SURE-LS, with SURE: 0.040080297508581095
Finished training EB SURE-LS, with in-sample MSE: 0.005824927575242489
use_scale: True
use_location: False
Finished training EB misspecified with NPMLE init, with SURE: 0.0716453329240575
Finished training EB misspecified with NPMLE init, with in-sample MSE: 0.08565566635323973
Finished training EB misspecified, with SURE: 0.07164133937113747
Finished training EB misspecified, with in-sample MSE: 0.08583437696069864
Finished training EB wellspecified, with SURE: -0.05055758677176577
Finished training EB wellspecified, with in-sample MSE: 0.1798270058097215
m: 494
Finished solving NPMLE, with SURE 0.4320795449887898
Finished solving NPMLE, with in-sample MSE 0.12406011750769523
Finished solving parametric estimator, with SURE 0.035208971262304045
Finished solving parametric estimator, with in-sample MSE 0.07803588406167968
Finished solving EBCF, with in-sample MSE 0.03472694113641226
Finished training EB SURE-LS, with SURE: -0.005480268884318485
Finished training EB SURE-LS, with in-sample MSE: 0.02383008880186469
use_scale: True
use_location: False
Finished training EB misspecified with NPMLE init, with SURE: 0.01654115545296527
Finished training EB misspecified with NPMLE init, with in-sample MSE: 0.09745574186705282
Finished training EB misspecified, with SURE: 0.023397187532319563
Finished training EB misspecified, with in-sample MSE: 0.07231161521977017
Finished training EB wellspecified, with SURE: -0.07977350156417981
Finished training EB wellspecified, with in-sample MSE: 0.09990652451618313
m: 495
Finished solving NPMLE, with SURE 0.5459548133610219
Finished solving NPMLE, with in-sample MSE 0.09239688279790742
Finished solving parametric estimator, with SURE 0.006307272058674096
Finished solving parametric estimator, with in-sample MSE 0.06205403134074516
Finished solving EBCF, with in-sample MSE 0.01781005354372731
Finished training EB SURE-LS, with SURE: -0.06761475790223859
Finished training EB SURE-LS, with in-sample MSE: 0.0019706603100492007
use_scale: True
use_location: False
Finished training EB misspecified with NPMLE init, with SURE: -0.006642572124790576
Finished training EB misspecified with NPMLE init, with in-sample MSE: 0.05732189455453251
Finished training EB misspecified, with SURE: -0.006640914631101183
Finished training EB misspecified, with in-sample MSE: 0.0573244999490867
Finished training EB wellspecified, with SURE: -0.12051644211395307
Finished training EB wellspecified, with in-sample MSE: 0.051647507859300966
m: 496
Finished solving NPMLE, with SURE 0.801714025202754
Finished solving NPMLE, with in-sample MSE 0.07040487692526164
Finished solving parametric estimator, with SURE 0.0772410404877702
Finished solving parametric estimator, with in-sample MSE 0.05588531478209521
Finished solving EBCF, with in-sample MSE 0.025731907262234305
Finished training EB SURE-LS, with SURE: 0.016300164940867685
Finished training EB SURE-LS, with in-sample MSE: 0.007953947966421708
use_scale: True
use_location: False
Finished training EB misspecified with NPMLE init, with SURE: 0.049083097079323824
Finished training EB misspecified with NPMLE init, with in-sample MSE: 0.08470080302529873
Finished training EB misspecified, with SURE: 0.04908928622773793
Finished training EB misspecified, with in-sample MSE: 0.08471778052335376
Finished training EB wellspecified, with SURE: -0.08753737306689577
Finished training EB wellspecified, with in-sample MSE: 0.20352833113233915
m: 497
Finished solving NPMLE, with SURE 0.45517585772421026
Finished solving NPMLE, with in-sample MSE 0.06088456733934791
Finished solving parametric estimator, with SURE 0.03403273395351636
Finished solving parametric estimator, with in-sample MSE 0.05408723797807727
Finished solving EBCF, with in-sample MSE 0.015595660983571397
Finished training EB SURE-LS, with SURE: 0.02280253739285539
Finished training EB SURE-LS, with in-sample MSE: 0.05553265032960816
use_scale: True
use_location: False
Finished training EB misspecified with NPMLE init, with SURE: 0.02148814124263808
Finished training EB misspecified with NPMLE init, with in-sample MSE: 0.05357049105445432
Finished training EB misspecified, with SURE: 0.02149343941210944
Finished training EB misspecified, with in-sample MSE: 0.05357379836506987
Finished training EB wellspecified, with SURE: -0.09901204799551976
Finished training EB wellspecified, with in-sample MSE: 0.03599063994293248
m: 498
Finished solving NPMLE, with SURE 0.5080358669569427
Finished solving NPMLE, with in-sample MSE 0.14373890024023037
Finished solving parametric estimator, with SURE -0.001225507069480103
Finished solving parametric estimator, with in-sample MSE 0.08436486609147212
Finished solving EBCF, with in-sample MSE 0.041031445939198385
Finished training EB SURE-LS, with SURE: -0.057627997725069914
Finished training EB SURE-LS, with in-sample MSE: 0.02157976369187228
use_scale: True
use_location: False
Finished training EB misspecified with NPMLE init, with SURE: -0.03824669505457436
Finished training EB misspecified with NPMLE init, with in-sample MSE: 0.1322023528241851
Finished training EB misspecified, with SURE: -0.038243573151461874
Finished training EB misspecified, with in-sample MSE: 0.13219253996826782
Finished training EB wellspecified, with SURE: -0.04896942305538799
Finished training EB wellspecified, with in-sample MSE: 0.05255378815746494
m: 499
Finished solving NPMLE, with SURE 0.5825032547304642
Finished solving NPMLE, with in-sample MSE 0.1410870837893622
Finished solving parametric estimator, with SURE 0.016115577888264454
Finished solving parametric estimator, with in-sample MSE 0.07297466121221947
Finished solving EBCF, with in-sample MSE 0.033467674686879625
Finished training EB SURE-LS, with SURE: -0.10278819261029205
Finished training EB SURE-LS, with in-sample MSE: 0.01986072618294845
use_scale: True
use_location: False
Finished training EB misspecified with NPMLE init, with SURE: 0.0037016125821057247
Finished training EB misspecified with NPMLE init, with in-sample MSE: 0.05968278857709531
Finished training EB misspecified, with SURE: 0.0037016665256137315
Finished training EB misspecified, with in-sample MSE: 0.05968422115702077
Finished training EB wellspecified, with SURE: -0.15520304320597744
Finished training EB wellspecified, with in-sample MSE: 0.07116804166676668

n: 200
m: 450
Finished solving NPMLE, with SURE 0.7504751367711813
Finished solving NPMLE, with in-sample MSE 0.07997147622477409
Finished solving parametric estimator, with SURE 0.055728040887171315
Finished solving parametric estimator, with in-sample MSE 0.06005225551096953
Finished solving EBCF, with in-sample MSE 0.023390807447510476
Finished training EB SURE-LS, with SURE: -0.0036393201196880656
Finished training EB SURE-LS, with in-sample MSE: 0.0028421444962834956
use_scale: True
use_location: False
Finished training EB misspecified with NPMLE init, with SURE: 0.04818447317372474
Finished training EB misspecified with NPMLE init, with in-sample MSE: 0.06088869627709002
Finished training EB misspecified, with SURE: 0.04824702297050578
Finished training EB misspecified, with in-sample MSE: 0.06091188314503387
Finished training EB wellspecified, with SURE: -0.02860610061363815
Finished training EB wellspecified, with in-sample MSE: 0.025608408313492047
m: 451
Finished solving NPMLE, with SURE 0.47904581384879136
Finished solving NPMLE, with in-sample MSE 0.07728342803169197
Finished solving parametric estimator, with SURE 0.044163324148287164
Finished solving parametric estimator, with in-sample MSE 0.05632840314773214
Finished solving EBCF, with in-sample MSE 0.019302853947875398
Finished training EB SURE-LS, with SURE: 0.003653817997331066
Finished training EB SURE-LS, with in-sample MSE: 0.006229842561691779
use_scale: True
use_location: False
Finished training EB misspecified with NPMLE init, with SURE: 0.03460594635288615
Finished training EB misspecified with NPMLE init, with in-sample MSE: 0.057387445805888906
Finished training EB misspecified, with SURE: 0.034662034636798754
Finished training EB misspecified, with in-sample MSE: 0.05734934130270768
Finished training EB wellspecified, with SURE: -0.03671970816761834
Finished training EB wellspecified, with in-sample MSE: 0.07090777785337736
m: 452
Finished solving NPMLE, with SURE 0.8402007247052058
Finished solving NPMLE, with in-sample MSE 0.09259690771744383
Finished solving parametric estimator, with SURE 0.03726148376270966
Finished solving parametric estimator, with in-sample MSE 0.05927502016517438
Finished solving EBCF, with in-sample MSE 0.020918669217039897
Finished training EB SURE-LS, with SURE: -0.041155486436991774
Finished training EB SURE-LS, with in-sample MSE: 0.0041250469919362235
use_scale: True
use_location: False
Finished training EB misspecified with NPMLE init, with SURE: 0.029000476350914326
Finished training EB misspecified with NPMLE init, with in-sample MSE: 0.05343586166875504
Finished training EB misspecified, with SURE: 0.02899544989398109
Finished training EB misspecified, with in-sample MSE: 0.05344200255546677
Finished training EB wellspecified, with SURE: -0.04558750160374176
Finished training EB wellspecified, with in-sample MSE: 0.00844939376917898
m: 453
Finished solving NPMLE, with SURE 0.6825917964625988
Finished solving NPMLE, with in-sample MSE 0.08387043663893927
Finished solving parametric estimator, with SURE -0.04044437464382172
Finished solving parametric estimator, with in-sample MSE 0.06274796712552608
Finished solving EBCF, with in-sample MSE 0.03600814630778161
Finished training EB SURE-LS, with SURE: -0.08812157765184911
Finished training EB SURE-LS, with in-sample MSE: 0.005050655679706484
use_scale: True
use_location: False
Finished training EB misspecified with NPMLE init, with SURE: -0.049425177874233416
Finished training EB misspecified with NPMLE init, with in-sample MSE: 0.05984129868744455
Finished training EB misspecified, with SURE: -0.049396120841789896
Finished training EB misspecified, with in-sample MSE: 0.06074576870814893
Finished training EB wellspecified, with SURE: -0.1089800365021436
Finished training EB wellspecified, with in-sample MSE: 0.027873296813731838
m: 454
Finished solving NPMLE, with SURE 0.7108852059113501
Finished solving NPMLE, with in-sample MSE 0.09425900301917688
Finished solving parametric estimator, with SURE 0.03311282568700935
Finished solving parametric estimator, with in-sample MSE 0.052926619781015594
Finished solving EBCF, with in-sample MSE 0.03055299762643876
Finished training EB SURE-LS, with SURE: -0.09340163448681005
Finished training EB SURE-LS, with in-sample MSE: 0.027656340004374003
use_scale: True
use_location: False
Finished training EB misspecified with NPMLE init, with SURE: 0.02471533381204587
Finished training EB misspecified with NPMLE init, with in-sample MSE: 0.04637239607219809
Finished training EB misspecified, with SURE: 0.024997257339617465
Finished training EB misspecified, with in-sample MSE: 0.047048542924103834
Finished training EB wellspecified, with SURE: -0.10681053235986239
Finished training EB wellspecified, with in-sample MSE: 0.046749055485061516
m: 455
Finished solving NPMLE, with SURE 0.7333641593218158
Finished solving NPMLE, with in-sample MSE 0.06865907556231406
Finished solving parametric estimator, with SURE 0.061219691347314475
Finished solving parametric estimator, with in-sample MSE 0.06537415352383752
Finished solving EBCF, with in-sample MSE 0.0488369416008083
Finished training EB SURE-LS, with SURE: 0.003693257525303464
Finished training EB SURE-LS, with in-sample MSE: 0.018720349866613074
use_scale: True
use_location: False
Finished training EB misspecified with NPMLE init, with SURE: 0.04592738764502748
Finished training EB misspecified with NPMLE init, with in-sample MSE: 0.07884761921722315
Finished training EB misspecified, with SURE: 0.04593234884058447
Finished training EB misspecified, with in-sample MSE: 0.07885201598094736
Finished training EB wellspecified, with SURE: -0.0376867526195152
Finished training EB wellspecified, with in-sample MSE: 0.07826307910342262
m: 456
Finished solving NPMLE, with SURE 0.9216617414622877
Finished solving NPMLE, with in-sample MSE 0.07238845528138044
Finished solving parametric estimator, with SURE 0.01585532772712578
Finished solving parametric estimator, with in-sample MSE 0.04936764872646321
Finished solving EBCF, with in-sample MSE 0.006886666240585442
Finished training EB SURE-LS, with SURE: -0.0693261795201589
Finished training EB SURE-LS, with in-sample MSE: 0.0036690996102362035
use_scale: True
use_location: False
Finished training EB misspecified with NPMLE init, with SURE: 0.007442441520464626
Finished training EB misspecified with NPMLE init, with in-sample MSE: 0.054285844072149037
Finished training EB misspecified, with SURE: 0.007556845679634279
Finished training EB misspecified, with in-sample MSE: 0.05529812054947189
Finished training EB wellspecified, with SURE: -0.09803718203425031
Finished training EB wellspecified, with in-sample MSE: 0.031023177826800162
m: 457
Finished solving NPMLE, with SURE 0.17975949106210215
Finished solving NPMLE, with in-sample MSE 0.09130056781538842
Finished solving parametric estimator, with SURE 0.08608373720629753
Finished solving parametric estimator, with in-sample MSE 0.05512152443100037
Finished solving EBCF, with in-sample MSE 0.01993629006160879
Finished training EB SURE-LS, with SURE: 0.009889946362261872
Finished training EB SURE-LS, with in-sample MSE: 0.011030429853139118
use_scale: True
use_location: False
Finished training EB misspecified with NPMLE init, with SURE: 0.04226205634578726
Finished training EB misspecified with NPMLE init, with in-sample MSE: 0.13629986410022824
Finished training EB misspecified, with SURE: 0.06452151339731799
Finished training EB misspecified, with in-sample MSE: 0.08793356565702064
Finished training EB wellspecified, with SURE: -0.08182071310227179
Finished training EB wellspecified, with in-sample MSE: 0.10986079944422658
m: 458
Finished solving NPMLE, with SURE 0.606532018079831
Finished solving NPMLE, with in-sample MSE 0.06889630952692452
Finished solving parametric estimator, with SURE 0.0010441503001832886
Finished solving parametric estimator, with in-sample MSE 0.05932929684045136
Finished solving EBCF, with in-sample MSE 0.013263177884482374
Finished training EB SURE-LS, with SURE: -0.06883688271518673
Finished training EB SURE-LS, with in-sample MSE: 0.004120511090134124
use_scale: True
use_location: False
Finished training EB misspecified with NPMLE init, with SURE: -0.005084752326464326
Finished training EB misspecified with NPMLE init, with in-sample MSE: 0.05920157586035766
Finished training EB misspecified, with SURE: -0.005079116756753734
Finished training EB misspecified, with in-sample MSE: 0.05920869622123049
Finished training EB wellspecified, with SURE: -0.07280974625584584
Finished training EB wellspecified, with in-sample MSE: 0.006591704342549595
m: 459
Finished solving NPMLE, with SURE 0.5860442698303087
Finished solving NPMLE, with in-sample MSE 0.07898782355332473
Finished solving parametric estimator, with SURE 0.05488330785435058
Finished solving parametric estimator, with in-sample MSE 0.056019762283908994
Finished solving EBCF, with in-sample MSE 0.04084306655594653
Finished training EB SURE-LS, with SURE: 0.017847420285001084
Finished training EB SURE-LS, with in-sample MSE: 0.0061390800592394535
use_scale: True
use_location: False
Finished training EB misspecified with NPMLE init, with SURE: -0.016233575110985186
Finished training EB misspecified with NPMLE init, with in-sample MSE: 0.19392115788767605
Finished training EB misspecified, with SURE: -0.005076277758561645
Finished training EB misspecified, with in-sample MSE: 0.2056497399032352
Finished training EB wellspecified, with SURE: -0.16403271611820383
Finished training EB wellspecified, with in-sample MSE: 0.2521903715812135
m: 460
Finished solving NPMLE, with SURE 0.8453042624240337
Finished solving NPMLE, with in-sample MSE 0.0800005110001092
Finished solving parametric estimator, with SURE 0.07723773569231396
Finished solving parametric estimator, with in-sample MSE 0.052176451460965056
Finished solving EBCF, with in-sample MSE 0.0185477516984669
Finished training EB SURE-LS, with SURE: -0.010736989349797903
Finished training EB SURE-LS, with in-sample MSE: 0.005267064193008217
use_scale: True
use_location: False
Finished training EB misspecified with NPMLE init, with SURE: 0.038508807917088744
Finished training EB misspecified with NPMLE init, with in-sample MSE: 0.08743823764682214
Finished training EB misspecified, with SURE: 0.06314337674505183
Finished training EB misspecified, with in-sample MSE: 0.07056081810625375
Finished training EB wellspecified, with SURE: -0.012696821385255658
Finished training EB wellspecified, with in-sample MSE: 0.013722340112552925
m: 461
Finished solving NPMLE, with SURE 0.5837212329011013
Finished solving NPMLE, with in-sample MSE 0.06821670110566175
Finished solving parametric estimator, with SURE 0.04859852783266372
Finished solving parametric estimator, with in-sample MSE 0.049619823948089815
Finished solving EBCF, with in-sample MSE 0.024837772670550328
Finished training EB SURE-LS, with SURE: -0.06439263134818615
Finished training EB SURE-LS, with in-sample MSE: 0.016464204008150133
use_scale: True
use_location: False
Finished training EB misspecified with NPMLE init, with SURE: 0.04006697699716547
Finished training EB misspecified with NPMLE init, with in-sample MSE: 0.05506444513734993
Finished training EB misspecified, with SURE: 0.040394353819232905
Finished training EB misspecified, with in-sample MSE: 0.054902330452252096
Finished training EB wellspecified, with SURE: -0.09041577897869109
Finished training EB wellspecified, with in-sample MSE: 0.038511045596725926
m: 462
Finished solving NPMLE, with SURE 0.6515132820746249
Finished solving NPMLE, with in-sample MSE 0.07834765774875961
Finished solving parametric estimator, with SURE 0.09405603950445618
Finished solving parametric estimator, with in-sample MSE 0.0522508651129213
Finished solving EBCF, with in-sample MSE 0.03342183242775161
Finished training EB SURE-LS, with SURE: 0.039111777024697314
Finished training EB SURE-LS, with in-sample MSE: 0.007402036160392681
use_scale: True
use_location: False
Finished training EB misspecified with NPMLE init, with SURE: 0.07539064017469549
Finished training EB misspecified with NPMLE init, with in-sample MSE: 0.0658902175865705
Finished training EB misspecified, with SURE: 0.07542915459584591
Finished training EB misspecified, with in-sample MSE: 0.06587844352655928
Finished training EB wellspecified, with SURE: -0.021542205150040447
Finished training EB wellspecified, with in-sample MSE: 0.0736404827539927
m: 463
Finished solving NPMLE, with SURE 0.6908453512920638
Finished solving NPMLE, with in-sample MSE 0.093886283893194
Finished solving parametric estimator, with SURE 0.05101432903417319
Finished solving parametric estimator, with in-sample MSE 0.05355707759421469
Finished solving EBCF, with in-sample MSE 0.01031390275100268
Finished training EB SURE-LS, with SURE: -0.044898742625152775
Finished training EB SURE-LS, with in-sample MSE: 0.005296812859858902
use_scale: True
use_location: False
Finished training EB misspecified with NPMLE init, with SURE: 0.04011747301859025
Finished training EB misspecified with NPMLE init, with in-sample MSE: 0.04899842308747284
Finished training EB misspecified, with SURE: 0.04017072497734077
Finished training EB misspecified, with in-sample MSE: 0.04896770602570429
Finished training EB wellspecified, with SURE: -0.10213869453259893
Finished training EB wellspecified, with in-sample MSE: 0.08076736256055214
m: 464
Finished solving NPMLE, with SURE 0.5410361044847296
Finished solving NPMLE, with in-sample MSE 0.1305295924695382
Finished solving parametric estimator, with SURE 0.07951646529635331
Finished solving parametric estimator, with in-sample MSE 0.07442589976454146
Finished solving EBCF, with in-sample MSE 0.029555709059766032
Finished training EB SURE-LS, with SURE: 0.031013895804665542
Finished training EB SURE-LS, with in-sample MSE: 0.012963445435259468
use_scale: True
use_location: False
Finished training EB misspecified with NPMLE init, with SURE: 0.053598468366849804
Finished training EB misspecified with NPMLE init, with in-sample MSE: 0.09613807671656983
Finished training EB misspecified, with SURE: 0.053608762319368425
Finished training EB misspecified, with in-sample MSE: 0.09611048253593898
Finished training EB wellspecified, with SURE: -0.012161964098947627
Finished training EB wellspecified, with in-sample MSE: 0.07277864865402638
m: 465
Finished solving NPMLE, with SURE 0.5240061431501035
Finished solving NPMLE, with in-sample MSE 0.10990933229511518
Finished solving parametric estimator, with SURE 0.10833953067054747
Finished solving parametric estimator, with in-sample MSE 0.0586070401008578
Finished solving EBCF, with in-sample MSE 0.0099980696716548
Finished training EB SURE-LS, with SURE: 0.030477824307178374
Finished training EB SURE-LS, with in-sample MSE: 0.026422441686416373
use_scale: True
use_location: False
Finished training EB misspecified with NPMLE init, with SURE: 0.0725758400941195
Finished training EB misspecified with NPMLE init, with in-sample MSE: 0.0881645111429438
Finished training EB misspecified, with SURE: 0.0725761069247217
Finished training EB misspecified, with in-sample MSE: 0.0881843779892539
Finished training EB wellspecified, with SURE: -0.034782136180440265
Finished training EB wellspecified, with in-sample MSE: 0.102102029465471
m: 466
Finished solving NPMLE, with SURE 0.7500074508338938
Finished solving NPMLE, with in-sample MSE 0.06516108201554982
Finished solving parametric estimator, with SURE -0.014760233033814685
Finished solving parametric estimator, with in-sample MSE 0.05985137278812962
Finished solving EBCF, with in-sample MSE 0.026148407862585175
Finished training EB SURE-LS, with SURE: -0.06876388455874412
Finished training EB SURE-LS, with in-sample MSE: 0.0028383010335533577
use_scale: True
use_location: False
Finished training EB misspecified with NPMLE init, with SURE: -0.020507039787566867
Finished training EB misspecified with NPMLE init, with in-sample MSE: 0.05770406607181641
Finished training EB misspecified, with SURE: -0.020403376443854173
Finished training EB misspecified, with in-sample MSE: 0.059839362347880794
Finished training EB wellspecified, with SURE: -0.10880283054788975
Finished training EB wellspecified, with in-sample MSE: 0.03960931028273304
m: 467
Finished solving NPMLE, with SURE 0.6445649053045992
Finished solving NPMLE, with in-sample MSE 0.11901834629813005
Finished solving parametric estimator, with SURE 0.05585981158260894
Finished solving parametric estimator, with in-sample MSE 0.06735743517157662
Finished solving EBCF, with in-sample MSE 0.021361456323587845
Finished training EB SURE-LS, with SURE: 0.009411884701242674
Finished training EB SURE-LS, with in-sample MSE: 0.011016583742636104
use_scale: True
use_location: False
Finished training EB misspecified with NPMLE init, with SURE: 0.03485582408721435
Finished training EB misspecified with NPMLE init, with in-sample MSE: 0.08446090797561151
Finished training EB misspecified, with SURE: 0.034869119613288146
Finished training EB misspecified, with in-sample MSE: 0.08437898456091228
Finished training EB wellspecified, with SURE: -0.04409745532884521
Finished training EB wellspecified, with in-sample MSE: 0.0807991082475122
m: 468
Finished solving NPMLE, with SURE 0.6879795385715204
Finished solving NPMLE, with in-sample MSE 0.0919559975192007
Finished solving parametric estimator, with SURE 0.09377250937554144
Finished solving parametric estimator, with in-sample MSE 0.05848685956264028
Finished solving EBCF, with in-sample MSE 0.012209389853152392
Finished training EB SURE-LS, with SURE: 0.01648141586260026
Finished training EB SURE-LS, with in-sample MSE: 0.036196175241939424
use_scale: True
use_location: False
Finished training EB misspecified with NPMLE init, with SURE: 0.07096094378912618
Finished training EB misspecified with NPMLE init, with in-sample MSE: 0.08067244384916694
Finished training EB misspecified, with SURE: 0.08351953492211124
Finished training EB misspecified, with in-sample MSE: 0.057091132675898354
Finished training EB wellspecified, with SURE: -0.03909603297042744
Finished training EB wellspecified, with in-sample MSE: 0.1253119785372924
m: 469
Finished solving NPMLE, with SURE 1.0494424370451763
Finished solving NPMLE, with in-sample MSE 0.08946133748170278
Finished solving parametric estimator, with SURE 0.06429295400558471
Finished solving parametric estimator, with in-sample MSE 0.054675829875954214
Finished solving EBCF, with in-sample MSE 0.022350560404234512
Finished training EB SURE-LS, with SURE: -0.054244874245938365
Finished training EB SURE-LS, with in-sample MSE: 0.012298513460885901
use_scale: True
use_location: False
Finished training EB misspecified with NPMLE init, with SURE: 0.04656696625328536
Finished training EB misspecified with NPMLE init, with in-sample MSE: 0.06267465713330252
Finished training EB misspecified, with SURE: 0.046568152498650976
Finished training EB misspecified, with in-sample MSE: 0.06241406575890138
Finished training EB wellspecified, with SURE: -0.058325152962511125
Finished training EB wellspecified, with in-sample MSE: 0.014305016429558906
m: 470
Finished solving NPMLE, with SURE 0.6581178371239684
Finished solving NPMLE, with in-sample MSE 0.06701447459954803
Finished solving parametric estimator, with SURE 0.09268904739063277
Finished solving parametric estimator, with in-sample MSE 0.045872860250680894
Finished solving EBCF, with in-sample MSE 0.047959650961591646
Finished training EB SURE-LS, with SURE: -0.033817544138979964
Finished training EB SURE-LS, with in-sample MSE: 0.032344875291916673
use_scale: True
use_location: False
Finished training EB misspecified with NPMLE init, with SURE: 0.07164696294576416
Finished training EB misspecified with NPMLE init, with in-sample MSE: 0.06853400841945895
Finished training EB misspecified, with SURE: 0.061461651253968345
Finished training EB misspecified, with in-sample MSE: 0.11516863099610772
Finished training EB wellspecified, with SURE: -0.11397468798718512
Finished training EB wellspecified, with in-sample MSE: 0.15252719761595862
m: 471
Finished solving NPMLE, with SURE 0.8138595654141483
Finished solving NPMLE, with in-sample MSE 0.0910010472620189
Finished solving parametric estimator, with SURE 0.09373743746131097
Finished solving parametric estimator, with in-sample MSE 0.05469259955510565
Finished solving EBCF, with in-sample MSE 0.040496782379148374
Finished training EB SURE-LS, with SURE: 0.006496375056059325
Finished training EB SURE-LS, with in-sample MSE: 0.008317373126236833
use_scale: True
use_location: False
Finished training EB misspecified with NPMLE init, with SURE: 0.05584791375304867
Finished training EB misspecified with NPMLE init, with in-sample MSE: 0.11083784176415147
Finished training EB misspecified, with SURE: 0.055685602162296635
Finished training EB misspecified, with in-sample MSE: 0.10772739233892725
Finished training EB wellspecified, with SURE: -0.06882992763367449
Finished training EB wellspecified, with in-sample MSE: 0.08363266187570893
m: 472
Finished solving NPMLE, with SURE 0.5899991486390641
Finished solving NPMLE, with in-sample MSE 0.07083991124777252
Finished solving parametric estimator, with SURE 0.009509111083856825
Finished solving parametric estimator, with in-sample MSE 0.056705238827858606
Finished solving EBCF, with in-sample MSE 0.013133819815498587
Finished training EB SURE-LS, with SURE: -0.08256703696827686
Finished training EB SURE-LS, with in-sample MSE: 0.007483951051192316
use_scale: True
use_location: False
Finished training EB misspecified with NPMLE init, with SURE: 0.0030045659169886108
Finished training EB misspecified with NPMLE init, with in-sample MSE: 0.059448336342953725
Finished training EB misspecified, with SURE: 0.0038355372300809165
Finished training EB misspecified, with in-sample MSE: 0.057490754947105704
Finished training EB wellspecified, with SURE: -0.1525888644848462
Finished training EB wellspecified, with in-sample MSE: 0.11613332656368879
m: 473
Finished solving NPMLE, with SURE 1.0434583298091304
Finished solving NPMLE, with in-sample MSE 0.07740689831719179
Finished solving parametric estimator, with SURE 0.05180400195123597
Finished solving parametric estimator, with in-sample MSE 0.05072071245190811
Finished solving EBCF, with in-sample MSE 0.03385502888078977
Finished training EB SURE-LS, with SURE: -0.023630944227353158
Finished training EB SURE-LS, with in-sample MSE: 0.003681872428304499
use_scale: True
use_location: False
Finished training EB misspecified with NPMLE init, with SURE: 0.029979864632756516
Finished training EB misspecified with NPMLE init, with in-sample MSE: 0.06292648402025701
Finished training EB misspecified, with SURE: 0.029986730448204213
Finished training EB misspecified, with in-sample MSE: 0.06291062385659126
Finished training EB wellspecified, with SURE: -0.04826861853375657
Finished training EB wellspecified, with in-sample MSE: 0.025365507528065816
m: 474
Finished solving NPMLE, with SURE 0.773657134476656
Finished solving NPMLE, with in-sample MSE 0.07812537524721162
Finished solving parametric estimator, with SURE 0.10432703150158601
Finished solving parametric estimator, with in-sample MSE 0.05223757252809313
Finished solving EBCF, with in-sample MSE 0.07025708031320518
Finished training EB SURE-LS, with SURE: 0.023618787404141122
Finished training EB SURE-LS, with in-sample MSE: 0.00998779236981145
use_scale: True
use_location: False
Finished training EB misspecified with NPMLE init, with SURE: 0.0843156950730269
Finished training EB misspecified with NPMLE init, with in-sample MSE: 0.07960488239722412
Finished training EB misspecified, with SURE: 0.08438128614701576
Finished training EB misspecified, with in-sample MSE: 0.07957650079345942
Finished training EB wellspecified, with SURE: -0.0048805081221231904
Finished training EB wellspecified, with in-sample MSE: 0.05055907723865963
m: 475
Finished solving NPMLE, with SURE 0.7675009049901673
Finished solving NPMLE, with in-sample MSE 0.07540320535831507
Finished solving parametric estimator, with SURE 0.012961380497322483
Finished solving parametric estimator, with in-sample MSE 0.05592201096260076
Finished solving EBCF, with in-sample MSE 0.023567009794182515
Finished training EB SURE-LS, with SURE: -0.06940607563368713
Finished training EB SURE-LS, with in-sample MSE: 0.00441804793709112
use_scale: True
use_location: False
Finished training EB misspecified with NPMLE init, with SURE: -0.0017887612183483982
Finished training EB misspecified with NPMLE init, with in-sample MSE: 0.08668610766569852
Finished training EB misspecified, with SURE: 0.007506968655154438
Finished training EB misspecified, with in-sample MSE: 0.05551761700194678
Finished training EB wellspecified, with SURE: -0.07430251760105465
Finished training EB wellspecified, with in-sample MSE: 0.006485315712027293
m: 476
Finished solving NPMLE, with SURE 0.91594356140251
Finished solving NPMLE, with in-sample MSE 0.08971066739946192
Finished solving parametric estimator, with SURE 0.10852337866030926
Finished solving parametric estimator, with in-sample MSE 0.0621437960387008
Finished solving EBCF, with in-sample MSE 0.05519210793114172
Finished training EB SURE-LS, with SURE: 0.04095083666077926
Finished training EB SURE-LS, with in-sample MSE: 0.01377220947482416
use_scale: True
use_location: False
Finished training EB misspecified with NPMLE init, with SURE: 0.08930673599478624
Finished training EB misspecified with NPMLE init, with in-sample MSE: 0.08262203356549574
Finished training EB misspecified, with SURE: 0.09857193977304206
Finished training EB misspecified, with in-sample MSE: 0.0661049663095156
Finished training EB wellspecified, with SURE: -0.0486147711790043
Finished training EB wellspecified, with in-sample MSE: 0.14236217199662468
m: 477
Finished solving NPMLE, with SURE 1.44828302484573
Finished solving NPMLE, with in-sample MSE 0.1336406318241937
Finished solving parametric estimator, with SURE 0.14477284162357257
Finished solving parametric estimator, with in-sample MSE 0.06582203404556754
Finished solving EBCF, with in-sample MSE 0.048995736287641145
Finished training EB SURE-LS, with SURE: 0.04456926636860286
Finished training EB SURE-LS, with in-sample MSE: 0.05374761914631249
use_scale: True
use_location: False
Finished training EB misspecified with NPMLE init, with SURE: 0.07136815614468311
Finished training EB misspecified with NPMLE init, with in-sample MSE: 0.14397564680843955
Finished training EB misspecified, with SURE: 0.0713437850019433
Finished training EB misspecified, with in-sample MSE: 0.14383854427401815
Finished training EB wellspecified, with SURE: 0.014339835391441449
Finished training EB wellspecified, with in-sample MSE: 0.10808973275914477
m: 478
Finished solving NPMLE, with SURE 0.8635248808199943
Finished solving NPMLE, with in-sample MSE 0.15536229757589942
Finished solving parametric estimator, with SURE 0.152191726098663
Finished solving parametric estimator, with in-sample MSE 0.09406855115685397
Finished solving EBCF, with in-sample MSE 0.05772214941385092
Finished training EB SURE-LS, with SURE: 0.09156269149176219
Finished training EB SURE-LS, with in-sample MSE: 0.05354511459329937
use_scale: True
use_location: False
Finished training EB misspecified with NPMLE init, with SURE: 0.11222824375535283
Finished training EB misspecified with NPMLE init, with in-sample MSE: 0.14108345252826054
Finished training EB misspecified, with SURE: 0.11224630823447797
Finished training EB misspecified, with in-sample MSE: 0.14100917303839217
Finished training EB wellspecified, with SURE: -0.025930735459446432
Finished training EB wellspecified, with in-sample MSE: 0.22998516068932168
m: 479
Finished solving NPMLE, with SURE 0.4910450995160106
Finished solving NPMLE, with in-sample MSE 0.07161780666454552
Finished solving parametric estimator, with SURE 0.039517376597766274
Finished solving parametric estimator, with in-sample MSE 0.05557166723981096
Finished solving EBCF, with in-sample MSE 0.008688095044203089
Finished training EB SURE-LS, with SURE: -0.039863543586579245
Finished training EB SURE-LS, with in-sample MSE: 0.0037656713495262295
use_scale: True
use_location: False
Finished training EB misspecified with NPMLE init, with SURE: 0.0314974113870656
Finished training EB misspecified with NPMLE init, with in-sample MSE: 0.059392678370754355
Finished training EB misspecified, with SURE: 0.031509099500081135
Finished training EB misspecified, with in-sample MSE: 0.0594007937268396
Finished training EB wellspecified, with SURE: -0.07681091275164509
Finished training EB wellspecified, with in-sample MSE: 0.04862857110683247
m: 480
Finished solving NPMLE, with SURE 0.6281160512209836
Finished solving NPMLE, with in-sample MSE 0.09599879228079088
Finished solving parametric estimator, with SURE 0.04813928981935217
Finished solving parametric estimator, with in-sample MSE 0.05895700095849347
Finished solving EBCF, with in-sample MSE 0.006466744843546479
Finished training EB SURE-LS, with SURE: -0.023113113563891653
Finished training EB SURE-LS, with in-sample MSE: 0.004633475361513179
use_scale: True
use_location: False
Finished training EB misspecified with NPMLE init, with SURE: 0.031848397646259984
Finished training EB misspecified with NPMLE init, with in-sample MSE: 0.06126758890005755
Finished training EB misspecified, with SURE: 0.031854166893337206
Finished training EB misspecified, with in-sample MSE: 0.061279709171235465
Finished training EB wellspecified, with SURE: -0.05401232361868715
Finished training EB wellspecified, with in-sample MSE: 0.055861380678441735
m: 481
Finished solving NPMLE, with SURE 0.9320029528413716
Finished solving NPMLE, with in-sample MSE 0.06587759470892375
Finished solving parametric estimator, with SURE 0.0587881745391271
Finished solving parametric estimator, with in-sample MSE 0.05263410510068171
Finished solving EBCF, with in-sample MSE 0.010034550426412468
Finished training EB SURE-LS, with SURE: -0.01693417846408712
Finished training EB SURE-LS, with in-sample MSE: 0.004226893899693273
use_scale: True
use_location: False
Finished training EB misspecified with NPMLE init, with SURE: 0.042353580444099564
Finished training EB misspecified with NPMLE init, with in-sample MSE: 0.060015728618824454
Finished training EB misspecified, with SURE: 0.04236683625705233
Finished training EB misspecified, with in-sample MSE: 0.0600121533921215
Finished training EB wellspecified, with SURE: -0.06939916240587142
Finished training EB wellspecified, with in-sample MSE: 0.06836062633605344
m: 482
Finished solving NPMLE, with SURE 0.4642331141079682
Finished solving NPMLE, with in-sample MSE 0.0706911325475192
Finished solving parametric estimator, with SURE 0.06640013637577663
Finished solving parametric estimator, with in-sample MSE 0.05131711333971329
Finished solving EBCF, with in-sample MSE 0.006560023934470155
Finished training EB SURE-LS, with SURE: 0.01832821199779045
Finished training EB SURE-LS, with in-sample MSE: 0.003459073663843193
use_scale: True
use_location: False
Finished training EB misspecified with NPMLE init, with SURE: 0.04551504110881325
Finished training EB misspecified with NPMLE init, with in-sample MSE: 0.08487654418019329
Finished training EB misspecified, with SURE: 0.04552853297124486
Finished training EB misspecified, with in-sample MSE: 0.08483045710921923
Finished training EB wellspecified, with SURE: -0.05865456567784638
Finished training EB wellspecified, with in-sample MSE: 0.1050075531412039
m: 483
Finished solving NPMLE, with SURE 0.8041117699194286
Finished solving NPMLE, with in-sample MSE 0.09040926696882114
Finished solving parametric estimator, with SURE 0.07886716162673452
Finished solving parametric estimator, with in-sample MSE 0.05745944978949051
Finished solving EBCF, with in-sample MSE 0.022000909716977834
Finished training EB SURE-LS, with SURE: -0.0004775396834502188
Finished training EB SURE-LS, with in-sample MSE: 0.004548324903551346
use_scale: True
use_location: False
Finished training EB misspecified with NPMLE init, with SURE: 0.0672277240710202
Finished training EB misspecified with NPMLE init, with in-sample MSE: 0.051523936255819865
Finished training EB misspecified, with SURE: 0.06721081624326608
Finished training EB misspecified, with in-sample MSE: 0.051541883942756446
Finished training EB wellspecified, with SURE: -0.020128530433393008
Finished training EB wellspecified, with in-sample MSE: 0.01884532107201091
m: 484
Finished solving NPMLE, with SURE 0.7412607688154325
Finished solving NPMLE, with in-sample MSE 0.09447536245601024
Finished solving parametric estimator, with SURE 0.006274686685690312
Finished solving parametric estimator, with in-sample MSE 0.0656075980406846
Finished solving EBCF, with in-sample MSE 0.020017481159882212
Finished training EB SURE-LS, with SURE: -0.09180022546702268
Finished training EB SURE-LS, with in-sample MSE: 0.01865400215345576
use_scale: True
use_location: False
Finished training EB misspecified with NPMLE init, with SURE: -0.004922848841903189
Finished training EB misspecified with NPMLE init, with in-sample MSE: 0.06365614802283487
Finished training EB misspecified, with SURE: 2.433798403281173e-05
Finished training EB misspecified, with in-sample MSE: 0.06699705854353144
Finished training EB wellspecified, with SURE: -0.10500677097735672
Finished training EB wellspecified, with in-sample MSE: 0.03284320755458798
m: 485
Finished solving NPMLE, with SURE 0.733831211240814
Finished solving NPMLE, with in-sample MSE 0.07970455938367176
Finished solving parametric estimator, with SURE -0.029198919204980134
Finished solving parametric estimator, with in-sample MSE 0.05548665696542417
Finished solving EBCF, with in-sample MSE 0.00921413613916375
Finished training EB SURE-LS, with SURE: -0.1311588987444169
Finished training EB SURE-LS, with in-sample MSE: 0.00633734766981867
use_scale: True
use_location: False
Finished training EB misspecified with NPMLE init, with SURE: -0.03608471634670913
Finished training EB misspecified with NPMLE init, with in-sample MSE: 0.05274557834793803
Finished training EB misspecified, with SURE: -0.036077766676120435
Finished training EB misspecified, with in-sample MSE: 0.05273862368147249
Finished training EB wellspecified, with SURE: -0.14205549812544116
Finished training EB wellspecified, with in-sample MSE: 0.014309635069860844
m: 486
Finished solving NPMLE, with SURE 0.6614788280482862
Finished solving NPMLE, with in-sample MSE 0.12495137114416116
Finished solving parametric estimator, with SURE 0.13224430170691798
Finished solving parametric estimator, with in-sample MSE 0.07930083826114882
Finished solving EBCF, with in-sample MSE 0.06707124828350766
Finished training EB SURE-LS, with SURE: 0.1139866778341435
Finished training EB SURE-LS, with in-sample MSE: 0.03730642574621807
use_scale: True
use_location: False
Finished training EB misspecified with NPMLE init, with SURE: 0.09456277452091329
Finished training EB misspecified with NPMLE init, with in-sample MSE: 0.11844521278920034
Finished training EB misspecified, with SURE: 0.0945927829126589
Finished training EB misspecified, with in-sample MSE: 0.11840067028910994
Finished training EB wellspecified, with SURE: 0.008382316530336964
Finished training EB wellspecified, with in-sample MSE: 0.15967195656221503
m: 487
Finished solving NPMLE, with SURE 0.5408170659782986
Finished solving NPMLE, with in-sample MSE 0.08768130166743354
Finished solving parametric estimator, with SURE 0.09938295364765232
Finished solving parametric estimator, with in-sample MSE 0.0622531456361978
Finished solving EBCF, with in-sample MSE 0.031181966154777703
Finished training EB SURE-LS, with SURE: 0.023509693352836616
Finished training EB SURE-LS, with in-sample MSE: 0.0434559721367326
use_scale: True
use_location: False
Finished training EB misspecified with NPMLE init, with SURE: 0.0845799548026882
Finished training EB misspecified with NPMLE init, with in-sample MSE: 0.06025338067221672
Finished training EB misspecified, with SURE: 0.08458049174144805
Finished training EB misspecified, with in-sample MSE: 0.06025414474962916
Finished training EB wellspecified, with SURE: -0.04076369495895208
Finished training EB wellspecified, with in-sample MSE: 0.14730442268036145
m: 488
Finished solving NPMLE, with SURE 0.8832110355490932
Finished solving NPMLE, with in-sample MSE 0.10118050692689097
Finished solving parametric estimator, with SURE 0.024280039231752815
Finished solving parametric estimator, with in-sample MSE 0.0639629869351541
Finished solving EBCF, with in-sample MSE 0.005181321643109494
Finished training EB SURE-LS, with SURE: -0.04810362898804616
Finished training EB SURE-LS, with in-sample MSE: 0.0009377325600431803
use_scale: True
use_location: False
Finished training EB misspecified with NPMLE init, with SURE: 0.018367928024017176
Finished training EB misspecified with NPMLE init, with in-sample MSE: 0.06311353834657242
Finished training EB misspecified, with SURE: 0.01811609425360551
Finished training EB misspecified, with in-sample MSE: 0.06044299874633099
Finished training EB wellspecified, with SURE: -0.05327500311721152
Finished training EB wellspecified, with in-sample MSE: 0.006337838631982217
m: 489
Finished solving NPMLE, with SURE 0.6904168257016735
Finished solving NPMLE, with in-sample MSE 0.07765672572773648
Finished solving parametric estimator, with SURE 0.06458517334289249
Finished solving parametric estimator, with in-sample MSE 0.05387265815654402
Finished solving EBCF, with in-sample MSE 0.014038740926044097
Finished training EB SURE-LS, with SURE: -0.023624781806698227
Finished training EB SURE-LS, with in-sample MSE: 0.0032928004177787303
use_scale: True
use_location: False
Finished training EB misspecified with NPMLE init, with SURE: 0.04910382462463133
Finished training EB misspecified with NPMLE init, with in-sample MSE: 0.05397814601854109
Finished training EB misspecified, with SURE: 0.04911422804948458
Finished training EB misspecified, with in-sample MSE: 0.05398881361215361
Finished training EB wellspecified, with SURE: -0.029798004200715822
Finished training EB wellspecified, with in-sample MSE: 0.007293340009277325
m: 490
Finished solving NPMLE, with SURE 0.598855683695304
Finished solving NPMLE, with in-sample MSE 0.11080009093200922
Finished solving parametric estimator, with SURE 0.010249302256090831
Finished solving parametric estimator, with in-sample MSE 0.07420667036311535
Finished solving EBCF, with in-sample MSE 0.015833114274504484
Finished training EB SURE-LS, with SURE: -0.05676466446444795
Finished training EB SURE-LS, with in-sample MSE: 0.031061057733285376
use_scale: True
use_location: False
Finished training EB misspecified with NPMLE init, with SURE: 0.001939105087597355
Finished training EB misspecified with NPMLE init, with in-sample MSE: 0.07391475335662451
Finished training EB misspecified, with SURE: 0.0022311412421342426
Finished training EB misspecified, with in-sample MSE: 0.07681199069637094
Finished training EB wellspecified, with SURE: -0.0838768718640501
Finished training EB wellspecified, with in-sample MSE: 0.06625171878960275
m: 491
Finished solving NPMLE, with SURE 0.7514735278176926
Finished solving NPMLE, with in-sample MSE 0.07945957123901456
Finished solving parametric estimator, with SURE 0.008954494266030233
Finished solving parametric estimator, with in-sample MSE 0.06105797513977799
Finished solving EBCF, with in-sample MSE 0.009176795029292929
Finished training EB SURE-LS, with SURE: -0.06635002704018934
Finished training EB SURE-LS, with in-sample MSE: 0.001193176842996529
use_scale: True
use_location: False
Finished training EB misspecified with NPMLE init, with SURE: -0.0017188605710246208
Finished training EB misspecified with NPMLE init, with in-sample MSE: 0.05555153207270665
Finished training EB misspecified, with SURE: -0.0017143039611607236
Finished training EB misspecified, with in-sample MSE: 0.055547648880532534
Finished training EB wellspecified, with SURE: -0.0784912474041395
Finished training EB wellspecified, with in-sample MSE: 0.009320295019605952
m: 492
Finished solving NPMLE, with SURE 0.6072671698930318
Finished solving NPMLE, with in-sample MSE 0.09066979744243575
Finished solving parametric estimator, with SURE 0.09625077560555001
Finished solving parametric estimator, with in-sample MSE 0.05960727195718871
Finished solving EBCF, with in-sample MSE 0.026461816468884552
Finished training EB SURE-LS, with SURE: 0.05249486707202982
Finished training EB SURE-LS, with in-sample MSE: 0.010846159617566069
use_scale: True
use_location: False
Finished training EB misspecified with NPMLE init, with SURE: 0.0823173954264803
Finished training EB misspecified with NPMLE init, with in-sample MSE: 0.0717951808600255
Finished training EB misspecified, with SURE: 0.08236749979816885
Finished training EB misspecified, with in-sample MSE: 0.07173658371726761
Finished training EB wellspecified, with SURE: 0.0061490203183094125
Finished training EB wellspecified, with in-sample MSE: 0.06884834965029682
m: 493
Finished solving NPMLE, with SURE 0.5013376518967929
Finished solving NPMLE, with in-sample MSE 0.06885258875668315
Finished solving parametric estimator, with SURE 0.053603231175014365
Finished solving parametric estimator, with in-sample MSE 0.057290935291093754
Finished solving EBCF, with in-sample MSE 0.033907843280722647
Finished training EB SURE-LS, with SURE: 0.005711532615731818
Finished training EB SURE-LS, with in-sample MSE: 0.003846644954871616
use_scale: True
use_location: False
Finished training EB misspecified with NPMLE init, with SURE: 0.042051195001124524
Finished training EB misspecified with NPMLE init, with in-sample MSE: 0.06022368865508208
Finished training EB misspecified, with SURE: 0.042054607830416306
Finished training EB misspecified, with in-sample MSE: 0.06022107425698579
Finished training EB wellspecified, with SURE: -0.0757835492311843
Finished training EB wellspecified, with in-sample MSE: 0.1537672321781531
m: 494
Finished solving NPMLE, with SURE 0.519052066090787
Finished solving NPMLE, with in-sample MSE 0.10486313346354123
Finished solving parametric estimator, with SURE 0.014113649462970557
Finished solving parametric estimator, with in-sample MSE 0.06554264456320338
Finished solving EBCF, with in-sample MSE 0.0077875591982739896
Finished training EB SURE-LS, with SURE: -0.040714261094687426
Finished training EB SURE-LS, with in-sample MSE: 0.0036015268924345996
use_scale: True
use_location: False
Finished training EB misspecified with NPMLE init, with SURE: 0.008430108662019578
Finished training EB misspecified with NPMLE init, with in-sample MSE: 0.06216431788968602
Finished training EB misspecified, with SURE: 0.008432023022097682
Finished training EB misspecified, with in-sample MSE: 0.0621682524062766
Finished training EB wellspecified, with SURE: -0.05562990417251466
Finished training EB wellspecified, with in-sample MSE: 0.01438112413831466
m: 495
Finished solving NPMLE, with SURE 0.6246971497049273
Finished solving NPMLE, with in-sample MSE 0.06083421356295049
Finished solving parametric estimator, with SURE 0.054413958667439255
Finished solving parametric estimator, with in-sample MSE 0.050031819929821975
Finished solving EBCF, with in-sample MSE 0.02596955562553373
Finished training EB SURE-LS, with SURE: -0.022974263333429414
Finished training EB SURE-LS, with in-sample MSE: 0.019008495773409927
use_scale: True
use_location: False
Finished training EB misspecified with NPMLE init, with SURE: 0.04038189369934713
Finished training EB misspecified with NPMLE init, with in-sample MSE: 0.054730766949160896
Finished training EB misspecified, with SURE: 0.04038901605274319
Finished training EB misspecified, with in-sample MSE: 0.05472591007619971
Finished training EB wellspecified, with SURE: -0.03152324883727341
Finished training EB wellspecified, with in-sample MSE: 0.02507089051622581
m: 496
Finished solving NPMLE, with SURE 1.0857367104848636
Finished solving NPMLE, with in-sample MSE 0.09727157028717125
Finished solving parametric estimator, with SURE 0.09870386932448255
Finished solving parametric estimator, with in-sample MSE 0.053377466597216046
Finished solving EBCF, with in-sample MSE 0.03723035936098028
Finished training EB SURE-LS, with SURE: 0.004883901290150794
Finished training EB SURE-LS, with in-sample MSE: 0.014711366152774605
use_scale: True
use_location: False
Finished training EB misspecified with NPMLE init, with SURE: 0.060737994877630826
Finished training EB misspecified with NPMLE init, with in-sample MSE: 0.09912828498420138
Finished training EB misspecified, with SURE: 0.08071900595010582
Finished training EB misspecified, with in-sample MSE: 0.049734915533700234
Finished training EB wellspecified, with SURE: -0.018944023136257055
Finished training EB wellspecified, with in-sample MSE: 0.036004833331568495
m: 497
Finished solving NPMLE, with SURE 0.2849385536037666
Finished solving NPMLE, with in-sample MSE 0.07263540468636526
Finished solving parametric estimator, with SURE 0.10952016697998912
Finished solving parametric estimator, with in-sample MSE 0.0563129782312282
Finished solving EBCF, with in-sample MSE 0.042197076614821326
Finished training EB SURE-LS, with SURE: 0.06509917987400222
Finished training EB SURE-LS, with in-sample MSE: 0.013737983527977084
use_scale: True
use_location: False
Finished training EB misspecified with NPMLE init, with SURE: 0.10027643754174627
Finished training EB misspecified with NPMLE init, with in-sample MSE: 0.057317888294685544
Finished training EB misspecified, with SURE: 0.10032604915174737
Finished training EB misspecified, with in-sample MSE: 0.05734254663390915
Finished training EB wellspecified, with SURE: 0.021473624615762882
Finished training EB wellspecified, with in-sample MSE: 0.08369575225607077
m: 498
Finished solving NPMLE, with SURE 0.46514559786587706
Finished solving NPMLE, with in-sample MSE 0.09036247980372167
Finished solving parametric estimator, with SURE 0.03375834272427258
Finished solving parametric estimator, with in-sample MSE 0.05708064663773908
Finished solving EBCF, with in-sample MSE 0.01945759508185057
Finished training EB SURE-LS, with SURE: -0.020803941798788996
Finished training EB SURE-LS, with in-sample MSE: 0.0023783286539752007
use_scale: True
use_location: False
Finished training EB misspecified with NPMLE init, with SURE: 0.024547628203062503
Finished training EB misspecified with NPMLE init, with in-sample MSE: 0.05741524406097481
Finished training EB misspecified, with SURE: 0.02457374212372116
Finished training EB misspecified, with in-sample MSE: 0.05742179734336411
Finished training EB wellspecified, with SURE: -0.1111984417620775
Finished training EB wellspecified, with in-sample MSE: 0.12934450543813308
m: 499
Finished solving NPMLE, with SURE 0.6974360983691545
Finished solving NPMLE, with in-sample MSE 0.10737136689399521
Finished solving parametric estimator, with SURE 0.15438946157693195
Finished solving parametric estimator, with in-sample MSE 0.08163391947202053
Finished solving EBCF, with in-sample MSE 0.0768688394244185
Finished training EB SURE-LS, with SURE: 0.12124080769935294
Finished training EB SURE-LS, with in-sample MSE: 0.04332981820067221
use_scale: True
use_location: False
Finished training EB misspecified with NPMLE init, with SURE: 0.12924855277693426
Finished training EB misspecified with NPMLE init, with in-sample MSE: 0.09998242519297985
Finished training EB misspecified, with SURE: 0.1292786029970557
Finished training EB misspecified, with in-sample MSE: 0.09997889549723223
Finished training EB wellspecified, with SURE: 0.04474795373299155
Finished training EB wellspecified, with in-sample MSE: 0.13504203185874256
submitit INFO (2026-08-24 20:35:46,483) - Job completed successfully
submitit INFO (2026-08-24 20:35:46,500) - Exiting after successful completion
