submitit INFO (2026-08-25 10:28:23,346) - Starting with JobEnvironment(job_id=1486263, hostname=k001, local_rank=0(1), node=0(1), global_rank=0(1))
submitit INFO (2026-08-25 10:28:23,346) - Loading pickle: /home/amberlee0516/score-matching-empirical-bayes/submitit_log/1486263/1486263_submitted.pkl
simulate_data.py: device = cuda:0
m_sim: 0
Finished solving NPMLE, with SURE 0.23077029990296566
Finished solving NPMLE, with in-sample MSE 0.08549596974742771
m_sim: 1
Finished solving NPMLE, with SURE 0.46901862893446133
Finished solving NPMLE, with in-sample MSE 0.10366338433447235
m_sim: 2
Finished solving NPMLE, with SURE 0.7644703533886548
Finished solving NPMLE, with in-sample MSE 0.07945488509649572
m_sim: 3
Finished solving NPMLE, with SURE 0.3124768190987362
Finished solving NPMLE, with in-sample MSE 0.09333208378147856
m_sim: 4
Finished solving NPMLE, with SURE 0.43409308569227933
Finished solving NPMLE, with in-sample MSE 0.0720106640423897
m_sim: 5
Finished solving NPMLE, with SURE 0.7698636017550817
Finished solving NPMLE, with in-sample MSE 0.0924916406023699
m_sim: 6
Finished solving NPMLE, with SURE 0.24344900717378976
Finished solving NPMLE, with in-sample MSE 0.06921442222796455
m_sim: 7
Finished solving NPMLE, with SURE 0.4371089596445654
Finished solving NPMLE, with in-sample MSE 0.06865683284873182
m_sim: 8
Finished solving NPMLE, with SURE 0.7195898251458036
Finished solving NPMLE, with in-sample MSE 0.09025041665971241
m_sim: 9
Finished solving NPMLE, with SURE 0.48526906875576586
Finished solving NPMLE, with in-sample MSE 0.10436424173659636
df:              estimator      sure  ...  sure_2000th_iter  sure_3000th_iter
0                NPMLE  0.230770  ...               NaN               NaN
1      SURE-PM uniform -0.038382  ...         -0.038125         -0.038338
2    SURE-PM NPMLEinit -0.038410  ...         -0.038409         -0.038409
3       SURE-PM random -0.038378  ...         -0.038139         -0.038332
4       SURE-PM random -0.038381  ...         -0.038102         -0.038333
..                 ...       ...  ...               ...               ...
125     SURE-PM random -0.013739  ...         -0.013413         -0.013727
126     SURE-PM random -0.013738  ...         -0.013526         -0.013724
127     SURE-PM random -0.013737  ...         -0.013238         -0.013719
128     SURE-PM random -0.013738  ...         -0.013430         -0.013722
129     SURE-PM random -0.013739  ...         -0.013488         -0.013726

[130 rows x 5 columns]
m_sim: 0
Finished solving NPMLE, with SURE 0.02476959927878511
Finished solving NPMLE, with in-sample MSE 0.003843112604099703
m_sim: 1
Finished solving NPMLE, with SURE 0.0490456421556601
Finished solving NPMLE, with in-sample MSE 0.010689346975188179
m_sim: 2
Finished solving NPMLE, with SURE 0.1047976383891587
Finished solving NPMLE, with in-sample MSE 0.007875525423767434
m_sim: 3
Finished solving NPMLE, with SURE 0.06627377953836339
Finished solving NPMLE, with in-sample MSE 0.0046392270417817865
m_sim: 4
Finished solving NPMLE, with SURE 0.04174925833320204
Finished solving NPMLE, with in-sample MSE 0.007896405471976948
m_sim: 5
Finished solving NPMLE, with SURE 0.10700450761500666
Finished solving NPMLE, with in-sample MSE 0.005384574712839537
m_sim: 6
Finished solving NPMLE, with SURE 0.2205489656979187
Finished solving NPMLE, with in-sample MSE 0.004686427210020484
m_sim: 7
Finished solving NPMLE, with SURE 0.09260482184948497
Finished solving NPMLE, with in-sample MSE 0.005708761300561968
m_sim: 8
Finished solving NPMLE, with SURE 0.1375454397948568
Finished solving NPMLE, with in-sample MSE 0.006531192190487337
m_sim: 9
Finished solving NPMLE, with SURE -0.011956078136286533
Finished solving NPMLE, with in-sample MSE 0.011189953606715299
df:              estimator      sure  ...  sure_2000th_iter  sure_3000th_iter
0                NPMLE  0.024770  ...               NaN               NaN
1      SURE-PM uniform  0.008961  ...          0.008967          0.008962
2    SURE-PM NPMLEinit  0.008942  ...          0.008942          0.008942
3       SURE-PM random  0.008960  ...          0.008966          0.008961
4       SURE-PM random  0.008961  ...          0.008968          0.008962
..                 ...       ...  ...               ...               ...
125     SURE-PM random -0.024745  ...         -0.024733         -0.024744
126     SURE-PM random -0.024745  ...         -0.024730         -0.024742
127     SURE-PM random -0.024745  ...         -0.024731         -0.024743
128     SURE-PM random -0.024745  ...         -0.024731         -0.024743
129     SURE-PM random -0.024746  ...         -0.024736         -0.024745

[130 rows x 5 columns]
m_sim: 0
Finished solving NPMLE, with SURE 0.3936944226497805
Finished solving NPMLE, with in-sample MSE 0.23800996527533996
m_sim: 1
Finished solving NPMLE, with SURE 0.30528126642427844
Finished solving NPMLE, with in-sample MSE 0.35834121475358416
m_sim: 2
Finished solving NPMLE, with SURE 0.2936491233439875
Finished solving NPMLE, with in-sample MSE 0.2697795249087077
m_sim: 3
Finished solving NPMLE, with SURE 0.3998245806247079
Finished solving NPMLE, with in-sample MSE 0.2593783487823348
m_sim: 4
Finished solving NPMLE, with SURE 0.264709516426477
Finished solving NPMLE, with in-sample MSE 0.3540609949425506
m_sim: 5
Finished solving NPMLE, with SURE 0.29753711549376566
Finished solving NPMLE, with in-sample MSE 0.2719432300145766
m_sim: 6
Finished solving NPMLE, with SURE 0.27512885092570216
Finished solving NPMLE, with in-sample MSE 0.30813968506456335
m_sim: 7
Finished solving NPMLE, with SURE 0.36801299594018516
Finished solving NPMLE, with in-sample MSE 0.28834798004382467
m_sim: 8
Finished solving NPMLE, with SURE 0.3548664094170239
Finished solving NPMLE, with in-sample MSE 0.23908057672655367
m_sim: 9
Finished solving NPMLE, with SURE 0.2971610238958326
Finished solving NPMLE, with in-sample MSE 0.19801772311347943
df:              estimator      sure  ...  sure_2000th_iter  sure_3000th_iter
0                NPMLE  0.393694  ...               NaN               NaN
1      SURE-PM uniform  0.126424  ...          0.126485          0.126438
2    SURE-PM NPMLEinit  0.126394  ...          0.126397          0.126395
3       SURE-PM random  0.126426  ...          0.126490          0.126439
4       SURE-PM random  0.126424  ...          0.126483          0.126436
..                 ...       ...  ...               ...               ...
125     SURE-PM random  0.113222  ...          0.113280          0.113233
126     SURE-PM random  0.113222  ...          0.113282          0.113234
127     SURE-PM random  0.113223  ...          0.113301          0.113238
128     SURE-PM random  0.113228  ...          0.113288          0.113236
129     SURE-PM random  0.113222  ...          0.113289          0.113236

[130 rows x 5 columns]
m_sim: 0
Finished solving NPMLE, with SURE 0.9371823948290818
Finished solving NPMLE, with in-sample MSE 0.0935514288227422
m_sim: 1
Finished solving NPMLE, with SURE 0.992497346590381
Finished solving NPMLE, with in-sample MSE 0.07008348324655474
m_sim: 2
Finished solving NPMLE, with SURE 0.6880413013019916
Finished solving NPMLE, with in-sample MSE 0.08747841119352415
m_sim: 3
Finished solving NPMLE, with SURE 0.8064326905311028
Finished solving NPMLE, with in-sample MSE 0.09729174335489249
m_sim: 4
Finished solving NPMLE, with SURE 0.6467470567454001
Finished solving NPMLE, with in-sample MSE 0.09221416008199496
m_sim: 5
Finished solving NPMLE, with SURE 0.8968181165923335
Finished solving NPMLE, with in-sample MSE 0.06648234057179793
m_sim: 6
Finished solving NPMLE, with SURE 0.8414251300323913
Finished solving NPMLE, with in-sample MSE 0.10148398257093152
m_sim: 7
Finished solving NPMLE, with SURE 0.868285782174537
Finished solving NPMLE, with in-sample MSE 0.07623158819391636
m_sim: 8
Finished solving NPMLE, with SURE 0.6542573878335264
Finished solving NPMLE, with in-sample MSE 0.09017311437488144
m_sim: 9
Finished solving NPMLE, with SURE 0.7680197601068164
Finished solving NPMLE, with in-sample MSE 0.078826672134831
df:              estimator      sure  ...  sure_2000th_iter  sure_3000th_iter
0                NPMLE  0.937182  ...               NaN               NaN
1      SURE-PM uniform  0.053023  ...          0.053088          0.053037
2    SURE-PM NPMLEinit  0.053014  ...          0.053016          0.053014
3       SURE-PM random  0.053023  ...          0.053083          0.053037
4       SURE-PM random  0.053023  ...          0.053086          0.053036
..                 ...       ...  ...               ...               ...
125     SURE-PM random  0.051384  ...          0.051425          0.051391
126     SURE-PM random  0.051383  ...          0.051424          0.051389
127     SURE-PM random  0.051383  ...          0.051422          0.051389
128     SURE-PM random  0.051383  ...          0.051420          0.051389
129     SURE-PM random  0.051383  ...          0.051421          0.051390

[130 rows x 5 columns]
m_sim: 0
Finished solving NPMLE, with SURE 1.5201857702725852
Finished solving NPMLE, with in-sample MSE 0.16755280248017343
m_sim: 1
Finished solving NPMLE, with SURE 1.5023426147816914
Finished solving NPMLE, with in-sample MSE 0.20660648035967913
m_sim: 2
Finished solving NPMLE, with SURE 1.4546162112688363
Finished solving NPMLE, with in-sample MSE 0.1925181176000012
m_sim: 3
Finished solving NPMLE, with SURE 1.0090028539142384
Finished solving NPMLE, with in-sample MSE 0.2333879010727445
m_sim: 4
Finished solving NPMLE, with SURE 1.0472207618093206
Finished solving NPMLE, with in-sample MSE 0.18530532786488416
m_sim: 5
Finished solving NPMLE, with SURE 1.2517070204799616
Finished solving NPMLE, with in-sample MSE 0.20915431219870684
m_sim: 6
Finished solving NPMLE, with SURE 1.125875954794825
Finished solving NPMLE, with in-sample MSE 0.1812463716000199
m_sim: 7
Finished solving NPMLE, with SURE 1.318040983840569
Finished solving NPMLE, with in-sample MSE 0.1801751875148134
m_sim: 8
Finished solving NPMLE, with SURE 1.516055358696912
Finished solving NPMLE, with in-sample MSE 0.18211706915529505
m_sim: 9
Finished solving NPMLE, with SURE 1.5349055822969606
Finished solving NPMLE, with in-sample MSE 0.18118822335619067
df:              estimator      sure  ...  sure_2000th_iter  sure_3000th_iter
0                NPMLE  1.520186  ...               NaN               NaN
1      SURE-PM uniform  0.131667  ...          0.132871          0.131704
2    SURE-PM NPMLEinit  0.131638  ...          0.131641          0.131639
3       SURE-PM random  0.131680  ...          0.132709          0.131734
4       SURE-PM random  0.131664  ...          0.132598          0.131687
..                 ...       ...  ...               ...               ...
125     SURE-PM random  0.123347  ...          0.123393          0.123359
126     SURE-PM random  0.123347  ...          0.123391          0.123359
127     SURE-PM random  0.123347  ...          0.123392          0.123359
128     SURE-PM random  0.123347  ...          0.123399          0.123360
129     SURE-PM random  0.123347  ...          0.123407          0.123360

[130 rows x 5 columns]
m_sim: 0
Finished solving NPMLE, with SURE 0.9404964113623541
Finished solving NPMLE, with in-sample MSE 0.33051319405663
m_sim: 1
Finished solving NPMLE, with SURE 1.114945124047381
Finished solving NPMLE, with in-sample MSE 0.3398442303110654
m_sim: 2
Finished solving NPMLE, with SURE 1.0492905212502373
Finished solving NPMLE, with in-sample MSE 0.45665389031969394
m_sim: 3
Finished solving NPMLE, with SURE 1.1959070151942395
Finished solving NPMLE, with in-sample MSE 0.4435945561507399
m_sim: 4
Finished solving NPMLE, with SURE 1.1039807562778465
Finished solving NPMLE, with in-sample MSE 0.36944737926043897
m_sim: 5
Finished solving NPMLE, with SURE 1.0449557651450687
Finished solving NPMLE, with in-sample MSE 0.4756804546585747
m_sim: 6
Finished solving NPMLE, with SURE 1.0924002177352703
Finished solving NPMLE, with in-sample MSE 0.44902518844095884
m_sim: 7
Finished solving NPMLE, with SURE 1.3345102550704433
Finished solving NPMLE, with in-sample MSE 0.4918819409099326
m_sim: 8
Finished solving NPMLE, with SURE 1.275492781810871
Finished solving NPMLE, with in-sample MSE 0.4184516791586775
m_sim: 9
Finished solving NPMLE, with SURE 1.1230095262196509
Finished solving NPMLE, with in-sample MSE 0.3835168965041831
df:              estimator      sure  ...  sure_2000th_iter  sure_3000th_iter
0                NPMLE  0.940496  ...               NaN               NaN
1      SURE-PM uniform  0.305435  ...          0.305530          0.305451
2    SURE-PM NPMLEinit  0.305421  ...          0.305422          0.305421
3       SURE-PM random  0.305550  ...          0.305664          0.305567
4       SURE-PM random  0.305550  ...          0.305664          0.305568
..                 ...       ...  ...               ...               ...
125     SURE-PM random  0.339676  ...          0.339716          0.339685
126     SURE-PM random  0.339676  ...          0.339719          0.339685
127     SURE-PM random  0.339677  ...          0.339731          0.339687
128     SURE-PM random  0.339677  ...          0.339729          0.339687
129     SURE-PM random  0.339676  ...          0.339708          0.339683

[130 rows x 5 columns]
m_sim: 0
Finished solving NPMLE, with SURE 6.898461394901942
Finished solving NPMLE, with in-sample MSE 1.8222683244762485
m_sim: 1
Finished solving NPMLE, with SURE 6.745540113865351
Finished solving NPMLE, with in-sample MSE 1.5421573437250302
m_sim: 2
Finished solving NPMLE, with SURE 6.498391304458353
Finished solving NPMLE, with in-sample MSE 1.8765152089384265
m_sim: 3
Finished solving NPMLE, with SURE 8.617021547982096
Finished solving NPMLE, with in-sample MSE 1.3975648752949885
m_sim: 4
Finished solving NPMLE, with SURE 5.732002607838329
Finished solving NPMLE, with in-sample MSE 1.9250310917364728
m_sim: 5
Finished solving NPMLE, with SURE 5.949775223932411
Finished solving NPMLE, with in-sample MSE 1.479677763644513
m_sim: 6
Finished solving NPMLE, with SURE 5.8126227514044055
Finished solving NPMLE, with in-sample MSE 1.6037296843561504
m_sim: 7
Finished solving NPMLE, with SURE 5.988483569992838
Finished solving NPMLE, with in-sample MSE 1.735661222150007
m_sim: 8
Finished solving NPMLE, with SURE 6.7613910306461005
Finished solving NPMLE, with in-sample MSE 1.5929009302351054
m_sim: 9
Finished solving NPMLE, with SURE 7.80093896683941
Finished solving NPMLE, with in-sample MSE 1.5107584012063509
df:              estimator      sure  ...  sure_2000th_iter  sure_3000th_iter
0                NPMLE  6.898461  ...               NaN               NaN
1      SURE-PM uniform  1.445471  ...          1.445590          1.445494
2    SURE-PM NPMLEinit  1.423179  ...          1.423214          1.423186
3       SURE-PM random  1.445472  ...          1.445582          1.445495
4       SURE-PM random  1.445472  ...          1.445603          1.445506
..                 ...       ...  ...               ...               ...
125     SURE-PM random  1.437319  ...          1.437814          1.437387
126     SURE-PM random  1.437324  ...          1.437880          1.437404
127     SURE-PM random  1.437345  ...          1.438063          1.437466
128     SURE-PM random  1.437365  ...          1.438157          1.437503
129     SURE-PM random  1.437356  ...          1.438102          1.437489

[130 rows x 5 columns]
m_sim: 0
Finished solving NPMLE, with SURE 35.559624073607104
Finished solving NPMLE, with in-sample MSE 3.706948858768898
m_sim: 1
Finished solving NPMLE, with SURE 40.18722146680334
Finished solving NPMLE, with in-sample MSE 3.507149872109945
m_sim: 2
Finished solving NPMLE, with SURE 43.42757099908536
Finished solving NPMLE, with in-sample MSE 3.474054175824175
m_sim: 3
Finished solving NPMLE, with SURE 49.09336259344807
Finished solving NPMLE, with in-sample MSE 3.188272443347077
m_sim: 4
Finished solving NPMLE, with SURE 34.80492197051821
Finished solving NPMLE, with in-sample MSE 3.5017361154127724
m_sim: 5
Finished solving NPMLE, with SURE 25.704772587419143
Finished solving NPMLE, with in-sample MSE 3.9885532197393223
m_sim: 6
Finished solving NPMLE, with SURE 25.80159062243461
Finished solving NPMLE, with in-sample MSE 3.3462975497065734
m_sim: 7
Finished solving NPMLE, with SURE 29.095587631894606
Finished solving NPMLE, with in-sample MSE 4.193530093689927
m_sim: 8
Finished solving NPMLE, with SURE 23.410570488992107
Finished solving NPMLE, with in-sample MSE 3.929588912777813
m_sim: 9
Finished solving NPMLE, with SURE 26.50413976495322
Finished solving NPMLE, with in-sample MSE 3.4235743549258064
df:              estimator       sure  ...  sure_2000th_iter  sure_3000th_iter
0                NPMLE  35.559624  ...               NaN               NaN
1      SURE-PM uniform   2.559737  ...          2.643558          2.560126
2    SURE-PM NPMLEinit   2.559512  ...          2.559521          2.559514
3       SURE-PM random   2.559735  ...          2.642169          2.560105
4       SURE-PM random   2.559728  ...          2.647157          2.560098
..                 ...        ...  ...               ...               ...
125     SURE-PM random   2.890286  ...          3.069784          3.013439
126     SURE-PM random   2.904361  ...          3.069077          3.015007
127     SURE-PM random   2.905365  ...          3.069087          3.015850
128     SURE-PM random   2.905005  ...          3.069133          3.016084
129     SURE-PM random   2.905293  ...          3.069806          3.015793

[130 rows x 5 columns]
submitit INFO (2026-08-25 14:02:32,787) - Job completed successfully
submitit INFO (2026-08-25 14:02:32,789) - Exiting after successful completion
