submitit INFO (2026-08-24 18:49:09,556) - Starting with JobEnvironment(job_id=1484548, hostname=j005-ds, local_rank=0(1), node=0(1), global_rank=0(1))
submitit INFO (2026-08-24 18:49:09,556) - Loading pickle: /home/amberlee0516/score-matching-empirical-bayes/submitit_log/1484548/1484548_submitted.pkl
simulate_data.py: device = cuda:0

n: 100
m: 250
Finished solving NPMLE, with SURE 0.5918001587591007
Finished solving NPMLE, with in-sample MSE 0.12082369583004454
Finished solving parametric estimator, with SURE -0.10785458215954391
Finished solving parametric estimator, with in-sample MSE 0.07445216422503093
Finished solving EBCF, with in-sample MSE 0.039926541723579526
Finished training EB SURE-LS, with SURE: -0.16594678386855058
Finished training EB SURE-LS, with in-sample MSE: 0.00755005640563972
use_scale: True
use_location: False
Finished training EB misspecified with NPMLE init, with SURE: -0.11875338709631166
Finished training EB misspecified with NPMLE init, with in-sample MSE: 0.0744521081578531
Finished training EB misspecified, with SURE: -0.11875156263905978
Finished training EB misspecified, with in-sample MSE: 0.07445200157081207
Finished training EB wellspecified, with SURE: -0.11875279432804928
Finished training EB wellspecified, with in-sample MSE: 0.07445154950640866
m: 251
Finished solving NPMLE, with SURE 0.5304473165410368
Finished solving NPMLE, with in-sample MSE 0.11063299533803869
Finished solving parametric estimator, with SURE -0.0273146499827272
Finished solving parametric estimator, with in-sample MSE 0.06117703483430745
Finished solving EBCF, with in-sample MSE 0.0158368401234903
Finished training EB SURE-LS, with SURE: -0.17307281801936142
Finished training EB SURE-LS, with in-sample MSE: 0.013094335613141496
use_scale: True
use_location: False
Finished training EB misspecified with NPMLE init, with SURE: -0.04640214198703113
Finished training EB misspecified with NPMLE init, with in-sample MSE: 0.05603192880579278
Finished training EB misspecified, with SURE: -0.04639021992326761
Finished training EB misspecified, with in-sample MSE: 0.056035092091234605
Finished training EB wellspecified, with SURE: -0.19381078203381458
Finished training EB wellspecified, with in-sample MSE: 0.04224111356150794
m: 252
Finished solving NPMLE, with SURE 0.6956937041279115
Finished solving NPMLE, with in-sample MSE 0.08541956707006904
Finished solving parametric estimator, with SURE -0.05157358844752091
Finished solving parametric estimator, with in-sample MSE 0.06896346682794159
Finished solving EBCF, with in-sample MSE 0.01972879417125496
Finished training EB SURE-LS, with SURE: -0.09325245219369648
Finished training EB SURE-LS, with in-sample MSE: 0.00792735847008847
use_scale: True
use_location: False
Finished training EB misspecified with NPMLE init, with SURE: -0.061671930985470524
Finished training EB misspecified with NPMLE init, with in-sample MSE: 0.06895911883963962
Finished training EB misspecified, with SURE: -0.06167139788026383
Finished training EB misspecified, with in-sample MSE: 0.06896081286989884
Finished training EB wellspecified, with SURE: -0.11766543043224853
Finished training EB wellspecified, with in-sample MSE: 0.03975082880575267
m: 253
Finished solving NPMLE, with SURE 0.9031464898370811
Finished solving NPMLE, with in-sample MSE 0.07294448324379549
Finished solving parametric estimator, with SURE 0.03148199820758202
Finished solving parametric estimator, with in-sample MSE 0.053628417155306585
Finished solving EBCF, with in-sample MSE 0.00932495544897961
Finished training EB SURE-LS, with SURE: -0.09295457633732507
Finished training EB SURE-LS, with in-sample MSE: 0.010412152734442324
use_scale: True
use_location: False
Finished training EB misspecified with NPMLE init, with SURE: 0.016983746228191165
Finished training EB misspecified with NPMLE init, with in-sample MSE: 0.05690979148131953
Finished training EB misspecified, with SURE: 0.016995237960341712
Finished training EB misspecified, with in-sample MSE: 0.05691167287140357
Finished training EB wellspecified, with SURE: -0.12882157876322967
Finished training EB wellspecified, with in-sample MSE: 0.050930495003243245
m: 254
Finished solving NPMLE, with SURE 0.7289529404400713
Finished solving NPMLE, with in-sample MSE 0.09379579596819648
Finished solving parametric estimator, with SURE 0.08443319511812064
Finished solving parametric estimator, with in-sample MSE 0.05852206761748963
Finished solving EBCF, with in-sample MSE 0.06045840204632197
Finished training EB SURE-LS, with SURE: -0.10298442269445929
Finished training EB SURE-LS, with in-sample MSE: 0.09658664193499533
use_scale: True
use_location: False
Finished training EB misspecified with NPMLE init, with SURE: 0.07141467854268299
Finished training EB misspecified with NPMLE init, with in-sample MSE: 0.0550195664276485
Finished training EB misspecified, with SURE: 0.07141757056455277
Finished training EB misspecified, with in-sample MSE: 0.05501939430616064
Finished training EB wellspecified, with SURE: -0.12412710714307756
Finished training EB wellspecified, with in-sample MSE: 0.13745138132604906
m: 255
Finished solving NPMLE, with SURE 0.7999543003902932
Finished solving NPMLE, with in-sample MSE 0.16666951599543608
Finished solving parametric estimator, with SURE 0.0024206117109095704
Finished solving parametric estimator, with in-sample MSE 0.06854224116963514
Finished solving EBCF, with in-sample MSE 0.014717978726084036
Finished training EB SURE-LS, with SURE: -0.06264738454929013
Finished training EB SURE-LS, with in-sample MSE: 0.007953670498930608
use_scale: True
use_location: False
Finished training EB misspecified with NPMLE init, with SURE: -0.07153124414926644
Finished training EB misspecified with NPMLE init, with in-sample MSE: 0.16576125787696228
Finished training EB misspecified, with SURE: -0.07152135289814482
Finished training EB misspecified, with in-sample MSE: 0.16567358444674082
Finished training EB wellspecified, with SURE: -0.09321203587494481
Finished training EB wellspecified, with in-sample MSE: 0.049095736558484086
m: 256
Finished solving NPMLE, with SURE 0.749100255951827
Finished solving NPMLE, with in-sample MSE 0.07724493701274199
Finished solving parametric estimator, with SURE 0.08329323370094155
Finished solving parametric estimator, with in-sample MSE 0.06323982936238286
Finished solving EBCF, with in-sample MSE 0.042634873439976705
Finished training EB SURE-LS, with SURE: -0.016105311957006183
Finished training EB SURE-LS, with in-sample MSE: 0.02097826323497221
use_scale: True
use_location: False
Finished training EB misspecified with NPMLE init, with SURE: 0.04295980310867279
Finished training EB misspecified with NPMLE init, with in-sample MSE: 0.060690844467051114
Finished training EB misspecified, with SURE: 0.04296483662659952
Finished training EB misspecified, with in-sample MSE: 0.06068816717224894
Finished training EB wellspecified, with SURE: -0.1357607505763406
Finished training EB wellspecified, with in-sample MSE: 0.19611024852584333
m: 257
Finished solving NPMLE, with SURE 0.8831593932260721
Finished solving NPMLE, with in-sample MSE 0.10666541423398959
Finished solving parametric estimator, with SURE 0.07909108610650595
Finished solving parametric estimator, with in-sample MSE 0.06072839612685429
Finished solving EBCF, with in-sample MSE 0.06403337319822758
Finished training EB SURE-LS, with SURE: 0.01552055238190594
Finished training EB SURE-LS, with in-sample MSE: 0.0039540931499183855
use_scale: True
use_location: False
Finished training EB misspecified with NPMLE init, with SURE: 0.0558536597402496
Finished training EB misspecified with NPMLE init, with in-sample MSE: 0.057155484844983645
Finished training EB misspecified, with SURE: 0.05586651558701064
Finished training EB misspecified, with in-sample MSE: 0.05716089893502655
Finished training EB wellspecified, with SURE: -0.05022851802353803
Finished training EB wellspecified, with in-sample MSE: 0.0719721327036111
m: 258
Finished solving NPMLE, with SURE 0.6991281288848242
Finished solving NPMLE, with in-sample MSE 0.09977980614103603
Finished solving parametric estimator, with SURE 0.05344337242918279
Finished solving parametric estimator, with in-sample MSE 0.060056926620938214
Finished solving EBCF, with in-sample MSE 0.04460289640089849
Finished training EB SURE-LS, with SURE: 0.001140639137221351
Finished training EB SURE-LS, with in-sample MSE: 0.003218887734052261
use_scale: True
use_location: False
Finished training EB misspecified with NPMLE init, with SURE: 0.00033173192254977836
Finished training EB misspecified with NPMLE init, with in-sample MSE: 0.13101084181092099
Finished training EB misspecified, with SURE: 0.0003209201132403905
Finished training EB misspecified, with in-sample MSE: 0.13089537085822228
Finished training EB wellspecified, with SURE: -0.07426008725982372
Finished training EB wellspecified, with in-sample MSE: 0.08845303899622144
m: 259
Finished solving NPMLE, with SURE 0.887869618496397
Finished solving NPMLE, with in-sample MSE 0.09237063403272289
Finished solving parametric estimator, with SURE 0.02769914911600635
Finished solving parametric estimator, with in-sample MSE 0.0584435229008284
Finished solving EBCF, with in-sample MSE 0.016260002393353602
Finished training EB SURE-LS, with SURE: -0.08194611828621622
Finished training EB SURE-LS, with in-sample MSE: 0.007001049232966944
use_scale: True
use_location: False
Finished training EB misspecified with NPMLE init, with SURE: -0.0047919618149137476
Finished training EB misspecified with NPMLE init, with in-sample MSE: 0.1026476174711546
Finished training EB misspecified, with SURE: -0.004775013433818316
Finished training EB misspecified, with in-sample MSE: 0.10238164860534535
Finished training EB wellspecified, with SURE: -0.14264896167298438
Finished training EB wellspecified, with in-sample MSE: 0.08256883079203094
m: 260
Finished solving NPMLE, with SURE 0.24432316163923987
Finished solving NPMLE, with in-sample MSE 0.0696803711238698
Finished solving parametric estimator, with SURE 0.09708776194360091
Finished solving parametric estimator, with in-sample MSE 0.057195667800421186
Finished solving EBCF, with in-sample MSE 0.054540953029800575
Finished training EB SURE-LS, with SURE: 0.03380586160652576
Finished training EB SURE-LS, with in-sample MSE: 0.03420231184298543
use_scale: True
use_location: False
Finished training EB misspecified with NPMLE init, with SURE: 0.07962819297934758
Finished training EB misspecified with NPMLE init, with in-sample MSE: 0.06650828786380625
Finished training EB misspecified, with SURE: 0.07968368154017803
Finished training EB misspecified, with in-sample MSE: 0.06554610005039987
Finished training EB wellspecified, with SURE: -0.03964074366761398
Finished training EB wellspecified, with in-sample MSE: 0.17578531696192645
m: 261
Finished solving NPMLE, with SURE 0.5778421262830261
Finished solving NPMLE, with in-sample MSE 0.07781438511321496
Finished solving parametric estimator, with SURE 0.08770330117391723
Finished solving parametric estimator, with in-sample MSE 0.04750795619595206
Finished solving EBCF, with in-sample MSE 0.038141352132496684
Finished training EB SURE-LS, with SURE: 0.0007363893515351805
Finished training EB SURE-LS, with in-sample MSE: 0.03040250175468815
use_scale: True
use_location: False
Finished training EB misspecified with NPMLE init, with SURE: 0.048784868455528
Finished training EB misspecified with NPMLE init, with in-sample MSE: 0.06812568424241928
Finished training EB misspecified, with SURE: 0.04880460478491429
Finished training EB misspecified, with in-sample MSE: 0.06808366826762904
Finished training EB wellspecified, with SURE: -0.06313082472604375
Finished training EB wellspecified, with in-sample MSE: 0.1662549095141447
m: 262
Finished solving NPMLE, with SURE 0.9033948207479228
Finished solving NPMLE, with in-sample MSE 0.07522628915284538
Finished solving parametric estimator, with SURE 0.13598799941595907
Finished solving parametric estimator, with in-sample MSE 0.057526152785430586
Finished solving EBCF, with in-sample MSE 0.060044047856103754
Finished training EB SURE-LS, with SURE: 0.010762299007049208
Finished training EB SURE-LS, with in-sample MSE: 0.028642536602124357
use_scale: True
use_location: False
Finished training EB misspecified with NPMLE init, with SURE: 0.08513361491483366
Finished training EB misspecified with NPMLE init, with in-sample MSE: 0.09847580329670784
Finished training EB misspecified, with SURE: 0.08515384156754713
Finished training EB misspecified, with in-sample MSE: 0.0984704614651154
Finished training EB wellspecified, with SURE: 0.008007901192380693
Finished training EB wellspecified, with in-sample MSE: 0.037554755451242955
m: 263
Finished solving NPMLE, with SURE 0.2623636751009609
Finished solving NPMLE, with in-sample MSE 0.10733271140408737
Finished solving parametric estimator, with SURE 0.011601086483444711
Finished solving parametric estimator, with in-sample MSE 0.06710662522806364
Finished solving EBCF, with in-sample MSE 0.03826372576867655
Finished training EB SURE-LS, with SURE: -0.04365832722696995
Finished training EB SURE-LS, with in-sample MSE: 0.0033838715664954873
use_scale: True
use_location: False
Finished training EB misspecified with NPMLE init, with SURE: -0.035109790847123325
Finished training EB misspecified with NPMLE init, with in-sample MSE: 0.10820214732204692
Finished training EB misspecified, with SURE: -0.03510217699926536
Finished training EB misspecified, with in-sample MSE: 0.10815002923894479
Finished training EB wellspecified, with SURE: -0.1309578781646505
Finished training EB wellspecified, with in-sample MSE: 0.10035391064135882
m: 264
Finished solving NPMLE, with SURE 0.47384032536865944
Finished solving NPMLE, with in-sample MSE 0.11196364120476077
Finished solving parametric estimator, with SURE 0.1566597447034471
Finished solving parametric estimator, with in-sample MSE 0.07667679205558717
Finished solving EBCF, with in-sample MSE 0.11162639764799362
Finished training EB SURE-LS, with SURE: 0.1115122259636636
Finished training EB SURE-LS, with in-sample MSE: 0.034931455376677086
use_scale: True
use_location: False
Finished training EB misspecified with NPMLE init, with SURE: 0.10423097588409448
Finished training EB misspecified with NPMLE init, with in-sample MSE: 0.194347028345335
Finished training EB misspecified, with SURE: 0.10423886125288136
Finished training EB misspecified, with in-sample MSE: 0.19456321734940482
Finished training EB wellspecified, with SURE: -0.06929517820545857
Finished training EB wellspecified, with in-sample MSE: 0.303562408678568
m: 265
Finished solving NPMLE, with SURE 0.8247383396046196
Finished solving NPMLE, with in-sample MSE 0.055816239991055394
Finished solving parametric estimator, with SURE -0.02007363916563004
Finished solving parametric estimator, with in-sample MSE 0.06112219692703692
Finished solving EBCF, with in-sample MSE 0.02107971075504732
Finished training EB SURE-LS, with SURE: -0.0826816043241811
Finished training EB SURE-LS, with in-sample MSE: 0.006604844629033419
use_scale: True
use_location: False
Finished training EB misspecified with NPMLE init, with SURE: -0.032971849607838735
Finished training EB misspecified with NPMLE init, with in-sample MSE: 0.06118306177402183
Finished training EB misspecified, with SURE: -0.03295716603601377
Finished training EB misspecified, with in-sample MSE: 0.0611771338544186
Finished training EB wellspecified, with SURE: -0.09270877071216045
Finished training EB wellspecified, with in-sample MSE: 0.0188121731030526
m: 266
Finished solving NPMLE, with SURE 0.576110821808593
Finished solving NPMLE, with in-sample MSE 0.10085089730899606
Finished solving parametric estimator, with SURE 0.046444423787129374
Finished solving parametric estimator, with in-sample MSE 0.06543693231958171
Finished solving EBCF, with in-sample MSE 0.028909211697508187
Finished training EB SURE-LS, with SURE: -0.016213681430503637
Finished training EB SURE-LS, with in-sample MSE: 0.005332111830231742
use_scale: True
use_location: False
Finished training EB misspecified with NPMLE init, with SURE: 0.0217899191320695
Finished training EB misspecified with NPMLE init, with in-sample MSE: 0.06661569724169697
Finished training EB misspecified, with SURE: 0.021795321089752875
Finished training EB misspecified, with in-sample MSE: 0.06661053345650227
Finished training EB wellspecified, with SURE: -0.037608668483771604
Finished training EB wellspecified, with in-sample MSE: 0.02196881390089124
m: 267
Finished solving NPMLE, with SURE 0.6491572490714268
Finished solving NPMLE, with in-sample MSE 0.11161148938498743
Finished solving parametric estimator, with SURE 0.05871817065945689
Finished solving parametric estimator, with in-sample MSE 0.07521896397881048
Finished solving EBCF, with in-sample MSE 0.07517153591297135
Finished training EB SURE-LS, with SURE: 0.02189947816106795
Finished training EB SURE-LS, with in-sample MSE: 0.017652820404891825
use_scale: True
use_location: False
Finished training EB misspecified with NPMLE init, with SURE: 0.04661259653905418
Finished training EB misspecified with NPMLE init, with in-sample MSE: 0.06705991605972011
Finished training EB misspecified, with SURE: 0.04671881269728665
Finished training EB misspecified, with in-sample MSE: 0.06746482278927232
Finished training EB wellspecified, with SURE: -0.02469799052173029
Finished training EB wellspecified, with in-sample MSE: 0.06970337514182628
m: 268
Finished solving NPMLE, with SURE 0.3859089907395438
Finished solving NPMLE, with in-sample MSE 0.10645619463255404
Finished solving parametric estimator, with SURE -0.09764660693885824
Finished solving parametric estimator, with in-sample MSE 0.08402078979614082
Finished solving EBCF, with in-sample MSE 0.027537018394445705
Finished training EB SURE-LS, with SURE: -0.13523763319066504
Finished training EB SURE-LS, with in-sample MSE: 0.021213484637633447
use_scale: True
use_location: False
Finished training EB misspecified with NPMLE init, with SURE: -0.10800361891479661
Finished training EB misspecified with NPMLE init, with in-sample MSE: 0.08402128705050284
Finished training EB misspecified, with SURE: -0.10800201731354989
Finished training EB misspecified, with in-sample MSE: 0.0840211870190272
Finished training EB wellspecified, with SURE: -0.15373842226931522
Finished training EB wellspecified, with in-sample MSE: 0.04106904824536864
m: 269
Finished solving NPMLE, with SURE 0.41416712896998975
Finished solving NPMLE, with in-sample MSE 0.0993912093755884
Finished solving parametric estimator, with SURE -0.07582399643892473
Finished solving parametric estimator, with in-sample MSE 0.06849057263424649
Finished solving EBCF, with in-sample MSE 0.004075746030824669
Finished training EB SURE-LS, with SURE: -0.16227253909638342
Finished training EB SURE-LS, with in-sample MSE: 0.001490578227360791
use_scale: True
use_location: False
Finished training EB misspecified with NPMLE init, with SURE: -0.08597601871200873
Finished training EB misspecified with NPMLE init, with in-sample MSE: 0.0684876854757955
Finished training EB misspecified, with SURE: -0.08597497522983424
Finished training EB misspecified, with in-sample MSE: 0.06848440769215185
Finished training EB wellspecified, with SURE: -0.1743001874052851
Finished training EB wellspecified, with in-sample MSE: 0.015957917828688935
m: 270
Finished solving NPMLE, with SURE 0.8475671989461259
Finished solving NPMLE, with in-sample MSE 0.05725938723156087
Finished solving parametric estimator, with SURE 0.04401853580467263
Finished solving parametric estimator, with in-sample MSE 0.055234913633258866
Finished solving EBCF, with in-sample MSE 0.04532219662073161
Finished training EB SURE-LS, with SURE: -0.09817366294371402
Finished training EB SURE-LS, with in-sample MSE: 0.049633824202422766
use_scale: True
use_location: False
Finished training EB misspecified with NPMLE init, with SURE: 0.02652160739789842
Finished training EB misspecified with NPMLE init, with in-sample MSE: 0.07365924503388573
Finished training EB misspecified, with SURE: 0.026533965711187976
Finished training EB misspecified, with in-sample MSE: 0.07364975689757981
Finished training EB wellspecified, with SURE: -0.13302321521530655
Finished training EB wellspecified, with in-sample MSE: 0.08649597710603169
m: 271
Finished solving NPMLE, with SURE 0.688213981419147
Finished solving NPMLE, with in-sample MSE 0.10956508860056402
Finished solving parametric estimator, with SURE 0.01231068946471503
Finished solving parametric estimator, with in-sample MSE 0.05886239967749021
Finished solving EBCF, with in-sample MSE 0.03202618210489235
Finished training EB SURE-LS, with SURE: -0.02766880118859058
Finished training EB SURE-LS, with in-sample MSE: 0.006986876444743076
use_scale: True
use_location: False
Finished training EB misspecified with NPMLE init, with SURE: -0.028239381100268874
Finished training EB misspecified with NPMLE init, with in-sample MSE: 0.08627061156729074
Finished training EB misspecified, with SURE: -0.02820087483731058
Finished training EB misspecified, with in-sample MSE: 0.08624970147869959
Finished training EB wellspecified, with SURE: -0.09433179115088307
Finished training EB wellspecified, with in-sample MSE: 0.09114442544706669
m: 272
Finished solving NPMLE, with SURE 0.5929170342452185
Finished solving NPMLE, with in-sample MSE 0.09154128185480136
Finished solving parametric estimator, with SURE 0.055035397520252216
Finished solving parametric estimator, with in-sample MSE 0.05500892581401506
Finished solving EBCF, with in-sample MSE 0.03185966321805063
Finished training EB SURE-LS, with SURE: -0.059729732644378204
Finished training EB SURE-LS, with in-sample MSE: 0.012605560943719729
use_scale: True
use_location: False
Finished training EB misspecified with NPMLE init, with SURE: 0.03651569136128473
Finished training EB misspecified with NPMLE init, with in-sample MSE: 0.05399435607020227
Finished training EB misspecified, with SURE: 0.03644646697600528
Finished training EB misspecified, with in-sample MSE: 0.05426830407476557
Finished training EB wellspecified, with SURE: -0.08492306415591443
Finished training EB wellspecified, with in-sample MSE: 0.03438381439719711
m: 273
Finished solving NPMLE, with SURE 0.03940209846498874
Finished solving NPMLE, with in-sample MSE 0.10881174382296291
Finished solving parametric estimator, with SURE -0.004308688467649646
Finished solving parametric estimator, with in-sample MSE 0.08261002974579762
Finished solving EBCF, with in-sample MSE 0.07136455186967863
Finished training EB SURE-LS, with SURE: -0.04723970411434161
Finished training EB SURE-LS, with in-sample MSE: 0.09326561247144152
use_scale: True
use_location: False
Finished training EB misspecified with NPMLE init, with SURE: -0.020773331602859317
Finished training EB misspecified with NPMLE init, with in-sample MSE: 0.08341398932275865
Finished training EB misspecified, with SURE: -0.02076931404498602
Finished training EB misspecified, with in-sample MSE: 0.08347516661797162
Finished training EB wellspecified, with SURE: -0.07490176669129
Finished training EB wellspecified, with in-sample MSE: 0.12451181064571858
m: 274
Finished solving NPMLE, with SURE 0.7821198624049063
Finished solving NPMLE, with in-sample MSE 0.10691930732915418
Finished solving parametric estimator, with SURE -0.034820599467953905
Finished solving parametric estimator, with in-sample MSE 0.06601004073280575
Finished solving EBCF, with in-sample MSE 0.012993063533572657
Finished training EB SURE-LS, with SURE: -0.1284414021237808
Finished training EB SURE-LS, with in-sample MSE: 0.003143226966424217
use_scale: True
use_location: False
Finished training EB misspecified with NPMLE init, with SURE: -0.04580227538293883
Finished training EB misspecified with NPMLE init, with in-sample MSE: 0.0656172526741409
Finished training EB misspecified, with SURE: -0.04576306874091678
Finished training EB misspecified, with in-sample MSE: 0.06593757067701814
Finished training EB wellspecified, with SURE: -0.17850307771975948
Finished training EB wellspecified, with in-sample MSE: 0.06576193069429678
m: 275
Finished solving NPMLE, with SURE 1.3555622530760802
Finished solving NPMLE, with in-sample MSE 0.1223470521276952
Finished solving parametric estimator, with SURE 0.05522155207689161
Finished solving parametric estimator, with in-sample MSE 0.05580108906570481
Finished solving EBCF, with in-sample MSE 0.07148008163528093
Finished training EB SURE-LS, with SURE: -0.0724922300819109
Finished training EB SURE-LS, with in-sample MSE: 0.016749656999768932
use_scale: True
use_location: False
Finished training EB misspecified with NPMLE init, with SURE: -0.017875158497878234
Finished training EB misspecified with NPMLE init, with in-sample MSE: 0.16001199951909292
Finished training EB misspecified, with SURE: -0.017449841863222418
Finished training EB misspecified, with in-sample MSE: 0.16541552691929454
Finished training EB wellspecified, with SURE: -0.11023046693925945
Finished training EB wellspecified, with in-sample MSE: 0.054604126451589435
m: 276
Finished solving NPMLE, with SURE 0.36196705134900975
Finished solving NPMLE, with in-sample MSE 0.07840079647273968
Finished solving parametric estimator, with SURE 0.01975381099952317
Finished solving parametric estimator, with in-sample MSE 0.055283803233026264
Finished solving EBCF, with in-sample MSE 0.028927059012733364
Finished training EB SURE-LS, with SURE: -0.04433052636720797
Finished training EB SURE-LS, with in-sample MSE: 0.012851153313221233
use_scale: True
use_location: False
Finished training EB misspecified with NPMLE init, with SURE: 0.004648582589734857
Finished training EB misspecified with NPMLE init, with in-sample MSE: 0.05803488905675849
Finished training EB misspecified, with SURE: 0.004696053673150118
Finished training EB misspecified, with in-sample MSE: 0.057971405544791015
Finished training EB wellspecified, with SURE: -0.08809895021770077
Finished training EB wellspecified, with in-sample MSE: 0.054067443445119795
m: 277
Finished solving NPMLE, with SURE 0.5123223395481048
Finished solving NPMLE, with in-sample MSE 0.08092585406578459
Finished solving parametric estimator, with SURE -0.03512903315361532
Finished solving parametric estimator, with in-sample MSE 0.05617207404109956
Finished solving EBCF, with in-sample MSE 0.028788646000506422
Finished training EB SURE-LS, with SURE: -0.14883106140297586
Finished training EB SURE-LS, with in-sample MSE: 0.013089090702279857
use_scale: True
use_location: False
Finished training EB misspecified with NPMLE init, with SURE: -0.07719241440171658
Finished training EB misspecified with NPMLE init, with in-sample MSE: 0.07596015430152152
Finished training EB misspecified, with SURE: -0.07717595488285113
Finished training EB misspecified, with in-sample MSE: 0.07599190174700085
Finished training EB wellspecified, with SURE: -0.24815015729020967
Finished training EB wellspecified, with in-sample MSE: 0.12986036124535202
m: 278
Finished solving NPMLE, with SURE 0.3532858576620461
Finished solving NPMLE, with in-sample MSE 0.060297787907414656
Finished solving parametric estimator, with SURE 0.043397368832979955
Finished solving parametric estimator, with in-sample MSE 0.05990329089220648
Finished solving EBCF, with in-sample MSE 0.017674425554180157
Finished training EB SURE-LS, with SURE: -0.01809654456392706
Finished training EB SURE-LS, with in-sample MSE: 0.005682465609138773
use_scale: True
use_location: False
Finished training EB misspecified with NPMLE init, with SURE: 0.004701822131520359
Finished training EB misspecified with NPMLE init, with in-sample MSE: 0.14981332775774822
Finished training EB misspecified, with SURE: 0.004747031243990847
Finished training EB misspecified, with in-sample MSE: 0.14967082159967363
Finished training EB wellspecified, with SURE: -0.20213583777269356
Finished training EB wellspecified, with in-sample MSE: 0.2357836169676875
m: 279
Finished solving NPMLE, with SURE 0.28625695578822913
Finished solving NPMLE, with in-sample MSE 0.1365929941882788
Finished solving parametric estimator, with SURE 0.02992151268747195
Finished solving parametric estimator, with in-sample MSE 0.06476417396350367
Finished solving EBCF, with in-sample MSE 0.023147553424094358
Finished training EB SURE-LS, with SURE: -0.04976281507603849
Finished training EB SURE-LS, with in-sample MSE: 0.007156119597076637
use_scale: True
use_location: False
Finished training EB misspecified with NPMLE init, with SURE: -0.0285739345640539
Finished training EB misspecified with NPMLE init, with in-sample MSE: 0.12113052111899075
Finished training EB misspecified, with SURE: -0.02856805891074835
Finished training EB misspecified, with in-sample MSE: 0.12110211345189707
Finished training EB wellspecified, with SURE: -0.14932770181878588
Finished training EB wellspecified, with in-sample MSE: 0.10747218538144146
m: 280
Finished solving NPMLE, with SURE 1.3030037203267546
Finished solving NPMLE, with in-sample MSE 0.09930128438582714
Finished solving parametric estimator, with SURE 0.03601774426038029
Finished solving parametric estimator, with in-sample MSE 0.04866660391045495
Finished solving EBCF, with in-sample MSE 0.010020268733124189
Finished training EB SURE-LS, with SURE: -0.06978523806820557
Finished training EB SURE-LS, with in-sample MSE: 0.01340188270953031
use_scale: True
use_location: False
Finished training EB misspecified with NPMLE init, with SURE: -0.033698702390740465
Finished training EB misspecified with NPMLE init, with in-sample MSE: 0.1686969417295806
Finished training EB misspecified, with SURE: -0.03368033965057308
Finished training EB misspecified, with in-sample MSE: 0.16863655491570753
Finished training EB wellspecified, with SURE: -0.08618739542573604
Finished training EB wellspecified, with in-sample MSE: 0.03180818336098683
m: 281
Finished solving NPMLE, with SURE 0.04495511728927603
Finished solving NPMLE, with in-sample MSE 0.11907022109801875
Finished solving parametric estimator, with SURE -0.20275650726212935
Finished solving parametric estimator, with in-sample MSE 0.09395129112921242
Finished solving EBCF, with in-sample MSE 0.0576587266795183
Finished training EB SURE-LS, with SURE: -0.22292110346535335
Finished training EB SURE-LS, with in-sample MSE: 0.05134081781119024
use_scale: True
use_location: False
Finished training EB misspecified with NPMLE init, with SURE: -0.21411597813441682
Finished training EB misspecified with NPMLE init, with in-sample MSE: 0.09395184928620819
Finished training EB misspecified, with SURE: -0.21411366455879488
Finished training EB misspecified, with in-sample MSE: 0.09395246943795428
Finished training EB wellspecified, with SURE: -0.23814749252049278
Finished training EB wellspecified, with in-sample MSE: 0.06393622630655971
m: 282
Finished solving NPMLE, with SURE 0.7945368157106918
Finished solving NPMLE, with in-sample MSE 0.10278738329779166
Finished solving parametric estimator, with SURE 0.016620666197660117
Finished solving parametric estimator, with in-sample MSE 0.06789218120006484
Finished solving EBCF, with in-sample MSE 0.02997176399830561
Finished training EB SURE-LS, with SURE: -0.046207276846838806
Finished training EB SURE-LS, with in-sample MSE: 0.014386160909250916
use_scale: True
use_location: False
Finished training EB misspecified with NPMLE init, with SURE: -0.004503684866905289
Finished training EB misspecified with NPMLE init, with in-sample MSE: 0.0773711119674592
Finished training EB misspecified, with SURE: -0.004488586423579122
Finished training EB misspecified, with in-sample MSE: 0.07725834294987446
Finished training EB wellspecified, with SURE: -0.08235618357465727
Finished training EB wellspecified, with in-sample MSE: 0.0516438144688662
m: 283
Finished solving NPMLE, with SURE 0.7822496472591592
Finished solving NPMLE, with in-sample MSE 0.12751271890951646
Finished solving parametric estimator, with SURE 0.0747404272158369
Finished solving parametric estimator, with in-sample MSE 0.06286918409033784
Finished solving EBCF, with in-sample MSE 0.03075844025190879
Finished training EB SURE-LS, with SURE: -0.03971760416577691
Finished training EB SURE-LS, with in-sample MSE: 0.016181045412974996
use_scale: True
use_location: False
Finished training EB misspecified with NPMLE init, with SURE: 0.04678972029413864
Finished training EB misspecified with NPMLE init, with in-sample MSE: 0.06550610168475607
Finished training EB misspecified, with SURE: 0.04681245591366277
Finished training EB misspecified, with in-sample MSE: 0.06551543222634836
Finished training EB wellspecified, with SURE: -0.06406097335238499
Finished training EB wellspecified, with in-sample MSE: 0.04084859677594899
m: 284
Finished solving NPMLE, with SURE 0.7121834222864866
Finished solving NPMLE, with in-sample MSE 0.076986351030924
Finished solving parametric estimator, with SURE 0.14132143565784383
Finished solving parametric estimator, with in-sample MSE 0.07582944497243947
Finished solving EBCF, with in-sample MSE 0.09924485512588002
Finished training EB SURE-LS, with SURE: 0.04677972281123124
Finished training EB SURE-LS, with in-sample MSE: 0.05039873934070829
use_scale: True
use_location: False
Finished training EB misspecified with NPMLE init, with SURE: 0.11453703076852363
Finished training EB misspecified with NPMLE init, with in-sample MSE: 0.10975365832990297
Finished training EB misspecified, with SURE: 0.11418968117557185
Finished training EB misspecified, with in-sample MSE: 0.11282878395654054
Finished training EB wellspecified, with SURE: -0.08844885512917404
Finished training EB wellspecified, with in-sample MSE: 0.21939468791428107
m: 285
Finished solving NPMLE, with SURE 0.758917700725068
Finished solving NPMLE, with in-sample MSE 0.11257921080780445
Finished solving parametric estimator, with SURE -0.07746257040783366
Finished solving parametric estimator, with in-sample MSE 0.07294064663057936
Finished solving EBCF, with in-sample MSE 0.013489702662572312
Finished training EB SURE-LS, with SURE: -0.17052173925634673
Finished training EB SURE-LS, with in-sample MSE: 0.0019855388064074025
use_scale: True
use_location: False
Finished training EB misspecified with NPMLE init, with SURE: -0.08873999501298585
Finished training EB misspecified with NPMLE init, with in-sample MSE: 0.07293620484102259
Finished training EB misspecified, with SURE: -0.08873883592688386
Finished training EB misspecified, with in-sample MSE: 0.07293725931764261
Finished training EB wellspecified, with SURE: -0.17718165284344622
Finished training EB wellspecified, with in-sample MSE: 0.006511351313034693
m: 286
Finished solving NPMLE, with SURE 0.808288315622866
Finished solving NPMLE, with in-sample MSE 0.11212851750104294
Finished solving parametric estimator, with SURE 0.017771492631948493
Finished solving parametric estimator, with in-sample MSE 0.052180635736000236
Finished solving EBCF, with in-sample MSE 0.013072443813844875
Finished training EB SURE-LS, with SURE: -0.09090829849092044
Finished training EB SURE-LS, with in-sample MSE: 0.00943900589273896
use_scale: True
use_location: False
Finished training EB misspecified with NPMLE init, with SURE: -0.01671420122592103
Finished training EB misspecified with NPMLE init, with in-sample MSE: 0.09355569101684791
Finished training EB misspecified, with SURE: -0.01670701190612327
Finished training EB misspecified, with in-sample MSE: 0.09353347366845294
Finished training EB wellspecified, with SURE: -0.10630170659231246
Finished training EB wellspecified, with in-sample MSE: 0.026588771370145113
m: 287
Finished solving NPMLE, with SURE 0.9543901422062746
Finished solving NPMLE, with in-sample MSE 0.09884402864206857
Finished solving parametric estimator, with SURE 0.09726666094136716
Finished solving parametric estimator, with in-sample MSE 0.0553547201909862
Finished solving EBCF, with in-sample MSE 0.03693369643669191
Finished training EB SURE-LS, with SURE: 0.010085520798805439
Finished training EB SURE-LS, with in-sample MSE: 0.01948190270239926
use_scale: True
use_location: False
Finished training EB misspecified with NPMLE init, with SURE: 0.04075998381454433
Finished training EB misspecified with NPMLE init, with in-sample MSE: 0.12789782921854853
Finished training EB misspecified, with SURE: 0.04114505299373299
Finished training EB misspecified, with in-sample MSE: 0.13297247202188994
Finished training EB wellspecified, with SURE: 0.0028253261863635483
Finished training EB wellspecified, with in-sample MSE: 0.03606384135422095
m: 288
Finished solving NPMLE, with SURE 0.293607809445601
Finished solving NPMLE, with in-sample MSE 0.08123146344288194
Finished solving parametric estimator, with SURE -0.04175873385034862
Finished solving parametric estimator, with in-sample MSE 0.06036684554997443
Finished solving EBCF, with in-sample MSE 0.021865538530268448
Finished training EB SURE-LS, with SURE: -0.1012225113325026
Finished training EB SURE-LS, with in-sample MSE: 0.0034774809763952162
use_scale: True
use_location: False
Finished training EB misspecified with NPMLE init, with SURE: -0.05829914081376792
Finished training EB misspecified with NPMLE init, with in-sample MSE: 0.06002485506496412
Finished training EB misspecified, with SURE: -0.05827678603511359
Finished training EB misspecified, with in-sample MSE: 0.060038811175960945
Finished training EB wellspecified, with SURE: -0.12483675954031133
Finished training EB wellspecified, with in-sample MSE: 0.018541370239616568
m: 289
Finished solving NPMLE, with SURE 0.5848413951743572
Finished solving NPMLE, with in-sample MSE 0.11968511893094842
Finished solving parametric estimator, with SURE 0.09840405231477384
Finished solving parametric estimator, with in-sample MSE 0.07234999382113617
Finished solving EBCF, with in-sample MSE 0.05383048971316616
Finished training EB SURE-LS, with SURE: 0.061775147282923513
Finished training EB SURE-LS, with in-sample MSE: 0.01617932990232887
use_scale: True
use_location: False
Finished training EB misspecified with NPMLE init, with SURE: 0.07656748409322639
Finished training EB misspecified with NPMLE init, with in-sample MSE: 0.0721820907822527
Finished training EB misspecified, with SURE: 0.07659067626732785
Finished training EB misspecified, with in-sample MSE: 0.07216947929984899
Finished training EB wellspecified, with SURE: -0.033164490897345855
Finished training EB wellspecified, with in-sample MSE: 0.14443967028454063
m: 290
Finished solving NPMLE, with SURE 0.41248882858949465
Finished solving NPMLE, with in-sample MSE 0.07960609655379183
Finished solving parametric estimator, with SURE 0.1065142709713337
Finished solving parametric estimator, with in-sample MSE 0.07011477820800419
Finished solving EBCF, with in-sample MSE 0.05463401336513048
Finished training EB SURE-LS, with SURE: 0.09571346104498549
Finished training EB SURE-LS, with in-sample MSE: 0.07072131307468327
use_scale: True
use_location: False
Finished training EB misspecified with NPMLE init, with SURE: 0.07652960483268033
Finished training EB misspecified with NPMLE init, with in-sample MSE: 0.09310847895558723
Finished training EB misspecified, with SURE: 0.0765381837837738
Finished training EB misspecified, with in-sample MSE: 0.09311943022849235
Finished training EB wellspecified, with SURE: -0.028876121547297382
Finished training EB wellspecified, with in-sample MSE: 0.15339743581032836
m: 291
Finished solving NPMLE, with SURE 0.5529372490069965
Finished solving NPMLE, with in-sample MSE 0.06314472386319699
Finished solving parametric estimator, with SURE 0.14655604632185582
Finished solving parametric estimator, with in-sample MSE 0.0619160487466823
Finished solving EBCF, with in-sample MSE 0.03489479908162356
Finished training EB SURE-LS, with SURE: 0.0366204134821097
Finished training EB SURE-LS, with in-sample MSE: 0.052165796871089715
use_scale: True
use_location: False
Finished training EB misspecified with NPMLE init, with SURE: 0.1172177007397842
Finished training EB misspecified with NPMLE init, with in-sample MSE: 0.08965226914429086
Finished training EB misspecified, with SURE: 0.11721335743622263
Finished training EB misspecified, with in-sample MSE: 0.0896702406738626
Finished training EB wellspecified, with SURE: -0.03768239470900298
Finished training EB wellspecified, with in-sample MSE: 0.1510161386834049
m: 292
Finished solving NPMLE, with SURE 0.7410015844506966
Finished solving NPMLE, with in-sample MSE 0.07696659535568981
Finished solving parametric estimator, with SURE 0.035405254765360494
Finished solving parametric estimator, with in-sample MSE 0.05399300387683173
Finished solving EBCF, with in-sample MSE 0.010976226271009124
Finished training EB SURE-LS, with SURE: -0.05807565599971987
Finished training EB SURE-LS, with in-sample MSE: 0.0034494455815021986
use_scale: True
use_location: False
Finished training EB misspecified with NPMLE init, with SURE: 0.021196402281511907
Finished training EB misspecified with NPMLE init, with in-sample MSE: 0.05505785959367714
Finished training EB misspecified, with SURE: 0.021207820034530585
Finished training EB misspecified, with in-sample MSE: 0.05505872451987604
Finished training EB wellspecified, with SURE: -0.12661800665238465
Finished training EB wellspecified, with in-sample MSE: 0.07595757331389588
m: 293
Finished solving NPMLE, with SURE 0.8303528769088386
Finished solving NPMLE, with in-sample MSE 0.06990194377428591
Finished solving parametric estimator, with SURE 0.05853928619764187
Finished solving parametric estimator, with in-sample MSE 0.04943958516043373
Finished solving EBCF, with in-sample MSE 0.02262228388903146
Finished training EB SURE-LS, with SURE: -0.05392108148681413
Finished training EB SURE-LS, with in-sample MSE: 0.01309645314182327
use_scale: True
use_location: False
Finished training EB misspecified with NPMLE init, with SURE: 0.03590896248910006
Finished training EB misspecified with NPMLE init, with in-sample MSE: 0.061426862979997957
Finished training EB misspecified, with SURE: 0.03597039324710465
Finished training EB misspecified, with in-sample MSE: 0.0614154558514613
Finished training EB wellspecified, with SURE: -0.09282154952921597
Finished training EB wellspecified, with in-sample MSE: 0.052473230929317854
m: 294
Finished solving NPMLE, with SURE 0.705174267625036
Finished solving NPMLE, with in-sample MSE 0.0820684308762919
Finished solving parametric estimator, with SURE 0.020588979798451035
Finished solving parametric estimator, with in-sample MSE 0.05601044720032863
Finished solving EBCF, with in-sample MSE 0.012117515363762899
Finished training EB SURE-LS, with SURE: -0.06906636945529265
Finished training EB SURE-LS, with in-sample MSE: 0.014809809200718293
use_scale: True
use_location: False
Finished training EB misspecified with NPMLE init, with SURE: 0.007053476216575874
Finished training EB misspecified with NPMLE init, with in-sample MSE: 0.054104714407969094
Finished training EB misspecified, with SURE: 0.007059517768687371
Finished training EB misspecified, with in-sample MSE: 0.054112014608408664
Finished training EB wellspecified, with SURE: -0.11520299911562557
Finished training EB wellspecified, with in-sample MSE: 0.066436742602205
m: 295
Finished solving NPMLE, with SURE 0.38523022072046437
Finished solving NPMLE, with in-sample MSE 0.08902724725582407
Finished solving parametric estimator, with SURE -0.06282577266670347
Finished solving parametric estimator, with in-sample MSE 0.0610693828678541
Finished solving EBCF, with in-sample MSE 0.06705783568325463
Finished training EB SURE-LS, with SURE: -0.13203970484726987
Finished training EB SURE-LS, with in-sample MSE: 0.07379528412270239
use_scale: True
use_location: False
Finished training EB misspecified with NPMLE init, with SURE: -0.0923895586799597
Finished training EB misspecified with NPMLE init, with in-sample MSE: 0.07384902936142454
Finished training EB misspecified, with SURE: -0.09239342764582788
Finished training EB misspecified, with in-sample MSE: 0.07388799860211735
Finished training EB wellspecified, with SURE: -0.1450693666652721
Finished training EB wellspecified, with in-sample MSE: 0.08896806071286409
m: 296
Finished solving NPMLE, with SURE 0.5795840144580082
Finished solving NPMLE, with in-sample MSE 0.08584361992122784
Finished solving parametric estimator, with SURE 0.0024956757016583175
Finished solving parametric estimator, with in-sample MSE 0.07016035309381141
Finished solving EBCF, with in-sample MSE 0.019483084997305337
Finished training EB SURE-LS, with SURE: -0.008818056683839956
Finished training EB SURE-LS, with in-sample MSE: 0.07549085224366668
use_scale: True
use_location: False
Finished training EB misspecified with NPMLE init, with SURE: -0.02196105618373842
Finished training EB misspecified with NPMLE init, with in-sample MSE: 0.09815299942187856
Finished training EB misspecified, with SURE: -0.02296425046888011
Finished training EB misspecified, with in-sample MSE: 0.08982577911577139
Finished training EB wellspecified, with SURE: -0.1185487779061219
Finished training EB wellspecified, with in-sample MSE: 0.045583807287924306
m: 297
Finished solving NPMLE, with SURE 0.6513442105036699
Finished solving NPMLE, with in-sample MSE 0.07477901564821217
Finished solving parametric estimator, with SURE 0.041412948862962484
Finished solving parametric estimator, with in-sample MSE 0.04599309443125101
Finished solving EBCF, with in-sample MSE 0.01093050882996602
Finished training EB SURE-LS, with SURE: -0.053678455660767455
Finished training EB SURE-LS, with in-sample MSE: 0.005253736437842241
use_scale: True
use_location: False
Finished training EB misspecified with NPMLE init, with SURE: 0.02963819107996379
Finished training EB misspecified with NPMLE init, with in-sample MSE: 0.043685944187964114
Finished training EB misspecified, with SURE: 0.029701320535690384
Finished training EB misspecified, with in-sample MSE: 0.04377063177132572
Finished training EB wellspecified, with SURE: -0.07545914144749707
Finished training EB wellspecified, with in-sample MSE: 0.02562732523820984
m: 298
Finished solving NPMLE, with SURE 0.6126124112914274
Finished solving NPMLE, with in-sample MSE 0.08785089979162938
Finished solving parametric estimator, with SURE -0.03366989748812532
Finished solving parametric estimator, with in-sample MSE 0.06355948710892391
Finished solving EBCF, with in-sample MSE 0.017941642414468856
Finished training EB SURE-LS, with SURE: -0.12235836856367835
Finished training EB SURE-LS, with in-sample MSE: 0.0018049618920178397
use_scale: True
use_location: False
Finished training EB misspecified with NPMLE init, with SURE: -0.044976017684049976
Finished training EB misspecified with NPMLE init, with in-sample MSE: 0.05840652917682324
Finished training EB misspecified, with SURE: -0.04496983459208011
Finished training EB misspecified, with in-sample MSE: 0.05842219366459738
Finished training EB wellspecified, with SURE: -0.15808395547937537
Finished training EB wellspecified, with in-sample MSE: 0.035367226411792
m: 299
Finished solving NPMLE, with SURE 0.18271829551833832
Finished solving NPMLE, with in-sample MSE 0.11267636731832374
Finished solving parametric estimator, with SURE 0.09644184528583788
Finished solving parametric estimator, with in-sample MSE 0.08404208985725838
Finished solving EBCF, with in-sample MSE 0.0633796935879511
Finished training EB SURE-LS, with SURE: 0.029481441301459715
Finished training EB SURE-LS, with in-sample MSE: 0.052571808069229634
use_scale: True
use_location: False
Finished training EB misspecified with NPMLE init, with SURE: 0.04033426550623716
Finished training EB misspecified with NPMLE init, with in-sample MSE: 0.2277293830012097
Finished training EB misspecified, with SURE: 0.04039129031440318
Finished training EB misspecified, with in-sample MSE: 0.22792662929790336
Finished training EB wellspecified, with SURE: -0.14514667756896713
Finished training EB wellspecified, with in-sample MSE: 0.29114189829774084

n: 200
m: 250
Finished solving NPMLE, with SURE 0.45042758321564347
Finished solving NPMLE, with in-sample MSE 0.0697515626546214
Finished solving parametric estimator, with SURE 0.0655115369499934
Finished solving parametric estimator, with in-sample MSE 0.05865906307334532
Finished solving EBCF, with in-sample MSE 0.03722740016646055
Finished training EB SURE-LS, with SURE: 0.023080959396400046
Finished training EB SURE-LS, with in-sample MSE: 0.017784437836018224
use_scale: True
use_location: False
Finished training EB misspecified with NPMLE init, with SURE: 0.05532516112118515
Finished training EB misspecified with NPMLE init, with in-sample MSE: 0.06755614991465435
Finished training EB misspecified, with SURE: 0.05534397335526137
Finished training EB misspecified, with in-sample MSE: 0.06751956451170475
Finished training EB wellspecified, with SURE: -0.03893854710261587
Finished training EB wellspecified, with in-sample MSE: 0.09484712153962828
m: 251
Finished solving NPMLE, with SURE 0.8791316942319182
Finished solving NPMLE, with in-sample MSE 0.07931063772654476
Finished solving parametric estimator, with SURE 0.04180267842546087
Finished solving parametric estimator, with in-sample MSE 0.051311043180545635
Finished solving EBCF, with in-sample MSE 0.020156532679913325
Finished training EB SURE-LS, with SURE: -0.0668064055134154
Finished training EB SURE-LS, with in-sample MSE: 0.021498204280841145
use_scale: True
use_location: False
Finished training EB misspecified with NPMLE init, with SURE: 0.028887958160845956
Finished training EB misspecified with NPMLE init, with in-sample MSE: 0.06169192456409945
Finished training EB misspecified, with SURE: 0.02887996809571753
Finished training EB misspecified, with in-sample MSE: 0.0617109081897053
Finished training EB wellspecified, with SURE: -0.10306569602549706
Finished training EB wellspecified, with in-sample MSE: 0.06695513710723357
m: 252
Finished solving NPMLE, with SURE 0.8550970757576707
Finished solving NPMLE, with in-sample MSE 0.06842659073735928
Finished solving parametric estimator, with SURE 0.09043594052698806
Finished solving parametric estimator, with in-sample MSE 0.0512796775759034
Finished solving EBCF, with in-sample MSE 0.014909639106057668
Finished training EB SURE-LS, with SURE: 0.026676480813751735
Finished training EB SURE-LS, with in-sample MSE: 0.0037656017851468797
use_scale: True
use_location: False
Finished training EB misspecified with NPMLE init, with SURE: 0.0659547876373584
Finished training EB misspecified with NPMLE init, with in-sample MSE: 0.06602054271716971
Finished training EB misspecified, with SURE: 0.06597037405548775
Finished training EB misspecified, with in-sample MSE: 0.06600371088788592
Finished training EB wellspecified, with SURE: -0.05118131882999004
Finished training EB wellspecified, with in-sample MSE: 0.100915448262547
m: 253
Finished solving NPMLE, with SURE 0.6992876420094212
Finished solving NPMLE, with in-sample MSE 0.07339489916125921
Finished solving parametric estimator, with SURE -0.02057172708519528
Finished solving parametric estimator, with in-sample MSE 0.06888604282637406
Finished solving EBCF, with in-sample MSE 0.011550514548285741
Finished training EB SURE-LS, with SURE: -0.07229492864620692
Finished training EB SURE-LS, with in-sample MSE: 0.004033247005069447
use_scale: True
use_location: False
Finished training EB misspecified with NPMLE init, with SURE: -0.025973423659123328
Finished training EB misspecified with NPMLE init, with in-sample MSE: 0.06888335894385272
Finished training EB misspecified, with SURE: -0.025972554563455503
Finished training EB misspecified, with in-sample MSE: 0.0688829944880331
Finished training EB wellspecified, with SURE: -0.08766208527110134
Finished training EB wellspecified, with in-sample MSE: 0.017113047662971483
m: 254
Finished solving NPMLE, with SURE 0.7751222934294634
Finished solving NPMLE, with in-sample MSE 0.07219167904381955
Finished solving parametric estimator, with SURE 0.034525189018199176
Finished solving parametric estimator, with in-sample MSE 0.05704376524660501
Finished solving EBCF, with in-sample MSE 0.025344365347976468
Finished training EB SURE-LS, with SURE: -0.04748885496689959
Finished training EB SURE-LS, with in-sample MSE: 0.0020656829952499438
use_scale: True
use_location: False
Finished training EB misspecified with NPMLE init, with SURE: 0.024056788875458538
Finished training EB misspecified with NPMLE init, with in-sample MSE: 0.058291303629191354
Finished training EB misspecified, with SURE: 0.0240495053969466
Finished training EB misspecified, with in-sample MSE: 0.05843668241971174
Finished training EB wellspecified, with SURE: -0.057856909768534505
Finished training EB wellspecified, with in-sample MSE: 0.011732596552366928
m: 255
Finished solving NPMLE, with SURE 0.748817472980231
Finished solving NPMLE, with in-sample MSE 0.09158259364050401
Finished solving parametric estimator, with SURE 0.025600369671609613
Finished solving parametric estimator, with in-sample MSE 0.05427654882328822
Finished solving EBCF, with in-sample MSE 0.02360694131964332
Finished training EB SURE-LS, with SURE: -0.04975539327347251
Finished training EB SURE-LS, with in-sample MSE: 0.0021619087530363986
use_scale: True
use_location: False
Finished training EB misspecified with NPMLE init, with SURE: 0.015151524656006147
Finished training EB misspecified with NPMLE init, with in-sample MSE: 0.06086435739531451
Finished training EB misspecified, with SURE: 0.015164101387087925
Finished training EB misspecified, with in-sample MSE: 0.0607611194186522
Finished training EB wellspecified, with SURE: -0.09469251236736245
Finished training EB wellspecified, with in-sample MSE: 0.04347399093141078
m: 256
Finished solving NPMLE, with SURE 0.6964580404701938
Finished solving NPMLE, with in-sample MSE 0.08976433068537401
Finished solving parametric estimator, with SURE 0.042781405930667094
Finished solving parametric estimator, with in-sample MSE 0.06431410452247491
Finished solving EBCF, with in-sample MSE 0.019703639099540125
Finished training EB SURE-LS, with SURE: 0.006517516101899941
Finished training EB SURE-LS, with in-sample MSE: 0.015703583508204187
use_scale: True
use_location: False
Finished training EB misspecified with NPMLE init, with SURE: 0.03576624782831005
Finished training EB misspecified with NPMLE init, with in-sample MSE: 0.062376809173422455
Finished training EB misspecified, with SURE: 0.035826229385941134
Finished training EB misspecified, with in-sample MSE: 0.06229603459697663
Finished training EB wellspecified, with SURE: -0.041376665618573
Finished training EB wellspecified, with in-sample MSE: 0.08405737930268298
m: 257
Finished solving NPMLE, with SURE 0.6640226793414331
Finished solving NPMLE, with in-sample MSE 0.07300545956805328
Finished solving parametric estimator, with SURE -0.010601993374195318
Finished solving parametric estimator, with in-sample MSE 0.06044036671216464
Finished solving EBCF, with in-sample MSE 0.005050851235307198
Finished training EB SURE-LS, with SURE: -0.07013269579489505
Finished training EB SURE-LS, with in-sample MSE: 0.0018408149643076514
use_scale: True
use_location: False
Finished training EB misspecified with NPMLE init, with SURE: -0.016268154413141857
Finished training EB misspecified with NPMLE init, with in-sample MSE: 0.05991415867303906
Finished training EB misspecified, with SURE: -0.016259289097339577
Finished training EB misspecified, with in-sample MSE: 0.059937167580001845
Finished training EB wellspecified, with SURE: -0.0929570465056699
Finished training EB wellspecified, with in-sample MSE: 0.02731756215773545
m: 258
Finished solving NPMLE, with SURE 0.5051402444162173
Finished solving NPMLE, with in-sample MSE 0.13992992430183782
Finished solving parametric estimator, with SURE 0.15087488978948999
Finished solving parametric estimator, with in-sample MSE 0.10600032428883695
Finished solving EBCF, with in-sample MSE 0.05312347190543604
Finished training EB SURE-LS, with SURE: 0.1023797729027363
Finished training EB SURE-LS, with in-sample MSE: 0.045912718257251024
use_scale: True
use_location: False
Finished training EB misspecified with NPMLE init, with SURE: 0.13606444969058587
Finished training EB misspecified with NPMLE init, with in-sample MSE: 0.09377520105309284
Finished training EB misspecified, with SURE: 0.1361099933503347
Finished training EB misspecified, with in-sample MSE: 0.09378666381826348
Finished training EB wellspecified, with SURE: 0.1361173764683348
Finished training EB wellspecified, with in-sample MSE: 0.09366898851074605
m: 259
Finished solving NPMLE, with SURE 0.6049353435558086
Finished solving NPMLE, with in-sample MSE 0.08304733140108145
Finished solving parametric estimator, with SURE 0.07225129456530838
Finished solving parametric estimator, with in-sample MSE 0.060528654874650166
Finished solving EBCF, with in-sample MSE 0.05544845160887283
Finished training EB SURE-LS, with SURE: 0.008701185150205175
Finished training EB SURE-LS, with in-sample MSE: 0.021575945833842303
use_scale: True
use_location: False
Finished training EB misspecified with NPMLE init, with SURE: 0.06237284975001409
Finished training EB misspecified with NPMLE init, with in-sample MSE: 0.057184987594454964
Finished training EB misspecified, with SURE: 0.06237575515759943
Finished training EB misspecified, with in-sample MSE: 0.057185319849305374
Finished training EB wellspecified, with SURE: -0.041013072754815014
Finished training EB wellspecified, with in-sample MSE: 0.09823887983916581
m: 260
Finished solving NPMLE, with SURE 0.7526165681352674
Finished solving NPMLE, with in-sample MSE 0.0780666364710985
Finished solving parametric estimator, with SURE 0.004470119211079648
Finished solving parametric estimator, with in-sample MSE 0.06117674682505023
Finished solving EBCF, with in-sample MSE 0.02040004812538858
Finished training EB SURE-LS, with SURE: -0.07882319203308709
Finished training EB SURE-LS, with in-sample MSE: 0.006103623943775083
use_scale: True
use_location: False
Finished training EB misspecified with NPMLE init, with SURE: -0.0023498431689957045
Finished training EB misspecified with NPMLE init, with in-sample MSE: 0.06151392230506892
Finished training EB misspecified, with SURE: -0.0023439565525436735
Finished training EB misspecified, with in-sample MSE: 0.06151798540788439
Finished training EB wellspecified, with SURE: -0.1050541910200435
Finished training EB wellspecified, with in-sample MSE: 0.029362764572525756
m: 261
Finished solving NPMLE, with SURE 0.7048116507090536
Finished solving NPMLE, with in-sample MSE 0.07839090085993723
Finished solving parametric estimator, with SURE 0.09323282474821071
Finished solving parametric estimator, with in-sample MSE 0.05203322967603187
Finished solving EBCF, with in-sample MSE 0.035085518689430814
Finished training EB SURE-LS, with SURE: 0.02730576860680757
Finished training EB SURE-LS, with in-sample MSE: 0.004330647729918386
use_scale: True
use_location: False
Finished training EB misspecified with NPMLE init, with SURE: 0.08254740827980221
Finished training EB misspecified with NPMLE init, with in-sample MSE: 0.05508798416979068
Finished training EB misspecified, with SURE: 0.0826445000908776
Finished training EB misspecified, with in-sample MSE: 0.05504304052329184
Finished training EB wellspecified, with SURE: -0.05552745711537801
Finished training EB wellspecified, with in-sample MSE: 0.11251740492779508
m: 262
Finished solving NPMLE, with SURE 0.3755851083685605
Finished solving NPMLE, with in-sample MSE 0.07709089118788186
Finished solving parametric estimator, with SURE 0.04157754481316561
Finished solving parametric estimator, with in-sample MSE 0.057492637894311256
Finished solving EBCF, with in-sample MSE 0.016896877023315694
Finished training EB SURE-LS, with SURE: 0.009207860181088616
Finished training EB SURE-LS, with in-sample MSE: 0.005946096510929644
use_scale: True
use_location: False
Finished training EB misspecified with NPMLE init, with SURE: 0.03389151520405008
Finished training EB misspecified with NPMLE init, with in-sample MSE: 0.05657509762123778
Finished training EB misspecified, with SURE: 0.03398538133362692
Finished training EB misspecified, with in-sample MSE: 0.05645504764211575
Finished training EB wellspecified, with SURE: -0.03910217114518565
Finished training EB wellspecified, with in-sample MSE: 0.08346369689442495
m: 263
Finished solving NPMLE, with SURE 0.40279326381433056
Finished solving NPMLE, with in-sample MSE 0.06831532538312499
Finished solving parametric estimator, with SURE 0.06645837466920851
Finished solving parametric estimator, with in-sample MSE 0.05348039273755793
Finished solving EBCF, with in-sample MSE 0.015793356707245278
Finished training EB SURE-LS, with SURE: 0.011607699092400755
Finished training EB SURE-LS, with in-sample MSE: 0.0014712598994219938
use_scale: True
use_location: False
Finished training EB misspecified with NPMLE init, with SURE: 0.05632895767318466
Finished training EB misspecified with NPMLE init, with in-sample MSE: 0.05311048254490475
Finished training EB misspecified, with SURE: 0.0563326258808722
Finished training EB misspecified, with in-sample MSE: 0.05311365295487841
Finished training EB wellspecified, with SURE: -0.08982097881415399
Finished training EB wellspecified, with in-sample MSE: 0.13471652391724243
m: 264
Finished solving NPMLE, with SURE 1.2187206884270383
Finished solving NPMLE, with in-sample MSE 0.09852164601052635
Finished solving parametric estimator, with SURE 0.09323176141791972
Finished solving parametric estimator, with in-sample MSE 0.050554962744309734
Finished solving EBCF, with in-sample MSE 0.03921711558708498
Finished training EB SURE-LS, with SURE: 0.004222696362875684
Finished training EB SURE-LS, with in-sample MSE: 0.009599129291087222
use_scale: True
use_location: False
Finished training EB misspecified with NPMLE init, with SURE: 0.051671899586152675
Finished training EB misspecified with NPMLE init, with in-sample MSE: 0.10185535609316566
Finished training EB misspecified, with SURE: 0.05134194047707581
Finished training EB misspecified, with in-sample MSE: 0.09991399269628787
Finished training EB wellspecified, with SURE: -0.02776517489187599
Finished training EB wellspecified, with in-sample MSE: 0.056407365838600884
m: 265
Finished solving NPMLE, with SURE 0.52104051034751
Finished solving NPMLE, with in-sample MSE 0.10663043183497202
Finished solving parametric estimator, with SURE 0.00868167666209152
Finished solving parametric estimator, with in-sample MSE 0.06960410605439941
Finished solving EBCF, with in-sample MSE 0.03031041526997184
Finished training EB SURE-LS, with SURE: 0.003436577041831239
Finished training EB SURE-LS, with in-sample MSE: 0.0658060921027408
use_scale: True
use_location: False
Finished training EB misspecified with NPMLE init, with SURE: 0.0023793415037793864
Finished training EB misspecified with NPMLE init, with in-sample MSE: 0.06674444390060243
Finished training EB misspecified, with SURE: 0.0023930318171002086
Finished training EB misspecified, with in-sample MSE: 0.0667692758926722
Finished training EB wellspecified, with SURE: -0.08761621319282989
Finished training EB wellspecified, with in-sample MSE: 0.07474554114938355
m: 266
Finished solving NPMLE, with SURE 0.4597748192900953
Finished solving NPMLE, with in-sample MSE 0.07792914808274669
Finished solving parametric estimator, with SURE 0.02725655196549842
Finished solving parametric estimator, with in-sample MSE 0.05421788425555857
Finished solving EBCF, with in-sample MSE 0.019537587859622004
Finished training EB SURE-LS, with SURE: -0.0315921323461023
Finished training EB SURE-LS, with in-sample MSE: 0.001096532828652624
use_scale: True
use_location: False
Finished training EB misspecified with NPMLE init, with SURE: 0.013775655899363528
Finished training EB misspecified with NPMLE init, with in-sample MSE: 0.056617899367038406
Finished training EB misspecified, with SURE: 0.013783020838078244
Finished training EB misspecified, with in-sample MSE: 0.05663206560347682
Finished training EB wellspecified, with SURE: -0.052260926344689054
Finished training EB wellspecified, with in-sample MSE: 0.0254831615957626
m: 267
Finished solving NPMLE, with SURE 0.5063481402840948
Finished solving NPMLE, with in-sample MSE 0.07207175475244942
Finished solving parametric estimator, with SURE 0.02762858778720617
Finished solving parametric estimator, with in-sample MSE 0.05277902319617638
Finished solving EBCF, with in-sample MSE 0.015018228196189556
Finished training EB SURE-LS, with SURE: -0.07218426001827374
Finished training EB SURE-LS, with in-sample MSE: 0.006594661999200136
use_scale: True
use_location: False
Finished training EB misspecified with NPMLE init, with SURE: 0.016806034171632546
Finished training EB misspecified with NPMLE init, with in-sample MSE: 0.05391779551579526
Finished training EB misspecified, with SURE: 0.016813483059024036
Finished training EB misspecified, with in-sample MSE: 0.053925338134042704
Finished training EB wellspecified, with SURE: -0.10077308532931321
Finished training EB wellspecified, with in-sample MSE: 0.038499258833598005
m: 268
Finished solving NPMLE, with SURE 0.49689879276725607
Finished solving NPMLE, with in-sample MSE 0.0784826689522735
Finished solving parametric estimator, with SURE 0.0622656733771525
Finished solving parametric estimator, with in-sample MSE 0.05958620490867575
Finished solving EBCF, with in-sample MSE 0.028933019742728022
Finished training EB SURE-LS, with SURE: 0.016072178422037908
Finished training EB SURE-LS, with in-sample MSE: 0.03386597271886012
use_scale: True
use_location: False
Finished training EB misspecified with NPMLE init, with SURE: 0.04301471975059116
Finished training EB misspecified with NPMLE init, with in-sample MSE: 0.07043714262023448
Finished training EB misspecified, with SURE: 0.04302598003516337
Finished training EB misspecified, with in-sample MSE: 0.07044128257971403
Finished training EB wellspecified, with SURE: -0.04253330823226374
Finished training EB wellspecified, with in-sample MSE: 0.11989047509430872
m: 269
Finished solving NPMLE, with SURE 0.4642066801488325
Finished solving NPMLE, with in-sample MSE 0.08101868562633145
Finished solving parametric estimator, with SURE 0.029531986767311558
Finished solving parametric estimator, with in-sample MSE 0.05949898684536441
Finished solving EBCF, with in-sample MSE 0.015152554593893358
Finished training EB SURE-LS, with SURE: -0.01524984929348943
Finished training EB SURE-LS, with in-sample MSE: 0.003926665098569332
use_scale: True
use_location: False
Finished training EB misspecified with NPMLE init, with SURE: 0.02079177616867881
Finished training EB misspecified with NPMLE init, with in-sample MSE: 0.06339246945761196
Finished training EB misspecified, with SURE: 0.020817099429835437
Finished training EB misspecified, with in-sample MSE: 0.06342397784162251
Finished training EB wellspecified, with SURE: -0.041460048554760986
Finished training EB wellspecified, with in-sample MSE: 0.03000763517813609
m: 270
Finished solving NPMLE, with SURE 0.7728713558080006
Finished solving NPMLE, with in-sample MSE 0.08104602130121624
Finished solving parametric estimator, with SURE 0.0076064673127591576
Finished solving parametric estimator, with in-sample MSE 0.05480784476178575
Finished solving EBCF, with in-sample MSE 0.021371903618885524
Finished training EB SURE-LS, with SURE: -0.10104548592003347
Finished training EB SURE-LS, with in-sample MSE: 0.005018357830064355
use_scale: True
use_location: False
Finished training EB misspecified with NPMLE init, with SURE: -0.001377463688651801
Finished training EB misspecified with NPMLE init, with in-sample MSE: 0.05414000039220878
Finished training EB misspecified, with SURE: -0.001405437133908123
Finished training EB misspecified, with in-sample MSE: 0.05412757956762507
Finished training EB wellspecified, with SURE: -0.11951561607892437
Finished training EB wellspecified, with in-sample MSE: 0.02180922405985063
m: 271
Finished solving NPMLE, with SURE 0.7936978166620741
Finished solving NPMLE, with in-sample MSE 0.07895077546462775
Finished solving parametric estimator, with SURE 0.00604358968179447
Finished solving parametric estimator, with in-sample MSE 0.05666247165972552
Finished solving EBCF, with in-sample MSE 0.021087500803433475
Finished training EB SURE-LS, with SURE: 0.0002912703354826801
Finished training EB SURE-LS, with in-sample MSE: 0.055967134796467574
use_scale: True
use_location: False
Finished training EB misspecified with NPMLE init, with SURE: -0.014928770869451356
Finished training EB misspecified with NPMLE init, with in-sample MSE: 0.07672441920455923
Finished training EB misspecified, with SURE: -1.4953155420229792e-05
Finished training EB misspecified, with in-sample MSE: 0.05846091696146602
Finished training EB wellspecified, with SURE: -0.06917120834401701
Finished training EB wellspecified, with in-sample MSE: 0.0037926732938145385
m: 272
Finished solving NPMLE, with SURE 1.0292298760036929
Finished solving NPMLE, with in-sample MSE 0.0665559665520129
Finished solving parametric estimator, with SURE 0.12972090992580976
Finished solving parametric estimator, with in-sample MSE 0.06763084358272248
Finished solving EBCF, with in-sample MSE 0.06940003776613982
Finished training EB SURE-LS, with SURE: 0.07372982519922565
Finished training EB SURE-LS, with in-sample MSE: 0.025927261681836778
use_scale: True
use_location: False
Finished training EB misspecified with NPMLE init, with SURE: 0.12165819911005009
Finished training EB misspecified with NPMLE init, with in-sample MSE: 0.07451657435083618
Finished training EB misspecified, with SURE: 0.12163871919522798
Finished training EB misspecified, with in-sample MSE: 0.0746683779337654
Finished training EB wellspecified, with SURE: 0.006150682696628272
Finished training EB wellspecified, with in-sample MSE: 0.15614863326221462
m: 273
Finished solving NPMLE, with SURE 0.676112265733114
Finished solving NPMLE, with in-sample MSE 0.10115850866315056
Finished solving parametric estimator, with SURE 0.0026295295470113444
Finished solving parametric estimator, with in-sample MSE 0.06371630799471588
Finished solving EBCF, with in-sample MSE 0.0039184620020541955
Finished training EB SURE-LS, with SURE: -0.06663468239783746
Finished training EB SURE-LS, with in-sample MSE: 0.003110346843220464
use_scale: True
use_location: False
Finished training EB misspecified with NPMLE init, with SURE: -0.0034612756466342633
Finished training EB misspecified with NPMLE init, with in-sample MSE: 0.06013130565166335
Finished training EB misspecified, with SURE: -0.0034645354023353295
Finished training EB misspecified, with in-sample MSE: 0.06015409780449064
Finished training EB wellspecified, with SURE: -0.07136259470968102
Finished training EB wellspecified, with in-sample MSE: 0.007651153276269109
m: 274
Finished solving NPMLE, with SURE 0.6275972659685753
Finished solving NPMLE, with in-sample MSE 0.08024267000547006
Finished solving parametric estimator, with SURE 0.059139632962702415
Finished solving parametric estimator, with in-sample MSE 0.04932493407738949
Finished solving EBCF, with in-sample MSE 0.04060232122451892
Finished training EB SURE-LS, with SURE: -0.015801890513432983
Finished training EB SURE-LS, with in-sample MSE: 0.017706143584515874
use_scale: True
use_location: False
Finished training EB misspecified with NPMLE init, with SURE: 0.01760825658046656
Finished training EB misspecified with NPMLE init, with in-sample MSE: 0.09206030297509922
Finished training EB misspecified, with SURE: 0.017636508276644848
Finished training EB misspecified, with in-sample MSE: 0.09204244245620438
Finished training EB wellspecified, with SURE: -0.07383190166018443
Finished training EB wellspecified, with in-sample MSE: 0.11431129134685108
m: 275
Finished solving NPMLE, with SURE 0.38246498353250075
Finished solving NPMLE, with in-sample MSE 0.09398361109938673
Finished solving parametric estimator, with SURE 0.03803587954986759
Finished solving parametric estimator, with in-sample MSE 0.0684294989299812
Finished solving EBCF, with in-sample MSE 0.038171352746798524
Finished training EB SURE-LS, with SURE: 0.007217371776383686
Finished training EB SURE-LS, with in-sample MSE: 0.01793639165892307
use_scale: True
use_location: False
Finished training EB misspecified with NPMLE init, with SURE: 0.029701677346126446
Finished training EB misspecified with NPMLE init, with in-sample MSE: 0.06423432612202772
Finished training EB misspecified, with SURE: 0.029704883108702163
Finished training EB misspecified, with in-sample MSE: 0.0642346619508081
Finished training EB wellspecified, with SURE: -0.03744873691892025
Finished training EB wellspecified, with in-sample MSE: 0.05230928677973539
m: 276
Finished solving NPMLE, with SURE 0.3863874303451466
Finished solving NPMLE, with in-sample MSE 0.06147300508664061
Finished solving parametric estimator, with SURE 0.02005014909806918
Finished solving parametric estimator, with in-sample MSE 0.05739221245169512
Finished solving EBCF, with in-sample MSE 0.015600458491818353
Finished training EB SURE-LS, with SURE: -0.05368628655404129
Finished training EB SURE-LS, with in-sample MSE: 0.007104565065923485
use_scale: True
use_location: False
Finished training EB misspecified with NPMLE init, with SURE: 0.010587792607970102
Finished training EB misspecified with NPMLE init, with in-sample MSE: 0.06270579657111855
Finished training EB misspecified, with SURE: 0.010612237405513482
Finished training EB misspecified, with in-sample MSE: 0.06269910914964008
Finished training EB wellspecified, with SURE: -0.1432492329068364
Finished training EB wellspecified, with in-sample MSE: 0.12465224163954643
m: 277
Finished solving NPMLE, with SURE 0.575627663702495
Finished solving NPMLE, with in-sample MSE 0.08332002950044397
Finished solving parametric estimator, with SURE 0.029713901345227556
Finished solving parametric estimator, with in-sample MSE 0.06112730600300914
Finished solving EBCF, with in-sample MSE 0.0232518600762397
Finished training EB SURE-LS, with SURE: -0.010815589433958462
Finished training EB SURE-LS, with in-sample MSE: 0.0059912724132589815
use_scale: True
use_location: False
Finished training EB misspecified with NPMLE init, with SURE: 0.02256941557442531
Finished training EB misspecified with NPMLE init, with in-sample MSE: 0.05704733735052848
Finished training EB misspecified, with SURE: 0.022572333256492813
Finished training EB misspecified, with in-sample MSE: 0.05704934111099245
Finished training EB wellspecified, with SURE: -0.05582743346817635
Finished training EB wellspecified, with in-sample MSE: 0.055500732222162
m: 278
Finished solving NPMLE, with SURE 0.7337664908280302
Finished solving NPMLE, with in-sample MSE 0.07178409810346652
Finished solving parametric estimator, with SURE 0.009763924267281177
Finished solving parametric estimator, with in-sample MSE 0.05247683813970361
Finished solving EBCF, with in-sample MSE 0.01540683903404369
Finished training EB SURE-LS, with SURE: -0.06426993548896467
Finished training EB SURE-LS, with in-sample MSE: 0.0021203013332597997
use_scale: True
use_location: False
Finished training EB misspecified with NPMLE init, with SURE: 0.0007635078629737535
Finished training EB misspecified with NPMLE init, with in-sample MSE: 0.057925708244259494
Finished training EB misspecified, with SURE: 0.0008061112756711708
Finished training EB misspecified, with in-sample MSE: 0.057496357189055346
Finished training EB wellspecified, with SURE: -0.10087151370171663
Finished training EB wellspecified, with in-sample MSE: 0.03901213054569972
m: 279
Finished solving NPMLE, with SURE 0.7669863652549964
Finished solving NPMLE, with in-sample MSE 0.09229257779730551
Finished solving parametric estimator, with SURE 0.02271441352111886
Finished solving parametric estimator, with in-sample MSE 0.0635506456825876
Finished solving EBCF, with in-sample MSE 0.017599747557906824
Finished training EB SURE-LS, with SURE: -0.04710313347505151
Finished training EB SURE-LS, with in-sample MSE: 0.003586906734665468
use_scale: True
use_location: False
Finished training EB misspecified with NPMLE init, with SURE: 0.01013602368815512
Finished training EB misspecified with NPMLE init, with in-sample MSE: 0.06843258530682249
Finished training EB misspecified, with SURE: 0.01071307402657638
Finished training EB misspecified, with in-sample MSE: 0.07333716796188602
Finished training EB wellspecified, with SURE: -0.09585628616270686
Finished training EB wellspecified, with in-sample MSE: 0.08257482657750284
m: 280
Finished solving NPMLE, with SURE 0.2091519352926977
Finished solving NPMLE, with in-sample MSE 0.0916932210421855
Finished solving parametric estimator, with SURE 0.06932426997887786
Finished solving parametric estimator, with in-sample MSE 0.05973864181185565
Finished solving EBCF, with in-sample MSE 0.022188746210494138
Finished training EB SURE-LS, with SURE: 0.027144795118459665
Finished training EB SURE-LS, with in-sample MSE: 0.008642043838811182
use_scale: True
use_location: False
Finished training EB misspecified with NPMLE init, with SURE: 0.02908005833750579
Finished training EB misspecified with NPMLE init, with in-sample MSE: 0.11668094770957298
Finished training EB misspecified, with SURE: 0.029100944117724764
Finished training EB misspecified, with in-sample MSE: 0.11658042309465333
Finished training EB wellspecified, with SURE: -0.08109181169756412
Finished training EB wellspecified, with in-sample MSE: 0.13055362172104726
m: 281
Finished solving NPMLE, with SURE 0.3279449760389106
Finished solving NPMLE, with in-sample MSE 0.08403691946556481
Finished solving parametric estimator, with SURE -0.03949239620293882
Finished solving parametric estimator, with in-sample MSE 0.06394213337117088
Finished solving EBCF, with in-sample MSE 0.005663701671388676
Finished training EB SURE-LS, with SURE: -0.09771428016070229
Finished training EB SURE-LS, with in-sample MSE: 0.00206054760149339
use_scale: True
use_location: False
Finished training EB misspecified with NPMLE init, with SURE: -0.04598096656443047
Finished training EB misspecified with NPMLE init, with in-sample MSE: 0.06272750036421511
Finished training EB misspecified, with SURE: -0.04593909927781098
Finished training EB misspecified, with in-sample MSE: 0.062648187339186
Finished training EB wellspecified, with SURE: -0.10507635676898511
Finished training EB wellspecified, with in-sample MSE: 0.008709383972460436
m: 282
Finished solving NPMLE, with SURE 0.6151104510459183
Finished solving NPMLE, with in-sample MSE 0.11246027430104082
Finished solving parametric estimator, with SURE -0.06669022277760545
Finished solving parametric estimator, with in-sample MSE 0.08513355657899677
Finished solving EBCF, with in-sample MSE 0.037937154729733295
Finished training EB SURE-LS, with SURE: -0.09166726914362645
Finished training EB SURE-LS, with in-sample MSE: 0.03731543459184824
use_scale: True
use_location: False
Finished training EB misspecified with NPMLE init, with SURE: -0.07235899054761298
Finished training EB misspecified with NPMLE init, with in-sample MSE: 0.08363084964931566
Finished training EB misspecified, with SURE: -0.0722950370072921
Finished training EB misspecified, with in-sample MSE: 0.08383344546403772
Finished training EB wellspecified, with SURE: -0.10321272697191385
Finished training EB wellspecified, with in-sample MSE: 0.035251014611052296
m: 283
Finished solving NPMLE, with SURE 0.7140752841320415
Finished solving NPMLE, with in-sample MSE 0.08967659241090262
Finished solving parametric estimator, with SURE 0.04933950107816493
Finished solving parametric estimator, with in-sample MSE 0.059932754738724274
Finished solving EBCF, with in-sample MSE 0.015952829843449916
Finished training EB SURE-LS, with SURE: -0.0032079289637259503
Finished training EB SURE-LS, with in-sample MSE: 0.003346378389368638
use_scale: True
use_location: False
Finished training EB misspecified with NPMLE init, with SURE: 0.04084234466855847
Finished training EB misspecified with NPMLE init, with in-sample MSE: 0.058883953015660725
Finished training EB misspecified, with SURE: 0.04091420547805967
Finished training EB misspecified, with in-sample MSE: 0.05882019141986036
Finished training EB wellspecified, with SURE: -0.027635253546566815
Finished training EB wellspecified, with in-sample MSE: 0.029149817332378012
m: 284
Finished solving NPMLE, with SURE 0.5955512935362464
Finished solving NPMLE, with in-sample MSE 0.0977249039375769
Finished solving parametric estimator, with SURE 0.0038927654184642835
Finished solving parametric estimator, with in-sample MSE 0.06010664616548196
Finished solving EBCF, with in-sample MSE 0.011495338258239167
Finished training EB SURE-LS, with SURE: -0.06490208722494097
Finished training EB SURE-LS, with in-sample MSE: 0.0024104881003592167
use_scale: True
use_location: False
Finished training EB misspecified with NPMLE init, with SURE: -0.004691258579212416
Finished training EB misspecified with NPMLE init, with in-sample MSE: 0.05791152320492953
Finished training EB misspecified, with SURE: -0.004678943360770234
Finished training EB misspecified, with in-sample MSE: 0.057937032496572956
Finished training EB wellspecified, with SURE: -0.07662796719283463
Finished training EB wellspecified, with in-sample MSE: 0.012553311048720848
m: 285
Finished solving NPMLE, with SURE 0.7470784713054295
Finished solving NPMLE, with in-sample MSE 0.06805329894534634
Finished solving parametric estimator, with SURE 0.029682534173983754
Finished solving parametric estimator, with in-sample MSE 0.05401332777286926
Finished solving EBCF, with in-sample MSE 0.010215160972209812
Finished training EB SURE-LS, with SURE: -0.016057478189796782
Finished training EB SURE-LS, with in-sample MSE: 0.0050440415280870576
use_scale: True
use_location: False
Finished training EB misspecified with NPMLE init, with SURE: 0.02351522313538837
Finished training EB misspecified with NPMLE init, with in-sample MSE: 0.05521650523080731
Finished training EB misspecified, with SURE: 0.0230024127468063
Finished training EB misspecified, with in-sample MSE: 0.055013268316166146
Finished training EB wellspecified, with SURE: -0.05714887837334209
Finished training EB wellspecified, with in-sample MSE: 0.08566402083184319
m: 286
Finished solving NPMLE, with SURE 0.42866767403578704
Finished solving NPMLE, with in-sample MSE 0.0754741609872286
Finished solving parametric estimator, with SURE -0.049203561292549824
Finished solving parametric estimator, with in-sample MSE 0.06254034395874208
Finished solving EBCF, with in-sample MSE 0.03068810392500525
Finished training EB SURE-LS, with SURE: -0.09336237936763767
Finished training EB SURE-LS, with in-sample MSE: 0.032599887293153156
use_scale: True
use_location: False
Finished training EB misspecified with NPMLE init, with SURE: -0.055052115757395444
Finished training EB misspecified with NPMLE init, with in-sample MSE: 0.06142044671219321
Finished training EB misspecified, with SURE: -0.05504795797432586
Finished training EB misspecified, with in-sample MSE: 0.06143125855356181
Finished training EB wellspecified, with SURE: -0.11230495579673719
Finished training EB wellspecified, with in-sample MSE: 0.05355463162905143
m: 287
Finished solving NPMLE, with SURE 0.5589168660503292
Finished solving NPMLE, with in-sample MSE 0.09422753251212491
Finished solving parametric estimator, with SURE 0.11535501300515993
Finished solving parametric estimator, with in-sample MSE 0.06585410327025701
Finished solving EBCF, with in-sample MSE 0.05174949737885137
Finished training EB SURE-LS, with SURE: 0.06762057287336148
Finished training EB SURE-LS, with in-sample MSE: 0.01242809980982624
use_scale: True
use_location: False
Finished training EB misspecified with NPMLE init, with SURE: 0.0907002338122146
Finished training EB misspecified with NPMLE init, with in-sample MSE: 0.08763137880639406
Finished training EB misspecified, with SURE: 0.09072483584207561
Finished training EB misspecified, with in-sample MSE: 0.08763242755772327
Finished training EB wellspecified, with SURE: 0.032583766507058694
Finished training EB wellspecified, with in-sample MSE: 0.06059983694899466
m: 288
Finished solving NPMLE, with SURE 0.41743985013257423
Finished solving NPMLE, with in-sample MSE 0.08645812748826572
Finished solving parametric estimator, with SURE 0.08887658955666439
Finished solving parametric estimator, with in-sample MSE 0.05819702582400907
Finished solving EBCF, with in-sample MSE 0.02655572457223257
Finished training EB SURE-LS, with SURE: 0.0334264188107797
Finished training EB SURE-LS, with in-sample MSE: 0.004537080812568238
use_scale: True
use_location: False
Finished training EB misspecified with NPMLE init, with SURE: 0.07512458496829837
Finished training EB misspecified with NPMLE init, with in-sample MSE: 0.0664382433973434
Finished training EB misspecified, with SURE: 0.07514545734142886
Finished training EB misspecified, with in-sample MSE: 0.06639540627056785
Finished training EB wellspecified, with SURE: -0.038770299557774765
Finished training EB wellspecified, with in-sample MSE: 0.08592285285866408
m: 289
Finished solving NPMLE, with SURE 1.3132190751472888
Finished solving NPMLE, with in-sample MSE 0.10558280696212048
Finished solving parametric estimator, with SURE 0.05231098055891109
Finished solving parametric estimator, with in-sample MSE 0.057121053598753635
Finished solving EBCF, with in-sample MSE 0.011615965386255497
Finished training EB SURE-LS, with SURE: -0.045032340814648124
Finished training EB SURE-LS, with in-sample MSE: 0.007437401587340875
use_scale: True
use_location: False
Finished training EB misspecified with NPMLE init, with SURE: 0.020744236759494685
Finished training EB misspecified with NPMLE init, with in-sample MSE: 0.09760886859077628
Finished training EB misspecified, with SURE: 0.020753233094798203
Finished training EB misspecified, with in-sample MSE: 0.09754724078066643
Finished training EB wellspecified, with SURE: -0.10957565181210022
Finished training EB wellspecified, with in-sample MSE: 0.09314985683828865
m: 290
Finished solving NPMLE, with SURE 0.8128983979675857
Finished solving NPMLE, with in-sample MSE 0.13144057060006614
Finished solving parametric estimator, with SURE 0.14689107792356604
Finished solving parametric estimator, with in-sample MSE 0.06425381524682097
Finished solving EBCF, with in-sample MSE 0.06317976531201168
Finished training EB SURE-LS, with SURE: 0.06282802638798873
Finished training EB SURE-LS, with in-sample MSE: 0.017198849349256327
use_scale: True
use_location: False
Finished training EB misspecified with NPMLE init, with SURE: 0.10696929340976993
Finished training EB misspecified with NPMLE init, with in-sample MSE: 0.10668035107741203
Finished training EB misspecified, with SURE: 0.10702603118345451
Finished training EB misspecified, with in-sample MSE: 0.1066266816587312
Finished training EB wellspecified, with SURE: -0.021859031610200037
Finished training EB wellspecified, with in-sample MSE: 0.13184520610264094
m: 291
Finished solving NPMLE, with SURE 0.6696494647806354
Finished solving NPMLE, with in-sample MSE 0.15637503198102107
Finished solving parametric estimator, with SURE 0.2425381907724544
Finished solving parametric estimator, with in-sample MSE 0.1287575280122587
Finished solving EBCF, with in-sample MSE 0.11555801609961973
Finished training EB SURE-LS, with SURE: 0.11894493995891584
Finished training EB SURE-LS, with in-sample MSE: 0.10256038504364723
use_scale: True
use_location: False
Finished training EB misspecified with NPMLE init, with SURE: 0.17257638849355644
Finished training EB misspecified with NPMLE init, with in-sample MSE: 0.1942066791275081
Finished training EB misspecified, with SURE: 0.1725960034113001
Finished training EB misspecified, with in-sample MSE: 0.19418649770752666
Finished training EB wellspecified, with SURE: 0.06035614141263801
Finished training EB wellspecified, with in-sample MSE: 0.2325114351123064
m: 292
Finished solving NPMLE, with SURE 1.115663957497
Finished solving NPMLE, with in-sample MSE 0.12553859079338955
Finished solving parametric estimator, with SURE 0.08613845909824291
Finished solving parametric estimator, with in-sample MSE 0.060618776786888644
Finished solving EBCF, with in-sample MSE 0.05238939246514538
Finished training EB SURE-LS, with SURE: -0.005676553361536403
Finished training EB SURE-LS, with in-sample MSE: 0.02301883751452165
use_scale: True
use_location: False
Finished training EB misspecified with NPMLE init, with SURE: 0.03980603635101389
Finished training EB misspecified with NPMLE init, with in-sample MSE: 0.08942189325551292
Finished training EB misspecified, with SURE: 0.03981110786247683
Finished training EB misspecified, with in-sample MSE: 0.08942644828251774
Finished training EB wellspecified, with SURE: -0.12745351787995796
Finished training EB wellspecified, with in-sample MSE: 0.15706909277252595
m: 293
Finished solving NPMLE, with SURE 0.6369787747432879
Finished solving NPMLE, with in-sample MSE 0.08143270038244023
Finished solving parametric estimator, with SURE 0.1305204219194997
Finished solving parametric estimator, with in-sample MSE 0.06934689478830601
Finished solving EBCF, with in-sample MSE 0.05768114487953431
Finished training EB SURE-LS, with SURE: 0.07840610288954462
Finished training EB SURE-LS, with in-sample MSE: 0.013610567595206957
use_scale: True
use_location: False
Finished training EB misspecified with NPMLE init, with SURE: 0.08954813534326349
Finished training EB misspecified with NPMLE init, with in-sample MSE: 0.11396445761172236
Finished training EB misspecified, with SURE: 0.08954836964606358
Finished training EB misspecified, with in-sample MSE: 0.1139308259834753
Finished training EB wellspecified, with SURE: -0.03573803159389976
Finished training EB wellspecified, with in-sample MSE: 0.16895527115269218
m: 294
Finished solving NPMLE, with SURE 0.35814308936404127
Finished solving NPMLE, with in-sample MSE 0.10913685062406567
Finished solving parametric estimator, with SURE -0.09097756531678686
Finished solving parametric estimator, with in-sample MSE 0.0725019876767448
Finished solving EBCF, with in-sample MSE 0.015326501044353869
Finished training EB SURE-LS, with SURE: -0.15887864648892305
Finished training EB SURE-LS, with in-sample MSE: 0.0026188229542382976
use_scale: True
use_location: False
Finished training EB misspecified with NPMLE init, with SURE: -0.09669243891445944
Finished training EB misspecified with NPMLE init, with in-sample MSE: 0.0725006184324302
Finished training EB misspecified, with SURE: -0.0966911649923599
Finished training EB misspecified, with in-sample MSE: 0.07249910954646971
Finished training EB wellspecified, with SURE: -0.17947786139015787
Finished training EB wellspecified, with in-sample MSE: 0.02378360262289615
m: 295
Finished solving NPMLE, with SURE 0.3642871426221117
Finished solving NPMLE, with in-sample MSE 0.08552089251201359
Finished solving parametric estimator, with SURE 0.09779337324338971
Finished solving parametric estimator, with in-sample MSE 0.06041621318635244
Finished solving EBCF, with in-sample MSE 0.005513468934897509
Finished training EB SURE-LS, with SURE: 0.016258377086768794
Finished training EB SURE-LS, with in-sample MSE: 0.02218907355050194
use_scale: True
use_location: False
Finished training EB misspecified with NPMLE init, with SURE: 0.08343228803479612
Finished training EB misspecified with NPMLE init, with in-sample MSE: 0.05728873997704478
Finished training EB misspecified, with SURE: 0.07923257835990306
Finished training EB misspecified, with in-sample MSE: 0.07775778967674583
Finished training EB wellspecified, with SURE: -0.06107086631191567
Finished training EB wellspecified, with in-sample MSE: 0.12316968390123062
m: 296
Finished solving NPMLE, with SURE 0.4284150682445875
Finished solving NPMLE, with in-sample MSE 0.10001180463715803
Finished solving parametric estimator, with SURE 0.07466562421568068
Finished solving parametric estimator, with in-sample MSE 0.059129257079607374
Finished solving EBCF, with in-sample MSE 0.047889856934645356
Finished training EB SURE-LS, with SURE: 0.050300915565408943
Finished training EB SURE-LS, with in-sample MSE: 0.010994409614676912
use_scale: True
use_location: False
Finished training EB misspecified with NPMLE init, with SURE: 0.023953046101327473
Finished training EB misspecified with NPMLE init, with in-sample MSE: 0.14083834997278816
Finished training EB misspecified, with SURE: 0.014870272502598994
Finished training EB misspecified, with in-sample MSE: 0.19368919775803217
Finished training EB wellspecified, with SURE: -0.07799275871546218
Finished training EB wellspecified, with in-sample MSE: 0.19306841597797086
m: 297
Finished solving NPMLE, with SURE 0.8789319504473618
Finished solving NPMLE, with in-sample MSE 0.06787770594296214
Finished solving parametric estimator, with SURE 0.10166858078827856
Finished solving parametric estimator, with in-sample MSE 0.05545920883428657
Finished solving EBCF, with in-sample MSE 0.043104788793822846
Finished training EB SURE-LS, with SURE: 0.06400577283087668
Finished training EB SURE-LS, with in-sample MSE: 0.0032711269588405465
use_scale: True
use_location: False
Finished training EB misspecified with NPMLE init, with SURE: 0.0852030887031681
Finished training EB misspecified with NPMLE init, with in-sample MSE: 0.07633827085979132
Finished training EB misspecified, with SURE: 0.09167935688412236
Finished training EB misspecified, with in-sample MSE: 0.060498124297732894
Finished training EB wellspecified, with SURE: 0.042356267961063995
Finished training EB wellspecified, with in-sample MSE: 0.02227897654557157
m: 298
Finished solving NPMLE, with SURE 0.6918855433209454
Finished solving NPMLE, with in-sample MSE 0.15795664729893846
Finished solving parametric estimator, with SURE 0.026890092671989496
Finished solving parametric estimator, with in-sample MSE 0.08444483751142179
Finished solving EBCF, with in-sample MSE 0.042359836076318165
Finished training EB SURE-LS, with SURE: -0.024113424531789107
Finished training EB SURE-LS, with in-sample MSE: 0.02702384768222451
use_scale: True
use_location: False
Finished training EB misspecified with NPMLE init, with SURE: -0.010259995705326617
Finished training EB misspecified with NPMLE init, with in-sample MSE: 0.13785714513537425
Finished training EB misspecified, with SURE: -0.010239456655172247
Finished training EB misspecified, with in-sample MSE: 0.13779531528630037
Finished training EB wellspecified, with SURE: -0.03250047392675958
Finished training EB wellspecified, with in-sample MSE: 0.0317288812329524
m: 299
Finished solving NPMLE, with SURE 0.752596329130738
Finished solving NPMLE, with in-sample MSE 0.07961269576921837
Finished solving parametric estimator, with SURE -0.005954189910957697
Finished solving parametric estimator, with in-sample MSE 0.05617411390719251
Finished solving EBCF, with in-sample MSE 0.0019370340873597388
Finished training EB SURE-LS, with SURE: -0.08052255803052726
Finished training EB SURE-LS, with in-sample MSE: 0.0004844286951063438
use_scale: True
use_location: False
Finished training EB misspecified with NPMLE init, with SURE: -0.012638416187656105
Finished training EB misspecified with NPMLE init, with in-sample MSE: 0.053052273620976295
Finished training EB misspecified, with SURE: -0.01262640353278151
Finished training EB misspecified, with in-sample MSE: 0.05306832149523419
Finished training EB wellspecified, with SURE: -0.08881709042973153
Finished training EB wellspecified, with in-sample MSE: 0.0046318912782952
submitit INFO (2026-08-24 20:02:40,448) - Job completed successfully
submitit INFO (2026-08-24 20:02:40,466) - Exiting after successful completion
