submitit INFO (2026-06-01 12:39:00,631) - Starting with JobEnvironment(job_id=915381, hostname=j004-ds, local_rank=0(1), node=0(1), global_rank=0(1))
submitit INFO (2026-06-01 12:39:00,631) - Loading pickle: /home/amberlee0516/score-matching-empirical-bayes/submitit_log/915381/915381_submitted.pkl
simulate_data.py: device = cuda:0
Start location_scale_comparison
m: 1400
n: 100
experiment: c
Finished training EB misspecified with NPMLE init, with SURE: 0.08317634644659762
Finished training EB misspecified with NPMLE init, with in-sample MSE: 0.056431881905016114
Finished training EB misspecified, with SURE: 0.08317673503839643
Finished training EB misspecified, with in-sample MSE: 0.05643221688439281

 Training SURE of the models:
SURE-PM: 0.08317673503839643
NPMLE: 0.6346170882251517
SURE-PM, NPMLE init: 0.08317634644659762
experiment: d
Finished training EB misspecified with NPMLE init, with SURE: 0.0049105280928553085
Finished training EB misspecified with NPMLE init, with in-sample MSE: 0.06528362987988284
Finished training EB misspecified, with SURE: 0.004911020298432476
Finished training EB misspecified, with in-sample MSE: 0.06528324417492204

 Training SURE of the models:
SURE-PM: 0.004911020298432476
NPMLE: 0.2369639702921467
SURE-PM, NPMLE init: 0.0049105280928553085
experiment: e
Finished training EB misspecified with NPMLE init, with SURE: 0.1611078881876005
Finished training EB misspecified with NPMLE init, with in-sample MSE: 0.22146277087811533
Finished training EB misspecified, with SURE: 0.161112488918048
Finished training EB misspecified, with in-sample MSE: 0.22145918297810316

 Training SURE of the models:
SURE-PM: 0.161112488918048
NPMLE: 0.31184720044937725
SURE-PM, NPMLE init: 0.1611078881876005
n: 200
experiment: c
Finished training EB misspecified with NPMLE init, with SURE: -0.012976036813366676
Finished training EB misspecified with NPMLE init, with in-sample MSE: 0.0521165263942611
Finished training EB misspecified, with SURE: -0.012968341295945436
Finished training EB misspecified, with in-sample MSE: 0.05211179761369469

 Training SURE of the models:
SURE-PM: -0.012968341295945436
NPMLE: 0.7326689333438157
SURE-PM, NPMLE init: -0.012976036813366676
experiment: d
Finished training EB misspecified with NPMLE init, with SURE: 0.005691901208560299
Finished training EB misspecified with NPMLE init, with in-sample MSE: 0.014032720326372396
Finished training EB misspecified, with SURE: 0.0056947413138710165
Finished training EB misspecified, with in-sample MSE: 0.014030347867326431

 Training SURE of the models:
SURE-PM: 0.0056947413138710165
NPMLE: 0.009878774030500548
SURE-PM, NPMLE init: 0.005691901208560299
experiment: e
Finished training EB misspecified with NPMLE init, with SURE: 0.16781317851415645
Finished training EB misspecified with NPMLE init, with in-sample MSE: 0.23362368962308427
Finished training EB misspecified, with SURE: 0.1678181739615924
Finished training EB misspecified, with in-sample MSE: 0.23360691290688324

 Training SURE of the models:
SURE-PM: 0.1678181739615924
NPMLE: 0.28703076696051005
SURE-PM, NPMLE init: 0.16781317851415645
n: 400
experiment: c
Finished training EB misspecified with NPMLE init, with SURE: -0.017714370137462722
Finished training EB misspecified with NPMLE init, with in-sample MSE: 0.0660022589213182
