submitit ERROR (2026-08-24 18:42:52,440) - Submitted job triggered an exception
Traceback (most recent call last):
  File "/home/amberlee0516/miniconda3/envs/nn_env/lib/python3.9/runpy.py", line 197, in _run_module_as_main
    return _run_code(code, main_globals, None,
  File "/home/amberlee0516/miniconda3/envs/nn_env/lib/python3.9/runpy.py", line 87, in _run_code
    exec(code, run_globals)
  File "/home/amberlee0516/miniconda3/envs/nn_env/lib/python3.9/site-packages/submitit/core/_submit.py", line 11, in <module>
    submitit_main()
  File "/home/amberlee0516/miniconda3/envs/nn_env/lib/python3.9/site-packages/submitit/core/submission.py", line 76, in submitit_main
    process_job(args.folder)
  File "/home/amberlee0516/miniconda3/envs/nn_env/lib/python3.9/site-packages/submitit/core/submission.py", line 69, in process_job
    raise error
  File "/home/amberlee0516/miniconda3/envs/nn_env/lib/python3.9/site-packages/submitit/core/submission.py", line 55, in process_job
    result = delayed.result()
  File "/home/amberlee0516/miniconda3/envs/nn_env/lib/python3.9/site-packages/submitit/core/utils.py", line 137, in result
    self._result = self.function(*self.args, **self.kwargs)
  File "/home/amberlee0516/score-matching-empirical-bayes/optimization_experiment.py", line 114, in main
    save_csv(experiment_str=experiment_str, n=200, total_m_sim=10)
  File "/home/amberlee0516/score-matching-empirical-bayes/optimization_experiment.py", line 99, in save_csv
    train_estimators_and_get_sure(slice_of_experiment, use_scale, use_location, n, B,
TypeError: train_estimators_and_get_sure() takes 7 positional arguments but 8 were given
srun: error: j002-ds: task 0: Exited with exit code 1
