submitit INFO (2026-08-24 18:53:58,092) - Starting with JobEnvironment(job_id=1484551, hostname=g004, local_rank=0(1), node=0(1), global_rank=0(1))
submitit INFO (2026-08-24 18:53:58,092) - Loading pickle: /home/amberlee0516/score-matching-empirical-bayes/submitit_log/1484551/1484551_submitted.pkl
simulate_data.py: device = cuda:0

n: 100
m: 400
Finished solving NPMLE, with SURE 0.5833543854216608
Finished solving NPMLE, with in-sample MSE 0.07836099866725645
Finished solving parametric estimator, with SURE -0.013604828006432979
Finished solving parametric estimator, with in-sample MSE 0.06965753920802732
Finished solving EBCF, with in-sample MSE 0.018597954873401663
Finished training EB SURE-LS, with SURE: -0.05542757792375932
Finished training EB SURE-LS, with in-sample MSE: 0.009683437839513505
use_scale: True
use_location: False
Finished training EB misspecified with NPMLE init, with SURE: -0.025986534985369333
Finished training EB misspecified with NPMLE init, with in-sample MSE: 0.06678305704351147
Finished training EB misspecified, with SURE: -0.02597861159359468
Finished training EB misspecified, with in-sample MSE: 0.06678245915902928
Finished training EB wellspecified, with SURE: -0.08585195653617785
Finished training EB wellspecified, with in-sample MSE: 0.03859069062470067
m: 401
Finished solving NPMLE, with SURE 0.62180585821228
Finished solving NPMLE, with in-sample MSE 0.06900421083760723
Finished solving parametric estimator, with SURE -0.04198617479828354
Finished solving parametric estimator, with in-sample MSE 0.06117521372849462
Finished solving EBCF, with in-sample MSE 0.028970400784879346
Finished training EB SURE-LS, with SURE: -0.09067024998398975
Finished training EB SURE-LS, with in-sample MSE: 0.006331096607543283
use_scale: True
use_location: False
Finished training EB misspecified with NPMLE init, with SURE: -0.052213806363552995
Finished training EB misspecified with NPMLE init, with in-sample MSE: 0.06250254443230296
Finished training EB misspecified, with SURE: -0.05253128309115518
Finished training EB misspecified, with in-sample MSE: 0.06262144683694718
Finished training EB wellspecified, with SURE: -0.117780823602354
Finished training EB wellspecified, with in-sample MSE: 0.03415925936648884
m: 402
Finished solving NPMLE, with SURE 0.4139091797350056
Finished solving NPMLE, with in-sample MSE 0.08148539785046204
Finished solving parametric estimator, with SURE -0.003928330311841088
Finished solving parametric estimator, with in-sample MSE 0.061912990655673655
Finished solving EBCF, with in-sample MSE 0.033623682176214774
Finished training EB SURE-LS, with SURE: -0.038971262756097955
Finished training EB SURE-LS, with in-sample MSE: 0.010287090259199222
use_scale: True
use_location: False
Finished training EB misspecified with NPMLE init, with SURE: -0.017649458969159967
Finished training EB misspecified with NPMLE init, with in-sample MSE: 0.06352398496210825
Finished training EB misspecified, with SURE: -0.01763899558170685
Finished training EB misspecified, with in-sample MSE: 0.06353889899301156
Finished training EB wellspecified, with SURE: -0.15906968552984657
Finished training EB wellspecified, with in-sample MSE: 0.16452090080562193
m: 403
Finished solving NPMLE, with SURE 0.6501421192592605
Finished solving NPMLE, with in-sample MSE 0.07572211478244656
Finished solving parametric estimator, with SURE 0.007460369170834369
Finished solving parametric estimator, with in-sample MSE 0.050690309057545804
Finished solving EBCF, with in-sample MSE 0.01629803339216538
Finished training EB SURE-LS, with SURE: -0.1032894669393692
Finished training EB SURE-LS, with in-sample MSE: 0.006702436297068417
use_scale: True
use_location: False
Finished training EB misspecified with NPMLE init, with SURE: -0.006376402164866306
Finished training EB misspecified with NPMLE init, with in-sample MSE: 0.04553660335090429
Finished training EB misspecified, with SURE: -0.0063626314060156374
Finished training EB misspecified, with in-sample MSE: 0.04554267718370262
Finished training EB wellspecified, with SURE: -0.15226538638012804
Finished training EB wellspecified, with in-sample MSE: 0.047121591430813216
m: 404
Finished solving NPMLE, with SURE 0.2524558014809166
Finished solving NPMLE, with in-sample MSE 0.09906243912160762
Finished solving parametric estimator, with SURE 0.08241398456895521
Finished solving parametric estimator, with in-sample MSE 0.06607318870539068
Finished solving EBCF, with in-sample MSE 0.07654780890631953
Finished training EB SURE-LS, with SURE: -0.02585026610583375
Finished training EB SURE-LS, with in-sample MSE: 0.08150723962411123
use_scale: True
use_location: False
Finished training EB misspecified with NPMLE init, with SURE: 0.06373744113592565
Finished training EB misspecified with NPMLE init, with in-sample MSE: 0.05917838648145029
Finished training EB misspecified, with SURE: 0.044866522220404194
Finished training EB misspecified, with in-sample MSE: 0.1270313096689057
Finished training EB wellspecified, with SURE: -0.11596848980353515
Finished training EB wellspecified, with in-sample MSE: 0.21470935132321128
m: 405
Finished solving NPMLE, with SURE 0.8054408749465611
Finished solving NPMLE, with in-sample MSE 0.11355609856168053
Finished solving parametric estimator, with SURE 0.07247832046894787
Finished solving parametric estimator, with in-sample MSE 0.06625901193516798
Finished solving EBCF, with in-sample MSE 0.04472144922539189
Finished training EB SURE-LS, with SURE: -0.024178382424915903
Finished training EB SURE-LS, with in-sample MSE: 0.004438340922196811
use_scale: True
use_location: False
Finished training EB misspecified with NPMLE init, with SURE: 0.05570222267144246
Finished training EB misspecified with NPMLE init, with in-sample MSE: 0.05728745512688883
Finished training EB misspecified, with SURE: 0.05610974355607169
Finished training EB misspecified, with in-sample MSE: 0.06083418610231777
Finished training EB wellspecified, with SURE: -0.05739036138064911
Finished training EB wellspecified, with in-sample MSE: 0.03171026506592479
m: 406
Finished solving NPMLE, with SURE 1.0729148428609359
Finished solving NPMLE, with in-sample MSE 0.2112521928071941
Finished solving parametric estimator, with SURE 0.10300683957787682
Finished solving parametric estimator, with in-sample MSE 0.06376508025690336
Finished solving EBCF, with in-sample MSE 0.06432839291708556
Finished training EB SURE-LS, with SURE: 0.03737813302181255
Finished training EB SURE-LS, with in-sample MSE: 0.003754459483839745
use_scale: True
use_location: False
Finished training EB misspecified with NPMLE init, with SURE: -0.020142844541235407
Finished training EB misspecified with NPMLE init, with in-sample MSE: 0.22410071196733505
Finished training EB misspecified, with SURE: -0.020116231467807354
Finished training EB misspecified, with in-sample MSE: 0.223954401381471
Finished training EB wellspecified, with SURE: -0.11402238905665202
Finished training EB wellspecified, with in-sample MSE: 0.20589666977750137
m: 407
Finished solving NPMLE, with SURE 0.880791040532029
Finished solving NPMLE, with in-sample MSE 0.1200624101875879
Finished solving parametric estimator, with SURE 0.0291762035334453
Finished solving parametric estimator, with in-sample MSE 0.07703339888434146
Finished solving EBCF, with in-sample MSE 0.03077169282936807
Finished training EB SURE-LS, with SURE: -0.033092306518518286
Finished training EB SURE-LS, with in-sample MSE: 0.014681214711304957
use_scale: True
use_location: False
Finished training EB misspecified with NPMLE init, with SURE: -0.03641845000522736
Finished training EB misspecified with NPMLE init, with in-sample MSE: 0.17067918932159176
Finished training EB misspecified, with SURE: 0.016577839934567323
Finished training EB misspecified, with in-sample MSE: 0.0712193133457467
Finished training EB wellspecified, with SURE: -0.14023435211001872
Finished training EB wellspecified, with in-sample MSE: 0.15191076012196728
m: 408
Finished solving NPMLE, with SURE 0.5316896331733568
Finished solving NPMLE, with in-sample MSE 0.13107023639459933
Finished solving parametric estimator, with SURE 0.050471510605243575
Finished solving parametric estimator, with in-sample MSE 0.09144756020741893
Finished solving EBCF, with in-sample MSE 0.04434976558366778
Finished training EB SURE-LS, with SURE: 0.007592660884592566
Finished training EB SURE-LS, with in-sample MSE: 0.031212910432961753
use_scale: True
use_location: False
Finished training EB misspecified with NPMLE init, with SURE: 0.03576442262772304
Finished training EB misspecified with NPMLE init, with in-sample MSE: 0.08287550818106253
Finished training EB misspecified, with SURE: 0.0357621971273457
Finished training EB misspecified, with in-sample MSE: 0.0828743013790715
Finished training EB wellspecified, with SURE: -0.09342471116057428
Finished training EB wellspecified, with in-sample MSE: 0.13886206840770865
m: 409
Finished solving NPMLE, with SURE 0.4743329130079201
Finished solving NPMLE, with in-sample MSE 0.09940582203310186
Finished solving parametric estimator, with SURE 0.09942758061604523
Finished solving parametric estimator, with in-sample MSE 0.0652899499149469
Finished solving EBCF, with in-sample MSE 0.06280983366159386
Finished training EB SURE-LS, with SURE: 0.08624821473187982
Finished training EB SURE-LS, with in-sample MSE: 0.06745596791855855
use_scale: True
use_location: False
Finished training EB misspecified with NPMLE init, with SURE: 0.044104719762996895
Finished training EB misspecified with NPMLE init, with in-sample MSE: 0.13117130851402345
Finished training EB misspecified, with SURE: 0.044122070154704714
Finished training EB misspecified, with in-sample MSE: 0.13104970329473878
Finished training EB wellspecified, with SURE: -0.11538108070828514
Finished training EB wellspecified, with in-sample MSE: 0.19413942247870664
m: 410
Finished solving NPMLE, with SURE 0.9197477936757668
Finished solving NPMLE, with in-sample MSE 0.08326309274253588
Finished solving parametric estimator, with SURE 0.04216264987539092
Finished solving parametric estimator, with in-sample MSE 0.054434590572432065
Finished solving EBCF, with in-sample MSE 0.022755458311704013
Finished training EB SURE-LS, with SURE: -0.07823216301461551
Finished training EB SURE-LS, with in-sample MSE: 0.014815273246321701
use_scale: True
use_location: False
Finished training EB misspecified with NPMLE init, with SURE: 0.02310953241795552
Finished training EB misspecified with NPMLE init, with in-sample MSE: 0.06139706007801235
Finished training EB misspecified, with SURE: 0.023172905737518262
Finished training EB misspecified, with in-sample MSE: 0.06135611873988538
Finished training EB wellspecified, with SURE: -0.11002898718778098
Finished training EB wellspecified, with in-sample MSE: 0.045035747943260755
m: 411
Finished solving NPMLE, with SURE 0.9177676341216702
Finished solving NPMLE, with in-sample MSE 0.0748103592517712
Finished solving parametric estimator, with SURE -0.004321108705280019
Finished solving parametric estimator, with in-sample MSE 0.057984852242561356
Finished solving EBCF, with in-sample MSE 0.00931499706692884
Finished training EB SURE-LS, with SURE: -0.07656040618047498
Finished training EB SURE-LS, with in-sample MSE: 0.007646955967005078
use_scale: True
use_location: False
Finished training EB misspecified with NPMLE init, with SURE: -0.018888717211191376
Finished training EB misspecified with NPMLE init, with in-sample MSE: 0.05517343049510695
Finished training EB misspecified, with SURE: -0.01887811994166569
Finished training EB misspecified, with in-sample MSE: 0.05517412686167206
Finished training EB wellspecified, with SURE: -0.1396179575533091
Finished training EB wellspecified, with in-sample MSE: 0.07495789111858323
m: 412
Finished solving NPMLE, with SURE 0.33921580574842713
Finished solving NPMLE, with in-sample MSE 0.09685993702042349
Finished solving parametric estimator, with SURE -0.002067765072591987
Finished solving parametric estimator, with in-sample MSE 0.07441300089163458
Finished solving EBCF, with in-sample MSE 0.023826171030665207
Finished training EB SURE-LS, with SURE: -0.048186680640030295
Finished training EB SURE-LS, with in-sample MSE: 0.027220705051432984
use_scale: True
use_location: False
Finished training EB misspecified with NPMLE init, with SURE: -0.015297936995852909
Finished training EB misspecified with NPMLE init, with in-sample MSE: 0.0716168702205372
Finished training EB misspecified, with SURE: -0.015284576869272187
Finished training EB misspecified, with in-sample MSE: 0.07162492719436393
Finished training EB wellspecified, with SURE: -0.05967146370154713
Finished training EB wellspecified, with in-sample MSE: 0.03476087207192752
m: 413
Finished solving NPMLE, with SURE 0.9293078922959431
Finished solving NPMLE, with in-sample MSE 0.08167243707306181
Finished solving parametric estimator, with SURE -0.019740188047251417
Finished solving parametric estimator, with in-sample MSE 0.06791620014491447
Finished solving EBCF, with in-sample MSE 0.010275092055352037
Finished training EB SURE-LS, with SURE: -0.07527217985414396
Finished training EB SURE-LS, with in-sample MSE: 0.0033546634612854815
use_scale: True
use_location: False
Finished training EB misspecified with NPMLE init, with SURE: -0.030921651599036294
Finished training EB misspecified with NPMLE init, with in-sample MSE: 0.06345312347214108
Finished training EB misspecified, with SURE: -0.030461231144770125
Finished training EB misspecified, with in-sample MSE: 0.06789757506733819
Finished training EB wellspecified, with SURE: -0.07748853267216427
Finished training EB wellspecified, with in-sample MSE: 0.008937485247193268
m: 414
Finished solving NPMLE, with SURE 0.55661547683116
Finished solving NPMLE, with in-sample MSE 0.06395407486438455
Finished solving parametric estimator, with SURE 0.0027019356347416368
Finished solving parametric estimator, with in-sample MSE 0.06791413633291332
Finished solving EBCF, with in-sample MSE 0.0610592684607981
Finished training EB SURE-LS, with SURE: -0.02042829867969534
Finished training EB SURE-LS, with in-sample MSE: 0.025245768004054047
use_scale: True
use_location: False
Finished training EB misspecified with NPMLE init, with SURE: -0.01305478514472739
Finished training EB misspecified with NPMLE init, with in-sample MSE: 0.07036718107182752
Finished training EB misspecified, with SURE: -0.008184617799055615
Finished training EB misspecified, with in-sample MSE: 0.069011319044946
Finished training EB wellspecified, with SURE: -0.06073797824345234
Finished training EB wellspecified, with in-sample MSE: 0.063566388645721
m: 415
Finished solving NPMLE, with SURE 1.5213630418203652
Finished solving NPMLE, with in-sample MSE 0.08136045096426851
Finished solving parametric estimator, with SURE -0.0011862009067108437
Finished solving parametric estimator, with in-sample MSE 0.07317658325749736
Finished solving EBCF, with in-sample MSE 0.03212053854895026
Finished training EB SURE-LS, with SURE: -0.011829315665862445
Finished training EB SURE-LS, with in-sample MSE: 0.07141494738117748
use_scale: True
use_location: False
Finished training EB misspecified with NPMLE init, with SURE: -0.01762442929431373
Finished training EB misspecified with NPMLE init, with in-sample MSE: 0.05882445341144141
Finished training EB misspecified, with SURE: -0.017603561381083283
Finished training EB misspecified, with in-sample MSE: 0.05885028721448601
Finished training EB wellspecified, with SURE: -0.19812752330776634
Finished training EB wellspecified, with in-sample MSE: 0.05090470706476896
m: 416
Finished solving NPMLE, with SURE 0.6164605017364052
Finished solving NPMLE, with in-sample MSE 0.08126288358183537
Finished solving parametric estimator, with SURE -0.010412792899876289
Finished solving parametric estimator, with in-sample MSE 0.06915186514174787
Finished solving EBCF, with in-sample MSE 0.02021781578704913
Finished training EB SURE-LS, with SURE: -0.1353295854465549
Finished training EB SURE-LS, with in-sample MSE: 0.01422117368262541
use_scale: True
use_location: False
Finished training EB misspecified with NPMLE init, with SURE: -0.026298883942963584
Finished training EB misspecified with NPMLE init, with in-sample MSE: 0.07153705936110547
Finished training EB misspecified, with SURE: -0.026259848910184475
Finished training EB misspecified, with in-sample MSE: 0.07150628696307361
Finished training EB wellspecified, with SURE: -0.1637380736307469
Finished training EB wellspecified, with in-sample MSE: 0.039570657427457266
m: 417
Finished solving NPMLE, with SURE 0.32229328019630316
Finished solving NPMLE, with in-sample MSE 0.09629449946537737
Finished solving parametric estimator, with SURE 0.14038843068037798
Finished solving parametric estimator, with in-sample MSE 0.06993546840135881
Finished solving EBCF, with in-sample MSE 0.059488235454146776
Finished training EB SURE-LS, with SURE: 0.07170439944632997
Finished training EB SURE-LS, with in-sample MSE: 0.04680991833576629
use_scale: True
use_location: False
Finished training EB misspecified with NPMLE init, with SURE: 0.09924778684450061
Finished training EB misspecified with NPMLE init, with in-sample MSE: 0.09553528540497119
Finished training EB misspecified, with SURE: 0.09925457916610697
Finished training EB misspecified, with in-sample MSE: 0.09552648245256577
Finished training EB wellspecified, with SURE: -0.04901868756034532
Finished training EB wellspecified, with in-sample MSE: 0.20422504351312298
m: 418
Finished solving NPMLE, with SURE 0.663051266389287
Finished solving NPMLE, with in-sample MSE 0.08379074493040133
Finished solving parametric estimator, with SURE 0.06161178610457302
Finished solving parametric estimator, with in-sample MSE 0.07775588841583875
Finished solving EBCF, with in-sample MSE 0.08230922598638948
Finished training EB SURE-LS, with SURE: 0.009336725986402113
Finished training EB SURE-LS, with in-sample MSE: 0.03243714303281081
use_scale: True
use_location: False
Finished training EB misspecified with NPMLE init, with SURE: 0.04660715609297711
Finished training EB misspecified with NPMLE init, with in-sample MSE: 0.09278638548034161
Finished training EB misspecified, with SURE: 0.04219724881977534
Finished training EB misspecified, with in-sample MSE: 0.11604420471705688
Finished training EB wellspecified, with SURE: -0.10780036631892218
Finished training EB wellspecified, with in-sample MSE: 0.20783535167682884
m: 419
Finished solving NPMLE, with SURE 0.49967757088574805
Finished solving NPMLE, with in-sample MSE 0.08113392748049338
Finished solving parametric estimator, with SURE 0.0022070083570489007
Finished solving parametric estimator, with in-sample MSE 0.06653273521545076
Finished solving EBCF, with in-sample MSE 0.013041399688313518
Finished training EB SURE-LS, with SURE: -0.0741934594709013
Finished training EB SURE-LS, with in-sample MSE: 0.0026882473829245696
use_scale: True
use_location: False
Finished training EB misspecified with NPMLE init, with SURE: -0.009754834807627333
Finished training EB misspecified with NPMLE init, with in-sample MSE: 0.06608227067031548
Finished training EB misspecified, with SURE: -0.009737912628744426
Finished training EB misspecified, with in-sample MSE: 0.06608720865639667
Finished training EB wellspecified, with SURE: -0.11953098293922416
Finished training EB wellspecified, with in-sample MSE: 0.12480051493511038
m: 420
Finished solving NPMLE, with SURE 0.5030896785642717
Finished solving NPMLE, with in-sample MSE 0.12356708442751063
Finished solving parametric estimator, with SURE 0.06155332314039197
Finished solving parametric estimator, with in-sample MSE 0.06919075924363796
Finished solving EBCF, with in-sample MSE 0.04621612596402697
Finished training EB SURE-LS, with SURE: -0.0136276516759296
Finished training EB SURE-LS, with in-sample MSE: 0.03315665494223025
use_scale: True
use_location: False
Finished training EB misspecified with NPMLE init, with SURE: 0.048335242066928075
Finished training EB misspecified with NPMLE init, with in-sample MSE: 0.06377970353665473
Finished training EB misspecified, with SURE: 0.045959863975415585
Finished training EB misspecified, with in-sample MSE: 0.08029776017741262
Finished training EB wellspecified, with SURE: -0.11100750081622814
Finished training EB wellspecified, with in-sample MSE: 0.1980112132140356
m: 421
Finished solving NPMLE, with SURE 0.1872509174217241
Finished solving NPMLE, with in-sample MSE 0.11895906932943669
Finished solving parametric estimator, with SURE 0.0006488053240127356
Finished solving parametric estimator, with in-sample MSE 0.08183019257303621
Finished solving EBCF, with in-sample MSE 0.06205831835315467
Finished training EB SURE-LS, with SURE: -0.04772613325501712
Finished training EB SURE-LS, with in-sample MSE: 0.06462703385890697
use_scale: True
use_location: False
Finished training EB misspecified with NPMLE init, with SURE: -0.019295511702073186
Finished training EB misspecified with NPMLE init, with in-sample MSE: 0.08581148977251338
Finished training EB misspecified, with SURE: -0.019282658374368468
Finished training EB misspecified, with in-sample MSE: 0.08580188209618975
Finished training EB wellspecified, with SURE: -0.1445028325541664
Finished training EB wellspecified, with in-sample MSE: 0.1847596961645653
m: 422
Finished solving NPMLE, with SURE 0.5600429756507406
Finished solving NPMLE, with in-sample MSE 0.1183010780227457
Finished solving parametric estimator, with SURE 0.17893213211212608
Finished solving parametric estimator, with in-sample MSE 0.1023715940465046
Finished solving EBCF, with in-sample MSE 0.07676222674438056
Finished training EB SURE-LS, with SURE: 0.11316435946720685
Finished training EB SURE-LS, with in-sample MSE: 0.06122552935693064
use_scale: True
use_location: False
Finished training EB misspecified with NPMLE init, with SURE: 0.15560634319704164
Finished training EB misspecified with NPMLE init, with in-sample MSE: 0.09804381907720412
Finished training EB misspecified, with SURE: 0.1556135096764986
Finished training EB misspecified, with in-sample MSE: 0.09805145302711869
Finished training EB wellspecified, with SURE: -0.009641694779392243
Finished training EB wellspecified, with in-sample MSE: 0.2318283153617095
m: 423
Finished solving NPMLE, with SURE 0.7879603903269974
Finished solving NPMLE, with in-sample MSE 0.07528919617835259
Finished solving parametric estimator, with SURE -0.08644384868322075
Finished solving parametric estimator, with in-sample MSE 0.05336363240712279
Finished solving EBCF, with in-sample MSE 0.003086808491476476
Finished training EB SURE-LS, with SURE: -0.1547524328497835
Finished training EB SURE-LS, with in-sample MSE: 0.0013796553102892707
use_scale: True
use_location: False
Finished training EB misspecified with NPMLE init, with SURE: -0.09730328916393098
Finished training EB misspecified with NPMLE init, with in-sample MSE: 0.05336486788654337
Finished training EB misspecified, with SURE: -0.09730021666748755
Finished training EB misspecified, with in-sample MSE: 0.05336322213729401
Finished training EB wellspecified, with SURE: -0.18362399135167073
Finished training EB wellspecified, with in-sample MSE: 0.03366877840578308
m: 424
Finished solving NPMLE, with SURE 0.8205077890985095
Finished solving NPMLE, with in-sample MSE 0.07375695391390581
Finished solving parametric estimator, with SURE 0.08032782003443456
Finished solving parametric estimator, with in-sample MSE 0.0561205894520493
Finished solving EBCF, with in-sample MSE 0.03743435810268818
Finished training EB SURE-LS, with SURE: -0.017835390320528326
Finished training EB SURE-LS, with in-sample MSE: 0.012750170938908763
use_scale: True
use_location: False
Finished training EB misspecified with NPMLE init, with SURE: 0.05300216862019951
Finished training EB misspecified with NPMLE init, with in-sample MSE: 0.07738994988674414
Finished training EB misspecified, with SURE: 0.05300536032948422
Finished training EB misspecified, with in-sample MSE: 0.07738239164418158
Finished training EB wellspecified, with SURE: -0.14731252845819373
Finished training EB wellspecified, with in-sample MSE: 0.18277212654669014
m: 425
Finished solving NPMLE, with SURE 0.5183416560223439
Finished solving NPMLE, with in-sample MSE 0.09707705487457455
Finished solving parametric estimator, with SURE 0.0927431730286486
Finished solving parametric estimator, with in-sample MSE 0.06084614546620257
Finished solving EBCF, with in-sample MSE 0.023933998990608628
Finished training EB SURE-LS, with SURE: 0.016361270665026705
Finished training EB SURE-LS, with in-sample MSE: 0.0021795765394288834
use_scale: True
use_location: False
Finished training EB misspecified with NPMLE init, with SURE: 0.060633717762415315
Finished training EB misspecified with NPMLE init, with in-sample MSE: 0.07259243769022318
Finished training EB misspecified, with SURE: 0.060647800888479396
Finished training EB misspecified, with in-sample MSE: 0.0725832791573204
Finished training EB wellspecified, with SURE: -0.06902214008552707
Finished training EB wellspecified, with in-sample MSE: 0.12785221194881582
m: 426
Finished solving NPMLE, with SURE 0.9564089772352432
Finished solving NPMLE, with in-sample MSE 0.11860238355035582
Finished solving parametric estimator, with SURE -0.007154332316780754
Finished solving parametric estimator, with in-sample MSE 0.08048136188299576
Finished solving EBCF, with in-sample MSE 0.021880978261273765
Finished training EB SURE-LS, with SURE: -0.0683186044976725
Finished training EB SURE-LS, with in-sample MSE: 0.014726052910164367
use_scale: True
use_location: False
Finished training EB misspecified with NPMLE init, with SURE: -0.022771203910707527
Finished training EB misspecified with NPMLE init, with in-sample MSE: 0.07081114857432483
Finished training EB misspecified, with SURE: -0.018259595117790326
Finished training EB misspecified, with in-sample MSE: 0.08047672505813985
Finished training EB wellspecified, with SURE: -0.11235403396229632
Finished training EB wellspecified, with in-sample MSE: 0.0514664520023994
m: 427
Finished solving NPMLE, with SURE 0.37664618214551887
Finished solving NPMLE, with in-sample MSE 0.07054128017563605
Finished solving parametric estimator, with SURE 0.07150997121191743
Finished solving parametric estimator, with in-sample MSE 0.060926516782608256
Finished solving EBCF, with in-sample MSE 0.07824876403737861
Finished training EB SURE-LS, with SURE: 0.032921575545898536
Finished training EB SURE-LS, with in-sample MSE: 0.0393067802013961
use_scale: True
use_location: False
Finished training EB misspecified with NPMLE init, with SURE: 0.05336439377505386
Finished training EB misspecified with NPMLE init, with in-sample MSE: 0.06619873665948874
Finished training EB misspecified, with SURE: 0.05337206086488344
Finished training EB misspecified, with in-sample MSE: 0.06620008558077599
Finished training EB wellspecified, with SURE: -0.026761283175348614
Finished training EB wellspecified, with in-sample MSE: 0.10773909499831893
m: 428
Finished solving NPMLE, with SURE 0.36791339150674957
Finished solving NPMLE, with in-sample MSE 0.11047185685691563
Finished solving parametric estimator, with SURE 0.16354127487320633
Finished solving parametric estimator, with in-sample MSE 0.10337435756301859
Finished solving EBCF, with in-sample MSE 0.0906934716411793
Finished training EB SURE-LS, with SURE: 0.12834854597087306
Finished training EB SURE-LS, with in-sample MSE: 0.05410095186620326
use_scale: True
use_location: False
Finished training EB misspecified with NPMLE init, with SURE: 0.14536631021780438
Finished training EB misspecified with NPMLE init, with in-sample MSE: 0.11194919081919176
Finished training EB misspecified, with SURE: 0.14537616679827095
Finished training EB misspecified, with in-sample MSE: 0.11195084109843252
Finished training EB wellspecified, with SURE: -0.015529903612808479
Finished training EB wellspecified, with in-sample MSE: 0.2497757123986681
m: 429
Finished solving NPMLE, with SURE 0.17659117938591465
Finished solving NPMLE, with in-sample MSE 0.10791730140075825
Finished solving parametric estimator, with SURE -0.08043135289979997
Finished solving parametric estimator, with in-sample MSE 0.0730141988201351
Finished solving EBCF, with in-sample MSE 0.01402620838398801
Finished training EB SURE-LS, with SURE: -0.14452504564935328
Finished training EB SURE-LS, with in-sample MSE: 0.008146607674935236
use_scale: True
use_location: False
Finished training EB misspecified with NPMLE init, with SURE: -0.09441741878285101
Finished training EB misspecified with NPMLE init, with in-sample MSE: 0.06422373281529026
Finished training EB misspecified, with SURE: -0.09440294842057056
Finished training EB misspecified, with in-sample MSE: 0.0642409665054266
Finished training EB wellspecified, with SURE: -0.1539800981244812
Finished training EB wellspecified, with in-sample MSE: 0.010236429975927736
m: 430
Finished solving NPMLE, with SURE 0.5657405719946659
Finished solving NPMLE, with in-sample MSE 0.09423931768965964
Finished solving parametric estimator, with SURE 0.22296533709478117
Finished solving parametric estimator, with in-sample MSE 0.1040644958480335
Finished solving EBCF, with in-sample MSE 0.10137940417522606
Finished training EB SURE-LS, with SURE: 0.12887492586884336
Finished training EB SURE-LS, with in-sample MSE: 0.05633490107604516
use_scale: True
use_location: False
Finished training EB misspecified with NPMLE init, with SURE: 0.19153092820724682
Finished training EB misspecified with NPMLE init, with in-sample MSE: 0.12410128795798729
Finished training EB misspecified, with SURE: 0.19153841297126348
Finished training EB misspecified, with in-sample MSE: 0.12410408565129295
Finished training EB wellspecified, with SURE: -0.0356954944595863
Finished training EB wellspecified, with in-sample MSE: 0.2049345084964519
m: 431
Finished solving NPMLE, with SURE 0.3368803891852211
Finished solving NPMLE, with in-sample MSE 0.1107455229291373
Finished solving parametric estimator, with SURE 0.1384643261308647
Finished solving parametric estimator, with in-sample MSE 0.09853806719102864
Finished solving EBCF, with in-sample MSE 0.07592441239900653
Finished training EB SURE-LS, with SURE: 0.10026427930012427
Finished training EB SURE-LS, with in-sample MSE: 0.08451151932518164
use_scale: True
use_location: False
Finished training EB misspecified with NPMLE init, with SURE: 0.10918785241303319
Finished training EB misspecified with NPMLE init, with in-sample MSE: 0.11108538561002308
Finished training EB misspecified, with SURE: 0.10919087925216438
Finished training EB misspecified, with in-sample MSE: 0.11109608874012503
Finished training EB wellspecified, with SURE: 0.041141832202909144
Finished training EB wellspecified, with in-sample MSE: 0.18954717586882786
m: 432
Finished solving NPMLE, with SURE 1.1667586663183767
Finished solving NPMLE, with in-sample MSE 0.11148774834064028
Finished solving parametric estimator, with SURE 0.06855103358526932
Finished solving parametric estimator, with in-sample MSE 0.05381749141901984
Finished solving EBCF, with in-sample MSE 0.02831747664175959
Finished training EB SURE-LS, with SURE: 0.0003343113234329742
Finished training EB SURE-LS, with in-sample MSE: 0.0011005864133549384
use_scale: True
use_location: False
Finished training EB misspecified with NPMLE init, with SURE: 0.002356126790513784
Finished training EB misspecified with NPMLE init, with in-sample MSE: 0.17771902458142963
Finished training EB misspecified, with SURE: 0.0023700167363583094
Finished training EB misspecified, with in-sample MSE: 0.17753643023045174
Finished training EB wellspecified, with SURE: -0.15770510649417205
Finished training EB wellspecified, with in-sample MSE: 0.16102689420355618
m: 433
Finished solving NPMLE, with SURE 0.24086523676299315
Finished solving NPMLE, with in-sample MSE 0.09627869254402775
Finished solving parametric estimator, with SURE 0.05510558090590284
Finished solving parametric estimator, with in-sample MSE 0.06456065912455916
Finished solving EBCF, with in-sample MSE 0.045857550343304285
Finished training EB SURE-LS, with SURE: 0.028095108760375187
Finished training EB SURE-LS, with in-sample MSE: 0.017602250490217332
use_scale: True
use_location: False
Finished training EB misspecified with NPMLE init, with SURE: 0.036066609922652405
Finished training EB misspecified with NPMLE init, with in-sample MSE: 0.06904108255372392
Finished training EB misspecified, with SURE: 0.03606989426245612
Finished training EB misspecified, with in-sample MSE: 0.069037711945024
Finished training EB wellspecified, with SURE: -0.10810863922635518
Finished training EB wellspecified, with in-sample MSE: 0.20915488497435658
m: 434
Finished solving NPMLE, with SURE 0.5751069495389893
Finished solving NPMLE, with in-sample MSE 0.08809905682898275
Finished solving parametric estimator, with SURE -0.024281436467282203
Finished solving parametric estimator, with in-sample MSE 0.06625796016022639
Finished solving EBCF, with in-sample MSE 0.009452377913280397
Finished training EB SURE-LS, with SURE: -0.11169367727788278
Finished training EB SURE-LS, with in-sample MSE: 0.0057189926156096214
use_scale: True
use_location: False
Finished training EB misspecified with NPMLE init, with SURE: -0.035789031807924164
Finished training EB misspecified with NPMLE init, with in-sample MSE: 0.06625388221872319
Finished training EB misspecified, with SURE: -0.03578714502515119
Finished training EB misspecified, with in-sample MSE: 0.06625300344294223
Finished training EB wellspecified, with SURE: -0.1681859036956995
Finished training EB wellspecified, with in-sample MSE: 0.0646096896722732
m: 435
Finished solving NPMLE, with SURE 0.7542266359658564
Finished solving NPMLE, with in-sample MSE 0.16893134907208066
Finished solving parametric estimator, with SURE -0.02662658586984301
Finished solving parametric estimator, with in-sample MSE 0.06751978480831114
Finished solving EBCF, with in-sample MSE 0.03289912586485403
Finished training EB SURE-LS, with SURE: -0.07796637953744595
Finished training EB SURE-LS, with in-sample MSE: 0.005997096118554361
use_scale: True
use_location: False
Finished training EB misspecified with NPMLE init, with SURE: -0.1477970805931696
Finished training EB misspecified with NPMLE init, with in-sample MSE: 0.19097735847212227
Finished training EB misspecified, with SURE: -0.14778422663838173
Finished training EB misspecified, with in-sample MSE: 0.1910017094246185
Finished training EB wellspecified, with SURE: -0.22546374486732354
Finished training EB wellspecified, with in-sample MSE: 0.17979951844686567
m: 436
Finished solving NPMLE, with SURE 0.8230526005729571
Finished solving NPMLE, with in-sample MSE 0.14773963638248003
Finished solving parametric estimator, with SURE 0.14386117023167228
Finished solving parametric estimator, with in-sample MSE 0.07022918925879122
Finished solving EBCF, with in-sample MSE 0.09367679900637575
Finished training EB SURE-LS, with SURE: 0.01202835711608459
Finished training EB SURE-LS, with in-sample MSE: 0.09063828412791784
use_scale: True
use_location: False
Finished training EB misspecified with NPMLE init, with SURE: 0.07435849418113939
Finished training EB misspecified with NPMLE init, with in-sample MSE: 0.12595281916188342
Finished training EB misspecified, with SURE: 0.07440486949557823
Finished training EB misspecified, with in-sample MSE: 0.12600597449694725
Finished training EB wellspecified, with SURE: -0.08661129805809101
Finished training EB wellspecified, with in-sample MSE: 0.23942744230288754
m: 437
Finished solving NPMLE, with SURE 0.6672363008289881
Finished solving NPMLE, with in-sample MSE 0.09094101996676432
Finished solving parametric estimator, with SURE 0.05307588088231924
Finished solving parametric estimator, with in-sample MSE 0.05163127089649091
Finished solving EBCF, with in-sample MSE 0.05210541636318441
Finished training EB SURE-LS, with SURE: -0.009492806990034462
Finished training EB SURE-LS, with in-sample MSE: 0.0011622931179191926
use_scale: True
use_location: False
Finished training EB misspecified with NPMLE init, with SURE: 0.03192220179988418
Finished training EB misspecified with NPMLE init, with in-sample MSE: 0.05625075322874437
Finished training EB misspecified, with SURE: 0.03193539437119483
Finished training EB misspecified, with in-sample MSE: 0.05625175318730858
Finished training EB wellspecified, with SURE: -0.11164256539624662
Finished training EB wellspecified, with in-sample MSE: 0.10575718589512764
m: 438
Finished solving NPMLE, with SURE 0.7510780082822843
Finished solving NPMLE, with in-sample MSE 0.1054193033025186
Finished solving parametric estimator, with SURE 0.07638391060360816
Finished solving parametric estimator, with in-sample MSE 0.052941776833146215
Finished solving EBCF, with in-sample MSE 0.04735198263954474
Finished training EB SURE-LS, with SURE: -0.013851124009928979
Finished training EB SURE-LS, with in-sample MSE: 0.008337706293156581
use_scale: True
use_location: False
Finished training EB misspecified with NPMLE init, with SURE: 0.028575220033665402
Finished training EB misspecified with NPMLE init, with in-sample MSE: 0.11144396659987744
Finished training EB misspecified, with SURE: 0.028562260332430187
Finished training EB misspecified, with in-sample MSE: 0.11152403742785727
Finished training EB wellspecified, with SURE: -0.06979701561150319
Finished training EB wellspecified, with in-sample MSE: 0.11721570821743998
m: 439
Finished solving NPMLE, with SURE 0.21661360168175
Finished solving NPMLE, with in-sample MSE 0.1034559664471983
Finished solving parametric estimator, with SURE -0.05213597436307166
Finished solving parametric estimator, with in-sample MSE 0.061813837949359914
Finished solving EBCF, with in-sample MSE 0.02012363663646674
Finished training EB SURE-LS, with SURE: -0.13205209075848143
Finished training EB SURE-LS, with in-sample MSE: 0.00486754938809803
use_scale: True
use_location: False
Finished training EB misspecified with NPMLE init, with SURE: -0.06460667112490767
Finished training EB misspecified with NPMLE init, with in-sample MSE: 0.05428838473653241
Finished training EB misspecified, with SURE: -0.06459455584552039
Finished training EB misspecified, with in-sample MSE: 0.05430803596884691
Finished training EB wellspecified, with SURE: -0.20695439218902123
Finished training EB wellspecified, with in-sample MSE: 0.09709772445109319
m: 440
Finished solving NPMLE, with SURE 0.8130373806932941
Finished solving NPMLE, with in-sample MSE 0.09119872345807284
Finished solving parametric estimator, with SURE 0.003913887148339235
Finished solving parametric estimator, with in-sample MSE 0.05611198238360237
Finished solving EBCF, with in-sample MSE 0.014819045049766152
Finished training EB SURE-LS, with SURE: -0.05004159723648905
Finished training EB SURE-LS, with in-sample MSE: 0.003139023427775389
use_scale: True
use_location: False
Finished training EB misspecified with NPMLE init, with SURE: -0.02200671990893177
Finished training EB misspecified with NPMLE init, with in-sample MSE: 0.06755639127099704
Finished training EB misspecified, with SURE: -0.022002944653197857
Finished training EB misspecified, with in-sample MSE: 0.06755538543243404
Finished training EB wellspecified, with SURE: -0.09933360739105371
Finished training EB wellspecified, with in-sample MSE: 0.04311966619046679
m: 441
Finished solving NPMLE, with SURE 0.5454231985010682
Finished solving NPMLE, with in-sample MSE 0.08165309416778768
Finished solving parametric estimator, with SURE 0.024056061875214474
Finished solving parametric estimator, with in-sample MSE 0.058759158992450926
Finished solving EBCF, with in-sample MSE 0.030799700780530237
Finished training EB SURE-LS, with SURE: -0.03450602948677818
Finished training EB SURE-LS, with in-sample MSE: 0.0025861895773468856
use_scale: True
use_location: False
Finished training EB misspecified with NPMLE init, with SURE: -0.024432066199884802
Finished training EB misspecified with NPMLE init, with in-sample MSE: 0.13756500337181618
Finished training EB misspecified, with SURE: 0.011113137447459422
Finished training EB misspecified, with in-sample MSE: 0.056279303776580865
Finished training EB wellspecified, with SURE: -0.0869516390117321
Finished training EB wellspecified, with in-sample MSE: 0.05160545758845591
m: 442
Finished solving NPMLE, with SURE 0.9010766837672121
Finished solving NPMLE, with in-sample MSE 0.08575264480581028
Finished solving parametric estimator, with SURE 0.01646315730185799
Finished solving parametric estimator, with in-sample MSE 0.07766682002838171
Finished solving EBCF, with in-sample MSE 0.025006254465483185
Finished training EB SURE-LS, with SURE: -0.10738311673165242
Finished training EB SURE-LS, with in-sample MSE: 0.016325651932148993
use_scale: True
use_location: False
Finished training EB misspecified with NPMLE init, with SURE: -0.0051478276041364525
Finished training EB misspecified with NPMLE init, with in-sample MSE: 0.07352233654742618
Finished training EB misspecified, with SURE: -0.00514043035332648
Finished training EB misspecified, with in-sample MSE: 0.0735079708909545
Finished training EB wellspecified, with SURE: -0.13865714391290598
Finished training EB wellspecified, with in-sample MSE: 0.04729117858668332
m: 443
Finished solving NPMLE, with SURE 0.4415122644753997
Finished solving NPMLE, with in-sample MSE 0.07765103079773997
Finished solving parametric estimator, with SURE 0.02313168805301119
Finished solving parametric estimator, with in-sample MSE 0.06111864676256929
Finished solving EBCF, with in-sample MSE 0.024137020653727463
Finished training EB SURE-LS, with SURE: -0.01395259563201308
Finished training EB SURE-LS, with in-sample MSE: 0.018432842401236
use_scale: True
use_location: False
Finished training EB misspecified with NPMLE init, with SURE: 0.011316575858354412
Finished training EB misspecified with NPMLE init, with in-sample MSE: 0.061950322803650384
Finished training EB misspecified, with SURE: 0.012167007928114018
Finished training EB misspecified, with in-sample MSE: 0.06385168253402129
Finished training EB wellspecified, with SURE: -0.05106816835658455
Finished training EB wellspecified, with in-sample MSE: 0.16467570893309766
m: 444
Finished solving NPMLE, with SURE 0.6239476271402367
Finished solving NPMLE, with in-sample MSE 0.08262077926786564
Finished solving parametric estimator, with SURE 0.09398038699464978
Finished solving parametric estimator, with in-sample MSE 0.07108908822545687
Finished solving EBCF, with in-sample MSE 0.05811115873240642
Finished training EB SURE-LS, with SURE: 0.04877685431276757
Finished training EB SURE-LS, with in-sample MSE: 0.024614305596117644
use_scale: True
use_location: False
Finished training EB misspecified with NPMLE init, with SURE: 0.07677190147577427
Finished training EB misspecified with NPMLE init, with in-sample MSE: 0.08923927532056307
Finished training EB misspecified, with SURE: 0.07679921052186459
Finished training EB misspecified, with in-sample MSE: 0.08920311833931717
Finished training EB wellspecified, with SURE: -0.05412488424388164
Finished training EB wellspecified, with in-sample MSE: 0.20917247088657784
m: 445
Finished solving NPMLE, with SURE 0.6073689662683863
Finished solving NPMLE, with in-sample MSE 0.103724443010258
Finished solving parametric estimator, with SURE 0.0707918983483044
Finished solving parametric estimator, with in-sample MSE 0.055845813326888954
Finished solving EBCF, with in-sample MSE 0.03533423347296157
Finished training EB SURE-LS, with SURE: -0.061567655244026694
Finished training EB SURE-LS, with in-sample MSE: 0.021558044929801956
use_scale: True
use_location: False
Finished training EB misspecified with NPMLE init, with SURE: 0.04694247475944778
Finished training EB misspecified with NPMLE init, with in-sample MSE: 0.052702839277316914
Finished training EB misspecified, with SURE: 0.04696983291054224
Finished training EB misspecified, with in-sample MSE: 0.05270615516357039
Finished training EB wellspecified, with SURE: -0.1003847518142205
Finished training EB wellspecified, with in-sample MSE: 0.03798515860995446
m: 446
Finished solving NPMLE, with SURE 0.6709595461233642
Finished solving NPMLE, with in-sample MSE 0.10159204070196516
Finished solving parametric estimator, with SURE 0.0701168048041822
Finished solving parametric estimator, with in-sample MSE 0.06557877185267894
Finished solving EBCF, with in-sample MSE 0.06515475416502614
Finished training EB SURE-LS, with SURE: 0.03960023820060483
Finished training EB SURE-LS, with in-sample MSE: 0.014600950430009814
use_scale: True
use_location: False
Finished training EB misspecified with NPMLE init, with SURE: 0.031300072448352555
Finished training EB misspecified with NPMLE init, with in-sample MSE: 0.10970968325086067
Finished training EB misspecified, with SURE: 0.03130627579044706
Finished training EB misspecified, with in-sample MSE: 0.10970288576633808
Finished training EB wellspecified, with SURE: -0.10173779303260522
Finished training EB wellspecified, with in-sample MSE: 0.20846251735860033
m: 447
Finished solving NPMLE, with SURE 0.7341706379346492
Finished solving NPMLE, with in-sample MSE 0.0705665775647717
Finished solving parametric estimator, with SURE 0.06751923117387415
Finished solving parametric estimator, with in-sample MSE 0.055585093542245986
Finished solving EBCF, with in-sample MSE 0.03515594280453775
Finished training EB SURE-LS, with SURE: -0.02419192603557166
Finished training EB SURE-LS, with in-sample MSE: 0.009256072170430672
use_scale: True
use_location: False
Finished training EB misspecified with NPMLE init, with SURE: 0.05527330918743175
Finished training EB misspecified with NPMLE init, with in-sample MSE: 0.05703160704251162
Finished training EB misspecified, with SURE: 0.05528567146001578
Finished training EB misspecified, with in-sample MSE: 0.05701672461861821
Finished training EB wellspecified, with SURE: -0.12800858882768193
Finished training EB wellspecified, with in-sample MSE: 0.12646446519657878
m: 448
Finished solving NPMLE, with SURE 0.878531376738552
Finished solving NPMLE, with in-sample MSE 0.0869297463805739
Finished solving parametric estimator, with SURE 0.16096544432617693
Finished solving parametric estimator, with in-sample MSE 0.08264213858202933
Finished solving EBCF, with in-sample MSE 0.12720696689525504
Finished training EB SURE-LS, with SURE: 0.05764565684765449
Finished training EB SURE-LS, with in-sample MSE: 0.06513550561786532
use_scale: True
use_location: False
Finished training EB misspecified with NPMLE init, with SURE: 0.11767412982458268
Finished training EB misspecified with NPMLE init, with in-sample MSE: 0.16225211271359385
Finished training EB misspecified, with SURE: 0.117687902261044
Finished training EB misspecified, with in-sample MSE: 0.16225103482385045
Finished training EB wellspecified, with SURE: -0.07793876338397057
Finished training EB wellspecified, with in-sample MSE: 0.25328300207652654
m: 449
Finished solving NPMLE, with SURE 0.42384842336699785
Finished solving NPMLE, with in-sample MSE 0.06912970004363958
Finished solving parametric estimator, with SURE -0.009442570465929334
Finished solving parametric estimator, with in-sample MSE 0.0610359955486076
Finished solving EBCF, with in-sample MSE 0.04344663306440636
Finished training EB SURE-LS, with SURE: -0.05075797575692775
Finished training EB SURE-LS, with in-sample MSE: 0.00810251996034093
use_scale: True
use_location: False
Finished training EB misspecified with NPMLE init, with SURE: -0.0263473886779353
Finished training EB misspecified with NPMLE init, with in-sample MSE: 0.06314021631840831
Finished training EB misspecified, with SURE: -0.02633403624378005
Finished training EB misspecified, with in-sample MSE: 0.06318540627601217
Finished training EB wellspecified, with SURE: -0.08004241016144548
Finished training EB wellspecified, with in-sample MSE: 0.039899643226375986

n: 200
m: 400
Finished solving NPMLE, with SURE 0.6389823862015288
Finished solving NPMLE, with in-sample MSE 0.08308634325316247
Finished solving parametric estimator, with SURE 0.05387529736003338
Finished solving parametric estimator, with in-sample MSE 0.04904642330469009
Finished solving EBCF, with in-sample MSE 0.015212173921103519
Finished training EB SURE-LS, with SURE: -0.03341003705113276
Finished training EB SURE-LS, with in-sample MSE: 0.004863075031504182
use_scale: True
use_location: False
Finished training EB misspecified with NPMLE init, with SURE: 0.043396561439611576
Finished training EB misspecified with NPMLE init, with in-sample MSE: 0.04919998751225971
Finished training EB misspecified, with SURE: 0.043404621506080335
Finished training EB misspecified, with in-sample MSE: 0.049155980409733194
Finished training EB wellspecified, with SURE: -0.05438664717692492
Finished training EB wellspecified, with in-sample MSE: 0.023033616538985054
m: 401
Finished solving NPMLE, with SURE 1.005679587530535
Finished solving NPMLE, with in-sample MSE 0.07436384418930128
Finished solving parametric estimator, with SURE 0.02992021113461002
Finished solving parametric estimator, with in-sample MSE 0.05475214198908877
Finished solving EBCF, with in-sample MSE 0.01400759899439442
Finished training EB SURE-LS, with SURE: -0.06797118839743967
Finished training EB SURE-LS, with in-sample MSE: 0.008487667301387723
use_scale: True
use_location: False
Finished training EB misspecified with NPMLE init, with SURE: 0.011992609044995248
Finished training EB misspecified with NPMLE init, with in-sample MSE: 0.0693598317244141
Finished training EB misspecified, with SURE: 0.01668694079926553
Finished training EB misspecified, with in-sample MSE: 0.062035535089244
Finished training EB wellspecified, with SURE: -0.10728308371005339
Finished training EB wellspecified, with in-sample MSE: 0.04683154444297798
m: 402
Finished solving NPMLE, with SURE 0.41541540712340536
Finished solving NPMLE, with in-sample MSE 0.06779689679939473
Finished solving parametric estimator, with SURE 0.04314585585623942
Finished solving parametric estimator, with in-sample MSE 0.05819758112872151
Finished solving EBCF, with in-sample MSE 0.02287806497227872
Finished training EB SURE-LS, with SURE: -0.012967064303561657
Finished training EB SURE-LS, with in-sample MSE: 0.02813192332173669
use_scale: True
use_location: False
Finished training EB misspecified with NPMLE init, with SURE: 0.03487181926350978
Finished training EB misspecified with NPMLE init, with in-sample MSE: 0.06874995898311022
Finished training EB misspecified, with SURE: 0.03530247401285237
Finished training EB misspecified, with in-sample MSE: 0.07136343210560814
Finished training EB wellspecified, with SURE: -0.018946902259488595
Finished training EB wellspecified, with in-sample MSE: 0.03635417901890293
m: 403
Finished solving NPMLE, with SURE 0.40560735807718734
Finished solving NPMLE, with in-sample MSE 0.06869936587012841
Finished solving parametric estimator, with SURE 0.04238442227628553
Finished solving parametric estimator, with in-sample MSE 0.05472717139490642
Finished solving EBCF, with in-sample MSE 0.01506485365980438
Finished training EB SURE-LS, with SURE: -0.013439106433508888
Finished training EB SURE-LS, with in-sample MSE: 0.0024343910209303444
use_scale: True
use_location: False
Finished training EB misspecified with NPMLE init, with SURE: 0.03646390069012604
Finished training EB misspecified with NPMLE init, with in-sample MSE: 0.05517596931666852
Finished training EB misspecified, with SURE: 0.03646732294676376
Finished training EB misspecified, with in-sample MSE: 0.05517304253272384
Finished training EB wellspecified, with SURE: -0.06207957502446997
Finished training EB wellspecified, with in-sample MSE: 0.07569173889255794
m: 404
Finished solving NPMLE, with SURE 0.6145115702634923
Finished solving NPMLE, with in-sample MSE 0.10057790139548707
Finished solving parametric estimator, with SURE 0.07327954992195429
Finished solving parametric estimator, with in-sample MSE 0.05240064776645693
Finished solving EBCF, with in-sample MSE 0.023454390286468
Finished training EB SURE-LS, with SURE: 0.010928766667295945
Finished training EB SURE-LS, with in-sample MSE: 0.003587219066945055
use_scale: True
use_location: False
Finished training EB misspecified with NPMLE init, with SURE: 0.058705739806827424
Finished training EB misspecified with NPMLE init, with in-sample MSE: 0.06324774074354482
Finished training EB misspecified, with SURE: 0.05871056016172581
Finished training EB misspecified, with in-sample MSE: 0.06323182323504381
Finished training EB wellspecified, with SURE: -0.11279527370648057
Finished training EB wellspecified, with in-sample MSE: 0.14460207506935363
m: 405
Finished solving NPMLE, with SURE 1.0040581678197744
Finished solving NPMLE, with in-sample MSE 0.07867953102707538
Finished solving parametric estimator, with SURE 0.09593866595048545
Finished solving parametric estimator, with in-sample MSE 0.05730271509758973
Finished solving EBCF, with in-sample MSE 0.004799326547713241
Finished training EB SURE-LS, with SURE: 0.011751140399478537
Finished training EB SURE-LS, with in-sample MSE: 0.0035187737373099165
use_scale: True
use_location: False
Finished training EB misspecified with NPMLE init, with SURE: 0.06320826326130628
Finished training EB misspecified with NPMLE init, with in-sample MSE: 0.06553778384469591
Finished training EB misspecified, with SURE: 0.06322331018470904
Finished training EB misspecified, with in-sample MSE: 0.06553456129073253
Finished training EB wellspecified, with SURE: -0.04716013486382992
Finished training EB wellspecified, with in-sample MSE: 0.08135767929962957
m: 406
Finished solving NPMLE, with SURE 0.7562700228768474
Finished solving NPMLE, with in-sample MSE 0.06775318441401472
Finished solving parametric estimator, with SURE 0.06300958765238479
Finished solving parametric estimator, with in-sample MSE 0.05237310877255656
Finished solving EBCF, with in-sample MSE 0.022625112849853985
Finished training EB SURE-LS, with SURE: 0.02684354816381898
Finished training EB SURE-LS, with in-sample MSE: 0.0039179622445750795
use_scale: True
use_location: False
Finished training EB misspecified with NPMLE init, with SURE: 0.0512625898838435
Finished training EB misspecified with NPMLE init, with in-sample MSE: 0.06243921137355764
Finished training EB misspecified, with SURE: 0.05391787888630617
Finished training EB misspecified, with in-sample MSE: 0.055162043859950424
Finished training EB wellspecified, with SURE: 0.010006656126036547
Finished training EB wellspecified, with in-sample MSE: 0.03397493245826884
m: 407
Finished solving NPMLE, with SURE 0.8441723086195022
Finished solving NPMLE, with in-sample MSE 0.10603984371928817
Finished solving parametric estimator, with SURE 0.15482086487195001
Finished solving parametric estimator, with in-sample MSE 0.07184015039038591
Finished solving EBCF, with in-sample MSE 0.05105950856499912
Finished training EB SURE-LS, with SURE: 0.06415465809576927
Finished training EB SURE-LS, with in-sample MSE: 0.05052004792012484
use_scale: True
use_location: False
Finished training EB misspecified with NPMLE init, with SURE: 0.1186618412570477
Finished training EB misspecified with NPMLE init, with in-sample MSE: 0.09236292785366323
Finished training EB misspecified, with SURE: 0.11635755677314868
Finished training EB misspecified, with in-sample MSE: 0.10444124659753724
Finished training EB wellspecified, with SURE: 0.009514749430626437
Finished training EB wellspecified, with in-sample MSE: 0.1451123047261519
m: 408
Finished solving NPMLE, with SURE 0.409793501738108
Finished solving NPMLE, with in-sample MSE 0.06671428189679904
Finished solving parametric estimator, with SURE 0.009597293406186758
Finished solving parametric estimator, with in-sample MSE 0.06158247937060253
Finished solving EBCF, with in-sample MSE 0.016870715122235612
Finished training EB SURE-LS, with SURE: -0.029954698296635655
Finished training EB SURE-LS, with in-sample MSE: 0.004936887034682179
use_scale: True
use_location: False
Finished training EB misspecified with NPMLE init, with SURE: 0.004391033977454697
Finished training EB misspecified with NPMLE init, with in-sample MSE: 0.06157961232585865
Finished training EB misspecified, with SURE: 0.004392256584848866
Finished training EB misspecified, with in-sample MSE: 0.06157757030887156
Finished training EB wellspecified, with SURE: -0.1280416158310441
Finished training EB wellspecified, with in-sample MSE: 0.095161131391167
m: 409
Finished solving NPMLE, with SURE 0.5199366131470219
Finished solving NPMLE, with in-sample MSE 0.11970211119291259
Finished solving parametric estimator, with SURE 0.007930542846457556
Finished solving parametric estimator, with in-sample MSE 0.08063292919057923
Finished solving EBCF, with in-sample MSE 0.0320597613213235
Finished training EB SURE-LS, with SURE: -0.03703479930561397
Finished training EB SURE-LS, with in-sample MSE: 0.023447923462362054
use_scale: True
use_location: False
Finished training EB misspecified with NPMLE init, with SURE: 0.0011668626402558857
Finished training EB misspecified with NPMLE init, with in-sample MSE: 0.07968100340886536
Finished training EB misspecified, with SURE: 0.0011670945081323225
Finished training EB misspecified, with in-sample MSE: 0.07969089664293437
Finished training EB wellspecified, with SURE: -0.054817443047607085
Finished training EB wellspecified, with in-sample MSE: 0.05388696220450058
m: 410
Finished solving NPMLE, with SURE 0.3894362929886259
Finished solving NPMLE, with in-sample MSE 0.11460341388396662
Finished solving parametric estimator, with SURE 0.07441342228139597
Finished solving parametric estimator, with in-sample MSE 0.05701087459388097
Finished solving EBCF, with in-sample MSE 0.02285135969713302
Finished training EB SURE-LS, with SURE: 0.015898564105222043
Finished training EB SURE-LS, with in-sample MSE: 0.000537833385213597
use_scale: True
use_location: False
Finished training EB misspecified with NPMLE init, with SURE: 0.05312649891614285
Finished training EB misspecified with NPMLE init, with in-sample MSE: 0.07111123185320213
Finished training EB misspecified, with SURE: 0.05313313775153532
Finished training EB misspecified, with in-sample MSE: 0.07113637280044402
Finished training EB wellspecified, with SURE: -0.06464915626328088
Finished training EB wellspecified, with in-sample MSE: 0.11301500617529772
m: 411
Finished solving NPMLE, with SURE 0.5803316374422341
Finished solving NPMLE, with in-sample MSE 0.06732746525584876
Finished solving parametric estimator, with SURE 0.07029760142077263
Finished solving parametric estimator, with in-sample MSE 0.05608870232787818
Finished solving EBCF, with in-sample MSE 0.023775149745412484
Finished training EB SURE-LS, with SURE: 0.017109561618229813
Finished training EB SURE-LS, with in-sample MSE: 0.001893260005376799
use_scale: True
use_location: False
Finished training EB misspecified with NPMLE init, with SURE: 0.058038456501834194
Finished training EB misspecified with NPMLE init, with in-sample MSE: 0.06446965891818748
Finished training EB misspecified, with SURE: 0.058048973529171946
Finished training EB misspecified, with in-sample MSE: 0.06444074219143384
Finished training EB wellspecified, with SURE: 0.00937246748027905
Finished training EB wellspecified, with in-sample MSE: 0.015127386401715013
m: 412
Finished solving NPMLE, with SURE 0.6649145489936032
Finished solving NPMLE, with in-sample MSE 0.103921563620696
Finished solving parametric estimator, with SURE 0.11894128541780041
Finished solving parametric estimator, with in-sample MSE 0.06150532115635805
Finished solving EBCF, with in-sample MSE 0.03737339719685483
Finished training EB SURE-LS, with SURE: 0.010552707131840712
Finished training EB SURE-LS, with in-sample MSE: 0.05025894865461478
use_scale: True
use_location: False
Finished training EB misspecified with NPMLE init, with SURE: 0.08137280128153136
Finished training EB misspecified with NPMLE init, with in-sample MSE: 0.1264321582918257
Finished training EB misspecified, with SURE: 0.08141058191724937
Finished training EB misspecified, with in-sample MSE: 0.1264457302065817
Finished training EB wellspecified, with SURE: -0.01731145109565207
Finished training EB wellspecified, with in-sample MSE: 0.10496560762464631
m: 413
Finished solving NPMLE, with SURE 0.467267734958736
Finished solving NPMLE, with in-sample MSE 0.08108640427631528
Finished solving parametric estimator, with SURE -0.08510350250797277
Finished solving parametric estimator, with in-sample MSE 0.06818994628485994
Finished solving EBCF, with in-sample MSE 0.01112421078913669
Finished training EB SURE-LS, with SURE: -0.12317596550771581
Finished training EB SURE-LS, with in-sample MSE: 0.008899771117354294
use_scale: True
use_location: False
Finished training EB misspecified with NPMLE init, with SURE: -0.09165792811895578
Finished training EB misspecified with NPMLE init, with in-sample MSE: 0.0647227277312811
Finished training EB misspecified, with SURE: -0.09160915310751933
Finished training EB misspecified, with in-sample MSE: 0.06475594122938186
Finished training EB wellspecified, with SURE: -0.13506819203484074
Finished training EB wellspecified, with in-sample MSE: 0.024799224879911947
m: 414
Finished solving NPMLE, with SURE 0.9160949751199322
Finished solving NPMLE, with in-sample MSE 0.07191242360177949
Finished solving parametric estimator, with SURE 0.04968712998636826
Finished solving parametric estimator, with in-sample MSE 0.05011077533925193
Finished solving EBCF, with in-sample MSE 0.03305272893666608
Finished training EB SURE-LS, with SURE: -0.06659095250223304
Finished training EB SURE-LS, with in-sample MSE: 0.010521633556208396
use_scale: True
use_location: False
Finished training EB misspecified with NPMLE init, with SURE: 0.03338695163907822
Finished training EB misspecified with NPMLE init, with in-sample MSE: 0.05395120795012719
Finished training EB misspecified, with SURE: 0.033395350018507415
Finished training EB misspecified, with in-sample MSE: 0.053950086267465884
Finished training EB wellspecified, with SURE: -0.117751198765204
Finished training EB wellspecified, with in-sample MSE: 0.06332668306612338
m: 415
Finished solving NPMLE, with SURE 0.8576853477855185
Finished solving NPMLE, with in-sample MSE 0.1197651912557187
Finished solving parametric estimator, with SURE 0.10612215213429105
Finished solving parametric estimator, with in-sample MSE 0.06080191902937259
Finished solving EBCF, with in-sample MSE 0.03258487345686285
Finished training EB SURE-LS, with SURE: 0.009557816514897467
Finished training EB SURE-LS, with in-sample MSE: 0.037825207359796234
use_scale: True
use_location: False
Finished training EB misspecified with NPMLE init, with SURE: 0.07728301202073475
Finished training EB misspecified with NPMLE init, with in-sample MSE: 0.08185098306860661
Finished training EB misspecified, with SURE: 0.07731017654461632
Finished training EB misspecified, with in-sample MSE: 0.08195524841135429
Finished training EB wellspecified, with SURE: -0.010779964671644375
Finished training EB wellspecified, with in-sample MSE: 0.09336736347689666
m: 416
Finished solving NPMLE, with SURE 0.5223885560358724
Finished solving NPMLE, with in-sample MSE 0.10933914306109523
Finished solving parametric estimator, with SURE 0.009599297474400137
Finished solving parametric estimator, with in-sample MSE 0.06681230348409353
Finished solving EBCF, with in-sample MSE 0.02438220758770886
Finished training EB SURE-LS, with SURE: -0.04072186043310394
Finished training EB SURE-LS, with in-sample MSE: 0.010028522999463458
use_scale: True
use_location: False
Finished training EB misspecified with NPMLE init, with SURE: -0.011943714097485696
Finished training EB misspecified with NPMLE init, with in-sample MSE: 0.08473125499906693
Finished training EB misspecified, with SURE: -0.010613058314465676
Finished training EB misspecified, with in-sample MSE: 0.08472026214770739
Finished training EB wellspecified, with SURE: -0.0728877559690483
Finished training EB wellspecified, with in-sample MSE: 0.045151458192729636
m: 417
Finished solving NPMLE, with SURE 0.33211240535412684
Finished solving NPMLE, with in-sample MSE 0.09776225830090766
Finished solving parametric estimator, with SURE 0.099052660643138
Finished solving parametric estimator, with in-sample MSE 0.0645344148885866
Finished solving EBCF, with in-sample MSE 0.04011511681679494
Finished training EB SURE-LS, with SURE: 0.00866468620799889
Finished training EB SURE-LS, with in-sample MSE: 0.021657514893018256
use_scale: True
use_location: False
Finished training EB misspecified with NPMLE init, with SURE: 0.09076911694127503
Finished training EB misspecified with NPMLE init, with in-sample MSE: 0.05383677613342729
Finished training EB misspecified, with SURE: 0.09075151080158818
Finished training EB misspecified, with in-sample MSE: 0.05421754406809916
Finished training EB wellspecified, with SURE: -0.07101601124402114
Finished training EB wellspecified, with in-sample MSE: 0.12074675965185712
m: 418
Finished solving NPMLE, with SURE 0.8508126175087404
Finished solving NPMLE, with in-sample MSE 0.08055850046398026
Finished solving parametric estimator, with SURE 0.007578546355009708
Finished solving parametric estimator, with in-sample MSE 0.062039216537762086
Finished solving EBCF, with in-sample MSE 0.02616242598857917
Finished training EB SURE-LS, with SURE: -0.04462483387698234
Finished training EB SURE-LS, with in-sample MSE: 0.0033009538802659085
use_scale: True
use_location: False
Finished training EB misspecified with NPMLE init, with SURE: -0.004787044443564383
Finished training EB misspecified with NPMLE init, with in-sample MSE: 0.06275489485012967
Finished training EB misspecified, with SURE: -0.004790722743689315
Finished training EB misspecified, with in-sample MSE: 0.06276763121536783
Finished training EB wellspecified, with SURE: -0.07057147861112499
Finished training EB wellspecified, with in-sample MSE: 0.04800662193321825
m: 419
Finished solving NPMLE, with SURE 1.0226133188252549
Finished solving NPMLE, with in-sample MSE 0.06598126131098106
Finished solving parametric estimator, with SURE -0.0059141209566689334
Finished solving parametric estimator, with in-sample MSE 0.06322118488722418
Finished solving EBCF, with in-sample MSE 0.014828912724542032
Finished training EB SURE-LS, with SURE: -0.10402231926341586
Finished training EB SURE-LS, with in-sample MSE: 0.011133917676769592
use_scale: True
use_location: False
Finished training EB misspecified with NPMLE init, with SURE: -0.014078979346910714
Finished training EB misspecified with NPMLE init, with in-sample MSE: 0.0668208745301662
Finished training EB misspecified, with SURE: -0.014065642255830043
Finished training EB misspecified, with in-sample MSE: 0.0668138479623306
Finished training EB wellspecified, with SURE: -0.11513020126406147
Finished training EB wellspecified, with in-sample MSE: 0.01794191107127324
m: 420
Finished solving NPMLE, with SURE 0.27953482917932015
Finished solving NPMLE, with in-sample MSE 0.08776457253652938
Finished solving parametric estimator, with SURE 0.0306301591603933
Finished solving parametric estimator, with in-sample MSE 0.06636430983740042
Finished solving EBCF, with in-sample MSE 0.035884959106090346
Finished training EB SURE-LS, with SURE: 0.0011306235150537348
Finished training EB SURE-LS, with in-sample MSE: 0.024213585861190042
use_scale: True
use_location: False
Finished training EB misspecified with NPMLE init, with SURE: 0.02006358871744169
Finished training EB misspecified with NPMLE init, with in-sample MSE: 0.06295127048790232
Finished training EB misspecified, with SURE: 0.020066582445992014
Finished training EB misspecified, with in-sample MSE: 0.06295045405005117
Finished training EB wellspecified, with SURE: -0.03531792381158263
Finished training EB wellspecified, with in-sample MSE: 0.07138162879165884
m: 421
Finished solving NPMLE, with SURE 0.45855654114904637
Finished solving NPMLE, with in-sample MSE 0.07999796201852086
Finished solving parametric estimator, with SURE 0.06964790632067708
Finished solving parametric estimator, with in-sample MSE 0.05176945221424283
Finished solving EBCF, with in-sample MSE 0.022361341493433468
Finished training EB SURE-LS, with SURE: 0.011818740176043434
Finished training EB SURE-LS, with in-sample MSE: 0.00247773856874141
use_scale: True
use_location: False
Finished training EB misspecified with NPMLE init, with SURE: 0.060985974557293404
Finished training EB misspecified with NPMLE init, with in-sample MSE: 0.04549576759271035
Finished training EB misspecified, with SURE: 0.060988348950121604
Finished training EB misspecified, with in-sample MSE: 0.04549888935850228
Finished training EB wellspecified, with SURE: -0.05812364560621346
Finished training EB wellspecified, with in-sample MSE: 0.09590652650118037
m: 422
Finished solving NPMLE, with SURE 0.9262776450383177
Finished solving NPMLE, with in-sample MSE 0.07227014635414894
Finished solving parametric estimator, with SURE 0.16588361674908458
Finished solving parametric estimator, with in-sample MSE 0.08535437317890271
Finished solving EBCF, with in-sample MSE 0.05452614288929887
Finished training EB SURE-LS, with SURE: 0.10323599526299745
Finished training EB SURE-LS, with in-sample MSE: 0.04273657523509927
use_scale: True
use_location: False
Finished training EB misspecified with NPMLE init, with SURE: 0.1418166021112802
Finished training EB misspecified with NPMLE init, with in-sample MSE: 0.11025208106555301
Finished training EB misspecified, with SURE: 0.1418281062578609
Finished training EB misspecified, with in-sample MSE: 0.11023999055754938
Finished training EB wellspecified, with SURE: 0.01687275180641586
Finished training EB wellspecified, with in-sample MSE: 0.17579301732156463
m: 423
Finished solving NPMLE, with SURE 0.5038063033520692
Finished solving NPMLE, with in-sample MSE 0.08695209817309339
Finished solving parametric estimator, with SURE -0.03518118209510884
Finished solving parametric estimator, with in-sample MSE 0.05969036970000169
Finished solving EBCF, with in-sample MSE 0.004450597060539964
Finished training EB SURE-LS, with SURE: -0.10526358967933629
Finished training EB SURE-LS, with in-sample MSE: 0.006141523105538063
use_scale: True
use_location: False
Finished training EB misspecified with NPMLE init, with SURE: -0.04593692808317883
Finished training EB misspecified with NPMLE init, with in-sample MSE: 0.05814998657313783
Finished training EB misspecified, with SURE: -0.04589752460075374
Finished training EB misspecified, with in-sample MSE: 0.058162585601999266
Finished training EB wellspecified, with SURE: -0.13132917113848605
Finished training EB wellspecified, with in-sample MSE: 0.037868415302358384
m: 424
Finished solving NPMLE, with SURE 0.5166838570953949
Finished solving NPMLE, with in-sample MSE 0.09889001683820205
Finished solving parametric estimator, with SURE 0.12662310187215303
Finished solving parametric estimator, with in-sample MSE 0.06137288768104128
Finished solving EBCF, with in-sample MSE 0.04207612155991154
Finished training EB SURE-LS, with SURE: 0.08331361803059828
Finished training EB SURE-LS, with in-sample MSE: 0.015073718309067372
use_scale: True
use_location: False
Finished training EB misspecified with NPMLE init, with SURE: 0.10328709524777593
Finished training EB misspecified with NPMLE init, with in-sample MSE: 0.08673637469789915
Finished training EB misspecified, with SURE: 0.10334503473288692
Finished training EB misspecified, with in-sample MSE: 0.08673912267416255
Finished training EB wellspecified, with SURE: 0.022291889587481146
Finished training EB wellspecified, with in-sample MSE: 0.10308837831921719
m: 425
Finished solving NPMLE, with SURE 0.5830978080798952
Finished solving NPMLE, with in-sample MSE 0.11232866431436093
Finished solving parametric estimator, with SURE 0.09098788709709149
Finished solving parametric estimator, with in-sample MSE 0.06282054630024193
Finished solving EBCF, with in-sample MSE 0.033570844574580753
Finished training EB SURE-LS, with SURE: 0.015149652768072171
Finished training EB SURE-LS, with in-sample MSE: 0.03076958935127179
use_scale: True
use_location: False
Finished training EB misspecified with NPMLE init, with SURE: 0.06891463847208279
Finished training EB misspecified with NPMLE init, with in-sample MSE: 0.09417887073837643
Finished training EB misspecified, with SURE: 0.067879809888816
Finished training EB misspecified, with in-sample MSE: 0.09912946203462511
Finished training EB wellspecified, with SURE: -0.06287622625215479
Finished training EB wellspecified, with in-sample MSE: 0.13941028592694554
m: 426
Finished solving NPMLE, with SURE 0.20009073175798092
Finished solving NPMLE, with in-sample MSE 0.12736539509787867
Finished solving parametric estimator, with SURE 0.04843081656840026
Finished solving parametric estimator, with in-sample MSE 0.062392647466872425
Finished solving EBCF, with in-sample MSE 0.058259650480020575
Finished training EB SURE-LS, with SURE: -0.01620634456129002
Finished training EB SURE-LS, with in-sample MSE: 0.0016174614761262282
use_scale: True
use_location: False
Finished training EB misspecified with NPMLE init, with SURE: 0.015819012854540803
Finished training EB misspecified with NPMLE init, with in-sample MSE: 0.10550542468783852
Finished training EB misspecified, with SURE: 0.015838583818865857
Finished training EB misspecified, with in-sample MSE: 0.10545790975444178
Finished training EB wellspecified, with SURE: -0.09310666510057748
Finished training EB wellspecified, with in-sample MSE: 0.09946912326504248
m: 427
Finished solving NPMLE, with SURE 0.8461056433663918
Finished solving NPMLE, with in-sample MSE 0.08289432018713988
Finished solving parametric estimator, with SURE 0.00805171731375054
Finished solving parametric estimator, with in-sample MSE 0.05856541878813589
Finished solving EBCF, with in-sample MSE 0.004521986572741236
Finished training EB SURE-LS, with SURE: -0.06501778892048533
Finished training EB SURE-LS, with in-sample MSE: 0.0013945757807826825
use_scale: True
use_location: False
Finished training EB misspecified with NPMLE init, with SURE: 0.002109752810011045
Finished training EB misspecified with NPMLE init, with in-sample MSE: 0.058275629706256576
Finished training EB misspecified, with SURE: 0.00210157114100312
Finished training EB misspecified, with in-sample MSE: 0.05827255086198548
Finished training EB wellspecified, with SURE: -0.08067745742566851
Finished training EB wellspecified, with in-sample MSE: 0.014506019618376467
m: 428
Finished solving NPMLE, with SURE 0.7123181150572164
Finished solving NPMLE, with in-sample MSE 0.0632124358085873
Finished solving parametric estimator, with SURE -0.03916793316024625
Finished solving parametric estimator, with in-sample MSE 0.06307751026611473
Finished solving EBCF, with in-sample MSE 0.014131373199138385
Finished training EB SURE-LS, with SURE: -0.11490449419362446
Finished training EB SURE-LS, with in-sample MSE: 0.007946917091494561
use_scale: True
use_location: False
Finished training EB misspecified with NPMLE init, with SURE: -0.04818326149333437
Finished training EB misspecified with NPMLE init, with in-sample MSE: 0.07443207505845885
Finished training EB misspecified, with SURE: -0.0480697875715839
Finished training EB misspecified, with in-sample MSE: 0.07571792913781906
Finished training EB wellspecified, with SURE: -0.12467291876739628
Finished training EB wellspecified, with in-sample MSE: 0.017263190301648218
m: 429
Finished solving NPMLE, with SURE 0.34419821236854786
Finished solving NPMLE, with in-sample MSE 0.09767840581048977
Finished solving parametric estimator, with SURE 0.0965490440672312
Finished solving parametric estimator, with in-sample MSE 0.061339025486851065
Finished solving EBCF, with in-sample MSE 0.02475074728985421
Finished training EB SURE-LS, with SURE: 0.03833528368774664
Finished training EB SURE-LS, with in-sample MSE: 0.005639010825324132
use_scale: True
use_location: False
Finished training EB misspecified with NPMLE init, with SURE: 0.06706813146139666
Finished training EB misspecified with NPMLE init, with in-sample MSE: 0.10719998427911184
Finished training EB misspecified, with SURE: 0.06783400922383549
Finished training EB misspecified, with in-sample MSE: 0.1031328081680465
Finished training EB wellspecified, with SURE: -0.05461688767086402
Finished training EB wellspecified, with in-sample MSE: 0.12668086795019692
m: 430
Finished solving NPMLE, with SURE 0.19367788733832966
Finished solving NPMLE, with in-sample MSE 0.08768580468001277
Finished solving parametric estimator, with SURE 0.025153527230903416
Finished solving parametric estimator, with in-sample MSE 0.05846887357943917
Finished solving EBCF, with in-sample MSE 0.020858873893053673
Finished training EB SURE-LS, with SURE: -0.01943184862718151
Finished training EB SURE-LS, with in-sample MSE: 0.003744619071045882
use_scale: True
use_location: False
Finished training EB misspecified with NPMLE init, with SURE: 0.013669427980973196
Finished training EB misspecified with NPMLE init, with in-sample MSE: 0.05369287280575386
Finished training EB misspecified, with SURE: 0.013674708363907655
Finished training EB misspecified, with in-sample MSE: 0.05369619899286849
Finished training EB wellspecified, with SURE: -0.07508010376173165
Finished training EB wellspecified, with in-sample MSE: 0.06880744785524874
m: 431
Finished solving NPMLE, with SURE 0.702866495019765
Finished solving NPMLE, with in-sample MSE 0.09642147784445801
Finished solving parametric estimator, with SURE 0.02356757884931937
Finished solving parametric estimator, with in-sample MSE 0.06149809892653964
Finished solving EBCF, with in-sample MSE 0.06268545567174587
Finished training EB SURE-LS, with SURE: -0.007458052558059907
Finished training EB SURE-LS, with in-sample MSE: 0.010632090568542894
use_scale: True
use_location: False
Finished training EB misspecified with NPMLE init, with SURE: 0.0074645837317441985
Finished training EB misspecified with NPMLE init, with in-sample MSE: 0.06920822302267997
Finished training EB misspecified, with SURE: 0.007470787576020328
Finished training EB misspecified, with in-sample MSE: 0.06919954060600482
Finished training EB wellspecified, with SURE: -0.06598875271847758
Finished training EB wellspecified, with in-sample MSE: 0.08234804266086286
m: 432
Finished solving NPMLE, with SURE 1.1232705324051384
Finished solving NPMLE, with in-sample MSE 0.06982928451085758
Finished solving parametric estimator, with SURE -0.009597356672467361
Finished solving parametric estimator, with in-sample MSE 0.0754382569586049
Finished solving EBCF, with in-sample MSE 0.03801614147198019
Finished training EB SURE-LS, with SURE: -0.05831106326162572
Finished training EB SURE-LS, with in-sample MSE: 0.014300722094857441
use_scale: True
use_location: False
Finished training EB misspecified with NPMLE init, with SURE: -0.015424828009132838
Finished training EB misspecified with NPMLE init, with in-sample MSE: 0.07819361696688175
Finished training EB misspecified, with SURE: -0.015412401616737625
Finished training EB misspecified, with in-sample MSE: 0.07817403495935502
Finished training EB wellspecified, with SURE: -0.06609432015620045
Finished training EB wellspecified, with in-sample MSE: 0.02728929133592336
m: 433
Finished solving NPMLE, with SURE 0.823059019945909
Finished solving NPMLE, with in-sample MSE 0.09100453530204444
Finished solving parametric estimator, with SURE 0.019405682519946565
Finished solving parametric estimator, with in-sample MSE 0.062196141245945656
Finished solving EBCF, with in-sample MSE 0.019490022554602165
Finished training EB SURE-LS, with SURE: -0.05775440853949703
Finished training EB SURE-LS, with in-sample MSE: 0.010719226450422576
use_scale: True
use_location: False
Finished training EB misspecified with NPMLE init, with SURE: -0.01891486233354989
Finished training EB misspecified with NPMLE init, with in-sample MSE: 0.09035129833763712
Finished training EB misspecified, with SURE: -0.018905491506007552
Finished training EB misspecified, with in-sample MSE: 0.0903382268959129
Finished training EB wellspecified, with SURE: -0.07765908654170639
Finished training EB wellspecified, with in-sample MSE: 0.028899602185331438
m: 434
Finished solving NPMLE, with SURE 0.32231170823915944
Finished solving NPMLE, with in-sample MSE 0.11378580389433493
Finished solving parametric estimator, with SURE -0.005844035982471851
Finished solving parametric estimator, with in-sample MSE 0.07192477425220857
Finished solving EBCF, with in-sample MSE 0.017805522766591964
Finished training EB SURE-LS, with SURE: -0.06493352203679505
Finished training EB SURE-LS, with in-sample MSE: 0.011965669563442272
use_scale: True
use_location: False
Finished training EB misspecified with NPMLE init, with SURE: -0.012122126971619808
Finished training EB misspecified with NPMLE init, with in-sample MSE: 0.06660676934762835
Finished training EB misspecified, with SURE: -0.012121036160563606
Finished training EB misspecified, with in-sample MSE: 0.06660892489834375
Finished training EB wellspecified, with SURE: -0.0924183999680836
Finished training EB wellspecified, with in-sample MSE: 0.03259720032992634
m: 435
Finished solving NPMLE, with SURE 0.6975999801759659
Finished solving NPMLE, with in-sample MSE 0.11059391782679968
Finished solving parametric estimator, with SURE 0.08951992224634836
Finished solving parametric estimator, with in-sample MSE 0.06325510226921457
Finished solving EBCF, with in-sample MSE 0.01534723991798149
Finished training EB SURE-LS, with SURE: 0.020468603287081364
Finished training EB SURE-LS, with in-sample MSE: 0.002159948804093913
use_scale: True
use_location: False
Finished training EB misspecified with NPMLE init, with SURE: 0.06843180095056851
Finished training EB misspecified with NPMLE init, with in-sample MSE: 0.06958100102895266
Finished training EB misspecified, with SURE: 0.0684431570217604
Finished training EB misspecified, with in-sample MSE: 0.06956614516374039
Finished training EB wellspecified, with SURE: -0.02512019907539777
Finished training EB wellspecified, with in-sample MSE: 0.06255147104682257
m: 436
Finished solving NPMLE, with SURE 0.710998845934726
Finished solving NPMLE, with in-sample MSE 0.07162382548360906
Finished solving parametric estimator, with SURE 0.004127958444789526
Finished solving parametric estimator, with in-sample MSE 0.05733195239177964
Finished solving EBCF, with in-sample MSE 0.009826630182170235
Finished training EB SURE-LS, with SURE: -0.055162928497938975
Finished training EB SURE-LS, with in-sample MSE: 0.011107817167941228
use_scale: True
use_location: False
Finished training EB misspecified with NPMLE init, with SURE: -0.0019486072486984086
Finished training EB misspecified with NPMLE init, with in-sample MSE: 0.05699764975780168
Finished training EB misspecified, with SURE: -0.0019215233851335967
Finished training EB misspecified, with in-sample MSE: 0.0570106066494382
Finished training EB wellspecified, with SURE: -0.07051858186850045
Finished training EB wellspecified, with in-sample MSE: 0.0228416789057343
m: 437
Finished solving NPMLE, with SURE 0.8781839937180378
Finished solving NPMLE, with in-sample MSE 0.08568414687879976
Finished solving parametric estimator, with SURE 0.14438546869588997
Finished solving parametric estimator, with in-sample MSE 0.06838832446757076
Finished solving EBCF, with in-sample MSE 0.03727771387898547
Finished training EB SURE-LS, with SURE: 0.06507907784266646
Finished training EB SURE-LS, with in-sample MSE: 0.02941487321699521
use_scale: True
use_location: False
Finished training EB misspecified with NPMLE init, with SURE: 0.11654381617143841
Finished training EB misspecified with NPMLE init, with in-sample MSE: 0.09095252237576865
Finished training EB misspecified, with SURE: 0.11656252238788845
Finished training EB misspecified, with in-sample MSE: 0.09093104391092759
Finished training EB wellspecified, with SURE: -0.003210235477879062
Finished training EB wellspecified, with in-sample MSE: 0.14457801701014328
m: 438
Finished solving NPMLE, with SURE 0.1744494683370123
Finished solving NPMLE, with in-sample MSE 0.09957062156568673
Finished solving parametric estimator, with SURE 0.038926530698590256
Finished solving parametric estimator, with in-sample MSE 0.05940377908036997
Finished solving EBCF, with in-sample MSE 0.008447541331568685
Finished training EB SURE-LS, with SURE: -0.06178552086760363
Finished training EB SURE-LS, with in-sample MSE: 0.004506693335889966
use_scale: True
use_location: False
Finished training EB misspecified with NPMLE init, with SURE: 0.029890169398235
Finished training EB misspecified with NPMLE init, with in-sample MSE: 0.052248958368567945
Finished training EB misspecified, with SURE: 0.029765344888277385
Finished training EB misspecified, with in-sample MSE: 0.0559311865751269
Finished training EB wellspecified, with SURE: -0.12371952550198209
Finished training EB wellspecified, with in-sample MSE: 0.08299444979055932
m: 439
Finished solving NPMLE, with SURE 0.8740070712835982
Finished solving NPMLE, with in-sample MSE 0.07925874692564146
Finished solving parametric estimator, with SURE -0.024951057674948263
Finished solving parametric estimator, with in-sample MSE 0.06709290326235347
Finished solving EBCF, with in-sample MSE 0.006258424586687794
Finished training EB SURE-LS, with SURE: -0.08770973658035175
Finished training EB SURE-LS, with in-sample MSE: 0.0035622407947382916
use_scale: True
use_location: False
Finished training EB misspecified with NPMLE init, with SURE: -0.03287861140000608
Finished training EB misspecified with NPMLE init, with in-sample MSE: 0.06685599681088517
Finished training EB misspecified, with SURE: -0.03287432587189791
Finished training EB misspecified, with in-sample MSE: 0.06685259112756799
Finished training EB wellspecified, with SURE: -0.09139964276988849
Finished training EB wellspecified, with in-sample MSE: 0.013642564765288795
m: 440
Finished solving NPMLE, with SURE 0.9778030748352419
Finished solving NPMLE, with in-sample MSE 0.11185864053458122
Finished solving parametric estimator, with SURE 0.15826358083282605
Finished solving parametric estimator, with in-sample MSE 0.06454867162512361
Finished solving EBCF, with in-sample MSE 0.053506430311680384
Finished training EB SURE-LS, with SURE: 0.05441568057226437
Finished training EB SURE-LS, with in-sample MSE: 0.034697256449740387
use_scale: True
use_location: False
Finished training EB misspecified with NPMLE init, with SURE: 0.11154342489981084
Finished training EB misspecified with NPMLE init, with in-sample MSE: 0.11443420294812602
Finished training EB misspecified, with SURE: 0.11157996111529564
Finished training EB misspecified, with in-sample MSE: 0.114439712330469
Finished training EB wellspecified, with SURE: -0.026669353961426917
Finished training EB wellspecified, with in-sample MSE: 0.15353201639214936
m: 441
Finished solving NPMLE, with SURE 0.7802274550546425
Finished solving NPMLE, with in-sample MSE 0.08695774555278378
Finished solving parametric estimator, with SURE 0.02186984039080353
Finished solving parametric estimator, with in-sample MSE 0.0570442677218284
Finished solving EBCF, with in-sample MSE 0.004729543233651069
Finished training EB SURE-LS, with SURE: -0.04940180192895229
Finished training EB SURE-LS, with in-sample MSE: 0.00232046305100775
use_scale: True
use_location: False
Finished training EB misspecified with NPMLE init, with SURE: 0.013469570230734007
Finished training EB misspecified with NPMLE init, with in-sample MSE: 0.05026174111687802
Finished training EB misspecified, with SURE: 0.013471057097682078
Finished training EB misspecified, with in-sample MSE: 0.0502639967567927
Finished training EB wellspecified, with SURE: -0.06676953209215182
Finished training EB wellspecified, with in-sample MSE: 0.018642934734505213
m: 442
Finished solving NPMLE, with SURE 0.4653108819941963
Finished solving NPMLE, with in-sample MSE 0.078733035399124
Finished solving parametric estimator, with SURE 0.12421700033805688
Finished solving parametric estimator, with in-sample MSE 0.07829171532095971
Finished solving EBCF, with in-sample MSE 0.0625616665030452
Finished training EB SURE-LS, with SURE: 0.02919355952263756
Finished training EB SURE-LS, with in-sample MSE: 0.08303544512042665
use_scale: True
use_location: False
Finished training EB misspecified with NPMLE init, with SURE: 0.10908258153016405
Finished training EB misspecified with NPMLE init, with in-sample MSE: 0.09222676378943559
Finished training EB misspecified, with SURE: 0.10909752765388732
Finished training EB misspecified, with in-sample MSE: 0.09220260642802419
Finished training EB wellspecified, with SURE: -0.03039138866287727
Finished training EB wellspecified, with in-sample MSE: 0.1842915204134738
m: 443
Finished solving NPMLE, with SURE 0.7526007145785633
Finished solving NPMLE, with in-sample MSE 0.1032311490301448
Finished solving parametric estimator, with SURE 0.0224806667232047
Finished solving parametric estimator, with in-sample MSE 0.06638655132828855
Finished solving EBCF, with in-sample MSE 0.008633691834687231
Finished training EB SURE-LS, with SURE: -0.04718230848067169
Finished training EB SURE-LS, with in-sample MSE: 0.004853136161573718
use_scale: True
use_location: False
Finished training EB misspecified with NPMLE init, with SURE: 0.014508681091006111
Finished training EB misspecified with NPMLE init, with in-sample MSE: 0.06082831361904875
Finished training EB misspecified, with SURE: 0.014566953375787435
Finished training EB misspecified, with in-sample MSE: 0.06091294032052829
Finished training EB wellspecified, with SURE: -0.06743476502335467
Finished training EB wellspecified, with in-sample MSE: 0.02339907684518272
m: 444
Finished solving NPMLE, with SURE 0.6164692640409207
Finished solving NPMLE, with in-sample MSE 0.07463846172341494
Finished solving parametric estimator, with SURE 0.0562538710338219
Finished solving parametric estimator, with in-sample MSE 0.056046510654861485
Finished solving EBCF, with in-sample MSE 0.05325256963522564
Finished training EB SURE-LS, with SURE: 0.010780069887348339
Finished training EB SURE-LS, with in-sample MSE: 0.002816192615445035
use_scale: True
use_location: False
Finished training EB misspecified with NPMLE init, with SURE: 0.048293588210780454
Finished training EB misspecified with NPMLE init, with in-sample MSE: 0.06056420627862633
Finished training EB misspecified, with SURE: 0.0483295184087924
Finished training EB misspecified, with in-sample MSE: 0.06037930868554146
Finished training EB wellspecified, with SURE: -0.013193506918824783
Finished training EB wellspecified, with in-sample MSE: 0.031998300011821364
m: 445
Finished solving NPMLE, with SURE 0.13762951309156152
Finished solving NPMLE, with in-sample MSE 0.07341347736166673
Finished solving parametric estimator, with SURE -0.01179057181321419
Finished solving parametric estimator, with in-sample MSE 0.05919136548505053
Finished solving EBCF, with in-sample MSE 0.016934154429523212
Finished training EB SURE-LS, with SURE: -0.0885749743711994
Finished training EB SURE-LS, with in-sample MSE: 0.01565518991127777
use_scale: True
use_location: False
Finished training EB misspecified with NPMLE init, with SURE: -0.04248829398507745
Finished training EB misspecified with NPMLE init, with in-sample MSE: 0.11888138779854501
Finished training EB misspecified, with SURE: -0.04247444848987485
Finished training EB misspecified, with in-sample MSE: 0.11880859913577052
Finished training EB wellspecified, with SURE: -0.1142770472178299
Finished training EB wellspecified, with in-sample MSE: 0.03961891644316466
m: 446
Finished solving NPMLE, with SURE 0.6653675487365835
Finished solving NPMLE, with in-sample MSE 0.06740351905469588
Finished solving parametric estimator, with SURE 0.04386227279884769
Finished solving parametric estimator, with in-sample MSE 0.05056194334084662
Finished solving EBCF, with in-sample MSE 0.00627970262488699
Finished training EB SURE-LS, with SURE: -0.015584796779747197
Finished training EB SURE-LS, with in-sample MSE: 0.0011931108103956237
use_scale: True
use_location: False
Finished training EB misspecified with NPMLE init, with SURE: 0.036544516732516144
Finished training EB misspecified with NPMLE init, with in-sample MSE: 0.05084288933091166
Finished training EB misspecified, with SURE: 0.036547845562152265
Finished training EB misspecified, with in-sample MSE: 0.05084188147310998
Finished training EB wellspecified, with SURE: -0.034824785748039676
Finished training EB wellspecified, with in-sample MSE: 0.025740895254730303
m: 447
Finished solving NPMLE, with SURE 0.969846255461
Finished solving NPMLE, with in-sample MSE 0.1272086951133919
Finished solving parametric estimator, with SURE 0.10382080293990242
Finished solving parametric estimator, with in-sample MSE 0.05941659572622417
Finished solving EBCF, with in-sample MSE 0.018884254659366877
Finished training EB SURE-LS, with SURE: 0.011955163483826583
Finished training EB SURE-LS, with in-sample MSE: 0.009629952757033555
use_scale: True
use_location: False
Finished training EB misspecified with NPMLE init, with SURE: 0.0707053441902483
Finished training EB misspecified with NPMLE init, with in-sample MSE: 0.09599569480550356
Finished training EB misspecified, with SURE: 0.07074667430425159
Finished training EB misspecified, with in-sample MSE: 0.09613566694508466
Finished training EB wellspecified, with SURE: -0.07234688586228538
Finished training EB wellspecified, with in-sample MSE: 0.13018647231063243
m: 448
Finished solving NPMLE, with SURE 0.568989793066672
Finished solving NPMLE, with in-sample MSE 0.062429845287263974
Finished solving parametric estimator, with SURE 0.03631315372842536
Finished solving parametric estimator, with in-sample MSE 0.048908551592509245
Finished solving EBCF, with in-sample MSE 0.03567323030669875
Finished training EB SURE-LS, with SURE: -0.040814816934583505
Finished training EB SURE-LS, with in-sample MSE: 0.009340453912680131
use_scale: True
use_location: False
Finished training EB misspecified with NPMLE init, with SURE: 0.02912043756284355
Finished training EB misspecified with NPMLE init, with in-sample MSE: 0.04985153792494641
Finished training EB misspecified, with SURE: 0.029132039830457687
Finished training EB misspecified, with in-sample MSE: 0.04985228331500065
Finished training EB wellspecified, with SURE: -0.08726123709649124
Finished training EB wellspecified, with in-sample MSE: 0.061261258937312456
m: 449
Finished solving NPMLE, with SURE 0.5155626927046719
Finished solving NPMLE, with in-sample MSE 0.08384419928358251
Finished solving parametric estimator, with SURE 0.06286982571506572
Finished solving parametric estimator, with in-sample MSE 0.05786570756354591
Finished solving EBCF, with in-sample MSE 0.048345300550819724
Finished training EB SURE-LS, with SURE: 0.005387470173808691
Finished training EB SURE-LS, with in-sample MSE: 0.0025247431865952187
use_scale: True
use_location: False
Finished training EB misspecified with NPMLE init, with SURE: 0.05392719802271465
Finished training EB misspecified with NPMLE init, with in-sample MSE: 0.05769129254851401
Finished training EB misspecified, with SURE: 0.053935865226356794
Finished training EB misspecified, with in-sample MSE: 0.05769371212044688
Finished training EB wellspecified, with SURE: -0.06455342064475948
Finished training EB wellspecified, with in-sample MSE: 0.07784824208342872
submitit INFO (2026-08-24 20:42:37,876) - Job completed successfully
submitit INFO (2026-08-24 20:42:37,891) - Exiting after successful completion
