submitit INFO (2026-08-25 16:42:55,600) - Starting with JobEnvironment(job_id=1487548, hostname=j002-ds, local_rank=0(1), node=0(1), global_rank=0(1))
submitit INFO (2026-08-25 16:42:55,600) - Loading pickle: /home/amberlee0516/score-matching-empirical-bayes/submitit_log/1487548/1487548_submitted.pkl
simulate_data.py: device = cuda:0
m_sim: 0
Finished solving NPMLE, with SURE 0.23077036247889324
Finished solving NPMLE, with in-sample MSE 0.08549599651687462
m_sim: 1
Finished solving NPMLE, with SURE 0.4690181197365959
Finished solving NPMLE, with in-sample MSE 0.10366330673834251
m_sim: 2
Finished solving NPMLE, with SURE 0.7644712827346367
Finished solving NPMLE, with in-sample MSE 0.0794552002217823
m_sim: 3
Finished solving NPMLE, with SURE 0.3124767775385493
Finished solving NPMLE, with in-sample MSE 0.0933320673794098
m_sim: 4
Finished solving NPMLE, with SURE 0.4340927470616582
Finished solving NPMLE, with in-sample MSE 0.07201080754809497
m_sim: 5
Finished solving NPMLE, with SURE 0.7698591346876179
Finished solving NPMLE, with in-sample MSE 0.09249156605528391
m_sim: 6
Finished solving NPMLE, with SURE 0.24344901007736014
Finished solving NPMLE, with in-sample MSE 0.06921440113088828
m_sim: 7
Finished solving NPMLE, with SURE 0.4371089705321937
Finished solving NPMLE, with in-sample MSE 0.06865683477510025
m_sim: 8
Finished solving NPMLE, with SURE 0.7195898416839315
Finished solving NPMLE, with in-sample MSE 0.09025041500637068
m_sim: 9
Finished solving NPMLE, with SURE 0.4852690991093496
Finished solving NPMLE, with in-sample MSE 0.10436425406199401
df:              estimator      sure  ...  sure_2000th_iter  sure_3000th_iter
0                NPMLE  0.230770  ...               NaN               NaN
1      SURE-PM uniform -0.038382  ...         -0.038125         -0.038338
2    SURE-PM NPMLEinit -0.038410  ...         -0.038409         -0.038409
3       SURE-PM random -0.038378  ...         -0.038139         -0.038332
4       SURE-PM random -0.038381  ...         -0.038102         -0.038333
..                 ...       ...  ...               ...               ...
125     SURE-PM random -0.013739  ...         -0.013413         -0.013727
126     SURE-PM random -0.013738  ...         -0.013526         -0.013724
127     SURE-PM random -0.013737  ...         -0.013238         -0.013719
128     SURE-PM random -0.013738  ...         -0.013430         -0.013721
129     SURE-PM random -0.013739  ...         -0.013488         -0.013726

[130 rows x 5 columns]
m_sim: 0
Finished solving NPMLE, with SURE 0.024769696237464806
Finished solving NPMLE, with in-sample MSE 0.0038431313127851407
m_sim: 1
Finished solving NPMLE, with SURE 0.04904559288282028
Finished solving NPMLE, with in-sample MSE 0.010689406555872137
m_sim: 2
Finished solving NPMLE, with SURE 0.10479810595481207
Finished solving NPMLE, with in-sample MSE 0.007875464414596528
m_sim: 3
Finished solving NPMLE, with SURE 0.06627375767949635
Finished solving NPMLE, with in-sample MSE 0.004639226464813065
m_sim: 4
Finished solving NPMLE, with SURE 0.041749056855856864
Finished solving NPMLE, with in-sample MSE 0.007896185946688677
m_sim: 5
Finished solving NPMLE, with SURE 0.10700466232382386
Finished solving NPMLE, with in-sample MSE 0.005384553755887077
m_sim: 6
Finished solving NPMLE, with SURE 0.22054926915460626
Finished solving NPMLE, with in-sample MSE 0.004686411247139012
m_sim: 7
Finished solving NPMLE, with SURE 0.09260468281438797
Finished solving NPMLE, with in-sample MSE 0.005708768793814699
m_sim: 8
Finished solving NPMLE, with SURE 0.13754533636486385
Finished solving NPMLE, with in-sample MSE 0.006531224184486964
m_sim: 9
Finished solving NPMLE, with SURE -0.011956076823124242
Finished solving NPMLE, with in-sample MSE 0.01118995498700095
df:              estimator      sure  ...  sure_2000th_iter  sure_3000th_iter
0                NPMLE  0.024770  ...               NaN               NaN
1      SURE-PM uniform  0.008961  ...          0.008967          0.008962
2    SURE-PM NPMLEinit  0.008942  ...          0.008942          0.008942
3       SURE-PM random  0.008960  ...          0.008966          0.008961
4       SURE-PM random  0.008961  ...          0.008968          0.008962
..                 ...       ...  ...               ...               ...
125     SURE-PM random -0.024745  ...         -0.024733         -0.024744
126     SURE-PM random -0.024745  ...         -0.024730         -0.024742
127     SURE-PM random -0.024745  ...         -0.024731         -0.024743
128     SURE-PM random -0.024745  ...         -0.024731         -0.024743
129     SURE-PM random -0.024746  ...         -0.024736         -0.024745

[130 rows x 5 columns]
m_sim: 0
Finished solving NPMLE, with SURE 0.3936953651877903
Finished solving NPMLE, with in-sample MSE 0.2380098754655706
m_sim: 1
Finished solving NPMLE, with SURE 0.30528126501467606
Finished solving NPMLE, with in-sample MSE 0.3583412145238201
m_sim: 2
Finished solving NPMLE, with SURE 0.29364915855294127
Finished solving NPMLE, with in-sample MSE 0.26977954038363344
m_sim: 3
Finished solving NPMLE, with SURE 0.39982487683365325
Finished solving NPMLE, with in-sample MSE 0.2593771836946931
m_sim: 4
Finished solving NPMLE, with SURE 0.2647101324227743
Finished solving NPMLE, with in-sample MSE 0.3540613574462579
m_sim: 5
Finished solving NPMLE, with SURE 0.2975353032297136
Finished solving NPMLE, with in-sample MSE 0.2719433141813998
m_sim: 6
Finished solving NPMLE, with SURE 0.27512925265000454
Finished solving NPMLE, with in-sample MSE 0.3081398791860553
m_sim: 7
Finished solving NPMLE, with SURE 0.36801277573488167
Finished solving NPMLE, with in-sample MSE 0.28834764403784907
m_sim: 8
Finished solving NPMLE, with SURE 0.3548664675721984
Finished solving NPMLE, with in-sample MSE 0.2390804375290176
m_sim: 9
Finished solving NPMLE, with SURE 0.29716279965933434
Finished solving NPMLE, with in-sample MSE 0.19801774436456218
df:              estimator      sure  ...  sure_2000th_iter  sure_3000th_iter
0                NPMLE  0.393695  ...               NaN               NaN
1      SURE-PM uniform  0.126425  ...          0.126485          0.126438
2    SURE-PM NPMLEinit  0.126394  ...          0.126397          0.126395
3       SURE-PM random  0.126425  ...          0.126490          0.126439
4       SURE-PM random  0.126424  ...          0.126483          0.126436
..                 ...       ...  ...               ...               ...
125     SURE-PM random  0.113222  ...          0.113280          0.113233
126     SURE-PM random  0.113222  ...          0.113282          0.113234
127     SURE-PM random  0.113223  ...          0.113301          0.113238
128     SURE-PM random  0.113223  ...          0.113289          0.113236
129     SURE-PM random  0.113222  ...          0.113289          0.113236

[130 rows x 5 columns]
m_sim: 0
Finished solving NPMLE, with SURE 0.9371668897637349
Finished solving NPMLE, with in-sample MSE 0.09355011199714477
m_sim: 1
Finished solving NPMLE, with SURE 0.9924973612333321
Finished solving NPMLE, with in-sample MSE 0.07008348088579378
m_sim: 2
Finished solving NPMLE, with SURE 0.6880470755147834
Finished solving NPMLE, with in-sample MSE 0.08747845939632178
m_sim: 3
Finished solving NPMLE, with SURE 0.8064351190179526
Finished solving NPMLE, with in-sample MSE 0.097292177882448
m_sim: 4
Finished solving NPMLE, with SURE 0.6467470832456266
Finished solving NPMLE, with in-sample MSE 0.09221416298444537
m_sim: 5
Finished solving NPMLE, with SURE 0.8968181368227064
Finished solving NPMLE, with in-sample MSE 0.06648234038405267
m_sim: 6
Finished solving NPMLE, with SURE 0.8414217223738955
Finished solving NPMLE, with in-sample MSE 0.10148344820434736
m_sim: 7
Finished solving NPMLE, with SURE 0.8682899286606678
Finished solving NPMLE, with in-sample MSE 0.07623137176351127
m_sim: 8
Finished solving NPMLE, with SURE 0.6542574152097896
Finished solving NPMLE, with in-sample MSE 0.09017311509216745
m_sim: 9
Finished solving NPMLE, with SURE 0.7680142090139518
Finished solving NPMLE, with in-sample MSE 0.07882638098294342
df:              estimator      sure  ...  sure_2000th_iter  sure_3000th_iter
0                NPMLE  0.937167  ...               NaN               NaN
1      SURE-PM uniform  0.053024  ...          0.053088          0.053037
2    SURE-PM NPMLEinit  0.053014  ...          0.053016          0.053014
3       SURE-PM random  0.053023  ...          0.053083          0.053037
4       SURE-PM random  0.053023  ...          0.053086          0.053036
..                 ...       ...  ...               ...               ...
125     SURE-PM random  0.051384  ...          0.051425          0.051391
126     SURE-PM random  0.051383  ...          0.051424          0.051389
127     SURE-PM random  0.051383  ...          0.051422          0.051389
128     SURE-PM random  0.051383  ...          0.051420          0.051389
129     SURE-PM random  0.051383  ...          0.051421          0.051390

[130 rows x 5 columns]
m_sim: 0
Finished solving NPMLE, with SURE 1.5201859523690215
Finished solving NPMLE, with in-sample MSE 0.1675527967150558
m_sim: 1
Finished solving NPMLE, with SURE 1.5023415668296085
Finished solving NPMLE, with in-sample MSE 0.2066060115677182
m_sim: 2
Finished solving NPMLE, with SURE 1.4545740769226256
Finished solving NPMLE, with in-sample MSE 0.19251898915393395
m_sim: 3
Finished solving NPMLE, with SURE 1.0090028526514612
Finished solving NPMLE, with in-sample MSE 0.23338790194212283
m_sim: 4
Finished solving NPMLE, with SURE 1.0472203136265787
Finished solving NPMLE, with in-sample MSE 0.18530520682599527
m_sim: 5
Finished solving NPMLE, with SURE 1.2517205119010313
Finished solving NPMLE, with in-sample MSE 0.20915390389877694
m_sim: 6
Finished solving NPMLE, with SURE 1.1258849589880975
Finished solving NPMLE, with in-sample MSE 0.18124625009351508
m_sim: 7
Finished solving NPMLE, with SURE 1.318040082244981
Finished solving NPMLE, with in-sample MSE 0.18017506307852116
m_sim: 8
Finished solving NPMLE, with SURE 1.5160787998730587
Finished solving NPMLE, with in-sample MSE 0.18211658779387271
m_sim: 9
Finished solving NPMLE, with SURE 1.5349050973769451
Finished solving NPMLE, with in-sample MSE 0.18118823736121337
df:              estimator      sure  ...  sure_2000th_iter  sure_3000th_iter
0                NPMLE  1.520186  ...               NaN               NaN
1      SURE-PM uniform  0.131667  ...          0.132875          0.131704
2    SURE-PM NPMLEinit  0.131638  ...          0.131641          0.131639
3       SURE-PM random  0.131680  ...          0.132706          0.131734
4       SURE-PM random  0.131664  ...          0.132595          0.131687
..                 ...       ...  ...               ...               ...
125     SURE-PM random  0.123347  ...          0.123393          0.123359
126     SURE-PM random  0.123347  ...          0.123391          0.123359
127     SURE-PM random  0.123347  ...          0.123392          0.123359
128     SURE-PM random  0.123347  ...          0.123399          0.123360
129     SURE-PM random  0.123349  ...          0.123407          0.123360

[130 rows x 5 columns]
m_sim: 0
Finished solving NPMLE, with SURE 0.9404974438002867
Finished solving NPMLE, with in-sample MSE 0.330513380485954
m_sim: 1
Finished solving NPMLE, with SURE 1.1149454657018263
Finished solving NPMLE, with in-sample MSE 0.33984418086997326
m_sim: 2
Finished solving NPMLE, with SURE 1.049298511650366
Finished solving NPMLE, with in-sample MSE 0.4566527889964183
m_sim: 3
Finished solving NPMLE, with SURE 1.1959095502680612
Finished solving NPMLE, with in-sample MSE 0.4435946605143782
m_sim: 4
Finished solving NPMLE, with SURE 1.1039528662034055
Finished solving NPMLE, with in-sample MSE 0.36945070100561067
m_sim: 5
Finished solving NPMLE, with SURE 1.0449543052721413
Finished solving NPMLE, with in-sample MSE 0.4756803119016728
m_sim: 6
Finished solving NPMLE, with SURE 1.0924042251389603
Finished solving NPMLE, with in-sample MSE 0.4490257171560512
m_sim: 7
Finished solving NPMLE, with SURE 1.3345163577094445
Finished solving NPMLE, with in-sample MSE 0.49188249828590463
m_sim: 8
Finished solving NPMLE, with SURE 1.2754805207279571
Finished solving NPMLE, with in-sample MSE 0.4184643193009816
m_sim: 9
Finished solving NPMLE, with SURE 1.1230094765295269
Finished solving NPMLE, with in-sample MSE 0.3835168970555245
df:              estimator      sure  ...  sure_2000th_iter  sure_3000th_iter
0                NPMLE  0.940497  ...               NaN               NaN
1      SURE-PM uniform  0.305435  ...          0.305531          0.305452
2    SURE-PM NPMLEinit  0.305421  ...          0.305422          0.305421
3       SURE-PM random  0.305549  ...          0.305664          0.305567
4       SURE-PM random  0.305550  ...          0.305664          0.305569
..                 ...       ...  ...               ...               ...
125     SURE-PM random  0.339676  ...          0.339716          0.339685
126     SURE-PM random  0.339676  ...          0.339719          0.339685
127     SURE-PM random  0.339677  ...          0.339731          0.339687
128     SURE-PM random  0.339677  ...          0.339729          0.339687
129     SURE-PM random  0.339676  ...          0.339708          0.339683

[130 rows x 5 columns]
m_sim: 0
Finished solving NPMLE, with SURE 6.898461404394015
Finished solving NPMLE, with in-sample MSE 1.8222694247334497
m_sim: 1
Finished solving NPMLE, with SURE 6.750094636519427
Finished solving NPMLE, with in-sample MSE 1.542128218747966
m_sim: 2
Finished solving NPMLE, with SURE 6.4983942526573655
Finished solving NPMLE, with in-sample MSE 1.876514598690005
m_sim: 3
Finished solving NPMLE, with SURE 8.620042195014904
Finished solving NPMLE, with in-sample MSE 1.3975789782070707
m_sim: 4
Finished solving NPMLE, with SURE 5.73200477866392
Finished solving NPMLE, with in-sample MSE 1.9250187790033522
m_sim: 5
Finished solving NPMLE, with SURE 5.949774672174565
Finished solving NPMLE, with in-sample MSE 1.4796780754656134
m_sim: 6
Finished solving NPMLE, with SURE 5.812888831034789
Finished solving NPMLE, with in-sample MSE 1.603722204351871
m_sim: 7
Finished solving NPMLE, with SURE 5.988483387857984
Finished solving NPMLE, with in-sample MSE 1.7356602947073105
m_sim: 8
Finished solving NPMLE, with SURE 6.761391073565829
Finished solving NPMLE, with in-sample MSE 1.5929009535120517
m_sim: 9
Finished solving NPMLE, with SURE 7.800939043184735
Finished solving NPMLE, with in-sample MSE 1.5107583310663621
df:              estimator      sure  ...  sure_2000th_iter  sure_3000th_iter
0                NPMLE  6.898461  ...               NaN               NaN
1      SURE-PM uniform  1.445471  ...          1.445590          1.445494
2    SURE-PM NPMLEinit  1.423180  ...          1.423214          1.423187
3       SURE-PM random  1.445472  ...          1.445582          1.445496
4       SURE-PM random  1.445472  ...          1.445603          1.445497
..                 ...       ...  ...               ...               ...
125     SURE-PM random  1.437319  ...          1.437814          1.437387
126     SURE-PM random  1.437325  ...          1.437880          1.437404
127     SURE-PM random  1.437345  ...          1.438063          1.437466
128     SURE-PM random  1.437364  ...          1.438157          1.437503
129     SURE-PM random  1.437356  ...          1.438102          1.437489

[130 rows x 5 columns]
m_sim: 0
Finished solving NPMLE, with SURE 35.55958195466947
Finished solving NPMLE, with in-sample MSE 3.7069504010667527
m_sim: 1
Finished solving NPMLE, with SURE 40.19114648960966
Finished solving NPMLE, with in-sample MSE 3.5071825276050226
m_sim: 2
Finished solving NPMLE, with SURE 43.43066230041012
Finished solving NPMLE, with in-sample MSE 3.4740671767844704
m_sim: 3
Finished solving NPMLE, with SURE 49.09336281023787
Finished solving NPMLE, with in-sample MSE 3.1882724359432215
m_sim: 4
Finished solving NPMLE, with SURE 34.8048211144827
Finished solving NPMLE, with in-sample MSE 3.501730902722751
m_sim: 5
Finished solving NPMLE, with SURE 25.704887547334607
Finished solving NPMLE, with in-sample MSE 3.9885538357549177
m_sim: 6
Finished solving NPMLE, with SURE 25.80220858434593
Finished solving NPMLE, with in-sample MSE 3.346278624707153
m_sim: 7
Finished solving NPMLE, with SURE 29.095590405965922
Finished solving NPMLE, with in-sample MSE 4.193529157029014
m_sim: 8
Finished solving NPMLE, with SURE 23.40515003021802
Finished solving NPMLE, with in-sample MSE 3.929640668376253
m_sim: 9
Finished solving NPMLE, with SURE 26.504301730151052
Finished solving NPMLE, with in-sample MSE 3.423569361776948
df:              estimator       sure  ...  sure_2000th_iter  sure_3000th_iter
0                NPMLE  35.559582  ...               NaN               NaN
1      SURE-PM uniform   2.559737  ...          2.643559          2.560126
2    SURE-PM NPMLEinit   2.559512  ...          2.559521          2.559514
3       SURE-PM random   2.559735  ...          2.642169          2.560105
4       SURE-PM random   2.559728  ...          2.647157          2.560098
..                 ...        ...  ...               ...               ...
125     SURE-PM random   2.890286  ...          3.069784          3.013439
126     SURE-PM random   2.904362  ...          3.069077          3.015007
127     SURE-PM random   2.905365  ...          3.069087          3.015850
128     SURE-PM random   2.905005  ...          3.069133          3.016084
129     SURE-PM random   2.905292  ...          3.069806          3.015793

[130 rows x 5 columns]
submitit INFO (2026-08-25 19:02:51,215) - Job completed successfully
submitit INFO (2026-08-25 19:02:51,218) - Exiting after successful completion
