submitit WARNING (2026-06-03 23:52:47,012) - Caught signal SIGUSR2 on m001: this job is timed-out.
submitit WARNING (2026-06-03 23:52:47,013) - Bypassing signal SIGCONT
submitit ERROR (2026-06-03 23:52:47,052) - Submitted job triggered an exception
Traceback (most recent call last):
  File "/home/amberlee0516/miniconda3/envs/nn_env/lib/python3.9/runpy.py", line 197, in _run_module_as_main
    return _run_code(code, main_globals, None,
  File "/home/amberlee0516/miniconda3/envs/nn_env/lib/python3.9/runpy.py", line 87, in _run_code
    exec(code, run_globals)
  File "/home/amberlee0516/miniconda3/envs/nn_env/lib/python3.9/site-packages/submitit/core/_submit.py", line 11, in <module>
    submitit_main()
  File "/home/amberlee0516/miniconda3/envs/nn_env/lib/python3.9/site-packages/submitit/core/submission.py", line 76, in submitit_main
    process_job(args.folder)
  File "/home/amberlee0516/miniconda3/envs/nn_env/lib/python3.9/site-packages/submitit/core/submission.py", line 69, in process_job
    raise error
  File "/home/amberlee0516/miniconda3/envs/nn_env/lib/python3.9/site-packages/submitit/core/submission.py", line 55, in process_job
    result = delayed.result()
  File "/home/amberlee0516/miniconda3/envs/nn_env/lib/python3.9/site-packages/submitit/core/utils.py", line 137, in result
    self._result = self.function(*self.args, **self.kwargs)
  File "/home/amberlee0516/score-matching-empirical-bayes/submitit_optimization_checks.py", line 11, in save_mse_df
    df = make_df(start_seed, end_seed, ns,
  File "/home/amberlee0516/score-matching-empirical-bayes/optimization_checks.py", line 139, in make_df
    mse_sure_results.append(simulate_location_scale_with_seed(random_seed=m,
  File "/home/amberlee0516/score-matching-empirical-bayes/optimization_checks.py", line 79, in simulate_location_scale_with_seed
    result_misspec = train.train_no_covariates(n, B, Z, theta, X, opt_objective = 'both',
  File "/home/amberlee0516/score-matching-empirical-bayes/train.py", line 86, in train_no_covariates
    loss.backward()
  File "/home/amberlee0516/miniconda3/envs/nn_env/lib/python3.9/site-packages/torch/_tensor.py", line 521, in backward
    torch.autograd.backward(
  File "/home/amberlee0516/miniconda3/envs/nn_env/lib/python3.9/site-packages/torch/autograd/__init__.py", line 289, in backward
    _engine_run_backward(
  File "/home/amberlee0516/miniconda3/envs/nn_env/lib/python3.9/site-packages/torch/autograd/graph.py", line 769, in _engine_run_backward
    return Variable._execution_engine.run_backward(  # Calls into the C++ engine to run the backward pass
  File "/home/amberlee0516/miniconda3/envs/nn_env/lib/python3.9/site-packages/submitit/core/job_environment.py", line 226, in checkpoint_and_try_requeue
    raise utils.UncompletedJobError(message)
submitit.core.utils.UncompletedJobError: Job not requeued because: timed-out and not checkpointable.
srun: error: m001: task 0: Exited with exit code 1
