submitit WARNING (2026-05-28 22:00:10,006) - Bypassing signal SIGCONT
submitit WARNING (2026-05-28 22:00:10,006) - Caught signal SIGUSR2 on j002-ds: this job is timed-out.
submitit ERROR (2026-05-28 22:00:10,072) - Submitted job triggered an exception
Traceback (most recent call last):
  File "/home/amberlee0516/miniconda3/envs/nn_env/lib/python3.9/runpy.py", line 197, in _run_module_as_main
    return _run_code(code, main_globals, None,
  File "/home/amberlee0516/miniconda3/envs/nn_env/lib/python3.9/runpy.py", line 87, in _run_code
    exec(code, run_globals)
  File "/home/amberlee0516/miniconda3/envs/nn_env/lib/python3.9/site-packages/submitit/core/_submit.py", line 11, in <module>
    submitit_main()
  File "/home/amberlee0516/miniconda3/envs/nn_env/lib/python3.9/site-packages/submitit/core/submission.py", line 76, in submitit_main
    process_job(args.folder)
  File "/home/amberlee0516/miniconda3/envs/nn_env/lib/python3.9/site-packages/submitit/core/submission.py", line 69, in process_job
    raise error
  File "/home/amberlee0516/miniconda3/envs/nn_env/lib/python3.9/site-packages/submitit/core/submission.py", line 55, in process_job
    result = delayed.result()
  File "/home/amberlee0516/miniconda3/envs/nn_env/lib/python3.9/site-packages/submitit/core/utils.py", line 137, in result
    self._result = self.function(*self.args, **self.kwargs)
  File "/home/amberlee0516/score-matching-empirical-bayes/submitit_optimization_checks.py", line 12, in save_mse_df
  File "/home/amberlee0516/score-matching-empirical-bayes/optimization_checks.py", line 139, in make_df
    mse_sure_results.append(simulate_location_scale_with_seed(random_seed=m,
  File "/home/amberlee0516/score-matching-empirical-bayes/optimization_checks.py", line 79, in simulate_location_scale_with_seed
    result_misspec = train.train_no_covariates(n, B, Z, theta, X, opt_objective = 'both',
  File "/home/amberlee0516/score-matching-empirical-bayes/train.py", line 82, in train_no_covariates
    loss = model.opt_func(Z, n, B, sigma) 
  File "/home/amberlee0516/score-matching-empirical-bayes/models.py", line 87, in opt_func
    score_squared = (self.compute_score(Z, n, B, sigma))**2 
  File "/home/amberlee0516/score-matching-empirical-bayes/models.py", line 108, in compute_score
    Z_theta_by_sigma_sq = Z_theta_sq/(sigma[:,None]**2)
  File "/home/amberlee0516/miniconda3/envs/nn_env/lib/python3.9/site-packages/submitit/core/job_environment.py", line 226, in checkpoint_and_try_requeue
    raise utils.UncompletedJobError(message)
submitit.core.utils.UncompletedJobError: Job not requeued because: timed-out and not checkpointable.
srun: error: j002-ds: task 0: Exited with exit code 1
