submitit INFO (2026-06-01 12:39:08,540) - Starting with JobEnvironment(job_id=915382, hostname=j004-ds, local_rank=0(1), node=0(1), global_rank=0(1))
submitit INFO (2026-06-01 12:39:08,540) - Loading pickle: /home/amberlee0516/score-matching-empirical-bayes/submitit_log/915382/915382_submitted.pkl
simulate_data.py: device = cuda:0
Start location_scale_comparison
m: 1500
n: 100
experiment: c
Finished training EB misspecified with NPMLE init, with SURE: 0.0453590887458828
Finished training EB misspecified with NPMLE init, with in-sample MSE: 0.06611910716964753
Finished training EB misspecified, with SURE: 0.04536047750128702
Finished training EB misspecified, with in-sample MSE: 0.06612266756185334

 Training SURE of the models:
SURE-PM: 0.04536047750128702
NPMLE: 0.3420501033282985
SURE-PM, NPMLE init: 0.0453590887458828
experiment: d
Finished training EB misspecified with NPMLE init, with SURE: 0.007213323532932687
Finished training EB misspecified with NPMLE init, with in-sample MSE: 0.007841460380745647
Finished training EB misspecified, with SURE: 0.0072172167329893
Finished training EB misspecified, with in-sample MSE: 0.007835622238653969

 Training SURE of the models:
SURE-PM: 0.0072172167329893
NPMLE: 0.052664411940371775
SURE-PM, NPMLE init: 0.007213323532932687
experiment: e
Finished training EB misspecified with NPMLE init, with SURE: 0.16901127900853058
Finished training EB misspecified with NPMLE init, with in-sample MSE: 0.20875387853037627
Finished training EB misspecified, with SURE: 0.1686314959411836
Finished training EB misspecified, with in-sample MSE: 0.20443418335869284

 Training SURE of the models:
SURE-PM: 0.1686314959411836
NPMLE: 0.30565895642608754
SURE-PM, NPMLE init: 0.16901127900853058
n: 200
experiment: c
Finished training EB misspecified with NPMLE init, with SURE: -0.04473302554171866
Finished training EB misspecified with NPMLE init, with in-sample MSE: 0.062283311163994506
Finished training EB misspecified, with SURE: -0.04473092486873384
Finished training EB misspecified, with in-sample MSE: 0.06228414798008157

 Training SURE of the models:
SURE-PM: -0.04473092486873384
NPMLE: 0.2143815960047719
SURE-PM, NPMLE init: -0.04473302554171866
experiment: d
Finished training EB misspecified with NPMLE init, with SURE: 0.02447723477754826
Finished training EB misspecified with NPMLE init, with in-sample MSE: 0.01613440317251759
Finished training EB misspecified, with SURE: 0.024483758893164786
Finished training EB misspecified, with in-sample MSE: 0.016001754123726036

 Training SURE of the models:
SURE-PM: 0.024483758893164786
NPMLE: 0.02696032746827532
SURE-PM, NPMLE init: 0.02447723477754826
experiment: e
Finished training EB misspecified with NPMLE init, with SURE: 0.15089099739445164
Finished training EB misspecified with NPMLE init, with in-sample MSE: 0.23845578824322844
Finished training EB misspecified, with SURE: 0.15082203924642112
Finished training EB misspecified, with in-sample MSE: 0.23568184244539497

 Training SURE of the models:
SURE-PM: 0.15082203924642112
NPMLE: 0.30752977406171456
SURE-PM, NPMLE init: 0.15089099739445164
n: 400
experiment: c
