submitit INFO (2026-08-24 18:48:36,258) - Starting with JobEnvironment(job_id=1484544, hostname=j002-ds, local_rank=0(1), node=0(1), global_rank=0(1))
submitit INFO (2026-08-24 18:48:36,258) - Loading pickle: /home/amberlee0516/score-matching-empirical-bayes/submitit_log/1484544/1484544_submitted.pkl
simulate_data.py: device = cuda:0

n: 100
m: 50
Finished solving NPMLE, with SURE 0.29537618781402075
Finished solving NPMLE, with in-sample MSE 0.13392166213248613
Finished solving parametric estimator, with SURE 0.10981030290930677
Finished solving parametric estimator, with in-sample MSE 0.10049464280182573
Finished solving EBCF, with in-sample MSE 0.05107657257902494
Finished training EB SURE-LS, with SURE: 0.09942318307984734
Finished training EB SURE-LS, with in-sample MSE: 0.08806297087169801
use_scale: True
use_location: False
Finished training EB misspecified with NPMLE init, with SURE: 0.0832751960368077
Finished training EB misspecified with NPMLE init, with in-sample MSE: 0.10116439022968557
Finished training EB misspecified, with SURE: 0.08327874011571168
Finished training EB misspecified, with in-sample MSE: 0.10116372970452808
Finished training EB wellspecified, with SURE: -0.120633077497737
Finished training EB wellspecified, with in-sample MSE: 0.2349526719593463
m: 51
Finished solving NPMLE, with SURE 0.17271559633608058
Finished solving NPMLE, with in-sample MSE 0.08448159490876511
Finished solving parametric estimator, with SURE 0.07461046844287922
Finished solving parametric estimator, with in-sample MSE 0.061381128782296956
Finished solving EBCF, with in-sample MSE 0.03793809256473677
Finished training EB SURE-LS, with SURE: -0.00032677874365455217
Finished training EB SURE-LS, with in-sample MSE: 0.044700326640559174
use_scale: True
use_location: False
Finished training EB misspecified with NPMLE init, with SURE: 0.05574239816136263
Finished training EB misspecified with NPMLE init, with in-sample MSE: 0.07581223579777566
Finished training EB misspecified, with SURE: 0.055749878263233014
Finished training EB misspecified, with in-sample MSE: 0.07583877977684102
Finished training EB wellspecified, with SURE: -0.14841528451815067
Finished training EB wellspecified, with in-sample MSE: 0.3190253574161681
m: 52
Finished solving NPMLE, with SURE 1.007106360584673
Finished solving NPMLE, with in-sample MSE 0.10059508384741647
Finished solving parametric estimator, with SURE 0.1290773047416348
Finished solving parametric estimator, with in-sample MSE 0.044090193690245055
Finished solving EBCF, with in-sample MSE 0.10150166185836762
Finished training EB SURE-LS, with SURE: -0.021894296604641754
Finished training EB SURE-LS, with in-sample MSE: 0.036445785644431856
use_scale: True
use_location: False
Finished training EB misspecified with NPMLE init, with SURE: 0.09333384667591232
Finished training EB misspecified with NPMLE init, with in-sample MSE: 0.06544939472569337
Finished training EB misspecified, with SURE: 0.09310181401711887
Finished training EB misspecified, with in-sample MSE: 0.0666047323062844
Finished training EB wellspecified, with SURE: -0.14237540537076687
Finished training EB wellspecified, with in-sample MSE: 0.2644002495316349
m: 53
Finished solving NPMLE, with SURE 0.8526900651566051
Finished solving NPMLE, with in-sample MSE 0.07726754596423903
Finished solving parametric estimator, with SURE 0.0004715379733986058
Finished solving parametric estimator, with in-sample MSE 0.061317640989537917
Finished solving EBCF, with in-sample MSE 0.02305184597406982
Finished training EB SURE-LS, with SURE: -0.06301610654673905
Finished training EB SURE-LS, with in-sample MSE: 0.002398977937468685
use_scale: True
use_location: False
Finished training EB misspecified with NPMLE init, with SURE: -0.02045074597681591
Finished training EB misspecified with NPMLE init, with in-sample MSE: 0.05409495950823607
Finished training EB misspecified, with SURE: -0.00990913775873416
Finished training EB misspecified, with in-sample MSE: 0.06131455236005348
Finished training EB wellspecified, with SURE: -0.07828845965054938
Finished training EB wellspecified, with in-sample MSE: 0.009341895631575668
m: 54
Finished solving NPMLE, with SURE 0.671310199779726
Finished solving NPMLE, with in-sample MSE 0.11810184811985008
Finished solving parametric estimator, with SURE 0.14072522625426293
Finished solving parametric estimator, with in-sample MSE 0.08240031715808385
Finished solving EBCF, with in-sample MSE 0.09226964418598142
Finished training EB SURE-LS, with SURE: 0.09724650786450081
Finished training EB SURE-LS, with in-sample MSE: 0.022751762190465975
use_scale: True
use_location: False
Finished training EB misspecified with NPMLE init, with SURE: 0.08689122300963498
Finished training EB misspecified with NPMLE init, with in-sample MSE: 0.1291108452063466
Finished training EB misspecified, with SURE: 0.09090445996096151
Finished training EB misspecified, with in-sample MSE: 0.11638382931387953
Finished training EB wellspecified, with SURE: -0.13842800090141036
Finished training EB wellspecified, with in-sample MSE: 0.36069781262170764
m: 55
Finished solving NPMLE, with SURE 0.800823285744402
Finished solving NPMLE, with in-sample MSE 0.07838468468670176
Finished solving parametric estimator, with SURE 0.0524798979027119
Finished solving parametric estimator, with in-sample MSE 0.053335086360651485
Finished solving EBCF, with in-sample MSE 0.06761210328998228
Finished training EB SURE-LS, with SURE: -0.02108798422076399
Finished training EB SURE-LS, with in-sample MSE: 0.007989962131506444
use_scale: True
use_location: False
Finished training EB misspecified with NPMLE init, with SURE: 0.024483983496430568
Finished training EB misspecified with NPMLE init, with in-sample MSE: 0.06933906946550943
Finished training EB misspecified, with SURE: 0.02450548181790083
Finished training EB misspecified, with in-sample MSE: 0.06932965821377703
Finished training EB wellspecified, with SURE: -0.12244060878525481
Finished training EB wellspecified, with in-sample MSE: 0.11293196650152856
m: 56
Finished solving NPMLE, with SURE 1.1574214365006679
Finished solving NPMLE, with in-sample MSE 0.06774490027729707
Finished solving parametric estimator, with SURE 0.09097541431892303
Finished solving parametric estimator, with in-sample MSE 0.057097635499890526
Finished solving EBCF, with in-sample MSE 0.04833803116710907
Finished training EB SURE-LS, with SURE: -0.053806842037504604
Finished training EB SURE-LS, with in-sample MSE: 0.038316889977370816
use_scale: True
use_location: False
Finished training EB misspecified with NPMLE init, with SURE: 0.06818064479886829
Finished training EB misspecified with NPMLE init, with in-sample MSE: 0.07161338687397314
Finished training EB misspecified, with SURE: 0.06865003942401493
Finished training EB misspecified, with in-sample MSE: 0.07227499432054418
Finished training EB wellspecified, with SURE: -0.11993211271763318
Finished training EB wellspecified, with in-sample MSE: 0.11179066269444203
m: 57
Finished solving NPMLE, with SURE 1.1221197329795662
Finished solving NPMLE, with in-sample MSE 0.053442965414193966
Finished solving parametric estimator, with SURE 0.03476845808469986
Finished solving parametric estimator, with in-sample MSE 0.07751099755328789
Finished solving EBCF, with in-sample MSE 0.04324915509321533
Finished training EB SURE-LS, with SURE: -0.04259229060062898
Finished training EB SURE-LS, with in-sample MSE: 0.03758772177865997
use_scale: True
use_location: False
Finished training EB misspecified with NPMLE init, with SURE: 0.02082533934080253
Finished training EB misspecified with NPMLE init, with in-sample MSE: 0.08846359870978841
Finished training EB misspecified, with SURE: 0.020840014355346385
Finished training EB misspecified, with in-sample MSE: 0.08845079440861542
Finished training EB wellspecified, with SURE: -0.07302593303106704
Finished training EB wellspecified, with in-sample MSE: 0.049368790071480324
m: 58
Finished solving NPMLE, with SURE 0.9249220297012165
Finished solving NPMLE, with in-sample MSE 0.061461943872913344
Finished solving parametric estimator, with SURE 0.11731028567552104
Finished solving parametric estimator, with in-sample MSE 0.061831587333828895
Finished solving EBCF, with in-sample MSE 0.03678942396661703
Finished training EB SURE-LS, with SURE: -0.021487231704774033
Finished training EB SURE-LS, with in-sample MSE: 0.05487046486225701
use_scale: True
use_location: False
Finished training EB misspecified with NPMLE init, with SURE: 0.08648258755279635
Finished training EB misspecified with NPMLE init, with in-sample MSE: 0.09428683412739977
Finished training EB misspecified, with SURE: 0.08649183891828535
Finished training EB misspecified, with in-sample MSE: 0.09428825477614323
Finished training EB wellspecified, with SURE: -0.03868717355378116
Finished training EB wellspecified, with in-sample MSE: 0.07555383396455798
m: 59
Finished solving NPMLE, with SURE 0.6171083892833216
Finished solving NPMLE, with in-sample MSE 0.08316048262762676
Finished solving parametric estimator, with SURE -0.02525191827157036
Finished solving parametric estimator, with in-sample MSE 0.05551059519634263
Finished solving EBCF, with in-sample MSE 0.01345617249358245
Finished training EB SURE-LS, with SURE: -0.1165750816913971
Finished training EB SURE-LS, with in-sample MSE: 0.03475348543852335
use_scale: True
use_location: False
Finished training EB misspecified with NPMLE init, with SURE: -0.036376211884572886
Finished training EB misspecified with NPMLE init, with in-sample MSE: 0.054778103701339106
Finished training EB misspecified, with SURE: -0.03643733825076972
Finished training EB misspecified, with in-sample MSE: 0.05538689056214033
Finished training EB wellspecified, with SURE: -0.12213244249861913
Finished training EB wellspecified, with in-sample MSE: 0.039192954666514034
m: 60
Finished solving NPMLE, with SURE 0.49324729077278184
Finished solving NPMLE, with in-sample MSE 0.13498543870509672
Finished solving parametric estimator, with SURE -0.025053338693794336
Finished solving parametric estimator, with in-sample MSE 0.0692411338879806
Finished solving EBCF, with in-sample MSE 0.042726708092053964
Finished training EB SURE-LS, with SURE: -0.07207544674764792
Finished training EB SURE-LS, with in-sample MSE: 0.007743796140440076
use_scale: True
use_location: False
Finished training EB misspecified with NPMLE init, with SURE: -0.07247217710107413
Finished training EB misspecified with NPMLE init, with in-sample MSE: 0.11016718598729915
Finished training EB misspecified, with SURE: -0.07246532259572142
Finished training EB misspecified, with in-sample MSE: 0.11015335699619179
Finished training EB wellspecified, with SURE: -0.11596714801100667
Finished training EB wellspecified, with in-sample MSE: 0.05285861759063515
m: 61
Finished solving NPMLE, with SURE 0.5251472103373136
Finished solving NPMLE, with in-sample MSE 0.09592806796615948
Finished solving parametric estimator, with SURE 0.08233653141481906
Finished solving parametric estimator, with in-sample MSE 0.0662249483069999
Finished solving EBCF, with in-sample MSE 0.034196850759714376
Finished training EB SURE-LS, with SURE: -0.005243320666114087
Finished training EB SURE-LS, with in-sample MSE: 0.030855991658357465
use_scale: True
use_location: False
Finished training EB misspecified with NPMLE init, with SURE: 0.05982294755493023
Finished training EB misspecified with NPMLE init, with in-sample MSE: 0.06955484151843745
Finished training EB misspecified, with SURE: 0.05982338547427702
Finished training EB misspecified, with in-sample MSE: 0.06955620019011764
Finished training EB wellspecified, with SURE: -0.059315224198868303
Finished training EB wellspecified, with in-sample MSE: 0.10317854618271996
m: 62
Finished solving NPMLE, with SURE 0.7889514093171592
Finished solving NPMLE, with in-sample MSE 0.06581823483844318
Finished solving parametric estimator, with SURE -0.00015236925183143013
Finished solving parametric estimator, with in-sample MSE 0.05409527486674704
Finished solving EBCF, with in-sample MSE 0.025051390517634296
Finished training EB SURE-LS, with SURE: -0.09452445437969635
Finished training EB SURE-LS, with in-sample MSE: 0.004935653315173755
use_scale: True
use_location: False
Finished training EB misspecified with NPMLE init, with SURE: -0.012588089478364069
Finished training EB misspecified with NPMLE init, with in-sample MSE: 0.05839077956076721
Finished training EB misspecified, with SURE: -0.012528684244061311
Finished training EB misspecified, with in-sample MSE: 0.05842790521939022
Finished training EB wellspecified, with SURE: -0.14087833978822092
Finished training EB wellspecified, with in-sample MSE: 0.03840561373842803
m: 63
Finished solving NPMLE, with SURE 0.6644613817369404
Finished solving NPMLE, with in-sample MSE 0.11544911082913557
Finished solving parametric estimator, with SURE 0.19259275722817273
Finished solving parametric estimator, with in-sample MSE 0.08432716929730345
Finished solving EBCF, with in-sample MSE 0.10787911478803622
Finished training EB SURE-LS, with SURE: 0.06328127941007107
Finished training EB SURE-LS, with in-sample MSE: 0.09016165756265697
use_scale: True
use_location: False
Finished training EB misspecified with NPMLE init, with SURE: 0.1434610123938191
Finished training EB misspecified with NPMLE init, with in-sample MSE: 0.0943038014911086
Finished training EB misspecified, with SURE: 0.1434715308829229
Finished training EB misspecified, with in-sample MSE: 0.09431408355527336
Finished training EB wellspecified, with SURE: -0.041962508993073994
Finished training EB wellspecified, with in-sample MSE: 0.26857590098566836
m: 64
Finished solving NPMLE, with SURE 0.3956781885684672
Finished solving NPMLE, with in-sample MSE 0.06941343057667973
Finished solving parametric estimator, with SURE -0.07175362079884995
Finished solving parametric estimator, with in-sample MSE 0.060695768372466576
Finished solving EBCF, with in-sample MSE 0.02045035028869085
Finished training EB SURE-LS, with SURE: -0.10471385458781
Finished training EB SURE-LS, with in-sample MSE: 0.010117216677266196
use_scale: True
use_location: False
Finished training EB misspecified with NPMLE init, with SURE: -0.0826059098772268
Finished training EB misspecified with NPMLE init, with in-sample MSE: 0.06069438560509142
Finished training EB misspecified, with SURE: -0.08260461182633193
Finished training EB misspecified, with in-sample MSE: 0.06069446634729067
Finished training EB wellspecified, with SURE: -0.11282187359731002
Finished training EB wellspecified, with in-sample MSE: 0.014445160750196912
m: 65
Finished solving NPMLE, with SURE 0.5645415963788633
Finished solving NPMLE, with in-sample MSE 0.12315263297302691
Finished solving parametric estimator, with SURE 0.06725610114894259
Finished solving parametric estimator, with in-sample MSE 0.05175149028951674
Finished solving EBCF, with in-sample MSE 0.05231141652410607
Finished training EB SURE-LS, with SURE: -0.005276281509927432
Finished training EB SURE-LS, with in-sample MSE: 0.001581115491011343
use_scale: True
use_location: False
Finished training EB misspecified with NPMLE init, with SURE: 0.008941269473403821
Finished training EB misspecified with NPMLE init, with in-sample MSE: 0.11611251734206712
Finished training EB misspecified, with SURE: 0.008966885410391399
Finished training EB misspecified, with in-sample MSE: 0.11612565639372306
Finished training EB wellspecified, with SURE: -0.16707720519156696
Finished training EB wellspecified, with in-sample MSE: 0.24412122386386215
m: 66
Finished solving NPMLE, with SURE 0.5351692533768392
Finished solving NPMLE, with in-sample MSE 0.08204046763159893
Finished solving parametric estimator, with SURE 0.12204810522328763
Finished solving parametric estimator, with in-sample MSE 0.0663901761462273
Finished solving EBCF, with in-sample MSE 0.04908004196881987
Finished training EB SURE-LS, with SURE: 0.07524644144382332
Finished training EB SURE-LS, with in-sample MSE: 0.022634425738348906
use_scale: True
use_location: False
Finished training EB misspecified with NPMLE init, with SURE: 0.10452164696968104
Finished training EB misspecified with NPMLE init, with in-sample MSE: 0.08307058561242114
Finished training EB misspecified, with SURE: 0.10887618293740993
Finished training EB misspecified, with in-sample MSE: 0.06990576177013622
Finished training EB wellspecified, with SURE: 0.008167918260502451
Finished training EB wellspecified, with in-sample MSE: 0.12247055006025612
m: 67
Finished solving NPMLE, with SURE 0.47495296607050624
Finished solving NPMLE, with in-sample MSE 0.0808725627354407
Finished solving parametric estimator, with SURE 0.06712065063842027
Finished solving parametric estimator, with in-sample MSE 0.056808613386056896
Finished solving EBCF, with in-sample MSE 0.021299878503278136
Finished training EB SURE-LS, with SURE: -0.02043539979433957
Finished training EB SURE-LS, with in-sample MSE: 0.00268877267669427
use_scale: True
use_location: False
Finished training EB misspecified with NPMLE init, with SURE: 0.05166765083230501
Finished training EB misspecified with NPMLE init, with in-sample MSE: 0.057296845033354034
Finished training EB misspecified, with SURE: 0.05167584824201967
Finished training EB misspecified, with in-sample MSE: 0.05729856859350498
Finished training EB wellspecified, with SURE: -0.1354619267949235
Finished training EB wellspecified, with in-sample MSE: 0.10781987792723895
m: 68
Finished solving NPMLE, with SURE 0.45985853845647023
Finished solving NPMLE, with in-sample MSE 0.10656117297260556
Finished solving parametric estimator, with SURE -0.006214070047374509
Finished solving parametric estimator, with in-sample MSE 0.07972746848358693
Finished solving EBCF, with in-sample MSE 0.06463515650282411
Finished training EB SURE-LS, with SURE: -0.048833335253945766
Finished training EB SURE-LS, with in-sample MSE: 0.014374556807689337
use_scale: True
use_location: False
Finished training EB misspecified with NPMLE init, with SURE: -0.017551493642652786
Finished training EB misspecified with NPMLE init, with in-sample MSE: 0.07972551618144527
Finished training EB misspecified, with SURE: -0.017550844986957515
Finished training EB misspecified, with in-sample MSE: 0.0797271137036496
Finished training EB wellspecified, with SURE: -0.1723072201096877
Finished training EB wellspecified, with in-sample MSE: 0.16851300815523235
m: 69
Finished solving NPMLE, with SURE 0.60025526794728
Finished solving NPMLE, with in-sample MSE 0.0850812985664431
Finished solving parametric estimator, with SURE 0.050176198465974375
Finished solving parametric estimator, with in-sample MSE 0.04987152443323868
Finished solving EBCF, with in-sample MSE 0.018724290174490326
Finished training EB SURE-LS, with SURE: -0.024887127855382298
Finished training EB SURE-LS, with in-sample MSE: 0.006337863704391101
use_scale: True
use_location: False
Finished training EB misspecified with NPMLE init, with SURE: 0.03473012699805793
Finished training EB misspecified with NPMLE init, with in-sample MSE: 0.05119771622143292
Finished training EB misspecified, with SURE: 0.034787295866648624
Finished training EB misspecified, with in-sample MSE: 0.051167657517422006
Finished training EB wellspecified, with SURE: -0.1343235529252252
Finished training EB wellspecified, with in-sample MSE: 0.17661596481365563
m: 70
Finished solving NPMLE, with SURE 0.5030270717218633
Finished solving NPMLE, with in-sample MSE 0.0696086141654627
Finished solving parametric estimator, with SURE -0.011662299955849664
Finished solving parametric estimator, with in-sample MSE 0.05406759903426627
Finished solving EBCF, with in-sample MSE 0.022089338754232045
Finished training EB SURE-LS, with SURE: -0.10230993787066117
Finished training EB SURE-LS, with in-sample MSE: 0.004424003495289845
use_scale: True
use_location: False
Finished training EB misspecified with NPMLE init, with SURE: -0.022216238601753133
Finished training EB misspecified with NPMLE init, with in-sample MSE: 0.054058676328303655
Finished training EB misspecified, with SURE: -0.0222151633559605
Finished training EB misspecified, with in-sample MSE: 0.0540625786337689
Finished training EB wellspecified, with SURE: -0.12143647228800784
Finished training EB wellspecified, with in-sample MSE: 0.016143963085439236
m: 71
Finished solving NPMLE, with SURE 0.6493162579366774
Finished solving NPMLE, with in-sample MSE 0.12872501054381716
Finished solving parametric estimator, with SURE 0.08053380944945804
Finished solving parametric estimator, with in-sample MSE 0.09219164986615777
Finished solving EBCF, with in-sample MSE 0.06249688423123202
Finished training EB SURE-LS, with SURE: 0.006302074384137005
Finished training EB SURE-LS, with in-sample MSE: 0.05850353800101254
use_scale: True
use_location: False
Finished training EB misspecified with NPMLE init, with SURE: 0.056395574014765304
Finished training EB misspecified with NPMLE init, with in-sample MSE: 0.08260152709676535
Finished training EB misspecified, with SURE: 0.05639637354257218
Finished training EB misspecified, with in-sample MSE: 0.08260073819582449
Finished training EB wellspecified, with SURE: -0.03864766750129601
Finished training EB wellspecified, with in-sample MSE: 0.0875266005207643
m: 72
Finished solving NPMLE, with SURE 0.6647074902494525
Finished solving NPMLE, with in-sample MSE 0.12048473469734072
Finished solving parametric estimator, with SURE 0.1122130655646601
Finished solving parametric estimator, with in-sample MSE 0.05744411382329843
Finished solving EBCF, with in-sample MSE 0.06597785673959569
Finished training EB SURE-LS, with SURE: -0.007454954361072375
Finished training EB SURE-LS, with in-sample MSE: 0.026397733673615344
use_scale: True
use_location: False
Finished training EB misspecified with NPMLE init, with SURE: 0.06337105186700712
Finished training EB misspecified with NPMLE init, with in-sample MSE: 0.10426303663969204
Finished training EB misspecified, with SURE: 0.06339096731067656
Finished training EB misspecified, with in-sample MSE: 0.10425226219235675
Finished training EB wellspecified, with SURE: -0.1489384059145848
Finished training EB wellspecified, with in-sample MSE: 0.20194395632870019
m: 73
Finished solving NPMLE, with SURE 0.5018586417465599
Finished solving NPMLE, with in-sample MSE 0.05655219590087409
Finished solving parametric estimator, with SURE 0.04071543293614782
Finished solving parametric estimator, with in-sample MSE 0.052379278932809026
Finished solving EBCF, with in-sample MSE 0.05683624437426861
Finished training EB SURE-LS, with SURE: 0.014430643202193796
Finished training EB SURE-LS, with in-sample MSE: 0.011773108592742292
use_scale: True
use_location: False
Finished training EB misspecified with NPMLE init, with SURE: 0.028992653528123285
Finished training EB misspecified with NPMLE init, with in-sample MSE: 0.05665286881753972
Finished training EB misspecified, with SURE: 0.02902042112831545
Finished training EB misspecified, with in-sample MSE: 0.05726617004670919
Finished training EB wellspecified, with SURE: -0.07544645883640047
Finished training EB wellspecified, with in-sample MSE: 0.1118708343098516
m: 74
Finished solving NPMLE, with SURE 0.8196188203884421
Finished solving NPMLE, with in-sample MSE 0.10704478310872396
Finished solving parametric estimator, with SURE 0.02561751217361169
Finished solving parametric estimator, with in-sample MSE 0.052166883171082395
Finished solving EBCF, with in-sample MSE 0.013360785098917272
Finished training EB SURE-LS, with SURE: -0.04489396503728857
Finished training EB SURE-LS, with in-sample MSE: 0.0011359036066645146
use_scale: True
use_location: False
Finished training EB misspecified with NPMLE init, with SURE: -0.060072518809055994
Finished training EB misspecified with NPMLE init, with in-sample MSE: 0.17260450943924144
Finished training EB misspecified, with SURE: -0.06006653097107957
Finished training EB misspecified, with in-sample MSE: 0.17262746067229862
Finished training EB wellspecified, with SURE: -0.0667684983707763
Finished training EB wellspecified, with in-sample MSE: 0.016583843442804246
m: 75
Finished solving NPMLE, with SURE 0.732168673315164
Finished solving NPMLE, with in-sample MSE 0.10505416328307815
Finished solving parametric estimator, with SURE 0.043148616287545905
Finished solving parametric estimator, with in-sample MSE 0.054612807339785914
Finished solving EBCF, with in-sample MSE 0.016867479380122286
Finished training EB SURE-LS, with SURE: -0.03776215156934411
Finished training EB SURE-LS, with in-sample MSE: 0.0017300839050421713
use_scale: True
use_location: False
Finished training EB misspecified with NPMLE init, with SURE: -0.018720465944504668
Finished training EB misspecified with NPMLE init, with in-sample MSE: 0.16863019086036035
Finished training EB misspecified, with SURE: -0.018725256364315327
Finished training EB misspecified, with in-sample MSE: 0.1686701030205457
Finished training EB wellspecified, with SURE: -0.12055588748861035
Finished training EB wellspecified, with in-sample MSE: 0.08646808422642704
m: 76
Finished solving NPMLE, with SURE 0.2903275549763525
Finished solving NPMLE, with in-sample MSE 0.09196791177122288
Finished solving parametric estimator, with SURE -0.11653601077312609
Finished solving parametric estimator, with in-sample MSE 0.0646755490382108
Finished solving EBCF, with in-sample MSE 0.009328486058437113
Finished training EB SURE-LS, with SURE: -0.18750966960519702
Finished training EB SURE-LS, with in-sample MSE: 0.002763380804899078
use_scale: True
use_location: False
Finished training EB misspecified with NPMLE init, with SURE: -0.1284547292278306
Finished training EB misspecified with NPMLE init, with in-sample MSE: 0.0614312974099214
Finished training EB misspecified, with SURE: -0.1283799387127391
Finished training EB misspecified, with in-sample MSE: 0.0616058775922843
Finished training EB wellspecified, with SURE: -0.1880025870214955
Finished training EB wellspecified, with in-sample MSE: 0.002872592899289002
m: 77
Finished solving NPMLE, with SURE 0.7181907030092859
Finished solving NPMLE, with in-sample MSE 0.1893007656077874
Finished solving parametric estimator, with SURE 0.012062484652953454
Finished solving parametric estimator, with in-sample MSE 0.06281929765246784
Finished solving EBCF, with in-sample MSE 0.13783938389251302
Finished training EB SURE-LS, with SURE: -0.0284586235618083
Finished training EB SURE-LS, with in-sample MSE: 0.008981409477628368
use_scale: True
use_location: False
Finished training EB misspecified with NPMLE init, with SURE: -0.10766219968650433
Finished training EB misspecified with NPMLE init, with in-sample MSE: 0.1902555618355814
Finished training EB misspecified, with SURE: -0.009510763383295711
Finished training EB misspecified, with in-sample MSE: 0.0786886280073102
Finished training EB wellspecified, with SURE: -0.207590970345343
Finished training EB wellspecified, with in-sample MSE: 0.23044928184098057
m: 78
Finished solving NPMLE, with SURE 0.7012157398601553
Finished solving NPMLE, with in-sample MSE 0.07070555552015742
Finished solving parametric estimator, with SURE 0.03935929512336428
Finished solving parametric estimator, with in-sample MSE 0.05544081409867324
Finished solving EBCF, with in-sample MSE 0.01194373839028003
Finished training EB SURE-LS, with SURE: -0.03914736609778712
Finished training EB SURE-LS, with in-sample MSE: 0.004188424541119293
use_scale: True
use_location: False
Finished training EB misspecified with NPMLE init, with SURE: 0.010955461997021488
Finished training EB misspecified with NPMLE init, with in-sample MSE: 0.07286885197023796
Finished training EB misspecified, with SURE: 0.010969102733625107
Finished training EB misspecified, with in-sample MSE: 0.07286886401812744
Finished training EB wellspecified, with SURE: -0.10595790536554256
Finished training EB wellspecified, with in-sample MSE: 0.10072713436247735
m: 79
Finished solving NPMLE, with SURE 0.6200477098890268
Finished solving NPMLE, with in-sample MSE 0.09470298968689037
Finished solving parametric estimator, with SURE 0.146564682806836
Finished solving parametric estimator, with in-sample MSE 0.08560863915362762
Finished solving EBCF, with in-sample MSE 0.08513723310924617
Finished training EB SURE-LS, with SURE: 0.02536362612821971
Finished training EB SURE-LS, with in-sample MSE: 0.09467874015654544
use_scale: True
use_location: False
Finished training EB misspecified with NPMLE init, with SURE: 0.12083129287272507
Finished training EB misspecified with NPMLE init, with in-sample MSE: 0.094132490205237
Finished training EB misspecified, with SURE: 0.1208645350246119
Finished training EB misspecified, with in-sample MSE: 0.09410523853644456
Finished training EB wellspecified, with SURE: -0.043768355310871865
Finished training EB wellspecified, with in-sample MSE: 0.2093818324385337
m: 80
Finished solving NPMLE, with SURE 0.7842415402853731
Finished solving NPMLE, with in-sample MSE 0.0596052318445666
Finished solving parametric estimator, with SURE 0.13307130223148822
Finished solving parametric estimator, with in-sample MSE 0.061548238247336434
Finished solving EBCF, with in-sample MSE 0.06337065581815912
Finished training EB SURE-LS, with SURE: 0.09654584748188808
Finished training EB SURE-LS, with in-sample MSE: 0.011416568535287804
use_scale: True
use_location: False
Finished training EB misspecified with NPMLE init, with SURE: 0.07646650944138231
Finished training EB misspecified with NPMLE init, with in-sample MSE: 0.1410746732912573
Finished training EB misspecified, with SURE: 0.12113644461596777
Finished training EB misspecified, with in-sample MSE: 0.06634954279003588
Finished training EB wellspecified, with SURE: -0.09248537985815766
Finished training EB wellspecified, with in-sample MSE: 0.24041483262197777
m: 81
Finished solving NPMLE, with SURE 0.6852796019633141
Finished solving NPMLE, with in-sample MSE 0.07307272312694922
Finished solving parametric estimator, with SURE 0.05393682443196646
Finished solving parametric estimator, with in-sample MSE 0.049033739089740604
Finished solving EBCF, with in-sample MSE 0.03364441712320444
Finished training EB SURE-LS, with SURE: -0.06641760736569917
Finished training EB SURE-LS, with in-sample MSE: 0.01880684503819753
use_scale: True
use_location: False
Finished training EB misspecified with NPMLE init, with SURE: 0.03651063586375543
Finished training EB misspecified with NPMLE init, with in-sample MSE: 0.05203911784127769
Finished training EB misspecified, with SURE: 0.03652262733102795
Finished training EB misspecified, with in-sample MSE: 0.05203556559902954
Finished training EB wellspecified, with SURE: -0.1108034359429493
Finished training EB wellspecified, with in-sample MSE: 0.059689833743449563
m: 82
Finished solving NPMLE, with SURE 0.8715275706414206
Finished solving NPMLE, with in-sample MSE 0.14816002406462242
Finished solving parametric estimator, with SURE 0.18119026367680258
Finished solving parametric estimator, with in-sample MSE 0.07784488893924434
Finished solving EBCF, with in-sample MSE 0.09491724950031291
Finished training EB SURE-LS, with SURE: -0.05913040152261961
Finished training EB SURE-LS, with in-sample MSE: 0.15970712931401376
use_scale: True
use_location: False
Finished training EB misspecified with NPMLE init, with SURE: 0.1327926362146087
Finished training EB misspecified with NPMLE init, with in-sample MSE: 0.09562005276577176
Finished training EB misspecified, with SURE: 0.13039106831351732
Finished training EB misspecified, with in-sample MSE: 0.1015377016020767
Finished training EB wellspecified, with SURE: -0.07132663915895977
Finished training EB wellspecified, with in-sample MSE: 0.19775470949998453
m: 83
Finished solving NPMLE, with SURE 0.5364068717512365
Finished solving NPMLE, with in-sample MSE 0.08934394486478071
Finished solving parametric estimator, with SURE 0.08126541422616745
Finished solving parametric estimator, with in-sample MSE 0.05994305233985662
Finished solving EBCF, with in-sample MSE 0.03338190053857116
Finished training EB SURE-LS, with SURE: 0.01574410317029947
Finished training EB SURE-LS, with in-sample MSE: 0.043767941962884825
use_scale: True
use_location: False
Finished training EB misspecified with NPMLE init, with SURE: 0.06090807030156221
Finished training EB misspecified with NPMLE init, with in-sample MSE: 0.07483614830315181
Finished training EB misspecified, with SURE: 0.060926051793375464
Finished training EB misspecified, with in-sample MSE: 0.07476844182780358
Finished training EB wellspecified, with SURE: -0.013318268751064318
Finished training EB wellspecified, with in-sample MSE: 0.08308825280808607
m: 84
Finished solving NPMLE, with SURE 0.5072234099984084
Finished solving NPMLE, with in-sample MSE 0.06817761853374091
Finished solving parametric estimator, with SURE -0.09121354987489494
Finished solving parametric estimator, with in-sample MSE 0.061948891882559864
Finished solving EBCF, with in-sample MSE 0.013547670789412065
Finished training EB SURE-LS, with SURE: -0.1838075254837126
Finished training EB SURE-LS, with in-sample MSE: 0.02006798021002968
use_scale: True
use_location: False
Finished training EB misspecified with NPMLE init, with SURE: -0.10194579118112977
Finished training EB misspecified with NPMLE init, with in-sample MSE: 0.06191092888040045
Finished training EB misspecified, with SURE: -0.10196206250554397
Finished training EB misspecified, with in-sample MSE: 0.061947912723891635
Finished training EB wellspecified, with SURE: -0.20256004790139975
Finished training EB wellspecified, with in-sample MSE: 0.0400468606953036
m: 85
Finished solving NPMLE, with SURE 0.7940981028141073
Finished solving NPMLE, with in-sample MSE 0.10060055699134313
Finished solving parametric estimator, with SURE 0.14011825056852611
Finished solving parametric estimator, with in-sample MSE 0.06059965543079914
Finished solving EBCF, with in-sample MSE 0.05371732365014328
Finished training EB SURE-LS, with SURE: 0.03219862203456284
Finished training EB SURE-LS, with in-sample MSE: 0.03281475758005878
use_scale: True
use_location: False
Finished training EB misspecified with NPMLE init, with SURE: 0.10783685004724852
Finished training EB misspecified with NPMLE init, with in-sample MSE: 0.08856957533129566
Finished training EB misspecified, with SURE: 0.10784967303452156
Finished training EB misspecified, with in-sample MSE: 0.0885710388917822
Finished training EB wellspecified, with SURE: -0.00231617527394409
Finished training EB wellspecified, with in-sample MSE: 0.066241486122511
m: 86
Finished solving NPMLE, with SURE 0.6694055608438961
Finished solving NPMLE, with in-sample MSE 0.15841428190253873
Finished solving parametric estimator, with SURE 0.08759969295617698
Finished solving parametric estimator, with in-sample MSE 0.0739157920120677
Finished solving EBCF, with in-sample MSE 0.09742422154207411
Finished training EB SURE-LS, with SURE: -0.05743922689299838
Finished training EB SURE-LS, with in-sample MSE: 0.09937499179911011
use_scale: True
use_location: False
Finished training EB misspecified with NPMLE init, with SURE: 0.02584960109492144
Finished training EB misspecified with NPMLE init, with in-sample MSE: 0.15241104698961316
Finished training EB misspecified, with SURE: 0.06395417275519918
Finished training EB misspecified, with in-sample MSE: 0.07184717614948573
Finished training EB wellspecified, with SURE: -0.057969217483198325
Finished training EB wellspecified, with in-sample MSE: 0.12434820134398429
m: 87
Finished solving NPMLE, with SURE 0.6489806403135978
Finished solving NPMLE, with in-sample MSE 0.08763535652998213
Finished solving parametric estimator, with SURE 0.0565971315017087
Finished solving parametric estimator, with in-sample MSE 0.0544199220637482
Finished solving EBCF, with in-sample MSE 0.05810542460181868
Finished training EB SURE-LS, with SURE: -0.06709704765362345
Finished training EB SURE-LS, with in-sample MSE: 0.04604396944814687
use_scale: True
use_location: False
Finished training EB misspecified with NPMLE init, with SURE: 0.038345415989026396
Finished training EB misspecified with NPMLE init, with in-sample MSE: 0.07167738462525165
Finished training EB misspecified, with SURE: 0.03872734765976077
Finished training EB misspecified, with in-sample MSE: 0.07461958407215269
Finished training EB wellspecified, with SURE: -0.1204892441432573
Finished training EB wellspecified, with in-sample MSE: 0.12027130980109957
m: 88
Finished solving NPMLE, with SURE 0.5742187253982027
Finished solving NPMLE, with in-sample MSE 0.08858165366386044
Finished solving parametric estimator, with SURE 0.12615369218410777
Finished solving parametric estimator, with in-sample MSE 0.056849870206053185
Finished solving EBCF, with in-sample MSE 0.053434807425849086
Finished training EB SURE-LS, with SURE: 0.0222429814541698
Finished training EB SURE-LS, with in-sample MSE: 0.03669813721277408
use_scale: True
use_location: False
Finished training EB misspecified with NPMLE init, with SURE: 0.08812978291912757
Finished training EB misspecified with NPMLE init, with in-sample MSE: 0.06589976218541566
Finished training EB misspecified, with SURE: 0.08814189867789722
Finished training EB misspecified, with in-sample MSE: 0.06589874415155945
Finished training EB wellspecified, with SURE: -0.0034992541681073065
Finished training EB wellspecified, with in-sample MSE: 0.12716847591262614
m: 89
Finished solving NPMLE, with SURE 1.1416596229836946
Finished solving NPMLE, with in-sample MSE 0.05996267907748918
Finished solving parametric estimator, with SURE 0.012953819402072242
Finished solving parametric estimator, with in-sample MSE 0.05121200424207838
Finished solving EBCF, with in-sample MSE 0.018832151143831685
Finished training EB SURE-LS, with SURE: -0.07947161805638897
Finished training EB SURE-LS, with in-sample MSE: 0.008737095511887706
use_scale: True
use_location: False
Finished training EB misspecified with NPMLE init, with SURE: -0.001623782069953066
Finished training EB misspecified with NPMLE init, with in-sample MSE: 0.05530956109328371
Finished training EB misspecified, with SURE: -0.0016292683971002476
Finished training EB misspecified, with in-sample MSE: 0.05531344011272536
Finished training EB wellspecified, with SURE: -0.14118199011461163
Finished training EB wellspecified, with in-sample MSE: 0.08538177923579732
m: 90
Finished solving NPMLE, with SURE 0.23375316548535324
Finished solving NPMLE, with in-sample MSE 0.07509990095476994
Finished solving parametric estimator, with SURE 0.08725146499689873
Finished solving parametric estimator, with in-sample MSE 0.059416070596356126
Finished solving EBCF, with in-sample MSE 0.048222079178895226
Finished training EB SURE-LS, with SURE: 0.049790897945375216
Finished training EB SURE-LS, with in-sample MSE: 0.00517114264353755
use_scale: True
use_location: False
Finished training EB misspecified with NPMLE init, with SURE: 0.0705420489774312
Finished training EB misspecified with NPMLE init, with in-sample MSE: 0.06056685375967021
Finished training EB misspecified, with SURE: 0.07054468779089888
Finished training EB misspecified, with in-sample MSE: 0.06056711287327204
Finished training EB wellspecified, with SURE: -0.07736288020966524
Finished training EB wellspecified, with in-sample MSE: 0.22010789868309835
m: 91
Finished solving NPMLE, with SURE 1.0303974793144912
Finished solving NPMLE, with in-sample MSE 0.0809386893089188
Finished solving parametric estimator, with SURE -0.053704428018393924
Finished solving parametric estimator, with in-sample MSE 0.06062634245858457
Finished solving EBCF, with in-sample MSE 0.018566057094630325
Finished training EB SURE-LS, with SURE: -0.14094549424480324
Finished training EB SURE-LS, with in-sample MSE: 0.002125501888888928
use_scale: True
use_location: False
Finished training EB misspecified with NPMLE init, with SURE: -0.06499380845300756
Finished training EB misspecified with NPMLE init, with in-sample MSE: 0.05929992319186479
Finished training EB misspecified, with SURE: -0.06496108240713064
Finished training EB misspecified, with in-sample MSE: 0.06061661765874723
Finished training EB wellspecified, with SURE: -0.15346288437024438
Finished training EB wellspecified, with in-sample MSE: 0.008463540653586829
m: 92
Finished solving NPMLE, with SURE 0.4998843372869829
Finished solving NPMLE, with in-sample MSE 0.07945123646627754
Finished solving parametric estimator, with SURE 0.04008611099845233
Finished solving parametric estimator, with in-sample MSE 0.06264589310665467
Finished solving EBCF, with in-sample MSE 0.06665233319056528
Finished training EB SURE-LS, with SURE: -0.0416768963148519
Finished training EB SURE-LS, with in-sample MSE: 0.027360331907624248
use_scale: True
use_location: False
Finished training EB misspecified with NPMLE init, with SURE: 0.009440749550523861
Finished training EB misspecified with NPMLE init, with in-sample MSE: 0.07781085424380552
Finished training EB misspecified, with SURE: 0.009447758893235373
Finished training EB misspecified, with in-sample MSE: 0.07782209006157415
Finished training EB wellspecified, with SURE: -0.17640510738069737
Finished training EB wellspecified, with in-sample MSE: 0.20941476290208833
m: 93
Finished solving NPMLE, with SURE 0.16420741914407913
Finished solving NPMLE, with in-sample MSE 0.08063400311103193
Finished solving parametric estimator, with SURE -0.08600438957317469
Finished solving parametric estimator, with in-sample MSE 0.06673724998684974
Finished solving EBCF, with in-sample MSE 0.0029864635935366365
Finished training EB SURE-LS, with SURE: -0.16658514780881745
Finished training EB SURE-LS, with in-sample MSE: 0.0007265834269697736
use_scale: True
use_location: False
Finished training EB misspecified with NPMLE init, with SURE: -0.09747031184713023
Finished training EB misspecified with NPMLE init, with in-sample MSE: 0.06673575804722219
Finished training EB misspecified, with SURE: -0.09746963631182048
Finished training EB misspecified, with in-sample MSE: 0.06673291625838387
Finished training EB wellspecified, with SURE: -0.20755639067398396
Finished training EB wellspecified, with in-sample MSE: 0.05079335911101582
m: 94
Finished solving NPMLE, with SURE 0.792646759502128
Finished solving NPMLE, with in-sample MSE 0.14307722298197684
Finished solving parametric estimator, with SURE 0.1594797392397761
Finished solving parametric estimator, with in-sample MSE 0.07718860470602901
Finished solving EBCF, with in-sample MSE 0.09384697857099258
Finished training EB SURE-LS, with SURE: 0.006496602136597032
Finished training EB SURE-LS, with in-sample MSE: 0.06919289473127971
use_scale: True
use_location: False
Finished training EB misspecified with NPMLE init, with SURE: 0.13437542457022703
Finished training EB misspecified with NPMLE init, with in-sample MSE: 0.0719432569746957
Finished training EB misspecified, with SURE: 0.13440389347722217
Finished training EB misspecified, with in-sample MSE: 0.07195723189852779
Finished training EB wellspecified, with SURE: -0.09285871882370897
Finished training EB wellspecified, with in-sample MSE: 0.2929928442167921
m: 95
Finished solving NPMLE, with SURE 0.5397049670637369
Finished solving NPMLE, with in-sample MSE 0.09018582012350712
Finished solving parametric estimator, with SURE 0.07284417960512007
Finished solving parametric estimator, with in-sample MSE 0.06048268553760025
Finished solving EBCF, with in-sample MSE 0.033627495821849644
Finished training EB SURE-LS, with SURE: 0.014986656974804538
Finished training EB SURE-LS, with in-sample MSE: 0.004609203944924107
use_scale: True
use_location: False
Finished training EB misspecified with NPMLE init, with SURE: 0.049761286653660905
Finished training EB misspecified with NPMLE init, with in-sample MSE: 0.06061257070938728
Finished training EB misspecified, with SURE: 0.04976646558327289
Finished training EB misspecified, with in-sample MSE: 0.06060712674816807
Finished training EB wellspecified, with SURE: -4.91515489504879e-05
Finished training EB wellspecified, with in-sample MSE: 0.00791385873010768
m: 96
Finished solving NPMLE, with SURE 0.4019025765530383
Finished solving NPMLE, with in-sample MSE 0.08226203257970564
Finished solving parametric estimator, with SURE -0.008586495618060352
Finished solving parametric estimator, with in-sample MSE 0.05416054765085897
Finished solving EBCF, with in-sample MSE 0.015927523806041878
Finished training EB SURE-LS, with SURE: -0.06825555317757592
Finished training EB SURE-LS, with in-sample MSE: 0.013932631547374626
use_scale: True
use_location: False
Finished training EB misspecified with NPMLE init, with SURE: -0.01874456726969669
Finished training EB misspecified with NPMLE init, with in-sample MSE: 0.05350760602832265
Finished training EB misspecified, with SURE: -0.01866345806260469
Finished training EB misspecified, with in-sample MSE: 0.053895376178704726
Finished training EB wellspecified, with SURE: -0.10700376386976505
Finished training EB wellspecified, with in-sample MSE: 0.034627074830125525
m: 97
Finished solving NPMLE, with SURE 0.6699413727015702
Finished solving NPMLE, with in-sample MSE 0.06835533880118053
Finished solving parametric estimator, with SURE -0.10653787251342511
Finished solving parametric estimator, with in-sample MSE 0.06498704046818603
Finished solving EBCF, with in-sample MSE 0.010822518769071667
Finished training EB SURE-LS, with SURE: -0.1835654706749564
Finished training EB SURE-LS, with in-sample MSE: 0.0020893829055747683
use_scale: True
use_location: False
Finished training EB misspecified with NPMLE init, with SURE: -0.12182155877312134
Finished training EB misspecified with NPMLE init, with in-sample MSE: 0.05971639818535207
Finished training EB misspecified, with SURE: -0.12179358343006896
Finished training EB misspecified, with in-sample MSE: 0.059729790808319444
Finished training EB wellspecified, with SURE: -0.19702283198838175
Finished training EB wellspecified, with in-sample MSE: 0.014189249419323067
m: 98
Finished solving NPMLE, with SURE 0.30057701292534494
Finished solving NPMLE, with in-sample MSE 0.06383682969446315
Finished solving parametric estimator, with SURE -0.13529520901305708
Finished solving parametric estimator, with in-sample MSE 0.05991398559808339
Finished solving EBCF, with in-sample MSE 0.02555670454931337
Finished training EB SURE-LS, with SURE: -0.19479979836773903
Finished training EB SURE-LS, with in-sample MSE: 0.004260919175254673
use_scale: True
use_location: False
Finished training EB misspecified with NPMLE init, with SURE: -0.14686987884994437
Finished training EB misspecified with NPMLE init, with in-sample MSE: 0.05991397467393444
Finished training EB misspecified, with SURE: -0.1468685585738666
Finished training EB misspecified, with in-sample MSE: 0.0599112747293649
Finished training EB wellspecified, with SURE: -0.240426952297307
Finished training EB wellspecified, with in-sample MSE: 0.05338122000469027
m: 99
Finished solving NPMLE, with SURE 0.25227356058812334
Finished solving NPMLE, with in-sample MSE 0.14013193417375827
Finished solving parametric estimator, with SURE 0.029950914087138014
Finished solving parametric estimator, with in-sample MSE 0.07442622517801958
Finished solving EBCF, with in-sample MSE 0.08296186581496137
Finished training EB SURE-LS, with SURE: -0.04286655832012162
Finished training EB SURE-LS, with in-sample MSE: 0.0068017574052992216
use_scale: True
use_location: False
Finished training EB misspecified with NPMLE init, with SURE: -0.00986970221960931
Finished training EB misspecified with NPMLE init, with in-sample MSE: 0.14471660599901262
Finished training EB misspecified, with SURE: -0.009868707098271586
Finished training EB misspecified, with in-sample MSE: 0.14471772400067942
Finished training EB wellspecified, with SURE: -0.12977177299983875
Finished training EB wellspecified, with in-sample MSE: 0.14435423618206542

n: 200
m: 50
Finished solving NPMLE, with SURE 0.42742738983744116
Finished solving NPMLE, with in-sample MSE 0.08810746770646243
Finished solving parametric estimator, with SURE 0.0648958575383804
Finished solving parametric estimator, with in-sample MSE 0.05753399017963355
Finished solving EBCF, with in-sample MSE 0.03369567627578994
Finished training EB SURE-LS, with SURE: 0.0005738679768649924
Finished training EB SURE-LS, with in-sample MSE: 0.018075342684863445
use_scale: True
use_location: False
Finished training EB misspecified with NPMLE init, with SURE: 0.056131540038498504
Finished training EB misspecified with NPMLE init, with in-sample MSE: 0.05528179336541141
Finished training EB misspecified, with SURE: 0.05612980276836353
Finished training EB misspecified, with in-sample MSE: 0.05523620807426619
Finished training EB wellspecified, with SURE: -0.07502327962265445
Finished training EB wellspecified, with in-sample MSE: 0.10548618118470357
m: 51
Finished solving NPMLE, with SURE 0.5005963983504639
Finished solving NPMLE, with in-sample MSE 0.10531324335784188
Finished solving parametric estimator, with SURE -0.00842427235527643
Finished solving parametric estimator, with in-sample MSE 0.06145512060304188
Finished solving EBCF, with in-sample MSE 0.010951182487980504
Finished training EB SURE-LS, with SURE: -0.07318828291159657
Finished training EB SURE-LS, with in-sample MSE: 0.0070956003520576925
use_scale: True
use_location: False
Finished training EB misspecified with NPMLE init, with SURE: -0.014976632253943124
Finished training EB misspecified with NPMLE init, with in-sample MSE: 0.05688602286144255
Finished training EB misspecified, with SURE: -0.01498100728210325
Finished training EB misspecified, with in-sample MSE: 0.0568787261663262
Finished training EB wellspecified, with SURE: -0.13925604539391856
Finished training EB wellspecified, with in-sample MSE: 0.08598939618126047
m: 52
Finished solving NPMLE, with SURE 0.5214663127426387
Finished solving NPMLE, with in-sample MSE 0.09684803209669232
Finished solving parametric estimator, with SURE 0.041243903586012653
Finished solving parametric estimator, with in-sample MSE 0.06254994781387359
Finished solving EBCF, with in-sample MSE 0.013119221999341102
Finished training EB SURE-LS, with SURE: -0.01520509475179106
Finished training EB SURE-LS, with in-sample MSE: 0.003215587485274548
use_scale: True
use_location: False
Finished training EB misspecified with NPMLE init, with SURE: 0.031849334555607386
Finished training EB misspecified with NPMLE init, with in-sample MSE: 0.0597927918846705
Finished training EB misspecified, with SURE: 0.031851451998751654
Finished training EB misspecified, with in-sample MSE: 0.05978589070489121
Finished training EB wellspecified, with SURE: -0.044362255424919554
Finished training EB wellspecified, with in-sample MSE: 0.02543528436263804
m: 53
Finished solving NPMLE, with SURE 0.9747384302376167
Finished solving NPMLE, with in-sample MSE 0.06653694448128106
Finished solving parametric estimator, with SURE 0.10524767529195672
Finished solving parametric estimator, with in-sample MSE 0.0559013146014981
Finished solving EBCF, with in-sample MSE 0.04049108420133069
Finished training EB SURE-LS, with SURE: 0.09648251492783173
Finished training EB SURE-LS, with in-sample MSE: 0.06312358444088871
use_scale: True
use_location: False
Finished training EB misspecified with NPMLE init, with SURE: 0.09168248725057723
Finished training EB misspecified with NPMLE init, with in-sample MSE: 0.06513113920660789
Finished training EB misspecified, with SURE: 0.09169619154634688
Finished training EB misspecified, with in-sample MSE: 0.06522890978422273
Finished training EB wellspecified, with SURE: -0.03937759010584933
Finished training EB wellspecified, with in-sample MSE: 0.08179443871747039
m: 54
Finished solving NPMLE, with SURE 0.746446223316232
Finished solving NPMLE, with in-sample MSE 0.071165369077212
Finished solving parametric estimator, with SURE 0.04011508898286292
Finished solving parametric estimator, with in-sample MSE 0.050784150261891384
Finished solving EBCF, with in-sample MSE 0.004770034328904477
Finished training EB SURE-LS, with SURE: -0.03693204401789493
Finished training EB SURE-LS, with in-sample MSE: 0.007623201658964906
use_scale: True
use_location: False
Finished training EB misspecified with NPMLE init, with SURE: 0.03072216964335176
Finished training EB misspecified with NPMLE init, with in-sample MSE: 0.051283154152122326
Finished training EB misspecified, with SURE: 0.030730319531125688
Finished training EB misspecified, with in-sample MSE: 0.051283205896396476
Finished training EB wellspecified, with SURE: -0.062106323320280286
Finished training EB wellspecified, with in-sample MSE: 0.025490623752635302
m: 55
Finished solving NPMLE, with SURE 0.5323874814935805
Finished solving NPMLE, with in-sample MSE 0.08651783302873774
Finished solving parametric estimator, with SURE 0.1132111554730389
Finished solving parametric estimator, with in-sample MSE 0.0654012671173767
Finished solving EBCF, with in-sample MSE 0.03150299662221532
Finished training EB SURE-LS, with SURE: 0.031986366245724096
Finished training EB SURE-LS, with in-sample MSE: 0.05771229092519647
use_scale: True
use_location: False
Finished training EB misspecified with NPMLE init, with SURE: 0.10061778087351264
Finished training EB misspecified with NPMLE init, with in-sample MSE: 0.0694512954368545
Finished training EB misspecified, with SURE: 0.10065354150535122
Finished training EB misspecified, with in-sample MSE: 0.06929682120815482
Finished training EB wellspecified, with SURE: -0.007864015131471223
Finished training EB wellspecified, with in-sample MSE: 0.12802796875201192
m: 56
Finished solving NPMLE, with SURE 0.10472858085722947
Finished solving NPMLE, with in-sample MSE 0.14150108584632798
Finished solving parametric estimator, with SURE 0.039835509166858296
Finished solving parametric estimator, with in-sample MSE 0.07301735468588777
Finished solving EBCF, with in-sample MSE 0.0664906952889389
Finished training EB SURE-LS, with SURE: 0.018083504169914617
Finished training EB SURE-LS, with in-sample MSE: 0.026909451561857242
use_scale: True
use_location: False
Finished training EB misspecified with NPMLE init, with SURE: -0.014131475645359118
Finished training EB misspecified with NPMLE init, with in-sample MSE: 0.19892140735775515
Finished training EB misspecified, with SURE: -0.014121654009471456
Finished training EB misspecified, with in-sample MSE: 0.1989378523915225
Finished training EB wellspecified, with SURE: -0.11235181930170096
Finished training EB wellspecified, with in-sample MSE: 0.20735401703100542
m: 57
Finished solving NPMLE, with SURE 0.5479006050910186
Finished solving NPMLE, with in-sample MSE 0.10581639170964628
Finished solving parametric estimator, with SURE -0.007683640315967577
Finished solving parametric estimator, with in-sample MSE 0.06903592829077417
Finished solving EBCF, with in-sample MSE 0.015995529401956445
Finished training EB SURE-LS, with SURE: -0.047899415074848975
Finished training EB SURE-LS, with in-sample MSE: 0.010263087939426697
use_scale: True
use_location: False
Finished training EB misspecified with NPMLE init, with SURE: -0.014022911541604373
Finished training EB misspecified with NPMLE init, with in-sample MSE: 0.06554386058830745
Finished training EB misspecified, with SURE: -0.014013354277434473
Finished training EB misspecified, with in-sample MSE: 0.06556091075960589
Finished training EB wellspecified, with SURE: -0.05523162665484904
Finished training EB wellspecified, with in-sample MSE: 0.020195526493579342
m: 58
Finished solving NPMLE, with SURE 0.5029727999325125
Finished solving NPMLE, with in-sample MSE 0.10566340222600312
Finished solving parametric estimator, with SURE 0.032915454694477875
Finished solving parametric estimator, with in-sample MSE 0.06777644564830922
Finished solving EBCF, with in-sample MSE 0.03046931316933151
Finished training EB SURE-LS, with SURE: -0.008157206483935128
Finished training EB SURE-LS, with in-sample MSE: 0.01179101755243273
use_scale: True
use_location: False
Finished training EB misspecified with NPMLE init, with SURE: 0.010025631904613306
Finished training EB misspecified with NPMLE init, with in-sample MSE: 0.09141122982030997
Finished training EB misspecified, with SURE: 0.010030466597489535
Finished training EB misspecified, with in-sample MSE: 0.0913904952509072
Finished training EB wellspecified, with SURE: -0.09193855686759614
Finished training EB wellspecified, with in-sample MSE: 0.10617448818344358
m: 59
Finished solving NPMLE, with SURE 0.3202748867712202
Finished solving NPMLE, with in-sample MSE 0.11337724058888762
Finished solving parametric estimator, with SURE 0.021885776628019327
Finished solving parametric estimator, with in-sample MSE 0.08145558065258243
Finished solving EBCF, with in-sample MSE 0.03719772161137649
Finished training EB SURE-LS, with SURE: -0.003908487459674494
Finished training EB SURE-LS, with in-sample MSE: 0.029663418276501794
use_scale: True
use_location: False
Finished training EB misspecified with NPMLE init, with SURE: 0.016331651633738672
Finished training EB misspecified with NPMLE init, with in-sample MSE: 0.07988628079033643
Finished training EB misspecified, with SURE: 0.016342172764457034
Finished training EB misspecified, with in-sample MSE: 0.0799014159969219
Finished training EB wellspecified, with SURE: -0.05577896401184486
Finished training EB wellspecified, with in-sample MSE: 0.09019876568335461
m: 60
Finished solving NPMLE, with SURE 0.5936193073678017
Finished solving NPMLE, with in-sample MSE 0.08784324847032413
Finished solving parametric estimator, with SURE 0.12096971668357936
Finished solving parametric estimator, with in-sample MSE 0.07048307583047167
Finished solving EBCF, with in-sample MSE 0.07224852545929447
Finished training EB SURE-LS, with SURE: 0.0837962474282085
Finished training EB SURE-LS, with in-sample MSE: 0.0411083693785075
use_scale: True
use_location: False
Finished training EB misspecified with NPMLE init, with SURE: 0.09343749678978497
Finished training EB misspecified with NPMLE init, with in-sample MSE: 0.09385377425268505
Finished training EB misspecified, with SURE: 0.09344383151213237
Finished training EB misspecified, with in-sample MSE: 0.09386060307555986
Finished training EB wellspecified, with SURE: 0.024205984920706747
Finished training EB wellspecified, with in-sample MSE: 0.12169352843825071
m: 61
Finished solving NPMLE, with SURE 0.714757207006059
Finished solving NPMLE, with in-sample MSE 0.0874158963266569
Finished solving parametric estimator, with SURE 0.06029395578754421
Finished solving parametric estimator, with in-sample MSE 0.061505760695004304
Finished solving EBCF, with in-sample MSE 0.02631963184344325
Finished training EB SURE-LS, with SURE: 0.0006246846567201026
Finished training EB SURE-LS, with in-sample MSE: 0.010118998497816811
use_scale: True
use_location: False
Finished training EB misspecified with NPMLE init, with SURE: 0.04595158013173389
Finished training EB misspecified with NPMLE init, with in-sample MSE: 0.06233991632106107
Finished training EB misspecified, with SURE: 0.04598443127137955
Finished training EB misspecified, with in-sample MSE: 0.062299565245440745
Finished training EB wellspecified, with SURE: -0.011914690603543226
Finished training EB wellspecified, with in-sample MSE: 0.02067470119113
m: 62
Finished solving NPMLE, with SURE 0.7393900372524452
Finished solving NPMLE, with in-sample MSE 0.07142089309253709
Finished solving parametric estimator, with SURE 0.03389652967310314
Finished solving parametric estimator, with in-sample MSE 0.060414170731705574
Finished solving EBCF, with in-sample MSE 0.02235351620813703
Finished training EB SURE-LS, with SURE: 0.005157852492472332
Finished training EB SURE-LS, with in-sample MSE: 0.011466118157793938
use_scale: True
use_location: False
Finished training EB misspecified with NPMLE init, with SURE: 0.019022973026487835
Finished training EB misspecified with NPMLE init, with in-sample MSE: 0.07304703147073152
Finished training EB misspecified, with SURE: 0.01902740713098531
Finished training EB misspecified, with in-sample MSE: 0.07304076553855567
Finished training EB wellspecified, with SURE: -0.05207855624008647
Finished training EB wellspecified, with in-sample MSE: 0.07722533155857175
m: 63
Finished solving NPMLE, with SURE 0.7377976990793823
Finished solving NPMLE, with in-sample MSE 0.08257918900841789
Finished solving parametric estimator, with SURE 0.09867358958871786
Finished solving parametric estimator, with in-sample MSE 0.06593937837712095
Finished solving EBCF, with in-sample MSE 0.030403072861964225
Finished training EB SURE-LS, with SURE: 0.041900714929557166
Finished training EB SURE-LS, with in-sample MSE: 0.01668277929305896
use_scale: True
use_location: False
Finished training EB misspecified with NPMLE init, with SURE: 0.08093418079766508
Finished training EB misspecified with NPMLE init, with in-sample MSE: 0.07913697097976785
Finished training EB misspecified, with SURE: 0.08095916164834194
Finished training EB misspecified, with in-sample MSE: 0.07910883829478385
Finished training EB wellspecified, with SURE: -0.053652280714253674
Finished training EB wellspecified, with in-sample MSE: 0.1466322403365433
m: 64
Finished solving NPMLE, with SURE 0.7728730473462462
Finished solving NPMLE, with in-sample MSE 0.06533926648738558
Finished solving parametric estimator, with SURE 0.025694884090331993
Finished solving parametric estimator, with in-sample MSE 0.0525220884526555
Finished solving EBCF, with in-sample MSE 0.032766894010342454
Finished training EB SURE-LS, with SURE: -0.07380131051013644
Finished training EB SURE-LS, with in-sample MSE: 0.009045121125297777
use_scale: True
use_location: False
Finished training EB misspecified with NPMLE init, with SURE: 0.017795674515122924
Finished training EB misspecified with NPMLE init, with in-sample MSE: 0.05516291458484516
Finished training EB misspecified, with SURE: 0.01779923209505604
Finished training EB misspecified, with in-sample MSE: 0.055157083056702944
Finished training EB wellspecified, with SURE: -0.10076764809349335
Finished training EB wellspecified, with in-sample MSE: 0.028349763081945603
m: 65
Finished solving NPMLE, with SURE 0.5851905624437224
Finished solving NPMLE, with in-sample MSE 0.10023474957118332
Finished solving parametric estimator, with SURE 0.055858754780617914
Finished solving parametric estimator, with in-sample MSE 0.0580308244088245
Finished solving EBCF, with in-sample MSE 0.030496024190818805
Finished training EB SURE-LS, with SURE: -0.014991391443348583
Finished training EB SURE-LS, with in-sample MSE: 0.004328463588931988
use_scale: True
use_location: False
Finished training EB misspecified with NPMLE init, with SURE: 0.031077116415704965
Finished training EB misspecified with NPMLE init, with in-sample MSE: 0.085186583513745
Finished training EB misspecified, with SURE: 0.031101793580996216
Finished training EB misspecified, with in-sample MSE: 0.08517768252442201
Finished training EB wellspecified, with SURE: -0.0487205993445314
Finished training EB wellspecified, with in-sample MSE: 0.05648878371650402
m: 66
Finished solving NPMLE, with SURE 0.5820236125218747
Finished solving NPMLE, with in-sample MSE 0.0977404866102575
Finished solving parametric estimator, with SURE 0.13316596355481147
Finished solving parametric estimator, with in-sample MSE 0.07201807443662453
Finished solving EBCF, with in-sample MSE 0.05219469415553657
Finished training EB SURE-LS, with SURE: 0.12650206327263658
Finished training EB SURE-LS, with in-sample MSE: 0.07141637308805099
use_scale: True
use_location: False
Finished training EB misspecified with NPMLE init, with SURE: 0.1028001064222083
Finished training EB misspecified with NPMLE init, with in-sample MSE: 0.11458006930688283
Finished training EB misspecified, with SURE: 0.10282156697521991
Finished training EB misspecified, with in-sample MSE: 0.11460653515519605
Finished training EB wellspecified, with SURE: -0.0019833756927056957
Finished training EB wellspecified, with in-sample MSE: 0.15998891333751927
m: 67
Finished solving NPMLE, with SURE 0.5668183056342366
Finished solving NPMLE, with in-sample MSE 0.07821331109663841
Finished solving parametric estimator, with SURE 0.10717850105299725
Finished solving parametric estimator, with in-sample MSE 0.06263554296543515
Finished solving EBCF, with in-sample MSE 0.049402216077324555
Finished training EB SURE-LS, with SURE: 0.05029902011741763
Finished training EB SURE-LS, with in-sample MSE: 0.020391725048161117
use_scale: True
use_location: False
Finished training EB misspecified with NPMLE init, with SURE: 0.09101789741639721
Finished training EB misspecified with NPMLE init, with in-sample MSE: 0.07831420693632184
Finished training EB misspecified, with SURE: 0.091027170968894
Finished training EB misspecified, with in-sample MSE: 0.07831897618157597
Finished training EB wellspecified, with SURE: -0.02017352456742575
Finished training EB wellspecified, with in-sample MSE: 0.08703700698273739
m: 68
Finished solving NPMLE, with SURE 0.6527465499489091
Finished solving NPMLE, with in-sample MSE 0.06088376208393451
Finished solving parametric estimator, with SURE 0.0950769486340009
Finished solving parametric estimator, with in-sample MSE 0.06316173820344334
Finished solving EBCF, with in-sample MSE 0.05571819623371199
Finished training EB SURE-LS, with SURE: -0.03383344413088717
Finished training EB SURE-LS, with in-sample MSE: 0.04620498185431604
use_scale: True
use_location: False
Finished training EB misspecified with NPMLE init, with SURE: 0.08395634748648732
Finished training EB misspecified with NPMLE init, with in-sample MSE: 0.08527939990526891
Finished training EB misspecified, with SURE: 0.08313318084296192
Finished training EB misspecified, with in-sample MSE: 0.11846440961863369
Finished training EB wellspecified, with SURE: -0.17441924226943356
Finished training EB wellspecified, with in-sample MSE: 0.2570696186957544
m: 69
Finished solving NPMLE, with SURE 0.2312466626007022
Finished solving NPMLE, with in-sample MSE 0.08354468482521908
Finished solving parametric estimator, with SURE 0.08904350146888956
Finished solving parametric estimator, with in-sample MSE 0.06908623126680749
Finished solving EBCF, with in-sample MSE 0.05304123170021687
Finished training EB SURE-LS, with SURE: 0.059766477514584054
Finished training EB SURE-LS, with in-sample MSE: 0.014142710084437704
use_scale: True
use_location: False
Finished training EB misspecified with NPMLE init, with SURE: 0.07776001818231607
Finished training EB misspecified with NPMLE init, with in-sample MSE: 0.0702911953447381
Finished training EB misspecified, with SURE: 0.07776326309499375
Finished training EB misspecified, with in-sample MSE: 0.07028470829681017
Finished training EB wellspecified, with SURE: -0.019288317914004215
Finished training EB wellspecified, with in-sample MSE: 0.132317588314995
m: 70
Finished solving NPMLE, with SURE 0.23046623395278729
Finished solving NPMLE, with in-sample MSE 0.09169169751190957
Finished solving parametric estimator, with SURE 0.008137811672198791
Finished solving parametric estimator, with in-sample MSE 0.0616089772946157
Finished solving EBCF, with in-sample MSE 0.024329692869679988
Finished training EB SURE-LS, with SURE: -0.062449243722343124
Finished training EB SURE-LS, with in-sample MSE: 0.020250403520098673
use_scale: True
use_location: False
Finished training EB misspecified with NPMLE init, with SURE: -0.003700009378582294
Finished training EB misspecified with NPMLE init, with in-sample MSE: 0.06724262214159574
Finished training EB misspecified, with SURE: -0.0036960235394757745
Finished training EB misspecified, with in-sample MSE: 0.06724265095855081
Finished training EB wellspecified, with SURE: -0.07719618177099187
Finished training EB wellspecified, with in-sample MSE: 0.05396605454420023
m: 71
Finished solving NPMLE, with SURE 0.7675858909256952
Finished solving NPMLE, with in-sample MSE 0.08883596250160274
Finished solving parametric estimator, with SURE 0.17321837804009044
Finished solving parametric estimator, with in-sample MSE 0.08560783836637398
Finished solving EBCF, with in-sample MSE 0.05156436329942926
Finished training EB SURE-LS, with SURE: 0.12062337362460823
Finished training EB SURE-LS, with in-sample MSE: 0.04209171512566447
use_scale: True
use_location: False
Finished training EB misspecified with NPMLE init, with SURE: 0.1461092005326522
Finished training EB misspecified with NPMLE init, with in-sample MSE: 0.10340428976111396
Finished training EB misspecified, with SURE: 0.1461142874109946
Finished training EB misspecified, with in-sample MSE: 0.1033921846701503
Finished training EB wellspecified, with SURE: 0.005513354250831703
Finished training EB wellspecified, with in-sample MSE: 0.17744743554481993
m: 72
Finished solving NPMLE, with SURE 0.36965724032653413
Finished solving NPMLE, with in-sample MSE 0.08893097249962485
Finished solving parametric estimator, with SURE -0.01597876278610938
Finished solving parametric estimator, with in-sample MSE 0.06510463083160554
Finished solving EBCF, with in-sample MSE 0.022056639733823137
Finished training EB SURE-LS, with SURE: -0.07185646548470187
Finished training EB SURE-LS, with in-sample MSE: 0.0027561352832675572
use_scale: True
use_location: False
Finished training EB misspecified with NPMLE init, with SURE: -0.036534105555574715
Finished training EB misspecified with NPMLE init, with in-sample MSE: 0.07675718930380995
Finished training EB misspecified, with SURE: -0.03652086568140476
Finished training EB misspecified, with in-sample MSE: 0.07678619448427298
Finished training EB wellspecified, with SURE: -0.09807907157299713
Finished training EB wellspecified, with in-sample MSE: 0.04005189965695496
m: 73
Finished solving NPMLE, with SURE 0.5627759082116557
Finished solving NPMLE, with in-sample MSE 0.0966648462891551
Finished solving parametric estimator, with SURE 0.028998204182309306
Finished solving parametric estimator, with in-sample MSE 0.060443843042453996
Finished solving EBCF, with in-sample MSE 0.0059512554792176655
Finished training EB SURE-LS, with SURE: -0.0298048834156607
Finished training EB SURE-LS, with in-sample MSE: 0.00328659307988459
use_scale: True
use_location: False
Finished training EB misspecified with NPMLE init, with SURE: 0.021775595906793514
Finished training EB misspecified with NPMLE init, with in-sample MSE: 0.05372818694021905
Finished training EB misspecified, with SURE: 0.021776820905732564
Finished training EB misspecified, with in-sample MSE: 0.05372688139374391
Finished training EB wellspecified, with SURE: -0.0357046477137946
Finished training EB wellspecified, with in-sample MSE: 0.010031829951348634
m: 74
Finished solving NPMLE, with SURE 0.5094144628655778
Finished solving NPMLE, with in-sample MSE 0.05512181109844794
Finished solving parametric estimator, with SURE 0.011197295273157715
Finished solving parametric estimator, with in-sample MSE 0.0574103192063524
Finished solving EBCF, with in-sample MSE 0.012188053758125594
Finished training EB SURE-LS, with SURE: -0.055735915752349215
Finished training EB SURE-LS, with in-sample MSE: 0.011433872006473094
use_scale: True
use_location: False
Finished training EB misspecified with NPMLE init, with SURE: 0.0038367734040915024
Finished training EB misspecified with NPMLE init, with in-sample MSE: 0.0613950744709067
Finished training EB misspecified, with SURE: 0.003848553587790491
Finished training EB misspecified, with in-sample MSE: 0.06139376301091353
Finished training EB wellspecified, with SURE: -0.10074484335356186
Finished training EB wellspecified, with in-sample MSE: 0.07239071397237183
m: 75
Finished solving NPMLE, with SURE 0.611797675702933
Finished solving NPMLE, with in-sample MSE 0.07587174161974929
Finished solving parametric estimator, with SURE 0.11843776707652126
Finished solving parametric estimator, with in-sample MSE 0.06233152655061991
Finished solving EBCF, with in-sample MSE 0.027453172883873507
Finished training EB SURE-LS, with SURE: 0.047264122851195904
Finished training EB SURE-LS, with in-sample MSE: 0.013550540388238996
use_scale: True
use_location: False
Finished training EB misspecified with NPMLE init, with SURE: 0.10748096836179549
Finished training EB misspecified with NPMLE init, with in-sample MSE: 0.06168898527871545
Finished training EB misspecified, with SURE: 0.10752256115899762
Finished training EB misspecified, with in-sample MSE: 0.06166636787181093
Finished training EB wellspecified, with SURE: -0.0016441174978049067
Finished training EB wellspecified, with in-sample MSE: 0.07611239263767469
m: 76
Finished solving NPMLE, with SURE 0.713107081993085
Finished solving NPMLE, with in-sample MSE 0.08819630380584766
Finished solving parametric estimator, with SURE -0.03828292409899259
Finished solving parametric estimator, with in-sample MSE 0.06338141918337317
Finished solving EBCF, with in-sample MSE 0.02293611205473903
Finished training EB SURE-LS, with SURE: -0.11084984913293167
Finished training EB SURE-LS, with in-sample MSE: 0.0007533341161181681
use_scale: True
use_location: False
Finished training EB misspecified with NPMLE init, with SURE: -0.043829906209793
Finished training EB misspecified with NPMLE init, with in-sample MSE: 0.06341813017102099
Finished training EB misspecified, with SURE: -0.043792822853996896
Finished training EB misspecified, with in-sample MSE: 0.0635781768560721
Finished training EB wellspecified, with SURE: -0.1289206406617089
Finished training EB wellspecified, with in-sample MSE: 0.022997804689489854
m: 77
Finished solving NPMLE, with SURE 0.7872208847028495
Finished solving NPMLE, with in-sample MSE 0.07877336713961083
Finished solving parametric estimator, with SURE 0.12361521198194447
Finished solving parametric estimator, with in-sample MSE 0.07027929461413648
Finished solving EBCF, with in-sample MSE 0.05360291153577236
Finished training EB SURE-LS, with SURE: 0.06366260997575861
Finished training EB SURE-LS, with in-sample MSE: 0.0294956290798138
use_scale: True
use_location: False
Finished training EB misspecified with NPMLE init, with SURE: 0.1092367123784208
Finished training EB misspecified with NPMLE init, with in-sample MSE: 0.08621562039028277
Finished training EB misspecified, with SURE: 0.10923956123822472
Finished training EB misspecified, with in-sample MSE: 0.08621333952788404
Finished training EB wellspecified, with SURE: 0.017223548146993506
Finished training EB wellspecified, with in-sample MSE: 0.13065781321792203
m: 78
Finished solving NPMLE, with SURE 0.7281244608545738
Finished solving NPMLE, with in-sample MSE 0.08101910300709633
Finished solving parametric estimator, with SURE 0.0687677597671289
Finished solving parametric estimator, with in-sample MSE 0.055358903949572554
Finished solving EBCF, with in-sample MSE 0.010288923940641773
Finished training EB SURE-LS, with SURE: -0.01303707072066402
Finished training EB SURE-LS, with in-sample MSE: 0.001873850177228062
use_scale: True
use_location: False
Finished training EB misspecified with NPMLE init, with SURE: 0.047460765068097
Finished training EB misspecified with NPMLE init, with in-sample MSE: 0.05442245066926499
Finished training EB misspecified, with SURE: 0.047476979266289875
Finished training EB misspecified, with in-sample MSE: 0.05441717340025632
Finished training EB wellspecified, with SURE: -0.0667029596136708
Finished training EB wellspecified, with in-sample MSE: 0.05664021751556818
m: 79
Finished solving NPMLE, with SURE 0.5740457823575656
Finished solving NPMLE, with in-sample MSE 0.0775215872171975
Finished solving parametric estimator, with SURE 0.04938107511772877
Finished solving parametric estimator, with in-sample MSE 0.05496715445535699
Finished solving EBCF, with in-sample MSE 0.0073697641166231755
Finished training EB SURE-LS, with SURE: -0.011257478482860806
Finished training EB SURE-LS, with in-sample MSE: 0.0011689212036913852
use_scale: True
use_location: False
Finished training EB misspecified with NPMLE init, with SURE: 0.03901227471339937
Finished training EB misspecified with NPMLE init, with in-sample MSE: 0.05140708235773484
Finished training EB misspecified, with SURE: 0.039018048522557365
Finished training EB misspecified, with in-sample MSE: 0.05140877644372019
Finished training EB wellspecified, with SURE: -0.053098495279138645
Finished training EB wellspecified, with in-sample MSE: 0.06844942157052009
m: 80
Finished solving NPMLE, with SURE 0.6365538244347416
Finished solving NPMLE, with in-sample MSE 0.16437865593267403
Finished solving parametric estimator, with SURE -0.028981316518271905
Finished solving parametric estimator, with in-sample MSE 0.07978467913528321
Finished solving EBCF, with in-sample MSE 0.018769672925055846
Finished training EB SURE-LS, with SURE: -0.10693623616757726
Finished training EB SURE-LS, with in-sample MSE: 0.015588245804687602
use_scale: True
use_location: False
Finished training EB misspecified with NPMLE init, with SURE: -0.03944480726434868
Finished training EB misspecified with NPMLE init, with in-sample MSE: 0.0915698289574692
Finished training EB misspecified, with SURE: -0.03501761910702492
Finished training EB misspecified, with in-sample MSE: 0.07423750298772089
Finished training EB wellspecified, with SURE: -0.1123530282839359
Finished training EB wellspecified, with in-sample MSE: 0.020767789253421504
m: 81
Finished solving NPMLE, with SURE 0.48380624781025405
Finished solving NPMLE, with in-sample MSE 0.08252811506750893
Finished solving parametric estimator, with SURE -0.03907952460712033
Finished solving parametric estimator, with in-sample MSE 0.06040099197791944
Finished solving EBCF, with in-sample MSE 0.004399824919025049
Finished training EB SURE-LS, with SURE: -0.10404896001219988
Finished training EB SURE-LS, with in-sample MSE: 0.002167473477102595
use_scale: True
use_location: False
Finished training EB misspecified with NPMLE init, with SURE: -0.04583851345576697
Finished training EB misspecified with NPMLE init, with in-sample MSE: 0.05760588408639018
Finished training EB misspecified, with SURE: -0.0458245208898456
Finished training EB misspecified, with in-sample MSE: 0.05761401883200829
Finished training EB wellspecified, with SURE: -0.14618640225295404
Finished training EB wellspecified, with in-sample MSE: 0.05726109996718832
m: 82
Finished solving NPMLE, with SURE 0.6453765147006959
Finished solving NPMLE, with in-sample MSE 0.08946692714593768
Finished solving parametric estimator, with SURE 0.05565623925864682
Finished solving parametric estimator, with in-sample MSE 0.05893337099603722
Finished solving EBCF, with in-sample MSE 0.0175833854846583
Finished training EB SURE-LS, with SURE: 0.01801821229673392
Finished training EB SURE-LS, with in-sample MSE: 0.004918653518638794
use_scale: True
use_location: False
Finished training EB misspecified with NPMLE init, with SURE: 0.04062951972041347
Finished training EB misspecified with NPMLE init, with in-sample MSE: 0.0694640653005533
Finished training EB misspecified, with SURE: 0.040605971618017524
Finished training EB misspecified, with in-sample MSE: 0.06968491818959772
Finished training EB wellspecified, with SURE: -0.010517187407051999
Finished training EB wellspecified, with in-sample MSE: 0.0389196552760563
m: 83
Finished solving NPMLE, with SURE 0.7285256489338033
Finished solving NPMLE, with in-sample MSE 0.09897774797135911
Finished solving parametric estimator, with SURE 0.14261061020470045
Finished solving parametric estimator, with in-sample MSE 0.07527501178647066
Finished solving EBCF, with in-sample MSE 0.03319908859912226
Finished training EB SURE-LS, with SURE: 0.06659581849489325
Finished training EB SURE-LS, with in-sample MSE: 0.03516380765233319
use_scale: True
use_location: False
Finished training EB misspecified with NPMLE init, with SURE: 0.10754916358192575
Finished training EB misspecified with NPMLE init, with in-sample MSE: 0.10185320088115493
Finished training EB misspecified, with SURE: 0.10754999186113792
Finished training EB misspecified, with in-sample MSE: 0.10187703117590204
Finished training EB wellspecified, with SURE: -0.018423372847035987
Finished training EB wellspecified, with in-sample MSE: 0.17307840518657883
m: 84
Finished solving NPMLE, with SURE 0.7437193158771432
Finished solving NPMLE, with in-sample MSE 0.07399268969467013
Finished solving parametric estimator, with SURE 0.04852051338593927
Finished solving parametric estimator, with in-sample MSE 0.0507491418500832
Finished solving EBCF, with in-sample MSE 0.00677522485923301
Finished training EB SURE-LS, with SURE: -0.040728359241863944
Finished training EB SURE-LS, with in-sample MSE: 0.008847974652487024
use_scale: True
use_location: False
Finished training EB misspecified with NPMLE init, with SURE: 0.036562335259326416
Finished training EB misspecified with NPMLE init, with in-sample MSE: 0.055461372850545934
Finished training EB misspecified, with SURE: 0.03663372734536502
Finished training EB misspecified, with in-sample MSE: 0.05540312024467482
Finished training EB wellspecified, with SURE: -0.06623112863111466
Finished training EB wellspecified, with in-sample MSE: 0.03615152012448449
m: 85
Finished solving NPMLE, with SURE 0.7731894399957068
Finished solving NPMLE, with in-sample MSE 0.06741474694321052
Finished solving parametric estimator, with SURE 0.09227872754506944
Finished solving parametric estimator, with in-sample MSE 0.048795119562334614
Finished solving EBCF, with in-sample MSE 0.03611206235065996
Finished training EB SURE-LS, with SURE: -0.0389198300419621
Finished training EB SURE-LS, with in-sample MSE: 0.03210960826550799
use_scale: True
use_location: False
Finished training EB misspecified with NPMLE init, with SURE: 0.07776667374693333
Finished training EB misspecified with NPMLE init, with in-sample MSE: 0.05915616330976183
Finished training EB misspecified, with SURE: 0.07778196690881714
Finished training EB misspecified, with in-sample MSE: 0.059148194059047435
Finished training EB wellspecified, with SURE: -0.0772336551219805
Finished training EB wellspecified, with in-sample MSE: 0.07345409150366562
m: 86
Finished solving NPMLE, with SURE 0.6190869853033676
Finished solving NPMLE, with in-sample MSE 0.10138505138310949
Finished solving parametric estimator, with SURE 0.03462137654960906
Finished solving parametric estimator, with in-sample MSE 0.07312119156650798
Finished solving EBCF, with in-sample MSE 0.037427628192460365
Finished training EB SURE-LS, with SURE: 0.009036746286031981
Finished training EB SURE-LS, with in-sample MSE: 0.021056103308249627
use_scale: True
use_location: False
Finished training EB misspecified with NPMLE init, with SURE: 0.028433271913755293
Finished training EB misspecified with NPMLE init, with in-sample MSE: 0.06791427148886481
Finished training EB misspecified, with SURE: 0.028578709406028795
Finished training EB misspecified, with in-sample MSE: 0.06798986325787876
Finished training EB wellspecified, with SURE: 0.028472894350154522
Finished training EB wellspecified, with in-sample MSE: 0.06795415122842163
m: 87
Finished solving NPMLE, with SURE 0.38221388202242024
Finished solving NPMLE, with in-sample MSE 0.07455197691301071
Finished solving parametric estimator, with SURE 0.1487701534413312
Finished solving parametric estimator, with in-sample MSE 0.06916388239070387
Finished solving EBCF, with in-sample MSE 0.05128401397304979
Finished training EB SURE-LS, with SURE: 0.14282347527988246
Finished training EB SURE-LS, with in-sample MSE: 0.06575347435327973
use_scale: True
use_location: False
Finished training EB misspecified with NPMLE init, with SURE: 0.12924219011931917
Finished training EB misspecified with NPMLE init, with in-sample MSE: 0.07642747406574218
Finished training EB misspecified, with SURE: 0.1252271997396958
Finished training EB misspecified, with in-sample MSE: 0.10688810195511735
Finished training EB wellspecified, with SURE: -0.0049702758282310034
Finished training EB wellspecified, with in-sample MSE: 0.18839934383053858
m: 88
Finished solving NPMLE, with SURE 0.2412805994352604
Finished solving NPMLE, with in-sample MSE 0.09164516151369925
Finished solving parametric estimator, with SURE 0.052497119003431125
Finished solving parametric estimator, with in-sample MSE 0.06588804661487084
Finished solving EBCF, with in-sample MSE 0.01985637241667349
Finished training EB SURE-LS, with SURE: 0.012133301638888944
Finished training EB SURE-LS, with in-sample MSE: 0.011811811854903997
use_scale: True
use_location: False
Finished training EB misspecified with NPMLE init, with SURE: 0.04625030092922103
Finished training EB misspecified with NPMLE init, with in-sample MSE: 0.06228162840165767
Finished training EB misspecified, with SURE: 0.046252201738118684
Finished training EB misspecified, with in-sample MSE: 0.062283470949850255
Finished training EB wellspecified, with SURE: -0.08450142594045247
Finished training EB wellspecified, with in-sample MSE: 0.1725036424912512
m: 89
Finished solving NPMLE, with SURE 0.6639569184697955
Finished solving NPMLE, with in-sample MSE 0.07391426303034399
Finished solving parametric estimator, with SURE 0.042583594461894136
Finished solving parametric estimator, with in-sample MSE 0.05231251523955332
Finished solving EBCF, with in-sample MSE 0.02876601075031144
Finished training EB SURE-LS, with SURE: -0.05163557729018109
Finished training EB SURE-LS, with in-sample MSE: 0.007768782749699991
use_scale: True
use_location: False
Finished training EB misspecified with NPMLE init, with SURE: 0.030950309946941274
Finished training EB misspecified with NPMLE init, with in-sample MSE: 0.057087023343539434
Finished training EB misspecified, with SURE: 0.03098965863172168
Finished training EB misspecified, with in-sample MSE: 0.0570951278226731
Finished training EB wellspecified, with SURE: -0.06385006431560697
Finished training EB wellspecified, with in-sample MSE: 0.022103794473935227
m: 90
Finished solving NPMLE, with SURE 0.3858593260273335
Finished solving NPMLE, with in-sample MSE 0.09817244049217293
Finished solving parametric estimator, with SURE 0.0845904876583633
Finished solving parametric estimator, with in-sample MSE 0.06147142667280562
Finished solving EBCF, with in-sample MSE 0.0441141237141131
Finished training EB SURE-LS, with SURE: 0.0047405150596451185
Finished training EB SURE-LS, with in-sample MSE: 0.03845004690789466
use_scale: True
use_location: False
Finished training EB misspecified with NPMLE init, with SURE: 0.03762520281696801
Finished training EB misspecified with NPMLE init, with in-sample MSE: 0.14102376657377025
Finished training EB misspecified, with SURE: 0.016299412579654202
Finished training EB misspecified, with in-sample MSE: 0.18968958012158596
Finished training EB wellspecified, with SURE: -0.06092648663590582
Finished training EB wellspecified, with in-sample MSE: 0.17262268171021553
m: 91
Finished solving NPMLE, with SURE 1.0155419256198428
Finished solving NPMLE, with in-sample MSE 0.0834222284296017
Finished solving parametric estimator, with SURE 0.05852411158939397
Finished solving parametric estimator, with in-sample MSE 0.048325704397548276
Finished solving EBCF, with in-sample MSE 0.023154884795730794
Finished training EB SURE-LS, with SURE: -0.046877452341288185
Finished training EB SURE-LS, with in-sample MSE: 0.01131593827018162
use_scale: True
use_location: False
Finished training EB misspecified with NPMLE init, with SURE: 0.03497868058730234
Finished training EB misspecified with NPMLE init, with in-sample MSE: 0.06786341012610042
Finished training EB misspecified, with SURE: 0.05024304660816334
Finished training EB misspecified, with in-sample MSE: 0.053555118936188445
Finished training EB wellspecified, with SURE: -0.07812215672384802
Finished training EB wellspecified, with in-sample MSE: 0.04356898291549367
m: 92
Finished solving NPMLE, with SURE 0.6302275261436969
Finished solving NPMLE, with in-sample MSE 0.06942506119345204
Finished solving parametric estimator, with SURE -0.007742126088300938
Finished solving parametric estimator, with in-sample MSE 0.05434411291729437
Finished solving EBCF, with in-sample MSE 0.007537704949903942
Finished training EB SURE-LS, with SURE: -0.05590747963790664
Finished training EB SURE-LS, with in-sample MSE: 0.003217181293576975
use_scale: True
use_location: False
Finished training EB misspecified with NPMLE init, with SURE: -0.014328605889279231
Finished training EB misspecified with NPMLE init, with in-sample MSE: 0.05270220335902083
Finished training EB misspecified, with SURE: -0.014326218519411498
Finished training EB misspecified, with in-sample MSE: 0.052703382230358635
Finished training EB wellspecified, with SURE: -0.0840206307699486
Finished training EB wellspecified, with in-sample MSE: 0.03242662204092069
m: 93
Finished solving NPMLE, with SURE 0.2343163065545584
Finished solving NPMLE, with in-sample MSE 0.1025357090933088
Finished solving parametric estimator, with SURE 0.1282147919867001
Finished solving parametric estimator, with in-sample MSE 0.0667067216575072
Finished solving EBCF, with in-sample MSE 0.07135039566699947
Finished training EB SURE-LS, with SURE: 0.06849429187581053
Finished training EB SURE-LS, with in-sample MSE: 0.04426554658699762
use_scale: True
use_location: False
Finished training EB misspecified with NPMLE init, with SURE: 0.08002784986007867
Finished training EB misspecified with NPMLE init, with in-sample MSE: 0.10884466612903627
Finished training EB misspecified, with SURE: 0.06224519717462499
Finished training EB misspecified, with in-sample MSE: 0.17861666325925019
Finished training EB wellspecified, with SURE: 0.007761265651219869
Finished training EB wellspecified, with in-sample MSE: 0.16241420801289036
m: 94
Finished solving NPMLE, with SURE 1.0382273080754143
Finished solving NPMLE, with in-sample MSE 0.15764825819890638
Finished solving parametric estimator, with SURE 0.1635839162525613
Finished solving parametric estimator, with in-sample MSE 0.0738015723169378
Finished solving EBCF, with in-sample MSE 0.049979950271344324
Finished training EB SURE-LS, with SURE: 0.10322109314554294
Finished training EB SURE-LS, with in-sample MSE: 0.027984356609958315
use_scale: True
use_location: False
Finished training EB misspecified with NPMLE init, with SURE: 0.09448799293225107
Finished training EB misspecified with NPMLE init, with in-sample MSE: 0.14663737574855487
Finished training EB misspecified, with SURE: 0.09452179966733695
Finished training EB misspecified, with in-sample MSE: 0.14664017890827602
Finished training EB wellspecified, with SURE: 0.01419701738302386
Finished training EB wellspecified, with in-sample MSE: 0.15541880549295267
m: 95
Finished solving NPMLE, with SURE 0.4513648270346778
Finished solving NPMLE, with in-sample MSE 0.09260330420794016
Finished solving parametric estimator, with SURE 0.08360726275422176
Finished solving parametric estimator, with in-sample MSE 0.06102160976796573
Finished solving EBCF, with in-sample MSE 0.01608980645873431
Finished training EB SURE-LS, with SURE: 0.01951683779542213
Finished training EB SURE-LS, with in-sample MSE: 0.004734092885197713
use_scale: True
use_location: False
Finished training EB misspecified with NPMLE init, with SURE: 0.06964227786178696
Finished training EB misspecified with NPMLE init, with in-sample MSE: 0.05533412875227175
Finished training EB misspecified, with SURE: 0.0696483113636674
Finished training EB misspecified, with in-sample MSE: 0.05533442680012274
Finished training EB wellspecified, with SURE: -0.04624554048175058
Finished training EB wellspecified, with in-sample MSE: 0.09194928376163596
m: 96
Finished solving NPMLE, with SURE 0.7288655458399876
Finished solving NPMLE, with in-sample MSE 0.05342653890714003
Finished solving parametric estimator, with SURE 0.13406987471576975
Finished solving parametric estimator, with in-sample MSE 0.05192912232909744
Finished solving EBCF, with in-sample MSE 0.0456377171606075
Finished training EB SURE-LS, with SURE: 0.05857932966612589
Finished training EB SURE-LS, with in-sample MSE: 0.017846667389951696
use_scale: True
use_location: False
Finished training EB misspecified with NPMLE init, with SURE: 0.12070104422567213
Finished training EB misspecified with NPMLE init, with in-sample MSE: 0.06562490015983419
Finished training EB misspecified, with SURE: 0.12078879582116755
Finished training EB misspecified, with in-sample MSE: 0.06564304476886232
Finished training EB wellspecified, with SURE: -0.0139568380859901
Finished training EB wellspecified, with in-sample MSE: 0.10516395938205499
m: 97
Finished solving NPMLE, with SURE 0.5815198913525436
Finished solving NPMLE, with in-sample MSE 0.07230668847496047
Finished solving parametric estimator, with SURE -0.00747141576756033
Finished solving parametric estimator, with in-sample MSE 0.05798295221774911
Finished solving EBCF, with in-sample MSE 0.009738819207399243
Finished training EB SURE-LS, with SURE: -0.08808968746284448
Finished training EB SURE-LS, with in-sample MSE: 0.00364510956609001
use_scale: True
use_location: False
Finished training EB misspecified with NPMLE init, with SURE: -0.01365130805739355
Finished training EB misspecified with NPMLE init, with in-sample MSE: 0.058142221995714526
Finished training EB misspecified, with SURE: -0.013672442124284884
Finished training EB misspecified, with in-sample MSE: 0.058108240191407076
Finished training EB wellspecified, with SURE: -0.12428162943298533
Finished training EB wellspecified, with in-sample MSE: 0.03896785808755705
m: 98
Finished solving NPMLE, with SURE 0.6322927252196304
Finished solving NPMLE, with in-sample MSE 0.11954805037559904
Finished solving parametric estimator, with SURE 0.14196845367193894
Finished solving parametric estimator, with in-sample MSE 0.08236528326568729
Finished solving EBCF, with in-sample MSE 0.051903405706667086
Finished training EB SURE-LS, with SURE: 0.095422277017293
Finished training EB SURE-LS, with in-sample MSE: 0.03600649996484154
use_scale: True
use_location: False
Finished training EB misspecified with NPMLE init, with SURE: 0.08401496255638201
Finished training EB misspecified with NPMLE init, with in-sample MSE: 0.12195054598136816
Finished training EB misspecified, with SURE: 0.0840198549664644
Finished training EB misspecified, with in-sample MSE: 0.12192564554875154
Finished training EB wellspecified, with SURE: 0.05261132670966623
Finished training EB wellspecified, with in-sample MSE: 0.10508116139988784
m: 99
Finished solving NPMLE, with SURE 0.5005009381277036
Finished solving NPMLE, with in-sample MSE 0.09554423334797342
Finished solving parametric estimator, with SURE -0.008895807971170677
Finished solving parametric estimator, with in-sample MSE 0.06521731961316374
Finished solving EBCF, with in-sample MSE 0.032057241936128175
Finished training EB SURE-LS, with SURE: -0.054777796068709944
Finished training EB SURE-LS, with in-sample MSE: 0.02635643517457774
use_scale: True
use_location: False
Finished training EB misspecified with NPMLE init, with SURE: -0.016217989331758317
Finished training EB misspecified with NPMLE init, with in-sample MSE: 0.059153049367754236
Finished training EB misspecified, with SURE: -0.016215109303899453
Finished training EB misspecified, with in-sample MSE: 0.059156223615586756
Finished training EB wellspecified, with SURE: -0.06330967661389166
Finished training EB wellspecified, with in-sample MSE: 0.029566502990221736
submitit INFO (2026-08-24 20:04:08,172) - Job completed successfully
submitit INFO (2026-08-24 20:04:08,187) - Exiting after successful completion
