submitit INFO (2026-06-01 12:39:45,742) - Starting with JobEnvironment(job_id=915385, hostname=j005-ds, local_rank=0(1), node=0(1), global_rank=0(1))
submitit INFO (2026-06-01 12:39:45,742) - Loading pickle: /home/amberlee0516/score-matching-empirical-bayes/submitit_log/915385/915385_submitted.pkl
simulate_data.py: device = cuda:0
Start location_scale_comparison
m: 1900
n: 100
experiment: c
Finished training EB misspecified with NPMLE init, with SURE: 0.07108963122258657
Finished training EB misspecified with NPMLE init, with in-sample MSE: 0.05724782040776395
Finished training EB misspecified, with SURE: 0.05864221528634552
Finished training EB misspecified, with in-sample MSE: 0.1225248007000152

 Training SURE of the models:
SURE-PM: 0.05864221528634552
NPMLE: 0.288613698656837
SURE-PM, NPMLE init: 0.07108963122258657
experiment: d
Finished training EB misspecified with NPMLE init, with SURE: -0.01311100193621421
Finished training EB misspecified with NPMLE init, with in-sample MSE: 0.01730253650557369
Finished training EB misspecified, with SURE: -0.013110921024945857
Finished training EB misspecified, with in-sample MSE: 0.017302797012322374

 Training SURE of the models:
SURE-PM: -0.013110921024945857
NPMLE: 0.062013021518090454
SURE-PM, NPMLE init: -0.01311100193621421
experiment: e
Finished training EB misspecified with NPMLE init, with SURE: 0.16575765296724485
Finished training EB misspecified with NPMLE init, with in-sample MSE: 0.27829907092916745
Finished training EB misspecified, with SURE: 0.16576177825761726
Finished training EB misspecified, with in-sample MSE: 0.2782864371553918

 Training SURE of the models:
SURE-PM: 0.16576177825761726
NPMLE: 0.27945130001609064
SURE-PM, NPMLE init: 0.16575765296724485
n: 200
experiment: c
Finished training EB misspecified with NPMLE init, with SURE: -0.026556640935240454
Finished training EB misspecified with NPMLE init, with in-sample MSE: 0.06729004686845201
Finished training EB misspecified, with SURE: -0.026511938674457766
Finished training EB misspecified, with in-sample MSE: 0.06729248722532401

 Training SURE of the models:
SURE-PM: -0.026511938674457766
NPMLE: 0.9337065279390508
SURE-PM, NPMLE init: -0.026556640935240454
experiment: d
Finished training EB misspecified with NPMLE init, with SURE: 0.013397785823470105
Finished training EB misspecified with NPMLE init, with in-sample MSE: 0.014254169636294532
