submitit WARNING (2026-06-03 23:52:17,014) - Bypassing signal SIGCONT
submitit WARNING (2026-06-03 23:52:17,015) - Caught signal SIGUSR2 on m002: this job is timed-out.
submitit ERROR (2026-06-03 23:52:17,093) - Submitted job triggered an exception
Traceback (most recent call last):
  File "/home/amberlee0516/miniconda3/envs/nn_env/lib/python3.9/runpy.py", line 197, in _run_module_as_main
    return _run_code(code, main_globals, None,
  File "/home/amberlee0516/miniconda3/envs/nn_env/lib/python3.9/runpy.py", line 87, in _run_code
    exec(code, run_globals)
  File "/home/amberlee0516/miniconda3/envs/nn_env/lib/python3.9/site-packages/submitit/core/_submit.py", line 11, in <module>
    submitit_main()
  File "/home/amberlee0516/miniconda3/envs/nn_env/lib/python3.9/site-packages/submitit/core/submission.py", line 76, in submitit_main
    process_job(args.folder)
  File "/home/amberlee0516/miniconda3/envs/nn_env/lib/python3.9/site-packages/submitit/core/submission.py", line 69, in process_job
    raise error
  File "/home/amberlee0516/miniconda3/envs/nn_env/lib/python3.9/site-packages/submitit/core/submission.py", line 55, in process_job
    result = delayed.result()
  File "/home/amberlee0516/miniconda3/envs/nn_env/lib/python3.9/site-packages/submitit/core/utils.py", line 137, in result
    self._result = self.function(*self.args, **self.kwargs)
  File "/home/amberlee0516/score-matching-empirical-bayes/submitit_optimization_checks.py", line 11, in save_mse_df
    df = make_df(start_seed, end_seed, ns,
  File "/home/amberlee0516/score-matching-empirical-bayes/optimization_checks.py", line 139, in make_df
    mse_sure_results.append(simulate_location_scale_with_seed(random_seed=m,
  File "/home/amberlee0516/score-matching-empirical-bayes/optimization_checks.py", line 71, in simulate_location_scale_with_seed
    result_NPMLEinit = train.train_no_covariates(n, B, Z, theta, X, opt_objective = 'both', init_val_pi = tr.log(pi_hat_NPMLE),
  File "/home/amberlee0516/score-matching-empirical-bayes/train.py", line 89, in train_no_covariates
    score = model.compute_score(Z, n, B, sigma).cpu().detach().numpy()
  File "/home/amberlee0516/score-matching-empirical-bayes/models.py", line 111, in compute_score
    Z_theta_sq = Z_theta**2
  File "/home/amberlee0516/miniconda3/envs/nn_env/lib/python3.9/site-packages/torch/_tensor.py", line 41, in wrapped
    return f(*args, **kwargs)
  File "/home/amberlee0516/miniconda3/envs/nn_env/lib/python3.9/site-packages/submitit/core/job_environment.py", line 226, in checkpoint_and_try_requeue
    raise utils.UncompletedJobError(message)
submitit.core.utils.UncompletedJobError: Job not requeued because: timed-out and not checkpointable.
srun: error: m002: task 0: Exited with exit code 1
