submitit INFO (2026-08-31 11:29:52,182) - Starting with JobEnvironment(job_id=1550703, hostname=g008, local_rank=0(1), node=0(1), global_rank=0(1))
submitit INFO (2026-08-31 11:29:52,182) - Loading pickle: /home/amberlee0516/score-matching-empirical-bayes/submitit_log/1550703/1550703_submitted.pkl
simulate_data.py: device = cuda:0
n: 1600
m_sim: 0
Finished solving NPMLE, with SURE 0.8431407931689336
Finished solving NPMLE, with in-sample MSE 0.0768588422529666
m_sim: 1
Finished solving NPMLE, with SURE 0.6964181081875219
Finished solving NPMLE, with in-sample MSE 0.07658673717649961
m_sim: 2
Finished solving NPMLE, with SURE 0.4696741954846553
Finished solving NPMLE, with in-sample MSE 0.09833920825535925
m_sim: 3
Finished solving NPMLE, with SURE 0.6685033965188897
Finished solving NPMLE, with in-sample MSE 0.07515405963831084
m_sim: 4
Finished solving NPMLE, with SURE 0.7007958996259801
Finished solving NPMLE, with in-sample MSE 0.08132011792641045
m_sim: 5
Finished solving NPMLE, with SURE 0.7097335270207268
Finished solving NPMLE, with in-sample MSE 0.07820905658544963
m_sim: 6
Finished solving NPMLE, with SURE 0.7528959732112771
Finished solving NPMLE, with in-sample MSE 0.07944009241291783
m_sim: 7
Finished solving NPMLE, with SURE 0.9322392634029221
Finished solving NPMLE, with in-sample MSE 0.06867418005547095
m_sim: 8
Finished solving NPMLE, with SURE 0.8692896453737846
Finished solving NPMLE, with in-sample MSE 0.07722964645490404
m_sim: 9
Finished solving NPMLE, with SURE 0.6158078036368636
Finished solving NPMLE, with in-sample MSE 0.07059903167493559
df:              estimator      sure  sure_1000th_iter  ...  m     n  experiment
0                NPMLE  0.843141               NaN  ...  0  1600           c
1      SURE-PM uniform  0.054789          0.057792  ...  0  1600           c
2    SURE-PM NPMLEinit  0.054778          0.054783  ...  0  1600           c
3       SURE-PM random  0.054792          0.057824  ...  0  1600           c
4       SURE-PM random  0.054795          0.057777  ...  0  1600           c
..                 ...       ...               ...  ... ..   ...         ...
125     SURE-PM random  0.047839          0.048205  ...  9  1600           c
126     SURE-PM random  0.047840          0.048208  ...  9  1600           c
127     SURE-PM random  0.047840          0.048230  ...  9  1600           c
128     SURE-PM random  0.047839          0.048204  ...  9  1600           c
129     SURE-PM random  0.047839          0.048224  ...  9  1600           c

[130 rows x 8 columns]
n: 1600
m_sim: 0
Finished solving NPMLE, with SURE 0.12397891523670904
Finished solving NPMLE, with in-sample MSE 0.0053970437718174015
m_sim: 1
Finished solving NPMLE, with SURE 0.09719074390019507
Finished solving NPMLE, with in-sample MSE 0.007313945534304854
m_sim: 2
Finished solving NPMLE, with SURE 0.04147937856634357
Finished solving NPMLE, with in-sample MSE 0.005666645067288485
m_sim: 3
Finished solving NPMLE, with SURE 0.06025073153005828
Finished solving NPMLE, with in-sample MSE 0.005708225547720034
m_sim: 4
Finished solving NPMLE, with SURE 0.04796772605734155
Finished solving NPMLE, with in-sample MSE 0.006421326942523413
m_sim: 5
Finished solving NPMLE, with SURE 0.2581803101848445
Finished solving NPMLE, with in-sample MSE 0.0067839362578931695
m_sim: 6
Finished solving NPMLE, with SURE 0.052689224254079965
Finished solving NPMLE, with in-sample MSE 0.0066393097243732865
m_sim: 7
Finished solving NPMLE, with SURE 0.17473180992910295
Finished solving NPMLE, with in-sample MSE 0.006874915371768422
m_sim: 8
Finished solving NPMLE, with SURE 0.06815459839760322
Finished solving NPMLE, with in-sample MSE 0.00616879409294493
m_sim: 9
Finished solving NPMLE, with SURE 0.10120647994566136
Finished solving NPMLE, with in-sample MSE 0.006159944205594399
df:              estimator      sure  sure_1000th_iter  ...  m     n  experiment
0                NPMLE  0.123979               NaN  ...  0  1600           d
1      SURE-PM uniform  0.009788          0.010007  ...  0  1600           d
2    SURE-PM NPMLEinit  0.009787          0.009787  ...  0  1600           d
3       SURE-PM random  0.009787          0.010008  ...  0  1600           d
4       SURE-PM random  0.009788          0.010006  ...  0  1600           d
..                 ...       ...               ...  ... ..   ...         ...
125     SURE-PM random -0.001042         -0.001031  ...  9  1600           d
126     SURE-PM random -0.001042         -0.001034  ...  9  1600           d
127     SURE-PM random -0.001042         -0.001032  ...  9  1600           d
128     SURE-PM random -0.001042         -0.001029  ...  9  1600           d
129     SURE-PM random -0.001042         -0.001033  ...  9  1600           d

[130 rows x 8 columns]
n: 1600
m_sim: 0
Finished solving NPMLE, with SURE 0.3021798649952355
Finished solving NPMLE, with in-sample MSE 0.2920879847452367
m_sim: 1
Finished solving NPMLE, with SURE 0.3432027503726971
Finished solving NPMLE, with in-sample MSE 0.2794190190367967
m_sim: 2
Finished solving NPMLE, with SURE 0.3309865103016429
Finished solving NPMLE, with in-sample MSE 0.2671972889857573
m_sim: 3
Finished solving NPMLE, with SURE 0.3530587053024585
Finished solving NPMLE, with in-sample MSE 0.26948593655245745
m_sim: 4
Finished solving NPMLE, with SURE 0.43390572867561944
Finished solving NPMLE, with in-sample MSE 0.2683784847378821
m_sim: 5
Finished solving NPMLE, with SURE 0.335982284756805
Finished solving NPMLE, with in-sample MSE 0.25792389024104007
m_sim: 6
Finished solving NPMLE, with SURE 0.3607770700703433
Finished solving NPMLE, with in-sample MSE 0.24270184991405205
m_sim: 7
Finished solving NPMLE, with SURE 0.3481132606495243
Finished solving NPMLE, with in-sample MSE 0.2616195426750687
m_sim: 8
Finished solving NPMLE, with SURE 0.5008413494139928
Finished solving NPMLE, with in-sample MSE 0.276958418796935
m_sim: 9
Finished solving NPMLE, with SURE 0.336197642018022
Finished solving NPMLE, with in-sample MSE 0.25653480903780657
df:              estimator      sure  sure_1000th_iter  ...  m     n  experiment
0                NPMLE  0.302180               NaN  ...  0  1600           e
1      SURE-PM uniform  0.174581          0.174906  ...  0  1600           e
2    SURE-PM NPMLEinit  0.178593          0.178613  ...  0  1600           e
3       SURE-PM random  0.174581          0.174906  ...  0  1600           e
4       SURE-PM random  0.174582          0.174925  ...  0  1600           e
..                 ...       ...               ...  ... ..   ...         ...
125     SURE-PM random  0.170092          0.171061  ...  9  1600           e
126     SURE-PM random  0.170097          0.171065  ...  9  1600           e
127     SURE-PM random  0.170092          0.171066  ...  9  1600           e
128     SURE-PM random  0.170091          0.171056  ...  9  1600           e
129     SURE-PM random  0.170092          0.171075  ...  9  1600           e

[130 rows x 8 columns]
n: 1600
m_sim: 0
Finished solving NPMLE, with SURE 0.913493583396767
Finished solving NPMLE, with in-sample MSE 0.07542488966761415
m_sim: 1
Finished solving NPMLE, with SURE 0.9755562686768922
Finished solving NPMLE, with in-sample MSE 0.08134639955998667
m_sim: 2
Finished solving NPMLE, with SURE 0.8898904749421018
Finished solving NPMLE, with in-sample MSE 0.07954899185495441
submitit INFO (2026-08-31 21:28:14,348) - Job has timed out. Ran 598 minutes out of requested 600 minutes.
submitit WARNING (2026-08-31 21:28:14,349) - Caught signal SIGUSR2 on g008: this job is timed-out.
submitit INFO (2026-08-31 21:28:14,349) - Job not requeued because: timed-out and not checkpointable.
submitit WARNING (2026-08-31 21:28:14,349) - Bypassing signal SIGCONT
submitit ERROR (2026-08-31 21:28:14,459) - Submitted job triggered an exception
