submitit INFO (2026-08-24 18:49:08,608) - Starting with JobEnvironment(job_id=1484546, hostname=h001, local_rank=0(1), node=0(1), global_rank=0(1))
submitit INFO (2026-08-24 18:49:08,608) - Loading pickle: /home/amberlee0516/score-matching-empirical-bayes/submitit_log/1484546/1484546_submitted.pkl
simulate_data.py: device = cuda:0

n: 100
m: 150
Finished solving NPMLE, with SURE 1.032098974396109
Finished solving NPMLE, with in-sample MSE 0.07142898949829272
Finished solving parametric estimator, with SURE 0.005340601414507873
Finished solving parametric estimator, with in-sample MSE 0.06838251089279987
Finished solving EBCF, with in-sample MSE 0.03541024887012815
Finished training EB SURE-LS, with SURE: -0.026713126996444726
Finished training EB SURE-LS, with in-sample MSE: 0.014827218353522608
use_scale: True
use_location: False
Finished training EB misspecified with NPMLE init, with SURE: -0.03322100068832896
Finished training EB misspecified with NPMLE init, with in-sample MSE: 0.11883782833941084
Finished training EB misspecified, with SURE: -0.006383121383746015
Finished training EB misspecified, with in-sample MSE: 0.06837599254056098
Finished training EB wellspecified, with SURE: -0.04865043126661675
Finished training EB wellspecified, with in-sample MSE: 0.028007134616109507
m: 151
Finished solving NPMLE, with SURE 0.9356070586021352
Finished solving NPMLE, with in-sample MSE 0.09468725386994371
Finished solving parametric estimator, with SURE -0.03665469838227159
Finished solving parametric estimator, with in-sample MSE 0.05886872164956968
Finished solving EBCF, with in-sample MSE 0.020512457295152046
Finished training EB SURE-LS, with SURE: -0.11112351988109793
Finished training EB SURE-LS, with in-sample MSE: 0.004247627108854609
use_scale: True
use_location: False
Finished training EB misspecified with NPMLE init, with SURE: -0.06339795690060299
Finished training EB misspecified with NPMLE init, with in-sample MSE: 0.06731143883875795
Finished training EB misspecified, with SURE: -0.06339644427225032
Finished training EB misspecified, with in-sample MSE: 0.0671572176149213
Finished training EB wellspecified, with SURE: -0.11634217303047781
Finished training EB wellspecified, with in-sample MSE: 0.010450204100115261
m: 152
Finished solving NPMLE, with SURE 0.3820941478613476
Finished solving NPMLE, with in-sample MSE 0.08631682152270673
Finished solving parametric estimator, with SURE 0.017029980232346364
Finished solving parametric estimator, with in-sample MSE 0.05737285612644418
Finished solving EBCF, with in-sample MSE 0.051291444601234026
Finished training EB SURE-LS, with SURE: -0.05348128541481204
Finished training EB SURE-LS, with in-sample MSE: 0.0009726044174912452
use_scale: True
use_location: False
Finished training EB misspecified with NPMLE init, with SURE: -0.006613144323220723
Finished training EB misspecified with NPMLE init, with in-sample MSE: 0.08879341790777642
Finished training EB misspecified, with SURE: -0.006572332697705434
Finished training EB misspecified, with in-sample MSE: 0.0891526979818158
Finished training EB wellspecified, with SURE: -0.08189340881636874
Finished training EB wellspecified, with in-sample MSE: 0.02492565753030064
m: 153
Finished solving NPMLE, with SURE 0.5941105302376829
Finished solving NPMLE, with in-sample MSE 0.08375001052584434
Finished solving parametric estimator, with SURE 0.05301744708067119
Finished solving parametric estimator, with in-sample MSE 0.04227828259658578
Finished solving EBCF, with in-sample MSE 0.07131688325970345
Finished training EB SURE-LS, with SURE: -0.14656942526381248
Finished training EB SURE-LS, with in-sample MSE: 0.06217625899534351
use_scale: True
use_location: False
Finished training EB misspecified with NPMLE init, with SURE: 0.02038688833700462
Finished training EB misspecified with NPMLE init, with in-sample MSE: 0.0731142309999422
Finished training EB misspecified, with SURE: 0.017105005225763394
Finished training EB misspecified, with in-sample MSE: 0.07635589168586221
Finished training EB wellspecified, with SURE: -0.23910925650957424
Finished training EB wellspecified, with in-sample MSE: 0.197452272726227
m: 154
Finished solving NPMLE, with SURE 0.8687168158763896
Finished solving NPMLE, with in-sample MSE 0.09182188179036498
Finished solving parametric estimator, with SURE 0.10030716295963055
Finished solving parametric estimator, with in-sample MSE 0.05514440786126383
Finished solving EBCF, with in-sample MSE 0.024005868088161252
Finished training EB SURE-LS, with SURE: 0.008671648277599564
Finished training EB SURE-LS, with in-sample MSE: 0.003265047002844331
use_scale: True
use_location: False
Finished training EB misspecified with NPMLE init, with SURE: 0.06348670834968559
Finished training EB misspecified with NPMLE init, with in-sample MSE: 0.06731275813027869
Finished training EB misspecified, with SURE: 0.0635007163830749
Finished training EB misspecified, with in-sample MSE: 0.06730521744830552
Finished training EB wellspecified, with SURE: -0.11955448577722845
Finished training EB wellspecified, with in-sample MSE: 0.22346820811638066
m: 155
Finished solving NPMLE, with SURE 0.6980454241327133
Finished solving NPMLE, with in-sample MSE 0.060373924898252655
Finished solving parametric estimator, with SURE 0.11179694819847774
Finished solving parametric estimator, with in-sample MSE 0.05793199175706007
Finished solving EBCF, with in-sample MSE 0.07140140197000158
Finished training EB SURE-LS, with SURE: 0.05712680115601519
Finished training EB SURE-LS, with in-sample MSE: 0.013181584687860919
use_scale: True
use_location: False
Finished training EB misspecified with NPMLE init, with SURE: 0.09774893112118392
Finished training EB misspecified with NPMLE init, with in-sample MSE: 0.06703024920938908
Finished training EB misspecified, with SURE: 0.09775528774682883
Finished training EB misspecified, with in-sample MSE: 0.06720315990572029
Finished training EB wellspecified, with SURE: -0.02359434031060819
Finished training EB wellspecified, with in-sample MSE: 0.10246795199062145
m: 156
Finished solving NPMLE, with SURE 0.04997717372233865
Finished solving NPMLE, with in-sample MSE 0.10593102862736725
Finished solving parametric estimator, with SURE 0.027942148458445448
Finished solving parametric estimator, with in-sample MSE 0.07511608091717006
Finished solving EBCF, with in-sample MSE 0.08561050181966331
Finished training EB SURE-LS, with SURE: -0.046913177815873584
Finished training EB SURE-LS, with in-sample MSE: 0.07883800460553077
use_scale: True
use_location: False
Finished training EB misspecified with NPMLE init, with SURE: -0.04169689450642935
Finished training EB misspecified with NPMLE init, with in-sample MSE: 0.19364081597411711
Finished training EB misspecified, with SURE: -0.04167562488883789
Finished training EB misspecified, with in-sample MSE: 0.19367085811561233
Finished training EB wellspecified, with SURE: -0.1505453988972016
Finished training EB wellspecified, with in-sample MSE: 0.23006440660469227
m: 157
Finished solving NPMLE, with SURE 0.7797495791812734
Finished solving NPMLE, with in-sample MSE 0.12059258242605882
Finished solving parametric estimator, with SURE 0.05400946654940919
Finished solving parametric estimator, with in-sample MSE 0.061822906919349226
Finished solving EBCF, with in-sample MSE 0.003956215759038707
Finished training EB SURE-LS, with SURE: 0.0025231228696896693
Finished training EB SURE-LS, with in-sample MSE: 0.0038985264815401943
use_scale: True
use_location: False
Finished training EB misspecified with NPMLE init, with SURE: -0.017869135016842605
Finished training EB misspecified with NPMLE init, with in-sample MSE: 0.12038890864762117
Finished training EB misspecified, with SURE: -0.017863589486395954
Finished training EB misspecified, with in-sample MSE: 0.120396330365923
Finished training EB wellspecified, with SURE: -0.12529335128271568
Finished training EB wellspecified, with in-sample MSE: 0.17508668555511345
m: 158
Finished solving NPMLE, with SURE 0.5380232153012291
Finished solving NPMLE, with in-sample MSE 0.07769809320282775
Finished solving parametric estimator, with SURE 0.03700874554177802
Finished solving parametric estimator, with in-sample MSE 0.053316050334462434
Finished solving EBCF, with in-sample MSE 0.03128984129867576
Finished training EB SURE-LS, with SURE: -0.055859233917608296
Finished training EB SURE-LS, with in-sample MSE: 0.011321206220384532
use_scale: True
use_location: False
Finished training EB misspecified with NPMLE init, with SURE: 0.021898642185923835
Finished training EB misspecified with NPMLE init, with in-sample MSE: 0.053370002501576606
Finished training EB misspecified, with SURE: 0.021907499575331925
Finished training EB misspecified, with in-sample MSE: 0.05337465177859082
Finished training EB wellspecified, with SURE: -0.1264137453601115
Finished training EB wellspecified, with in-sample MSE: 0.0755090168808088
m: 159
Finished solving NPMLE, with SURE 0.6597137844498365
Finished solving NPMLE, with in-sample MSE 0.10919876166475127
Finished solving parametric estimator, with SURE -0.030971021666856446
Finished solving parametric estimator, with in-sample MSE 0.07382740035982169
Finished solving EBCF, with in-sample MSE 0.054339263812904694
Finished training EB SURE-LS, with SURE: -0.11554345223572537
Finished training EB SURE-LS, with in-sample MSE: 0.029358410588657666
use_scale: True
use_location: False
Finished training EB misspecified with NPMLE init, with SURE: -0.04219091064290197
Finished training EB misspecified with NPMLE init, with in-sample MSE: 0.06937786895643629
Finished training EB misspecified, with SURE: -0.04218373171909562
Finished training EB misspecified, with in-sample MSE: 0.06938138100194167
Finished training EB wellspecified, with SURE: -0.17833015786601306
Finished training EB wellspecified, with in-sample MSE: 0.0741575890355664
m: 160
Finished solving NPMLE, with SURE 1.0539229008186723
Finished solving NPMLE, with in-sample MSE 0.06996395635916858
Finished solving parametric estimator, with SURE -0.01888855355874297
Finished solving parametric estimator, with in-sample MSE 0.06723912454079921
Finished solving EBCF, with in-sample MSE 0.08146870035648424
Finished training EB SURE-LS, with SURE: -0.06969405697108413
Finished training EB SURE-LS, with in-sample MSE: 0.005541437476361327
use_scale: True
use_location: False
Finished training EB misspecified with NPMLE init, with SURE: -0.03251586761189195
Finished training EB misspecified with NPMLE init, with in-sample MSE: 0.06572650106863297
Finished training EB misspecified, with SURE: -0.032493179806345154
Finished training EB misspecified, with in-sample MSE: 0.06571062639004176
Finished training EB wellspecified, with SURE: -0.0871763378864095
Finished training EB wellspecified, with in-sample MSE: 0.0247118274623173
m: 161
Finished solving NPMLE, with SURE 0.6066241053275658
Finished solving NPMLE, with in-sample MSE 0.09406260002935324
Finished solving parametric estimator, with SURE 0.14987223632233812
Finished solving parametric estimator, with in-sample MSE 0.060819617053398306
Finished solving EBCF, with in-sample MSE 0.043057374700591164
Finished training EB SURE-LS, with SURE: -0.028553188758553047
Finished training EB SURE-LS, with in-sample MSE: 0.10684310088540279
use_scale: True
use_location: False
Finished training EB misspecified with NPMLE init, with SURE: 0.10435221893127619
Finished training EB misspecified with NPMLE init, with in-sample MSE: 0.08784007262908583
Finished training EB misspecified, with SURE: 0.10436314097448318
Finished training EB misspecified, with in-sample MSE: 0.0878314769036542
Finished training EB wellspecified, with SURE: -0.11589457051552451
Finished training EB wellspecified, with in-sample MSE: 0.3155871766298434
m: 162
Finished solving NPMLE, with SURE 0.6449065311826919
Finished solving NPMLE, with in-sample MSE 0.1327621648224547
Finished solving parametric estimator, with SURE 0.12990490654280473
Finished solving parametric estimator, with in-sample MSE 0.09590506641573546
Finished solving EBCF, with in-sample MSE 0.0791373211899219
Finished training EB SURE-LS, with SURE: 0.08467158044211293
Finished training EB SURE-LS, with in-sample MSE: 0.04358694441539272
use_scale: True
use_location: False
Finished training EB misspecified with NPMLE init, with SURE: 0.08207904813268783
Finished training EB misspecified with NPMLE init, with in-sample MSE: 0.12649436461308516
Finished training EB misspecified, with SURE: 0.08208861550476208
Finished training EB misspecified, with in-sample MSE: 0.1267107389857432
Finished training EB wellspecified, with SURE: -0.0597010192212814
Finished training EB wellspecified, with in-sample MSE: 0.24848197689527116
m: 163
Finished solving NPMLE, with SURE 0.5929132325350109
Finished solving NPMLE, with in-sample MSE 0.08091183925785213
Finished solving parametric estimator, with SURE 0.13859171138565946
Finished solving parametric estimator, with in-sample MSE 0.061363154241168394
Finished solving EBCF, with in-sample MSE 0.04693752099571498
Finished training EB SURE-LS, with SURE: 0.07467234796734552
Finished training EB SURE-LS, with in-sample MSE: 0.016792511886536285
use_scale: True
use_location: False
Finished training EB misspecified with NPMLE init, with SURE: 0.11063579316810106
Finished training EB misspecified with NPMLE init, with in-sample MSE: 0.0768105629497261
Finished training EB misspecified, with SURE: 0.11070533505255625
Finished training EB misspecified, with in-sample MSE: 0.07653225219517105
Finished training EB wellspecified, with SURE: -0.0325785206800316
Finished training EB wellspecified, with in-sample MSE: 0.14879182677738537
m: 164
Finished solving NPMLE, with SURE 0.4750802151917716
Finished solving NPMLE, with in-sample MSE 0.1621370295901285
Finished solving parametric estimator, with SURE 0.1004538276103214
Finished solving parametric estimator, with in-sample MSE 0.08766727254149347
Finished solving EBCF, with in-sample MSE 0.08971208386201109
Finished training EB SURE-LS, with SURE: 0.04777151794174977
Finished training EB SURE-LS, with in-sample MSE: 0.022812212971390404
use_scale: True
use_location: False
Finished training EB misspecified with NPMLE init, with SURE: 0.04172020282577854
Finished training EB misspecified with NPMLE init, with in-sample MSE: 0.11523240811600831
Finished training EB misspecified, with SURE: 0.04171234677492542
Finished training EB misspecified, with in-sample MSE: 0.11525933884211056
Finished training EB wellspecified, with SURE: -0.07737453938647805
Finished training EB wellspecified, with in-sample MSE: 0.18258414304790474
m: 165
Finished solving NPMLE, with SURE 0.9496378614881874
Finished solving NPMLE, with in-sample MSE 0.07182226065493778
Finished solving parametric estimator, with SURE 0.023987998552155942
Finished solving parametric estimator, with in-sample MSE 0.057340733748109635
Finished solving EBCF, with in-sample MSE 0.033342052315968526
Finished training EB SURE-LS, with SURE: -0.057722710094243936
Finished training EB SURE-LS, with in-sample MSE: 0.02271400609707308
use_scale: True
use_location: False
Finished training EB misspecified with NPMLE init, with SURE: 0.012995958642673387
Finished training EB misspecified with NPMLE init, with in-sample MSE: 0.05662823881862028
Finished training EB misspecified, with SURE: 0.012999552087861943
Finished training EB misspecified, with in-sample MSE: 0.05663242787575583
Finished training EB wellspecified, with SURE: -0.06922842262198009
Finished training EB wellspecified, with in-sample MSE: 0.030237398220530457
m: 166
Finished solving NPMLE, with SURE 0.397537834418536
Finished solving NPMLE, with in-sample MSE 0.06461517743989949
Finished solving parametric estimator, with SURE 0.09124071536684492
Finished solving parametric estimator, with in-sample MSE 0.048188076639638935
Finished solving EBCF, with in-sample MSE 0.04230041008240727
Finished training EB SURE-LS, with SURE: -0.04520238624426149
Finished training EB SURE-LS, with in-sample MSE: 0.04114047100035709
use_scale: True
use_location: False
Finished training EB misspecified with NPMLE init, with SURE: 0.06937196696542258
Finished training EB misspecified with NPMLE init, with in-sample MSE: 0.07002716547913715
Finished training EB misspecified, with SURE: 0.0694052855501095
Finished training EB misspecified, with in-sample MSE: 0.07003238839903153
Finished training EB wellspecified, with SURE: -0.1469643767293357
Finished training EB wellspecified, with in-sample MSE: 0.1529005295672294
m: 167
Finished solving NPMLE, with SURE 0.9428441557753614
Finished solving NPMLE, with in-sample MSE 0.09146838997063987
Finished solving parametric estimator, with SURE 0.08587294908730359
Finished solving parametric estimator, with in-sample MSE 0.05081320621093439
Finished solving EBCF, with in-sample MSE 0.07126257953628143
Finished training EB SURE-LS, with SURE: -0.02651451475757135
Finished training EB SURE-LS, with in-sample MSE: 0.008281590488595685
use_scale: True
use_location: False
Finished training EB misspecified with NPMLE init, with SURE: 0.06430799246927144
Finished training EB misspecified with NPMLE init, with in-sample MSE: 0.04854897277498311
Finished training EB misspecified, with SURE: 0.06431297463008491
Finished training EB misspecified, with in-sample MSE: 0.04854807989555215
Finished training EB wellspecified, with SURE: -0.09806678975114136
Finished training EB wellspecified, with in-sample MSE: 0.08043629683175943
m: 168
Finished solving NPMLE, with SURE 0.9145408142404944
Finished solving NPMLE, with in-sample MSE 0.07621088864390935
Finished solving parametric estimator, with SURE -0.03401618302410497
Finished solving parametric estimator, with in-sample MSE 0.05878551577053588
Finished solving EBCF, with in-sample MSE 0.006587448000269748
Finished training EB SURE-LS, with SURE: -0.15880121152786783
Finished training EB SURE-LS, with in-sample MSE: 0.01061834653925377
use_scale: True
use_location: False
Finished training EB misspecified with NPMLE init, with SURE: -0.04944151933785861
Finished training EB misspecified with NPMLE init, with in-sample MSE: 0.05673686671805421
Finished training EB misspecified, with SURE: -0.04942614264508649
Finished training EB misspecified, with in-sample MSE: 0.05673365815729332
Finished training EB wellspecified, with SURE: -0.1929172307009143
Finished training EB wellspecified, with in-sample MSE: 0.04606586880054003
m: 169
Finished solving NPMLE, with SURE 0.7275409366855624
Finished solving NPMLE, with in-sample MSE 0.08125811620236754
Finished solving parametric estimator, with SURE 0.04699954108354343
Finished solving parametric estimator, with in-sample MSE 0.047509051619538764
Finished solving EBCF, with in-sample MSE 0.05111242260625698
Finished training EB SURE-LS, with SURE: -0.1831398438829845
Finished training EB SURE-LS, with in-sample MSE: 0.06638228445722077
use_scale: True
use_location: False
Finished training EB misspecified with NPMLE init, with SURE: 0.017496117130558205
Finished training EB misspecified with NPMLE init, with in-sample MSE: 0.07186659987028908
Finished training EB misspecified, with SURE: 0.017499280896256904
Finished training EB misspecified, with in-sample MSE: 0.07191016825111757
Finished training EB wellspecified, with SURE: -0.19647094969535533
Finished training EB wellspecified, with in-sample MSE: 0.08623459137198276
m: 170
Finished solving NPMLE, with SURE 0.6752251321030645
Finished solving NPMLE, with in-sample MSE 0.08065596176024024
Finished solving parametric estimator, with SURE 0.12493501016026676
Finished solving parametric estimator, with in-sample MSE 0.05845743108188014
Finished solving EBCF, with in-sample MSE 0.04965355828459568
Finished training EB SURE-LS, with SURE: 0.015351333138307388
Finished training EB SURE-LS, with in-sample MSE: 0.029077610468252767
use_scale: True
use_location: False
Finished training EB misspecified with NPMLE init, with SURE: 0.08279282638518268
Finished training EB misspecified with NPMLE init, with in-sample MSE: 0.0849892011858058
Finished training EB misspecified, with SURE: 0.08278684111081468
Finished training EB misspecified, with in-sample MSE: 0.08504056224555878
Finished training EB wellspecified, with SURE: -0.08413652164586191
Finished training EB wellspecified, with in-sample MSE: 0.21664484382954138
m: 171
Finished solving NPMLE, with SURE 0.8502388215858038
Finished solving NPMLE, with in-sample MSE 0.17510127199375192
Finished solving parametric estimator, with SURE 0.12989678010370787
Finished solving parametric estimator, with in-sample MSE 0.07124591446917011
Finished solving EBCF, with in-sample MSE 0.02581146983805389
Finished training EB SURE-LS, with SURE: 0.0633774969277012
Finished training EB SURE-LS, with in-sample MSE: 0.013137375180109552
use_scale: True
use_location: False
Finished training EB misspecified with NPMLE init, with SURE: 0.0674720945681873
Finished training EB misspecified with NPMLE init, with in-sample MSE: 0.1403395756591836
Finished training EB misspecified, with SURE: 0.06788575532674998
Finished training EB misspecified, with in-sample MSE: 0.14748781865782198
Finished training EB wellspecified, with SURE: -0.10864617365745823
Finished training EB wellspecified, with in-sample MSE: 0.20719367403900413
m: 172
Finished solving NPMLE, with SURE 0.8801711717291896
Finished solving NPMLE, with in-sample MSE 0.07070625857282298
Finished solving parametric estimator, with SURE 0.13404407143601133
Finished solving parametric estimator, with in-sample MSE 0.09143574937533978
Finished solving EBCF, with in-sample MSE 0.13029169901472762
Finished training EB SURE-LS, with SURE: 0.05599202488273981
Finished training EB SURE-LS, with in-sample MSE: 0.05852388590739313
use_scale: True
use_location: False
Finished training EB misspecified with NPMLE init, with SURE: 0.11092879381026989
Finished training EB misspecified with NPMLE init, with in-sample MSE: 0.12532154924630598
Finished training EB misspecified, with SURE: 0.11093816123191318
Finished training EB misspecified, with in-sample MSE: 0.12531691535285444
Finished training EB wellspecified, with SURE: -0.10081426764028749
Finished training EB wellspecified, with in-sample MSE: 0.2662478809699418
m: 173
Finished solving NPMLE, with SURE 0.4341554609974389
Finished solving NPMLE, with in-sample MSE 0.07068251157897051
Finished solving parametric estimator, with SURE 0.05713751594202876
Finished solving parametric estimator, with in-sample MSE 0.05917959963228287
Finished solving EBCF, with in-sample MSE 0.0554843168060831
Finished training EB SURE-LS, with SURE: -0.010626983244233048
Finished training EB SURE-LS, with in-sample MSE: 0.018572741478073106
use_scale: True
use_location: False
Finished training EB misspecified with NPMLE init, with SURE: 0.045286059067391096
Finished training EB misspecified with NPMLE init, with in-sample MSE: 0.06216865942409239
Finished training EB misspecified, with SURE: 0.04529514202730184
Finished training EB misspecified, with in-sample MSE: 0.06218136070883732
Finished training EB wellspecified, with SURE: -0.025224147739569967
Finished training EB wellspecified, with in-sample MSE: 0.015815433202278188
m: 174
Finished solving NPMLE, with SURE 1.3117368954104438
Finished solving NPMLE, with in-sample MSE 0.11266000785428666
Finished solving parametric estimator, with SURE 0.046288989635833555
Finished solving parametric estimator, with in-sample MSE 0.059715383224803444
Finished solving EBCF, with in-sample MSE 0.041704689352261015
Finished training EB SURE-LS, with SURE: -0.04534265522866047
Finished training EB SURE-LS, with in-sample MSE: 0.02217004079815686
use_scale: True
use_location: False
Finished training EB misspecified with NPMLE init, with SURE: -0.03794058643396724
Finished training EB misspecified with NPMLE init, with in-sample MSE: 0.18928653868817283
Finished training EB misspecified, with SURE: -0.03790248709578954
Finished training EB misspecified, with in-sample MSE: 0.1892181262570446
Finished training EB wellspecified, with SURE: -0.055805762480773104
Finished training EB wellspecified, with in-sample MSE: 0.03342279739679596
m: 175
Finished solving NPMLE, with SURE 0.6111804643044952
Finished solving NPMLE, with in-sample MSE 0.08186858608338973
Finished solving parametric estimator, with SURE 0.10307007315147332
Finished solving parametric estimator, with in-sample MSE 0.049331153230065136
Finished solving EBCF, with in-sample MSE 0.031441660976839536
Finished training EB SURE-LS, with SURE: 0.01213559907718849
Finished training EB SURE-LS, with in-sample MSE: 0.008124221330294829
use_scale: True
use_location: False
Finished training EB misspecified with NPMLE init, with SURE: 0.0763938747176983
Finished training EB misspecified with NPMLE init, with in-sample MSE: 0.06632080437541679
Finished training EB misspecified, with SURE: 0.07640850715906965
Finished training EB misspecified, with in-sample MSE: 0.06630373888293596
Finished training EB wellspecified, with SURE: -0.012424873943561737
Finished training EB wellspecified, with in-sample MSE: 0.029955716854922664
m: 176
Finished solving NPMLE, with SURE 0.5165448156248598
Finished solving NPMLE, with in-sample MSE 0.0926831601740931
Finished solving parametric estimator, with SURE 0.13377306436620706
Finished solving parametric estimator, with in-sample MSE 0.07837727775536459
Finished solving EBCF, with in-sample MSE 0.06931449587887527
Finished training EB SURE-LS, with SURE: 0.056488979426006856
Finished training EB SURE-LS, with in-sample MSE: 0.049465248662809866
use_scale: True
use_location: False
Finished training EB misspecified with NPMLE init, with SURE: 0.11615334323047904
Finished training EB misspecified with NPMLE init, with in-sample MSE: 0.07671931144157519
Finished training EB misspecified, with SURE: 0.11699183299137544
Finished training EB misspecified, with in-sample MSE: 0.07717080701236607
Finished training EB wellspecified, with SURE: -0.12977652972196432
Finished training EB wellspecified, with in-sample MSE: 0.3559034480040584
m: 177
Finished solving NPMLE, with SURE 0.4611280950742777
Finished solving NPMLE, with in-sample MSE 0.10768345294692479
Finished solving parametric estimator, with SURE 0.05045228940708474
Finished solving parametric estimator, with in-sample MSE 0.0699327411107283
Finished solving EBCF, with in-sample MSE 0.05950702499733945
Finished training EB SURE-LS, with SURE: 0.0029916374907466236
Finished training EB SURE-LS, with in-sample MSE: 0.009026979587361027
use_scale: True
use_location: False
Finished training EB misspecified with NPMLE init, with SURE: 0.005080429088614835
Finished training EB misspecified with NPMLE init, with in-sample MSE: 0.08383412801782118
Finished training EB misspecified, with SURE: 0.005087012357113708
Finished training EB misspecified, with in-sample MSE: 0.08388694425411652
Finished training EB wellspecified, with SURE: -0.10698294543748998
Finished training EB wellspecified, with in-sample MSE: 0.18968163672096094
m: 178
Finished solving NPMLE, with SURE 0.7400069332130027
Finished solving NPMLE, with in-sample MSE 0.0662138713526653
Finished solving parametric estimator, with SURE -0.01334549897053483
Finished solving parametric estimator, with in-sample MSE 0.06552229486357146
Finished solving EBCF, with in-sample MSE 0.014716736331081382
Finished training EB SURE-LS, with SURE: -0.0672343489031498
Finished training EB SURE-LS, with in-sample MSE: 0.009119361656620533
use_scale: True
use_location: False
Finished training EB misspecified with NPMLE init, with SURE: -0.027016354165793927
Finished training EB misspecified with NPMLE init, with in-sample MSE: 0.07056314117052664
Finished training EB misspecified, with SURE: -0.026980491677342542
Finished training EB misspecified, with in-sample MSE: 0.07051310533461667
Finished training EB wellspecified, with SURE: -0.15017234528252707
Finished training EB wellspecified, with in-sample MSE: 0.0965605957428475
m: 179
Finished solving NPMLE, with SURE 0.28478040933383114
Finished solving NPMLE, with in-sample MSE 0.06832628832707541
Finished solving parametric estimator, with SURE 0.023107931290960892
Finished solving parametric estimator, with in-sample MSE 0.06102243070029341
Finished solving EBCF, with in-sample MSE 0.031830118333733406
Finished training EB SURE-LS, with SURE: -0.03783430808877693
Finished training EB SURE-LS, with in-sample MSE: 0.007694265119426014
use_scale: True
use_location: False
Finished training EB misspecified with NPMLE init, with SURE: 0.010158878827995323
Finished training EB misspecified with NPMLE init, with in-sample MSE: 0.06868407980276728
Finished training EB misspecified, with SURE: 0.010174189279679524
Finished training EB misspecified, with in-sample MSE: 0.06852943707402898
Finished training EB wellspecified, with SURE: -0.12694578798147022
Finished training EB wellspecified, with in-sample MSE: 0.19028816479697902
m: 180
Finished solving NPMLE, with SURE 0.49821448744053454
Finished solving NPMLE, with in-sample MSE 0.10988266984869652
Finished solving parametric estimator, with SURE 0.08435048160784964
Finished solving parametric estimator, with in-sample MSE 0.05847912685723241
Finished solving EBCF, with in-sample MSE 0.06303573642044528
Finished training EB SURE-LS, with SURE: -0.029930701870224997
Finished training EB SURE-LS, with in-sample MSE: 0.020094002601233386
use_scale: True
use_location: False
Finished training EB misspecified with NPMLE init, with SURE: 0.06040394516668272
Finished training EB misspecified with NPMLE init, with in-sample MSE: 0.07665088162334918
Finished training EB misspecified, with SURE: 0.060423863169696404
Finished training EB misspecified, with in-sample MSE: 0.07622960370663646
Finished training EB wellspecified, with SURE: -0.09299723710989408
Finished training EB wellspecified, with in-sample MSE: 0.09430462037549031
m: 181
Finished solving NPMLE, with SURE 0.6185332711575853
Finished solving NPMLE, with in-sample MSE 0.08563358220723785
Finished solving parametric estimator, with SURE 0.1149202537058916
Finished solving parametric estimator, with in-sample MSE 0.06307573317238246
Finished solving EBCF, with in-sample MSE 0.027645699957145737
Finished training EB SURE-LS, with SURE: -0.052588673397642796
Finished training EB SURE-LS, with in-sample MSE: 0.09713456086949358
use_scale: True
use_location: False
Finished training EB misspecified with NPMLE init, with SURE: 0.08827383448915611
Finished training EB misspecified with NPMLE init, with in-sample MSE: 0.08893825342016717
Finished training EB misspecified, with SURE: 0.06539554010653319
Finished training EB misspecified, with in-sample MSE: 0.1851384688887168
Finished training EB wellspecified, with SURE: -0.12393373057391546
Finished training EB wellspecified, with in-sample MSE: 0.272777456628685
m: 182
Finished solving NPMLE, with SURE 1.1513197689710828
Finished solving NPMLE, with in-sample MSE 0.09196810874245283
Finished solving parametric estimator, with SURE 0.058011158052050926
Finished solving parametric estimator, with in-sample MSE 0.0521512805460041
Finished solving EBCF, with in-sample MSE 0.016671156343559302
Finished training EB SURE-LS, with SURE: -0.05913216852399636
Finished training EB SURE-LS, with in-sample MSE: 0.010012955953820114
use_scale: True
use_location: False
Finished training EB misspecified with NPMLE init, with SURE: 0.04297294170090595
Finished training EB misspecified with NPMLE init, with in-sample MSE: 0.05404920273128018
Finished training EB misspecified, with SURE: 0.04301880447047836
Finished training EB misspecified, with in-sample MSE: 0.05403546218916751
Finished training EB wellspecified, with SURE: -0.07893524293450892
Finished training EB wellspecified, with in-sample MSE: 0.025995458787136112
m: 183
Finished solving NPMLE, with SURE 0.9966032962675012
Finished solving NPMLE, with in-sample MSE 0.1586365530665011
Finished solving parametric estimator, with SURE 0.0836750232443218
Finished solving parametric estimator, with in-sample MSE 0.061893760999068154
Finished solving EBCF, with in-sample MSE 0.04339013228729927
Finished training EB SURE-LS, with SURE: 0.03753277382583944
Finished training EB SURE-LS, with in-sample MSE: 0.0074557726289813915
use_scale: True
use_location: False
Finished training EB misspecified with NPMLE init, with SURE: 0.005693149224206877
Finished training EB misspecified with NPMLE init, with in-sample MSE: 0.12322108658547659
Finished training EB misspecified, with SURE: 0.0057060663001878
Finished training EB misspecified, with in-sample MSE: 0.12319615842539523
Finished training EB wellspecified, with SURE: -0.11377672586400038
Finished training EB wellspecified, with in-sample MSE: 0.19459276821284785
m: 184
Finished solving NPMLE, with SURE 0.9606571325182445
Finished solving NPMLE, with in-sample MSE 0.05446432069955131
Finished solving parametric estimator, with SURE 0.008457529875667613
Finished solving parametric estimator, with in-sample MSE 0.059691787095836064
Finished solving EBCF, with in-sample MSE 0.028045242806195664
Finished training EB SURE-LS, with SURE: -0.10386521422124557
Finished training EB SURE-LS, with in-sample MSE: 0.020191069824738027
use_scale: True
use_location: False
Finished training EB misspecified with NPMLE init, with SURE: -0.010420238262439981
Finished training EB misspecified with NPMLE init, with in-sample MSE: 0.06825269091856534
Finished training EB misspecified, with SURE: -0.010412135991306215
Finished training EB misspecified, with in-sample MSE: 0.06843376390376335
Finished training EB wellspecified, with SURE: -0.16193192192439168
Finished training EB wellspecified, with in-sample MSE: 0.09119134192002877
m: 185
Finished solving NPMLE, with SURE 0.2730119318900969
Finished solving NPMLE, with in-sample MSE 0.09876216892829293
Finished solving parametric estimator, with SURE 0.08303452721987248
Finished solving parametric estimator, with in-sample MSE 0.07459053495493377
Finished solving EBCF, with in-sample MSE 0.07764819495067331
Finished training EB SURE-LS, with SURE: -0.03741303311630702
Finished training EB SURE-LS, with in-sample MSE: 0.09059412254422955
use_scale: True
use_location: False
Finished training EB misspecified with NPMLE init, with SURE: 0.06499811468484325
Finished training EB misspecified with NPMLE init, with in-sample MSE: 0.06984393829833714
Finished training EB misspecified, with SURE: 0.06500084205402203
Finished training EB misspecified, with in-sample MSE: 0.06984469559111826
Finished training EB wellspecified, with SURE: -0.021814878796414527
Finished training EB wellspecified, with in-sample MSE: 0.13142742956090417
m: 186
Finished solving NPMLE, with SURE 0.46608643147131845
Finished solving NPMLE, with in-sample MSE 0.05973788041314082
Finished solving parametric estimator, with SURE 0.12326560590275143
Finished solving parametric estimator, with in-sample MSE 0.0591166983241792
Finished solving EBCF, with in-sample MSE 0.07647396936356476
Finished training EB SURE-LS, with SURE: 0.021001560750808734
Finished training EB SURE-LS, with in-sample MSE: 0.0697973711177366
use_scale: True
use_location: False
Finished training EB misspecified with NPMLE init, with SURE: 0.07210773774843532
Finished training EB misspecified with NPMLE init, with in-sample MSE: 0.11008031334406593
Finished training EB misspecified, with SURE: 0.07211556312125382
Finished training EB misspecified, with in-sample MSE: 0.11007346795424237
Finished training EB wellspecified, with SURE: -0.09350977379547372
Finished training EB wellspecified, with in-sample MSE: 0.21939206992159554
m: 187
Finished solving NPMLE, with SURE 0.46295560165749805
Finished solving NPMLE, with in-sample MSE 0.0839428875768756
Finished solving parametric estimator, with SURE 0.06455687326654103
Finished solving parametric estimator, with in-sample MSE 0.053055677029096256
Finished solving EBCF, with in-sample MSE 0.0096037559809747
Finished training EB SURE-LS, with SURE: 0.006948633812827105
Finished training EB SURE-LS, with in-sample MSE: 0.0024216783572446267
use_scale: True
use_location: False
Finished training EB misspecified with NPMLE init, with SURE: 0.046465813753637376
Finished training EB misspecified with NPMLE init, with in-sample MSE: 0.04965944718795722
Finished training EB misspecified, with SURE: 0.04646987966862753
Finished training EB misspecified, with in-sample MSE: 0.04965896752621459
Finished training EB wellspecified, with SURE: -0.06773167101457339
Finished training EB wellspecified, with in-sample MSE: 0.12167280734329773
m: 188
Finished solving NPMLE, with SURE 0.8232560329921825
Finished solving NPMLE, with in-sample MSE 0.09209229827146649
Finished solving parametric estimator, with SURE 0.13387627555239107
Finished solving parametric estimator, with in-sample MSE 0.07365793055439143
Finished solving EBCF, with in-sample MSE 0.1570711854689542
Finished training EB SURE-LS, with SURE: 0.07769833474095356
Finished training EB SURE-LS, with in-sample MSE: 0.026349885880862938
use_scale: True
use_location: False
Finished training EB misspecified with NPMLE init, with SURE: 0.11033726891739874
Finished training EB misspecified with NPMLE init, with in-sample MSE: 0.09145690460402855
Finished training EB misspecified, with SURE: 0.11034838675338036
Finished training EB misspecified, with in-sample MSE: 0.09146403479507619
Finished training EB wellspecified, with SURE: -0.06941466082527407
Finished training EB wellspecified, with in-sample MSE: 0.19435754833977203
m: 189
Finished solving NPMLE, with SURE 0.5053674787142721
Finished solving NPMLE, with in-sample MSE 0.09386279940404908
Finished solving parametric estimator, with SURE 0.07549760255006749
Finished solving parametric estimator, with in-sample MSE 0.056018362107534365
Finished solving EBCF, with in-sample MSE 0.026156997511217462
Finished training EB SURE-LS, with SURE: -0.06820941273108552
Finished training EB SURE-LS, with in-sample MSE: 0.0280117029896468
use_scale: True
use_location: False
Finished training EB misspecified with NPMLE init, with SURE: 0.0523825744666064
Finished training EB misspecified with NPMLE init, with in-sample MSE: 0.05404867427380489
Finished training EB misspecified, with SURE: 0.052392122296544275
Finished training EB misspecified, with in-sample MSE: 0.0540495615343304
Finished training EB wellspecified, with SURE: -0.1399626739670837
Finished training EB wellspecified, with in-sample MSE: 0.11364767455334036
m: 190
Finished solving NPMLE, with SURE 0.3465019918301212
Finished solving NPMLE, with in-sample MSE 0.11128101528269652
Finished solving parametric estimator, with SURE 0.033059706671438205
Finished solving parametric estimator, with in-sample MSE 0.07793540834081913
Finished solving EBCF, with in-sample MSE 0.13655584758380185
Finished training EB SURE-LS, with SURE: 0.021866739477278775
Finished training EB SURE-LS, with in-sample MSE: 0.06194181711469982
use_scale: True
use_location: False
Finished training EB misspecified with NPMLE init, with SURE: -0.019075139561906127
Finished training EB misspecified with NPMLE init, with in-sample MSE: 0.16436840560638824
Finished training EB misspecified, with SURE: -0.019053803938741752
Finished training EB misspecified, with in-sample MSE: 0.16472148220129285
Finished training EB wellspecified, with SURE: -0.019052672294701204
Finished training EB wellspecified, with in-sample MSE: 0.16433199460936684
m: 191
Finished solving NPMLE, with SURE 0.24863690735596505
Finished solving NPMLE, with in-sample MSE 0.14547257633488808
Finished solving parametric estimator, with SURE -0.18404614197506663
Finished solving parametric estimator, with in-sample MSE 0.08144190599685626
Finished solving EBCF, with in-sample MSE 0.029189899286365544
Finished training EB SURE-LS, with SURE: -0.26307536992546665
Finished training EB SURE-LS, with in-sample MSE: 0.023543755977519117
use_scale: True
use_location: False
Finished training EB misspecified with NPMLE init, with SURE: -0.2131639369823337
Finished training EB misspecified with NPMLE init, with in-sample MSE: 0.0859258906848518
Finished training EB misspecified, with SURE: -0.2131574621273321
Finished training EB misspecified, with in-sample MSE: 0.08589943454803058
Finished training EB wellspecified, with SURE: -0.2806109612108816
Finished training EB wellspecified, with in-sample MSE: 0.04967385237818922
m: 192
Finished solving NPMLE, with SURE 0.8167101523964132
Finished solving NPMLE, with in-sample MSE 0.0775801580811566
Finished solving parametric estimator, with SURE 0.010805826213487024
Finished solving parametric estimator, with in-sample MSE 0.049119202098479454
Finished solving EBCF, with in-sample MSE 0.012094357125745797
Finished training EB SURE-LS, with SURE: -0.11279529833900741
Finished training EB SURE-LS, with in-sample MSE: 0.012508717590468916
use_scale: True
use_location: False
Finished training EB misspecified with NPMLE init, with SURE: -0.0036404319747400395
Finished training EB misspecified with NPMLE init, with in-sample MSE: 0.05598388131831695
Finished training EB misspecified, with SURE: -0.003594848845102163
Finished training EB misspecified, with in-sample MSE: 0.056014389240512934
Finished training EB wellspecified, with SURE: -0.11830747935998809
Finished training EB wellspecified, with in-sample MSE: 0.01363217853839265
m: 193
Finished solving NPMLE, with SURE 0.47337940008853435
Finished solving NPMLE, with in-sample MSE 0.08802258644668286
Finished solving parametric estimator, with SURE -0.02978755611574696
Finished solving parametric estimator, with in-sample MSE 0.07690942286470266
Finished solving EBCF, with in-sample MSE 0.07565621818582675
Finished training EB SURE-LS, with SURE: -0.04507151911814132
Finished training EB SURE-LS, with in-sample MSE: 0.05557542515025157
use_scale: True
use_location: False
Finished training EB misspecified with NPMLE init, with SURE: -0.04043694817726717
Finished training EB misspecified with NPMLE init, with in-sample MSE: 0.0768409572224244
Finished training EB misspecified, with SURE: -0.04044241137117801
Finished training EB misspecified, with in-sample MSE: 0.07690882285309111
Finished training EB wellspecified, with SURE: -0.04828914238000591
Finished training EB wellspecified, with in-sample MSE: 0.05956134767711915
m: 194
Finished solving NPMLE, with SURE 0.11521494662068896
Finished solving NPMLE, with in-sample MSE 0.10669664435625205
Finished solving parametric estimator, with SURE 0.03687523115999142
Finished solving parametric estimator, with in-sample MSE 0.08582779352516848
Finished solving EBCF, with in-sample MSE 0.07460975390444773
Finished training EB SURE-LS, with SURE: 0.014168398150948391
Finished training EB SURE-LS, with in-sample MSE: 0.040933456921678185
use_scale: True
use_location: False
Finished training EB misspecified with NPMLE init, with SURE: 0.0227761111042129
Finished training EB misspecified with NPMLE init, with in-sample MSE: 0.08666632805555796
Finished training EB misspecified, with SURE: 0.02278308038007843
Finished training EB misspecified, with in-sample MSE: 0.08668033194793295
Finished training EB wellspecified, with SURE: -0.06481710812636482
Finished training EB wellspecified, with in-sample MSE: 0.18031201888256124
m: 195
Finished solving NPMLE, with SURE 0.4661630693887095
Finished solving NPMLE, with in-sample MSE 0.07873773200789827
Finished solving parametric estimator, with SURE -0.012718602948934343
Finished solving parametric estimator, with in-sample MSE 0.062559054163263
Finished solving EBCF, with in-sample MSE 0.013822633213448685
Finished training EB SURE-LS, with SURE: -0.05242185884268125
Finished training EB SURE-LS, with in-sample MSE: 0.008573489959196136
use_scale: True
use_location: False
Finished training EB misspecified with NPMLE init, with SURE: -0.03299995408226948
Finished training EB misspecified with NPMLE init, with in-sample MSE: 0.06558979296620487
Finished training EB misspecified, with SURE: -0.032986641124182654
Finished training EB misspecified, with in-sample MSE: 0.06561252177309472
Finished training EB wellspecified, with SURE: -0.12113402860395596
Finished training EB wellspecified, with in-sample MSE: 0.08758082467256185
m: 196
Finished solving NPMLE, with SURE 0.7479304444332529
Finished solving NPMLE, with in-sample MSE 0.08870605851452978
Finished solving parametric estimator, with SURE -0.04498158767241078
Finished solving parametric estimator, with in-sample MSE 0.06289239920315132
Finished solving EBCF, with in-sample MSE 0.025522232015115907
Finished training EB SURE-LS, with SURE: -0.0922307760817413
Finished training EB SURE-LS, with in-sample MSE: 0.006213486191159892
use_scale: True
use_location: False
Finished training EB misspecified with NPMLE init, with SURE: -0.06007797229973925
Finished training EB misspecified with NPMLE init, with in-sample MSE: 0.058256972928541595
Finished training EB misspecified, with SURE: -0.056707862060028806
Finished training EB misspecified, with in-sample MSE: 0.06289005898218872
Finished training EB wellspecified, with SURE: -0.1534436886263046
Finished training EB wellspecified, with in-sample MSE: 0.06754760802552134
m: 197
Finished solving NPMLE, with SURE 0.671716848621726
Finished solving NPMLE, with in-sample MSE 0.07008198559637777
Finished solving parametric estimator, with SURE -0.023671196586844412
Finished solving parametric estimator, with in-sample MSE 0.05977929270453276
Finished solving EBCF, with in-sample MSE 0.01590607155447881
Finished training EB SURE-LS, with SURE: -0.0759265601930335
Finished training EB SURE-LS, with in-sample MSE: 0.009851412708430547
use_scale: True
use_location: False
Finished training EB misspecified with NPMLE init, with SURE: -0.04055985646642917
Finished training EB misspecified with NPMLE init, with in-sample MSE: 0.06531945824384869
Finished training EB misspecified, with SURE: -0.040533446429754746
Finished training EB misspecified, with in-sample MSE: 0.06529359495477279
Finished training EB wellspecified, with SURE: -0.09378615878208539
Finished training EB wellspecified, with in-sample MSE: 0.03230948674548483
m: 198
Finished solving NPMLE, with SURE 0.2877934200922024
Finished solving NPMLE, with in-sample MSE 0.06651850255622044
Finished solving parametric estimator, with SURE -0.015946925260918843
Finished solving parametric estimator, with in-sample MSE 0.05010586844149674
Finished solving EBCF, with in-sample MSE 0.008890297582432273
Finished training EB SURE-LS, with SURE: -0.13387413297504722
Finished training EB SURE-LS, with in-sample MSE: 0.04147466980909587
use_scale: True
use_location: False
Finished training EB misspecified with NPMLE init, with SURE: -0.04392780243805973
Finished training EB misspecified with NPMLE init, with in-sample MSE: 0.06143351074248571
Finished training EB misspecified, with SURE: -0.043714467087884755
Finished training EB misspecified, with in-sample MSE: 0.05983776328420751
Finished training EB wellspecified, with SURE: -0.17194168899895046
Finished training EB wellspecified, with in-sample MSE: 0.11515180883924975
m: 199
Finished solving NPMLE, with SURE 0.5741969524765035
Finished solving NPMLE, with in-sample MSE 0.08942109590475336
Finished solving parametric estimator, with SURE 0.12737665053876512
Finished solving parametric estimator, with in-sample MSE 0.06213462763927287
Finished solving EBCF, with in-sample MSE 0.07355369922302328
Finished training EB SURE-LS, with SURE: 0.06101427174703604
Finished training EB SURE-LS, with in-sample MSE: 0.017582462852907373
use_scale: True
use_location: False
Finished training EB misspecified with NPMLE init, with SURE: 0.09515294229679995
Finished training EB misspecified with NPMLE init, with in-sample MSE: 0.10010017319396532
Finished training EB misspecified, with SURE: 0.09517715745218794
Finished training EB misspecified, with in-sample MSE: 0.1000103160742982
Finished training EB wellspecified, with SURE: -0.0827069175802556
Finished training EB wellspecified, with in-sample MSE: 0.20225823738866464

n: 200
m: 150
Finished solving NPMLE, with SURE 0.38548409275063394
Finished solving NPMLE, with in-sample MSE 0.11732583691746354
Finished solving parametric estimator, with SURE 0.03857392781144481
Finished solving parametric estimator, with in-sample MSE 0.07631580326627073
Finished solving EBCF, with in-sample MSE 0.023382852582997358
Finished training EB SURE-LS, with SURE: 0.03297455001111386
Finished training EB SURE-LS, with in-sample MSE: 0.0709999910911441
use_scale: True
use_location: False
Finished training EB misspecified with NPMLE init, with SURE: 0.027459255707466428
Finished training EB misspecified with NPMLE init, with in-sample MSE: 0.0690242931595573
Finished training EB misspecified, with SURE: 0.02748928858853738
Finished training EB misspecified, with in-sample MSE: 0.06899071790237786
Finished training EB wellspecified, with SURE: -0.01584408470216275
Finished training EB wellspecified, with in-sample MSE: 0.012436986999485047
m: 151
Finished solving NPMLE, with SURE 0.5449368408725099
Finished solving NPMLE, with in-sample MSE 0.07957197686383771
Finished solving parametric estimator, with SURE 0.019906738989643735
Finished solving parametric estimator, with in-sample MSE 0.057706970427674614
Finished solving EBCF, with in-sample MSE 0.009782032874848131
Finished training EB SURE-LS, with SURE: -0.023878063028351184
Finished training EB SURE-LS, with in-sample MSE: 0.004742361333714045
use_scale: True
use_location: False
Finished training EB misspecified with NPMLE init, with SURE: 0.00603603834499225
Finished training EB misspecified with NPMLE init, with in-sample MSE: 0.07150927417712484
Finished training EB misspecified, with SURE: 0.006066547513746698
Finished training EB misspecified, with in-sample MSE: 0.0717830561978124
Finished training EB wellspecified, with SURE: -0.05716072359398559
Finished training EB wellspecified, with in-sample MSE: 0.0490726866911155
m: 152
Finished solving NPMLE, with SURE 1.1105921711912687
Finished solving NPMLE, with in-sample MSE 0.07969640949710709
Finished solving parametric estimator, with SURE -0.012226640252423204
Finished solving parametric estimator, with in-sample MSE 0.05968486903437197
Finished solving EBCF, with in-sample MSE 0.005885929635999066
Finished training EB SURE-LS, with SURE: -0.09014771209293533
Finished training EB SURE-LS, with in-sample MSE: 0.001998435083555429
use_scale: True
use_location: False
Finished training EB misspecified with NPMLE init, with SURE: -0.018875151434847838
Finished training EB misspecified with NPMLE init, with in-sample MSE: 0.05915976679541763
Finished training EB misspecified, with SURE: -0.018877322222998247
Finished training EB misspecified, with in-sample MSE: 0.05920850167714192
Finished training EB wellspecified, with SURE: -0.10623435626371976
Finished training EB wellspecified, with in-sample MSE: 0.013761580499107862
m: 153
Finished solving NPMLE, with SURE 0.8842026131645749
Finished solving NPMLE, with in-sample MSE 0.09778692034792075
Finished solving parametric estimator, with SURE -0.06181444447078771
Finished solving parametric estimator, with in-sample MSE 0.06065014732150922
Finished solving EBCF, with in-sample MSE 0.003982982029470278
Finished training EB SURE-LS, with SURE: -0.15240724293738175
Finished training EB SURE-LS, with in-sample MSE: 0.003127307284601122
use_scale: True
use_location: False
Finished training EB misspecified with NPMLE init, with SURE: -0.0697702136513422
Finished training EB misspecified with NPMLE init, with in-sample MSE: 0.06209462042096293
Finished training EB misspecified, with SURE: -0.0674647200808507
Finished training EB misspecified, with in-sample MSE: 0.06040504131251341
Finished training EB wellspecified, with SURE: -0.15529725766874924
Finished training EB wellspecified, with in-sample MSE: 0.002479585722911338
m: 154
Finished solving NPMLE, with SURE 1.1255566611451464
Finished solving NPMLE, with in-sample MSE 0.09566210632468321
Finished solving parametric estimator, with SURE -0.01276088951758686
Finished solving parametric estimator, with in-sample MSE 0.07007469274225334
Finished solving EBCF, with in-sample MSE 0.0037444780961056975
Finished training EB SURE-LS, with SURE: -0.09690558735811473
Finished training EB SURE-LS, with in-sample MSE: 0.0015750047691728407
use_scale: True
use_location: False
Finished training EB misspecified with NPMLE init, with SURE: -0.019352272898249936
Finished training EB misspecified with NPMLE init, with in-sample MSE: 0.06655539270899286
Finished training EB misspecified, with SURE: -0.019330729316995702
Finished training EB misspecified, with in-sample MSE: 0.06660233572371338
Finished training EB wellspecified, with SURE: -0.10089805053883683
Finished training EB wellspecified, with in-sample MSE: 0.0019473827181585104
m: 155
Finished solving NPMLE, with SURE 0.7856070200360944
Finished solving NPMLE, with in-sample MSE 0.07304215444497912
Finished solving parametric estimator, with SURE 0.03488462757787647
Finished solving parametric estimator, with in-sample MSE 0.050941747907524176
Finished solving EBCF, with in-sample MSE 0.016171333451104893
Finished training EB SURE-LS, with SURE: -0.003002326716693914
Finished training EB SURE-LS, with in-sample MSE: 0.003447294028856686
use_scale: True
use_location: False
Finished training EB misspecified with NPMLE init, with SURE: 0.010916633783991188
Finished training EB misspecified with NPMLE init, with in-sample MSE: 0.08265980645916271
Finished training EB misspecified, with SURE: 0.028964620430071336
Finished training EB misspecified, with in-sample MSE: 0.05053872934439135
Finished training EB wellspecified, with SURE: -0.003777943767627814
Finished training EB wellspecified, with in-sample MSE: 0.006325284983322399
m: 156
Finished solving NPMLE, with SURE 0.996250386694571
Finished solving NPMLE, with in-sample MSE 0.0754554453631286
Finished solving parametric estimator, with SURE 0.0790158954942004
Finished solving parametric estimator, with in-sample MSE 0.05070748428587939
Finished solving EBCF, with in-sample MSE 0.05820491071660636
Finished training EB SURE-LS, with SURE: 0.032296023490082766
Finished training EB SURE-LS, with in-sample MSE: 0.002912363318686384
use_scale: True
use_location: False
Finished training EB misspecified with NPMLE init, with SURE: 0.055012785922014446
Finished training EB misspecified with NPMLE init, with in-sample MSE: 0.0719576612589507
Finished training EB misspecified, with SURE: 0.055183921901105465
Finished training EB misspecified, with in-sample MSE: 0.07151250890786201
Finished training EB wellspecified, with SURE: -0.053990638073880534
Finished training EB wellspecified, with in-sample MSE: 0.11928388503896198
m: 157
Finished solving NPMLE, with SURE 0.7761962622091676
Finished solving NPMLE, with in-sample MSE 0.07206317251183714
Finished solving parametric estimator, with SURE 0.005345084081186446
Finished solving parametric estimator, with in-sample MSE 0.0568787486880851
Finished solving EBCF, with in-sample MSE 0.03476683035127086
Finished training EB SURE-LS, with SURE: -0.0003827634728015639
Finished training EB SURE-LS, with in-sample MSE: 0.058504679759760786
use_scale: True
use_location: False
Finished training EB misspecified with NPMLE init, with SURE: -0.002815571623697224
Finished training EB misspecified with NPMLE init, with in-sample MSE: 0.05900597034201724
Finished training EB misspecified, with SURE: -0.002806219363356348
Finished training EB misspecified, with in-sample MSE: 0.05900210662438314
Finished training EB wellspecified, with SURE: -0.1400944113705015
Finished training EB wellspecified, with in-sample MSE: 0.1138492856698308
m: 158
Finished solving NPMLE, with SURE 0.6706144904957457
Finished solving NPMLE, with in-sample MSE 0.08886054330435662
Finished solving parametric estimator, with SURE 0.1442337782918836
Finished solving parametric estimator, with in-sample MSE 0.06526781894135496
Finished solving EBCF, with in-sample MSE 0.018718174899715546
Finished training EB SURE-LS, with SURE: 0.07202371919971093
Finished training EB SURE-LS, with in-sample MSE: 0.02330335696682692
use_scale: True
use_location: False
Finished training EB misspecified with NPMLE init, with SURE: 0.1058396486505464
Finished training EB misspecified with NPMLE init, with in-sample MSE: 0.08760794124348109
Finished training EB misspecified, with SURE: 0.1058474296472447
Finished training EB misspecified, with in-sample MSE: 0.08779690633976493
Finished training EB wellspecified, with SURE: -0.06670612286934623
Finished training EB wellspecified, with in-sample MSE: 0.20525565457415426
m: 159
Finished solving NPMLE, with SURE 0.6717343798348194
Finished solving NPMLE, with in-sample MSE 0.06753241405293871
Finished solving parametric estimator, with SURE 0.04561654143658622
Finished solving parametric estimator, with in-sample MSE 0.0490724940628191
Finished solving EBCF, with in-sample MSE 0.038057647528955726
Finished training EB SURE-LS, with SURE: -0.04831766841568891
Finished training EB SURE-LS, with in-sample MSE: 0.013528437312474086
use_scale: True
use_location: False
Finished training EB misspecified with NPMLE init, with SURE: 0.03150202646554398
Finished training EB misspecified with NPMLE init, with in-sample MSE: 0.053525428004394165
Finished training EB misspecified, with SURE: 0.03151364067434905
Finished training EB misspecified, with in-sample MSE: 0.053525485579731226
Finished training EB wellspecified, with SURE: -0.06760017007041796
Finished training EB wellspecified, with in-sample MSE: 0.03288646244419589
m: 160
Finished solving NPMLE, with SURE 0.6809195522975127
Finished solving NPMLE, with in-sample MSE 0.09133169248003249
Finished solving parametric estimator, with SURE 0.0023046419350873926
Finished solving parametric estimator, with in-sample MSE 0.06865524219062415
Finished solving EBCF, with in-sample MSE 0.013331714976829261
Finished training EB SURE-LS, with SURE: -0.0441054613558356
Finished training EB SURE-LS, with in-sample MSE: 0.010908803829910179
use_scale: True
use_location: False
Finished training EB misspecified with NPMLE init, with SURE: -0.0034402203655152165
Finished training EB misspecified with NPMLE init, with in-sample MSE: 0.06980080054257609
Finished training EB misspecified, with SURE: -0.003397888662163311
Finished training EB misspecified, with in-sample MSE: 0.06965411179661979
Finished training EB wellspecified, with SURE: -0.05414893979619649
Finished training EB wellspecified, with in-sample MSE: 0.01771974572933926
m: 161
Finished solving NPMLE, with SURE 0.691290658007393
Finished solving NPMLE, with in-sample MSE 0.09661703415027559
Finished solving parametric estimator, with SURE 0.042545404651591734
Finished solving parametric estimator, with in-sample MSE 0.0554152302967625
Finished solving EBCF, with in-sample MSE 0.01505076528058342
Finished training EB SURE-LS, with SURE: -0.042270381445133835
Finished training EB SURE-LS, with in-sample MSE: 0.003991232327634566
use_scale: True
use_location: False
Finished training EB misspecified with NPMLE init, with SURE: 0.025560922215873774
Finished training EB misspecified with NPMLE init, with in-sample MSE: 0.06108272617990315
Finished training EB misspecified, with SURE: 0.02559444104375892
Finished training EB misspecified, with in-sample MSE: 0.0609707061858117
Finished training EB wellspecified, with SURE: -0.07250396351786467
Finished training EB wellspecified, with in-sample MSE: 0.036311553064232845
m: 162
Finished solving NPMLE, with SURE 1.0038672487423599
Finished solving NPMLE, with in-sample MSE 0.0635471143532371
Finished solving parametric estimator, with SURE 0.07989858450546727
Finished solving parametric estimator, with in-sample MSE 0.059093314016243674
Finished solving EBCF, with in-sample MSE 0.0194257669830868
Finished training EB SURE-LS, with SURE: 0.01001654321558431
Finished training EB SURE-LS, with in-sample MSE: 0.011718283222415605
use_scale: True
use_location: False
Finished training EB misspecified with NPMLE init, with SURE: 0.06527172707687946
Finished training EB misspecified with NPMLE init, with in-sample MSE: 0.07265255609106247
Finished training EB misspecified, with SURE: 0.0652780820173615
Finished training EB misspecified, with in-sample MSE: 0.07265872159522462
Finished training EB wellspecified, with SURE: -0.01668992887145352
Finished training EB wellspecified, with in-sample MSE: 0.050057657080668685
m: 163
Finished solving NPMLE, with SURE 0.6005490047746663
Finished solving NPMLE, with in-sample MSE 0.08491951065584198
Finished solving parametric estimator, with SURE 0.12183652086158847
Finished solving parametric estimator, with in-sample MSE 0.0640041676275035
Finished solving EBCF, with in-sample MSE 0.052426405717963684
Finished training EB SURE-LS, with SURE: 0.0299200346062789
Finished training EB SURE-LS, with in-sample MSE: 0.04866588100882513
use_scale: True
use_location: False
Finished training EB misspecified with NPMLE init, with SURE: 0.11075396225903554
Finished training EB misspecified with NPMLE init, with in-sample MSE: 0.06443999180106819
Finished training EB misspecified, with SURE: 0.11077842506434699
Finished training EB misspecified, with in-sample MSE: 0.06440095073939477
Finished training EB wellspecified, with SURE: -0.05756462637838633
Finished training EB wellspecified, with in-sample MSE: 0.12496588490276302
m: 164
Finished solving NPMLE, with SURE 0.6974229181842236
Finished solving NPMLE, with in-sample MSE 0.08378050192089136
Finished solving parametric estimator, with SURE 0.07964160342140886
Finished solving parametric estimator, with in-sample MSE 0.0517810866281632
Finished solving EBCF, with in-sample MSE 0.027551050589324565
Finished training EB SURE-LS, with SURE: -0.007588906729381217
Finished training EB SURE-LS, with in-sample MSE: 0.005128696479730695
use_scale: True
use_location: False
Finished training EB misspecified with NPMLE init, with SURE: 0.0705207938309522
Finished training EB misspecified with NPMLE init, with in-sample MSE: 0.04911658425083472
Finished training EB misspecified, with SURE: 0.07056339908171054
Finished training EB misspecified, with in-sample MSE: 0.04909723228392858
Finished training EB wellspecified, with SURE: -0.010299061520264377
Finished training EB wellspecified, with in-sample MSE: 0.007635781347670223
m: 165
Finished solving NPMLE, with SURE 0.4045406734399326
Finished solving NPMLE, with in-sample MSE 0.07825084765586421
Finished solving parametric estimator, with SURE -0.0026590031451567686
Finished solving parametric estimator, with in-sample MSE 0.06292727217097208
Finished solving EBCF, with in-sample MSE 0.017555841847121723
Finished training EB SURE-LS, with SURE: -0.03095731269667396
Finished training EB SURE-LS, with in-sample MSE: 0.012557252711877845
use_scale: True
use_location: False
Finished training EB misspecified with NPMLE init, with SURE: -0.007956925387582246
Finished training EB misspecified with NPMLE init, with in-sample MSE: 0.06207554621071452
Finished training EB misspecified, with SURE: -0.007958696677256398
Finished training EB misspecified, with in-sample MSE: 0.062065594439524994
Finished training EB wellspecified, with SURE: -0.053142075649792134
Finished training EB wellspecified, with in-sample MSE: 0.02959895424751284
m: 166
Finished solving NPMLE, with SURE 0.4865736097591295
Finished solving NPMLE, with in-sample MSE 0.12369897479511208
Finished solving parametric estimator, with SURE -0.0461693648225745
Finished solving parametric estimator, with in-sample MSE 0.09161795584742168
Finished solving EBCF, with in-sample MSE 0.04123302457550787
Finished training EB SURE-LS, with SURE: -0.07804628783018233
Finished training EB SURE-LS, with in-sample MSE: 0.028226778781410923
use_scale: True
use_location: False
Finished training EB misspecified with NPMLE init, with SURE: -0.05152350349727307
Finished training EB misspecified with NPMLE init, with in-sample MSE: 0.09161484891448753
Finished training EB misspecified, with SURE: -0.051522943577297795
Finished training EB misspecified, with in-sample MSE: 0.09161377204141839
Finished training EB wellspecified, with SURE: -0.10535826530489885
Finished training EB wellspecified, with in-sample MSE: 0.07346180895856992
m: 167
Finished solving NPMLE, with SURE 0.30766106597929954
Finished solving NPMLE, with in-sample MSE 0.08300956517634725
Finished solving parametric estimator, with SURE 0.05677624788515567
Finished solving parametric estimator, with in-sample MSE 0.05867489086440874
Finished solving EBCF, with in-sample MSE 0.013784019583426297
Finished training EB SURE-LS, with SURE: 0.0018040352846423824
Finished training EB SURE-LS, with in-sample MSE: 0.004150511292842896
use_scale: True
use_location: False
Finished training EB misspecified with NPMLE init, with SURE: 0.04246436176306695
Finished training EB misspecified with NPMLE init, with in-sample MSE: 0.06668425678446174
Finished training EB misspecified, with SURE: 0.04259760511336452
Finished training EB misspecified, with in-sample MSE: 0.06477239155806047
Finished training EB wellspecified, with SURE: -0.058042101345189306
Finished training EB wellspecified, with in-sample MSE: 0.08448013197628101
m: 168
Finished solving NPMLE, with SURE 0.4947732345296707
Finished solving NPMLE, with in-sample MSE 0.06094701570273815
Finished solving parametric estimator, with SURE 0.07034942316567522
Finished solving parametric estimator, with in-sample MSE 0.05160630573721785
Finished solving EBCF, with in-sample MSE 0.013652949043717364
Finished training EB SURE-LS, with SURE: 0.01338819413760716
Finished training EB SURE-LS, with in-sample MSE: 0.0026516600383747336
use_scale: True
use_location: False
Finished training EB misspecified with NPMLE init, with SURE: 0.061935464443684085
Finished training EB misspecified with NPMLE init, with in-sample MSE: 0.05846327748675639
Finished training EB misspecified, with SURE: 0.06191982429184975
Finished training EB misspecified, with in-sample MSE: 0.05865597811098998
Finished training EB wellspecified, with SURE: -0.04547895197900183
Finished training EB wellspecified, with in-sample MSE: 0.0706731203409198
m: 169
Finished solving NPMLE, with SURE 0.43965379436290036
Finished solving NPMLE, with in-sample MSE 0.08519696862349731
Finished solving parametric estimator, with SURE 0.1154547969465961
Finished solving parametric estimator, with in-sample MSE 0.06568633328198487
Finished solving EBCF, with in-sample MSE 0.03560111754207006
Finished training EB SURE-LS, with SURE: 0.06545235710274579
Finished training EB SURE-LS, with in-sample MSE: 0.0076638814854012
use_scale: True
use_location: False
Finished training EB misspecified with NPMLE init, with SURE: 0.09781470905650103
Finished training EB misspecified with NPMLE init, with in-sample MSE: 0.09058435406060467
Finished training EB misspecified, with SURE: 0.09297206221157588
Finished training EB misspecified, with in-sample MSE: 0.12146103794319218
Finished training EB wellspecified, with SURE: -0.0007545011865043905
Finished training EB wellspecified, with in-sample MSE: 0.10634273697771807
m: 170
Finished solving NPMLE, with SURE 0.8890243122759688
Finished solving NPMLE, with in-sample MSE 0.0868317528337558
Finished solving parametric estimator, with SURE 0.0884374909632405
Finished solving parametric estimator, with in-sample MSE 0.05297239277077167
Finished solving EBCF, with in-sample MSE 0.014582756739509544
Finished training EB SURE-LS, with SURE: 0.02548288542368845
Finished training EB SURE-LS, with in-sample MSE: 0.012699519752559897
use_scale: True
use_location: False
Finished training EB misspecified with NPMLE init, with SURE: 0.048583890232499205
Finished training EB misspecified with NPMLE init, with in-sample MSE: 0.10403939829098699
Finished training EB misspecified, with SURE: 0.04859366763202523
Finished training EB misspecified, with in-sample MSE: 0.10404920257632388
Finished training EB wellspecified, with SURE: -0.05723961810992883
Finished training EB wellspecified, with in-sample MSE: 0.1380114953616988
m: 171
Finished solving NPMLE, with SURE 0.8400963435100175
Finished solving NPMLE, with in-sample MSE 0.13208425011996808
Finished solving parametric estimator, with SURE 0.16660478719891186
Finished solving parametric estimator, with in-sample MSE 0.0853788504542752
Finished solving EBCF, with in-sample MSE 0.08179693727529194
Finished training EB SURE-LS, with SURE: 0.11942700149623571
Finished training EB SURE-LS, with in-sample MSE: 0.04474156555537073
use_scale: True
use_location: False
Finished training EB misspecified with NPMLE init, with SURE: 0.1144284288485104
Finished training EB misspecified with NPMLE init, with in-sample MSE: 0.13687631915070106
Finished training EB misspecified, with SURE: 0.11445579934833795
Finished training EB misspecified, with in-sample MSE: 0.1367866091251807
Finished training EB wellspecified, with SURE: 0.1879571740702551
Finished training EB wellspecified, with in-sample MSE: 0.045588700446955316
m: 172
Finished solving NPMLE, with SURE 0.6034846035044622
Finished solving NPMLE, with in-sample MSE 0.08855115585522982
Finished solving parametric estimator, with SURE 0.09640822225654999
Finished solving parametric estimator, with in-sample MSE 0.06226747910871249
Finished solving EBCF, with in-sample MSE 0.018307199295644647
Finished training EB SURE-LS, with SURE: 0.044332082465805354
Finished training EB SURE-LS, with in-sample MSE: 0.0046468150251752615
use_scale: True
use_location: False
Finished training EB misspecified with NPMLE init, with SURE: 0.08436680081418117
Finished training EB misspecified with NPMLE init, with in-sample MSE: 0.06509612733774206
Finished training EB misspecified, with SURE: 0.08715043661754436
Finished training EB misspecified, with in-sample MSE: 0.06091286919911653
Finished training EB wellspecified, with SURE: -0.047447488856217974
Finished training EB wellspecified, with in-sample MSE: 0.1123730957458185
m: 173
Finished solving NPMLE, with SURE 0.41423473567206187
Finished solving NPMLE, with in-sample MSE 0.0706054767325052
Finished solving parametric estimator, with SURE 0.021944836243517674
Finished solving parametric estimator, with in-sample MSE 0.05813326538808417
Finished solving EBCF, with in-sample MSE 0.01638615864953127
Finished training EB SURE-LS, with SURE: -0.03480662022728832
Finished training EB SURE-LS, with in-sample MSE: 0.005129267524792768
use_scale: True
use_location: False
Finished training EB misspecified with NPMLE init, with SURE: 0.014273923816415818
Finished training EB misspecified with NPMLE init, with in-sample MSE: 0.05557415338518984
Finished training EB misspecified, with SURE: 0.014278075623728554
Finished training EB misspecified, with in-sample MSE: 0.05557612491812202
Finished training EB wellspecified, with SURE: -0.060415683448470966
Finished training EB wellspecified, with in-sample MSE: 0.027597582758718042
m: 174
Finished solving NPMLE, with SURE 1.2680779790612193
Finished solving NPMLE, with in-sample MSE 0.05881529414260186
Finished solving parametric estimator, with SURE 0.07102624061937968
Finished solving parametric estimator, with in-sample MSE 0.05446735632680299
Finished solving EBCF, with in-sample MSE 0.02035658224990426
Finished training EB SURE-LS, with SURE: -0.03325960863774628
Finished training EB SURE-LS, with in-sample MSE: 0.01696832211579692
use_scale: True
use_location: False
Finished training EB misspecified with NPMLE init, with SURE: 0.058769711356304766
Finished training EB misspecified with NPMLE init, with in-sample MSE: 0.06440000679155829
Finished training EB misspecified, with SURE: 0.058781043488995266
Finished training EB misspecified, with in-sample MSE: 0.0643930503233482
Finished training EB wellspecified, with SURE: -0.03834048855201088
Finished training EB wellspecified, with in-sample MSE: 0.025805831066994585
m: 175
Finished solving NPMLE, with SURE 1.1938651581123958
Finished solving NPMLE, with in-sample MSE 0.06579695412264258
Finished solving parametric estimator, with SURE 0.08460532079462424
Finished solving parametric estimator, with in-sample MSE 0.05621223804716791
Finished solving EBCF, with in-sample MSE 0.027794525905030076
Finished training EB SURE-LS, with SURE: -0.008035866835476848
Finished training EB SURE-LS, with in-sample MSE: 0.019508508586932382
use_scale: True
use_location: False
Finished training EB misspecified with NPMLE init, with SURE: 0.06553935536872672
Finished training EB misspecified with NPMLE init, with in-sample MSE: 0.06708477438224905
Finished training EB misspecified, with SURE: 0.06556867035769415
Finished training EB misspecified, with in-sample MSE: 0.06708360735382365
Finished training EB wellspecified, with SURE: -0.03259484292517224
Finished training EB wellspecified, with in-sample MSE: 0.04285864608285395
m: 176
Finished solving NPMLE, with SURE 0.9499928939165011
Finished solving NPMLE, with in-sample MSE 0.07494296255114626
Finished solving parametric estimator, with SURE 0.048644405430366855
Finished solving parametric estimator, with in-sample MSE 0.05829037469112644
Finished solving EBCF, with in-sample MSE 0.007012396423249283
Finished training EB SURE-LS, with SURE: -0.02124564511961488
Finished training EB SURE-LS, with in-sample MSE: 0.0022948148082168403
use_scale: True
use_location: False
Finished training EB misspecified with NPMLE init, with SURE: 0.040985298363125866
Finished training EB misspecified with NPMLE init, with in-sample MSE: 0.059131041499727546
Finished training EB misspecified, with SURE: 0.04098606958497669
Finished training EB misspecified, with in-sample MSE: 0.059127787147115946
Finished training EB wellspecified, with SURE: -0.025781567413232103
Finished training EB wellspecified, with in-sample MSE: 0.003287232114352858
m: 177
Finished solving NPMLE, with SURE 0.2190732637240478
Finished solving NPMLE, with in-sample MSE 0.13901908054325368
Finished solving parametric estimator, with SURE 0.09891793803361199
Finished solving parametric estimator, with in-sample MSE 0.08758055909913962
Finished solving EBCF, with in-sample MSE 0.058845181035138305
Finished training EB SURE-LS, with SURE: 0.03736018930893553
Finished training EB SURE-LS, with in-sample MSE: 0.06712444694110832
use_scale: True
use_location: False
Finished training EB misspecified with NPMLE init, with SURE: 0.07764746352980219
Finished training EB misspecified with NPMLE init, with in-sample MSE: 0.09894936897985467
Finished training EB misspecified, with SURE: 0.07120469980010662
Finished training EB misspecified, with in-sample MSE: 0.13119297363293644
Finished training EB wellspecified, with SURE: -0.053316974059301254
Finished training EB wellspecified, with in-sample MSE: 0.21589822564114325
m: 178
Finished solving NPMLE, with SURE 1.294197795034571
Finished solving NPMLE, with in-sample MSE 0.1399606363061798
Finished solving parametric estimator, with SURE 0.06711954458742353
Finished solving parametric estimator, with in-sample MSE 0.05189199037871726
Finished solving EBCF, with in-sample MSE 0.032373144306179255
Finished training EB SURE-LS, with SURE: -0.008529463794629258
Finished training EB SURE-LS, with in-sample MSE: 0.022019025528909903
use_scale: True
use_location: False
Finished training EB misspecified with NPMLE init, with SURE: -0.01628507224241929
Finished training EB misspecified with NPMLE init, with in-sample MSE: 0.13650412894922637
Finished training EB misspecified, with SURE: -0.016277978488184318
Finished training EB misspecified, with in-sample MSE: 0.1364939337822176
Finished training EB wellspecified, with SURE: -0.061341899017639916
Finished training EB wellspecified, with in-sample MSE: 0.08591787768790697
m: 179
Finished solving NPMLE, with SURE 1.0669876751977379
Finished solving NPMLE, with in-sample MSE 0.08947508654304834
Finished solving parametric estimator, with SURE -0.020898773257223002
Finished solving parametric estimator, with in-sample MSE 0.06812663359957995
Finished solving EBCF, with in-sample MSE 0.012562613449976043
Finished training EB SURE-LS, with SURE: -0.08859895621765392
Finished training EB SURE-LS, with in-sample MSE: 0.005190730705631118
use_scale: True
use_location: False
Finished training EB misspecified with NPMLE init, with SURE: -0.04491001843187206
Finished training EB misspecified with NPMLE init, with in-sample MSE: 0.10878076446469225
Finished training EB misspecified, with SURE: -0.027184686895970457
Finished training EB misspecified, with in-sample MSE: 0.0663913343876529
Finished training EB wellspecified, with SURE: -0.13820235682589666
Finished training EB wellspecified, with in-sample MSE: 0.057891499175317135
m: 180
Finished solving NPMLE, with SURE 1.0860694056345006
Finished solving NPMLE, with in-sample MSE 0.08713202141271115
Finished solving parametric estimator, with SURE 0.014121833657229022
Finished solving parametric estimator, with in-sample MSE 0.06115590948178058
Finished solving EBCF, with in-sample MSE 0.02001192668716565
Finished training EB SURE-LS, with SURE: -0.06794879311573752
Finished training EB SURE-LS, with in-sample MSE: 0.0028631342442756525
use_scale: True
use_location: False
Finished training EB misspecified with NPMLE init, with SURE: 0.007471085409471172
Finished training EB misspecified with NPMLE init, with in-sample MSE: 0.06374984302658576
Finished training EB misspecified, with SURE: 0.007453641060383234
Finished training EB misspecified, with in-sample MSE: 0.06345865271355502
Finished training EB wellspecified, with SURE: -0.09770155468947846
Finished training EB wellspecified, with in-sample MSE: 0.028860023789347287
m: 181
Finished solving NPMLE, with SURE 0.4387580060385667
Finished solving NPMLE, with in-sample MSE 0.09290879290085202
Finished solving parametric estimator, with SURE 0.02686128150091055
Finished solving parametric estimator, with in-sample MSE 0.05840641456763347
Finished solving EBCF, with in-sample MSE 0.006191201167347161
Finished training EB SURE-LS, with SURE: -0.05265102135372596
Finished training EB SURE-LS, with in-sample MSE: 0.002020801855741926
use_scale: True
use_location: False
Finished training EB misspecified with NPMLE init, with SURE: 0.01099268492216389
Finished training EB misspecified with NPMLE init, with in-sample MSE: 0.054166260674837895
Finished training EB misspecified, with SURE: 0.011005983612521178
Finished training EB misspecified, with in-sample MSE: 0.054169770160254586
Finished training EB wellspecified, with SURE: -0.0782350608087157
Finished training EB wellspecified, with in-sample MSE: 0.03405529706975817
m: 182
Finished solving NPMLE, with SURE 0.5076362203151923
Finished solving NPMLE, with in-sample MSE 0.07365992955980222
Finished solving parametric estimator, with SURE 0.08756599608055682
Finished solving parametric estimator, with in-sample MSE 0.04920658495441271
Finished solving EBCF, with in-sample MSE 0.020656960213056436
Finished training EB SURE-LS, with SURE: 0.010714227576123196
Finished training EB SURE-LS, with in-sample MSE: 0.0045570306769021
use_scale: True
use_location: False
Finished training EB misspecified with NPMLE init, with SURE: 0.060443372483244245
Finished training EB misspecified with NPMLE init, with in-sample MSE: 0.07655824629684516
Finished training EB misspecified, with SURE: 0.060723989378797256
Finished training EB misspecified, with in-sample MSE: 0.07929580672465711
Finished training EB wellspecified, with SURE: -0.037467194542803006
Finished training EB wellspecified, with in-sample MSE: 0.053273209723534054
m: 183
Finished solving NPMLE, with SURE 0.5999840243381009
Finished solving NPMLE, with in-sample MSE 0.10231416143202984
Finished solving parametric estimator, with SURE 0.10539761680984966
Finished solving parametric estimator, with in-sample MSE 0.06035418446534374
Finished solving EBCF, with in-sample MSE 0.02593962862828119
Finished training EB SURE-LS, with SURE: 0.06256057936849768
Finished training EB SURE-LS, with in-sample MSE: 0.013457636041655754
use_scale: True
use_location: False
Finished training EB misspecified with NPMLE init, with SURE: 0.08588671852786468
Finished training EB misspecified with NPMLE init, with in-sample MSE: 0.07571411493350085
Finished training EB misspecified, with SURE: 0.08589074474878224
Finished training EB misspecified, with in-sample MSE: 0.07577295836479489
Finished training EB wellspecified, with SURE: -0.0061945666310800765
Finished training EB wellspecified, with in-sample MSE: 0.09893450814515165
m: 184
Finished solving NPMLE, with SURE 1.0506251441494454
Finished solving NPMLE, with in-sample MSE 0.05787280599708531
Finished solving parametric estimator, with SURE 0.051510198399762896
Finished solving parametric estimator, with in-sample MSE 0.05317757142130517
Finished solving EBCF, with in-sample MSE 0.03231455760333592
Finished training EB SURE-LS, with SURE: -0.07451837320334198
Finished training EB SURE-LS, with in-sample MSE: 0.02748972496459382
use_scale: True
use_location: False
Finished training EB misspecified with NPMLE init, with SURE: 0.04438446230787875
Finished training EB misspecified with NPMLE init, with in-sample MSE: 0.05679116504204271
Finished training EB misspecified, with SURE: 0.044377748962038485
Finished training EB misspecified, with in-sample MSE: 0.056768981502212906
Finished training EB wellspecified, with SURE: -0.08040336103818438
Finished training EB wellspecified, with in-sample MSE: 0.033510396420885706
m: 185
Finished solving NPMLE, with SURE 0.6000673585617717
Finished solving NPMLE, with in-sample MSE 0.09250614917700684
Finished solving parametric estimator, with SURE 0.02824732117619
Finished solving parametric estimator, with in-sample MSE 0.06371617086486718
Finished solving EBCF, with in-sample MSE 0.018239064219164186
Finished training EB SURE-LS, with SURE: -0.07175022622041961
Finished training EB SURE-LS, with in-sample MSE: 0.003621637196520283
use_scale: True
use_location: False
Finished training EB misspecified with NPMLE init, with SURE: 0.019709438337138892
Finished training EB misspecified with NPMLE init, with in-sample MSE: 0.06002546427219716
Finished training EB misspecified, with SURE: 0.01977755589229467
Finished training EB misspecified, with in-sample MSE: 0.059995481014895324
Finished training EB wellspecified, with SURE: -0.07939569370948103
Finished training EB wellspecified, with in-sample MSE: 0.011192202153301882
m: 186
Finished solving NPMLE, with SURE 0.4099826827459967
Finished solving NPMLE, with in-sample MSE 0.11549533971097033
Finished solving parametric estimator, with SURE 0.030080790245031908
Finished solving parametric estimator, with in-sample MSE 0.06616607093979626
Finished solving EBCF, with in-sample MSE 0.020962405219236164
Finished training EB SURE-LS, with SURE: -0.043466883910879626
Finished training EB SURE-LS, with in-sample MSE: 0.010697504626492058
use_scale: True
use_location: False
Finished training EB misspecified with NPMLE init, with SURE: 0.0036367294673459584
Finished training EB misspecified with NPMLE init, with in-sample MSE: 0.09185063001486293
Finished training EB misspecified, with SURE: 0.003636136606112359
Finished training EB misspecified, with in-sample MSE: 0.09208366108020957
Finished training EB wellspecified, with SURE: -0.08618177800656258
Finished training EB wellspecified, with in-sample MSE: 0.057433570179488413
m: 187
Finished solving NPMLE, with SURE 0.5622560782554545
Finished solving NPMLE, with in-sample MSE 0.09093102200074661
Finished solving parametric estimator, with SURE 0.027891913920866762
Finished solving parametric estimator, with in-sample MSE 0.05531139986135537
Finished solving EBCF, with in-sample MSE 0.01504393194125272
Finished training EB SURE-LS, with SURE: -0.08034234513484108
Finished training EB SURE-LS, with in-sample MSE: 0.011375096216421658
use_scale: True
use_location: False
Finished training EB misspecified with NPMLE init, with SURE: 0.020350562864359746
Finished training EB misspecified with NPMLE init, with in-sample MSE: 0.048330928066313214
Finished training EB misspecified, with SURE: 0.020354438171385426
Finished training EB misspecified, with in-sample MSE: 0.04833674377040349
Finished training EB wellspecified, with SURE: -0.09965796870287809
Finished training EB wellspecified, with in-sample MSE: 0.02626195703882773
m: 188
Finished solving NPMLE, with SURE 0.5286100357724102
Finished solving NPMLE, with in-sample MSE 0.09457631267339889
Finished solving parametric estimator, with SURE 0.0208223018530298
Finished solving parametric estimator, with in-sample MSE 0.054137065973722844
Finished solving EBCF, with in-sample MSE 0.017207185582137578
Finished training EB SURE-LS, with SURE: -0.05531019298244298
Finished training EB SURE-LS, with in-sample MSE: 0.001896121386119243
use_scale: True
use_location: False
Finished training EB misspecified with NPMLE init, with SURE: 0.012566982414425141
Finished training EB misspecified with NPMLE init, with in-sample MSE: 0.0532132097282418
Finished training EB misspecified, with SURE: 0.012570982908087771
Finished training EB misspecified, with in-sample MSE: 0.05326209374214905
Finished training EB wellspecified, with SURE: -0.08320395065284661
Finished training EB wellspecified, with in-sample MSE: 0.03408524065337049
m: 189
Finished solving NPMLE, with SURE 0.6885178882403821
Finished solving NPMLE, with in-sample MSE 0.08846826497106469
Finished solving parametric estimator, with SURE 0.06645821696925741
Finished solving parametric estimator, with in-sample MSE 0.055222728882624014
Finished solving EBCF, with in-sample MSE 0.02168068563387935
Finished training EB SURE-LS, with SURE: 0.011948364159231005
Finished training EB SURE-LS, with in-sample MSE: 0.002726211497185097
use_scale: True
use_location: False
Finished training EB misspecified with NPMLE init, with SURE: 0.03490331418786156
Finished training EB misspecified with NPMLE init, with in-sample MSE: 0.08675429868430795
Finished training EB misspecified, with SURE: 0.03491987612303148
Finished training EB misspecified, with in-sample MSE: 0.08720892309667187
Finished training EB wellspecified, with SURE: -0.027568200110030253
Finished training EB wellspecified, with in-sample MSE: 0.05243613058729468
m: 190
Finished solving NPMLE, with SURE 0.6108349166816825
Finished solving NPMLE, with in-sample MSE 0.08607014708321163
Finished solving parametric estimator, with SURE -0.03520283758615961
Finished solving parametric estimator, with in-sample MSE 0.055057153540227055
Finished solving EBCF, with in-sample MSE 0.0033649444770495023
Finished training EB SURE-LS, with SURE: -0.1150230010178718
Finished training EB SURE-LS, with in-sample MSE: 0.0019840233396182182
use_scale: True
use_location: False
Finished training EB misspecified with NPMLE init, with SURE: -0.042568760702275985
Finished training EB misspecified with NPMLE init, with in-sample MSE: 0.05131076278583425
Finished training EB misspecified, with SURE: -0.042565078700436916
Finished training EB misspecified, with in-sample MSE: 0.05129373547435987
Finished training EB wellspecified, with SURE: -0.1662999881136342
Finished training EB wellspecified, with in-sample MSE: 0.05298896839040444
m: 191
Finished solving NPMLE, with SURE 0.7093103525579513
Finished solving NPMLE, with in-sample MSE 0.08381559991387873
Finished solving parametric estimator, with SURE 0.02954362741682326
Finished solving parametric estimator, with in-sample MSE 0.05801848552438702
Finished solving EBCF, with in-sample MSE 0.005882838263006106
Finished training EB SURE-LS, with SURE: -0.028253431511022137
Finished training EB SURE-LS, with in-sample MSE: 0.002367501248421087
use_scale: True
use_location: False
Finished training EB misspecified with NPMLE init, with SURE: 0.02321396819441631
Finished training EB misspecified with NPMLE init, with in-sample MSE: 0.054231414931201295
Finished training EB misspecified, with SURE: 0.023214353718639773
Finished training EB misspecified, with in-sample MSE: 0.05423266943063573
Finished training EB wellspecified, with SURE: -0.06093850689116237
Finished training EB wellspecified, with in-sample MSE: 0.03713564148079125
m: 192
Finished solving NPMLE, with SURE 0.7190462589944261
Finished solving NPMLE, with in-sample MSE 0.08687394081144467
Finished solving parametric estimator, with SURE 0.11564777036934942
Finished solving parametric estimator, with in-sample MSE 0.065597193011298
Finished solving EBCF, with in-sample MSE 0.030432266726912304
Finished training EB SURE-LS, with SURE: 0.0421500299987517
Finished training EB SURE-LS, with in-sample MSE: 0.03262126268193257
use_scale: True
use_location: False
Finished training EB misspecified with NPMLE init, with SURE: 0.09774941514886173
Finished training EB misspecified with NPMLE init, with in-sample MSE: 0.07083920843049298
Finished training EB misspecified, with SURE: 0.09779573210206273
Finished training EB misspecified, with in-sample MSE: 0.07082549297258428
Finished training EB wellspecified, with SURE: -0.031212083408889098
Finished training EB wellspecified, with in-sample MSE: 0.1400404768307366
m: 193
Finished solving NPMLE, with SURE 0.278663599381867
Finished solving NPMLE, with in-sample MSE 0.09318250582089421
Finished solving parametric estimator, with SURE 0.047250830102751495
Finished solving parametric estimator, with in-sample MSE 0.07148148250822059
Finished solving EBCF, with in-sample MSE 0.02876876045758776
Finished training EB SURE-LS, with SURE: 0.02224806751789388
Finished training EB SURE-LS, with in-sample MSE: 0.019749195286144484
use_scale: True
use_location: False
Finished training EB misspecified with NPMLE init, with SURE: 0.04057448588557762
Finished training EB misspecified with NPMLE init, with in-sample MSE: 0.06820876994060146
Finished training EB misspecified, with SURE: 0.04057685443811998
Finished training EB misspecified, with in-sample MSE: 0.06820847211330601
Finished training EB wellspecified, with SURE: -0.032054116870458435
Finished training EB wellspecified, with in-sample MSE: 0.08137923017689162
m: 194
Finished solving NPMLE, with SURE 0.39454054416901785
Finished solving NPMLE, with in-sample MSE 0.07990169230661004
Finished solving parametric estimator, with SURE 0.10306165948202944
Finished solving parametric estimator, with in-sample MSE 0.06218711431727574
Finished solving EBCF, with in-sample MSE 0.030189877033997524
Finished training EB SURE-LS, with SURE: 0.04232063732980034
Finished training EB SURE-LS, with in-sample MSE: 0.01815483571052133
use_scale: True
use_location: False
Finished training EB misspecified with NPMLE init, with SURE: 0.08298659135934458
Finished training EB misspecified with NPMLE init, with in-sample MSE: 0.07859767725678327
Finished training EB misspecified, with SURE: 0.0829895920979844
Finished training EB misspecified, with in-sample MSE: 0.07860464877240411
Finished training EB wellspecified, with SURE: -0.004522077968649792
Finished training EB wellspecified, with in-sample MSE: 0.0999163100062339
m: 195
Finished solving NPMLE, with SURE 0.772275307846026
Finished solving NPMLE, with in-sample MSE 0.07559441796479091
Finished solving parametric estimator, with SURE 0.1531182364936719
Finished solving parametric estimator, with in-sample MSE 0.06884107622271554
Finished solving EBCF, with in-sample MSE 0.03542084980096448
Finished training EB SURE-LS, with SURE: 0.14466461531186886
Finished training EB SURE-LS, with in-sample MSE: 0.0738023401928436
use_scale: True
use_location: False
Finished training EB misspecified with NPMLE init, with SURE: 0.13316703420217324
Finished training EB misspecified with NPMLE init, with in-sample MSE: 0.08512229845869877
Finished training EB misspecified, with SURE: 0.1331863486884569
Finished training EB misspecified, with in-sample MSE: 0.08510526155226683
Finished training EB wellspecified, with SURE: -0.007106099060373667
Finished training EB wellspecified, with in-sample MSE: 0.14170723090500562
m: 196
Finished solving NPMLE, with SURE 0.7208528108797759
Finished solving NPMLE, with in-sample MSE 0.07164112259812716
Finished solving parametric estimator, with SURE 0.02482545046678597
Finished solving parametric estimator, with in-sample MSE 0.05783839312912091
Finished solving EBCF, with in-sample MSE 0.006103125975893916
Finished training EB SURE-LS, with SURE: -0.029872600635776667
Finished training EB SURE-LS, with in-sample MSE: 0.003078265499203216
use_scale: True
use_location: False
Finished training EB misspecified with NPMLE init, with SURE: 0.01646016139234206
Finished training EB misspecified with NPMLE init, with in-sample MSE: 0.06088389135663224
Finished training EB misspecified, with SURE: 0.01649031641825644
Finished training EB misspecified, with in-sample MSE: 0.061036361543485615
Finished training EB wellspecified, with SURE: -0.06985041604292602
Finished training EB wellspecified, with in-sample MSE: 0.04732347529696018
m: 197
Finished solving NPMLE, with SURE 1.1257352084256043
Finished solving NPMLE, with in-sample MSE 0.09895822572607318
Finished solving parametric estimator, with SURE 0.07459695857392956
Finished solving parametric estimator, with in-sample MSE 0.04929826260856964
Finished solving EBCF, with in-sample MSE 0.018352632238421297
Finished training EB SURE-LS, with SURE: -0.023018473804457554
Finished training EB SURE-LS, with in-sample MSE: 0.008184467168799262
use_scale: True
use_location: False
Finished training EB misspecified with NPMLE init, with SURE: 0.021470528929398897
Finished training EB misspecified with NPMLE init, with in-sample MSE: 0.1271604694937467
Finished training EB misspecified, with SURE: 0.056475109362945024
Finished training EB misspecified, with in-sample MSE: 0.06040812920561775
Finished training EB wellspecified, with SURE: -0.04685417395989816
Finished training EB wellspecified, with in-sample MSE: 0.019840653843038847
m: 198
Finished solving NPMLE, with SURE 0.7668860951714089
Finished solving NPMLE, with in-sample MSE 0.11239320568034432
Finished solving parametric estimator, with SURE 0.08149605058336801
Finished solving parametric estimator, with in-sample MSE 0.05853325842429146
Finished solving EBCF, with in-sample MSE 0.02139872462519948
Finished training EB SURE-LS, with SURE: -0.029336933866174898
Finished training EB SURE-LS, with in-sample MSE: 0.012586665737065506
use_scale: True
use_location: False
Finished training EB misspecified with NPMLE init, with SURE: 0.03536093992478904
Finished training EB misspecified with NPMLE init, with in-sample MSE: 0.08971587692929414
Finished training EB misspecified, with SURE: 0.035371703118036495
Finished training EB misspecified, with in-sample MSE: 0.0897132623261992
Finished training EB wellspecified, with SURE: -0.08560073479529486
Finished training EB wellspecified, with in-sample MSE: 0.0782194787169157
m: 199
Finished solving NPMLE, with SURE 0.733891734340936
Finished solving NPMLE, with in-sample MSE 0.1322407592893478
Finished solving parametric estimator, with SURE 0.10567920278986481
Finished solving parametric estimator, with in-sample MSE 0.0638574428491128
Finished solving EBCF, with in-sample MSE 0.07403050774298567
Finished training EB SURE-LS, with SURE: 0.044930483471731765
Finished training EB SURE-LS, with in-sample MSE: 0.010862001001390753
use_scale: True
use_location: False
Finished training EB misspecified with NPMLE init, with SURE: 0.038959794980137734
Finished training EB misspecified with NPMLE init, with in-sample MSE: 0.16066266876618393
Finished training EB misspecified, with SURE: 0.038991261368410475
Finished training EB misspecified, with in-sample MSE: 0.16072699102793186
Finished training EB wellspecified, with SURE: -0.07079841066572282
Finished training EB wellspecified, with in-sample MSE: 0.14789046073660686
submitit INFO (2026-08-24 20:39:00,781) - Job completed successfully
submitit INFO (2026-08-24 20:39:00,807) - Exiting after successful completion
