submitit INFO (2026-06-01 12:38:44,830) - Starting with JobEnvironment(job_id=915379, hostname=j003-ds, local_rank=0(1), node=0(1), global_rank=0(1))
submitit INFO (2026-06-01 12:38:44,830) - Loading pickle: /home/amberlee0516/score-matching-empirical-bayes/submitit_log/915379/915379_submitted.pkl
simulate_data.py: device = cuda:0
Start location_scale_comparison
m: 1100
n: 100
experiment: c
Finished training EB misspecified with NPMLE init, with SURE: -0.13716810136486238
Finished training EB misspecified with NPMLE init, with in-sample MSE: 0.06953336877126355
Finished training EB misspecified, with SURE: -0.13716237531366438
Finished training EB misspecified, with in-sample MSE: 0.06952811935263323

 Training SURE of the models:
SURE-PM: -0.13716237531366438
NPMLE: 0.11178047361134454
SURE-PM, NPMLE init: -0.13716810136486238
experiment: d
Finished training EB misspecified with NPMLE init, with SURE: -0.023444353936720824
Finished training EB misspecified with NPMLE init, with in-sample MSE: 0.004640654453696881
Finished training EB misspecified, with SURE: -0.023442242068114183
Finished training EB misspecified, with in-sample MSE: 0.0046403850311356794

 Training SURE of the models:
SURE-PM: -0.023442242068114183
NPMLE: 0.028399606385256994
SURE-PM, NPMLE init: -0.023444353936720824
experiment: e
Finished training EB misspecified with NPMLE init, with SURE: 0.09649540287870899
Finished training EB misspecified with NPMLE init, with in-sample MSE: 0.21185158409655308
Finished training EB misspecified, with SURE: 0.09649819494931727
Finished training EB misspecified, with in-sample MSE: 0.2118686696242017

 Training SURE of the models:
SURE-PM: 0.09649819494931727
NPMLE: 0.37322258281331655
SURE-PM, NPMLE init: 0.09649540287870899
n: 200
experiment: c
Finished training EB misspecified with NPMLE init, with SURE: 0.003414498518301841
Finished training EB misspecified with NPMLE init, with in-sample MSE: 0.053879620566969516
Finished training EB misspecified, with SURE: 0.003413481968164618
Finished training EB misspecified, with in-sample MSE: 0.05388247976453465

 Training SURE of the models:
SURE-PM: 0.003413481968164618
NPMLE: 0.6962626348495847
SURE-PM, NPMLE init: 0.003414498518301841
experiment: d
Finished training EB misspecified with NPMLE init, with SURE: 0.002844370307893982
Finished training EB misspecified with NPMLE init, with in-sample MSE: 0.007817368414027873
Finished training EB misspecified, with SURE: 0.0028523634498194995
Finished training EB misspecified, with in-sample MSE: 0.007835347524585801

 Training SURE of the models:
SURE-PM: 0.0028523634498194995
NPMLE: 0.008470194423357658
SURE-PM, NPMLE init: 0.002844370307893982
experiment: e
Finished training EB misspecified with NPMLE init, with SURE: 0.1780831707658912
Finished training EB misspecified with NPMLE init, with in-sample MSE: 0.21006856836840612
Finished training EB misspecified, with SURE: 0.17053423291986675
Finished training EB misspecified, with in-sample MSE: 0.21478298493761305

 Training SURE of the models:
SURE-PM: 0.17053423291986675
NPMLE: 0.26955364840994156
SURE-PM, NPMLE init: 0.1780831707658912
n: 400
experiment: c
Finished training EB misspecified with NPMLE init, with SURE: 0.0601291297063041
Finished training EB misspecified with NPMLE init, with in-sample MSE: 0.058588698979787385
Finished training EB misspecified, with SURE: 0.06013298803578749
Finished training EB misspecified, with in-sample MSE: 0.05858683014076368

 Training SURE of the models:
SURE-PM: 0.06013298803578749
NPMLE: 0.537707295884852
SURE-PM, NPMLE init: 0.0601291297063041
experiment: d
