submitit INFO (2026-05-27 15:57:14,149) - Starting with JobEnvironment(job_id=907930, hostname=g006, local_rank=0(1), node=0(1), global_rank=0(1))
submitit INFO (2026-05-27 15:57:14,150) - Loading pickle: /home/amberlee0516/score-matching-empirical-bayes/submitit_log/907930/907930_submitted.pkl
simulate_data.py: device = cuda:0
Start location_scale_comparison
m_sim: 0
n: 100
experiment: c
Finished training EB misspecified with NPMLE init, with SURE: 0.005465769360980346
Finished training EB misspecified with NPMLE init, with in-sample MSE: 0.07721083731698909
Finished training EB misspecified, with SURE: 0.006543469747809283
Finished training EB misspecified, with in-sample MSE: 0.06611505090791751

 Training SURE of the models:
SURE-PM: 0.006543469747809283
NPMLE: 0.5556952982047939
SURE-PM, NPMLE init: 0.005465769360980346
NPMLE's SURE is lower by 0.001077700386828937.
Seed: 1000
experiment: d
Finished training EB misspecified with NPMLE init, with SURE: 0.03443727064825652
Finished training EB misspecified with NPMLE init, with in-sample MSE: 0.01667606854733788
Finished training EB misspecified, with SURE: 0.034367171542424906
Finished training EB misspecified, with in-sample MSE: 0.016905758496533817

 Training SURE of the models:
SURE-PM: 0.034367171542424906
NPMLE: 0.08834719428099477
SURE-PM, NPMLE init: 0.03443727064825652
experiment: e
Finished training EB misspecified with NPMLE init, with SURE: 0.1867445367341593
Finished training EB misspecified with NPMLE init, with in-sample MSE: 0.267262807750173
Finished training EB misspecified, with SURE: 0.1867426863164867
Finished training EB misspecified, with in-sample MSE: 0.26723078305862225

 Training SURE of the models:
SURE-PM: 0.1867426863164867
NPMLE: 0.2756898332069359
SURE-PM, NPMLE init: 0.1867445367341593
n: 200
experiment: c
Finished training EB misspecified with NPMLE init, with SURE: 0.04350775845501183
Finished training EB misspecified with NPMLE init, with in-sample MSE: 0.0654816356735459
Finished training EB misspecified, with SURE: 0.04351338867046323
Finished training EB misspecified, with in-sample MSE: 0.06548222602827025

 Training SURE of the models:
SURE-PM: 0.04351338867046323
NPMLE: 0.39418982192997587
SURE-PM, NPMLE init: 0.04350775845501183
NPMLE's SURE is lower by 5.630215451399301e-06.
Seed: 1000
experiment: d
