submitit INFO (2026-06-01 12:34:44,831) - Starting with JobEnvironment(job_id=915377, hostname=j003-ds, local_rank=0(1), node=0(1), global_rank=0(1))
submitit INFO (2026-06-01 12:34:44,831) - Loading pickle: /home/amberlee0516/score-matching-empirical-bayes/submitit_log/915377/915377_submitted.pkl
simulate_data.py: device = cuda:0
Start location_scale_comparison
m: 1000
n: 100
experiment: c
Finished training EB misspecified with NPMLE init, with SURE: 0.005465848845583423
Finished training EB misspecified with NPMLE init, with in-sample MSE: 0.07721027466499085
Finished training EB misspecified, with SURE: 0.006543469747809283
Finished training EB misspecified, with in-sample MSE: 0.06611505090791751

 Training SURE of the models:
SURE-PM: 0.006543469747809283
NPMLE: 0.5557014173969768
SURE-PM, NPMLE init: 0.005465848845583423
experiment: d
Finished training EB misspecified with NPMLE init, with SURE: 0.03443727063837287
Finished training EB misspecified with NPMLE init, with in-sample MSE: 0.01667605493876225
Finished training EB misspecified, with SURE: 0.034367171542424906
Finished training EB misspecified, with in-sample MSE: 0.016905758496533817

 Training SURE of the models:
SURE-PM: 0.034367171542424906
NPMLE: 0.08834719072882122
SURE-PM, NPMLE init: 0.03443727063837287
experiment: e
Finished training EB misspecified with NPMLE init, with SURE: 0.1867445367341593
Finished training EB misspecified with NPMLE init, with in-sample MSE: 0.267262807750173
Finished training EB misspecified, with SURE: 0.1867426863164867
Finished training EB misspecified, with in-sample MSE: 0.26723078305862225

 Training SURE of the models:
SURE-PM: 0.1867426863164867
NPMLE: 0.2756898332069359
SURE-PM, NPMLE init: 0.1867445367341593
n: 200
experiment: c
Finished training EB misspecified with NPMLE init, with SURE: 0.04350775845501183
Finished training EB misspecified with NPMLE init, with in-sample MSE: 0.0654816356735459
Finished training EB misspecified, with SURE: 0.04351338867046323
Finished training EB misspecified, with in-sample MSE: 0.06548222602827025

 Training SURE of the models:
SURE-PM: 0.04351338867046323
NPMLE: 0.39418982192997587
SURE-PM, NPMLE init: 0.04350775845501183
experiment: d
Finished training EB misspecified with NPMLE init, with SURE: 0.020321842909990017
Finished training EB misspecified with NPMLE init, with in-sample MSE: 0.01267250392690185
Finished training EB misspecified, with SURE: 0.020322858449455444
Finished training EB misspecified, with in-sample MSE: 0.012677348762186244

 Training SURE of the models:
SURE-PM: 0.020322858449455444
NPMLE: 0.15577276906128923
SURE-PM, NPMLE init: 0.020321842909990017
experiment: e
Finished training EB misspecified with NPMLE init, with SURE: 0.1736933403496982
Finished training EB misspecified with NPMLE init, with in-sample MSE: 0.22663688019228048
Finished training EB misspecified, with SURE: 0.17052968938053412
Finished training EB misspecified, with in-sample MSE: 0.22348678673603595

 Training SURE of the models:
SURE-PM: 0.17052968938053412
NPMLE: 0.2869846979480688
SURE-PM, NPMLE init: 0.1736933403496982
n: 400
experiment: c
Finished training EB misspecified with NPMLE init, with SURE: 0.05509272083325442
Finished training EB misspecified with NPMLE init, with in-sample MSE: 0.061315435498558155
Finished training EB misspecified, with SURE: 0.05514252293214959
Finished training EB misspecified, with in-sample MSE: 0.061315730843570906

 Training SURE of the models:
SURE-PM: 0.05514252293214959
NPMLE: 0.7183245518602988
SURE-PM, NPMLE init: 0.05509272083325442
experiment: d
Finished training EB misspecified with NPMLE init, with SURE: 0.0005859956493964091
Finished training EB misspecified with NPMLE init, with in-sample MSE: 0.005978752178058477
Finished training EB misspecified, with SURE: 0.0005920282061551597
Finished training EB misspecified, with in-sample MSE: 0.0059769836418805625

 Training SURE of the models:
SURE-PM: 0.0005920282061551597
NPMLE: 0.06135418338072771
SURE-PM, NPMLE init: 0.0005859956493964091
experiment: e
Finished training EB misspecified with NPMLE init, with SURE: 0.1495647636728695
Finished training EB misspecified with NPMLE init, with in-sample MSE: 0.20261152948868089
Finished training EB misspecified, with SURE: 0.149570845137963
Finished training EB misspecified, with in-sample MSE: 0.20261151152938292

 Training SURE of the models:
SURE-PM: 0.149570845137963
NPMLE: 0.3074862778867196
SURE-PM, NPMLE init: 0.1495647636728695
m: 1001
n: 100
experiment: c
Finished training EB misspecified with NPMLE init, with SURE: 0.0047021839346084
Finished training EB misspecified with NPMLE init, with in-sample MSE: 0.11674859358317789
Finished training EB misspecified, with SURE: 0.004668175599768603
Finished training EB misspecified, with in-sample MSE: 0.11685094767223539

 Training SURE of the models:
SURE-PM: 0.004668175599768603
NPMLE: 0.6501667896556366
SURE-PM, NPMLE init: 0.0047021839346084
experiment: d
Finished training EB misspecified with NPMLE init, with SURE: 0.006011823743208744
Finished training EB misspecified with NPMLE init, with in-sample MSE: 0.006288232059506837
Finished training EB misspecified, with SURE: 0.006014414011680422
Finished training EB misspecified, with in-sample MSE: 0.006379929414348646

 Training SURE of the models:
SURE-PM: 0.006014414011680422
NPMLE: 0.06007389055905295
SURE-PM, NPMLE init: 0.006011823743208744
experiment: e
Finished training EB misspecified with NPMLE init, with SURE: 0.12298634809740967
Finished training EB misspecified with NPMLE init, with in-sample MSE: 0.1682298983973175
Finished training EB misspecified, with SURE: 0.12133646217548688
Finished training EB misspecified, with in-sample MSE: 0.157680229231818

 Training SURE of the models:
SURE-PM: 0.12133646217548688
NPMLE: 0.27792104310310495
SURE-PM, NPMLE init: 0.12298634809740967
n: 200
experiment: c
Finished training EB misspecified with NPMLE init, with SURE: 0.023324187864131787
Finished training EB misspecified with NPMLE init, with in-sample MSE: 0.055584990283495284
Finished training EB misspecified, with SURE: 0.023358485462571396
Finished training EB misspecified, with in-sample MSE: 0.055615085562436176

 Training SURE of the models:
SURE-PM: 0.023358485462571396
NPMLE: 0.6330068583052464
SURE-PM, NPMLE init: 0.023324187864131787
experiment: d
Finished training EB misspecified with NPMLE init, with SURE: 0.003113896481779843
Finished training EB misspecified with NPMLE init, with in-sample MSE: 0.01435329412419668
Finished training EB misspecified, with SURE: 0.003117795581553562
Finished training EB misspecified, with in-sample MSE: 0.014349451412198434

 Training SURE of the models:
SURE-PM: 0.003117795581553562
NPMLE: 0.1002803252766013
SURE-PM, NPMLE init: 0.003113896481779843
experiment: e
Finished training EB misspecified with NPMLE init, with SURE: 0.14390561213380212
Finished training EB misspecified with NPMLE init, with in-sample MSE: 0.17261167257609647
Finished training EB misspecified, with SURE: 0.14390872587431527
Finished training EB misspecified, with in-sample MSE: 0.17261305525131296

 Training SURE of the models:
SURE-PM: 0.14390872587431527
NPMLE: 0.38459903674839013
SURE-PM, NPMLE init: 0.14390561213380212
n: 400
experiment: c
Finished training EB misspecified with NPMLE init, with SURE: 0.011876605258372735
Finished training EB misspecified with NPMLE init, with in-sample MSE: 0.05620313315657951
Finished training EB misspecified, with SURE: 0.011896878182190278
Finished training EB misspecified, with in-sample MSE: 0.056158194504458386

 Training SURE of the models:
SURE-PM: 0.011896878182190278
NPMLE: 0.5526928723945554
SURE-PM, NPMLE init: 0.011876605258372735
experiment: d
Finished training EB misspecified with NPMLE init, with SURE: 0.020099640901961847
Finished training EB misspecified with NPMLE init, with in-sample MSE: 0.022971901949517277
